Archive member included to satisfy reference by file (symbol)

/opt/riscv64-unknown-elf-gcc-8.3.0-2019.08.0-x86_64-linux-ubuntu14/bin/../lib/gcc/riscv64-unknown-elf/8.3.0/../../../../riscv64-unknown-elf/lib/rv32i/ilp32/libc_nano.a(lib_a-atoi.o)
                              build/./src/lwip/core/netif.o (atoi)
/opt/riscv64-unknown-elf-gcc-8.3.0-2019.08.0-x86_64-linux-ubuntu14/bin/../lib/gcc/riscv64-unknown-elf/8.3.0/../../../../riscv64-unknown-elf/lib/rv32i/ilp32/libc_nano.a(lib_a-calloc.o)
                              build/./src/lwip/core/mem.o (calloc)
/opt/riscv64-unknown-elf-gcc-8.3.0-2019.08.0-x86_64-linux-ubuntu14/bin/../lib/gcc/riscv64-unknown-elf/8.3.0/../../../../riscv64-unknown-elf/lib/rv32i/ilp32/libc_nano.a(lib_a-ctype_.o)
                              build/./src/lwip/core/ipv4/ip4_addr.o (_ctype_)
/opt/riscv64-unknown-elf-gcc-8.3.0-2019.08.0-x86_64-linux-ubuntu14/bin/../lib/gcc/riscv64-unknown-elf/8.3.0/../../../../riscv64-unknown-elf/lib/rv32i/ilp32/libc_nano.a(lib_a-fflush.o)
                              build/src/main.o (fflush)
/opt/riscv64-unknown-elf-gcc-8.3.0-2019.08.0-x86_64-linux-ubuntu14/bin/../lib/gcc/riscv64-unknown-elf/8.3.0/../../../../riscv64-unknown-elf/lib/rv32i/ilp32/libc_nano.a(lib_a-findfp.o)
                              /opt/riscv64-unknown-elf-gcc-8.3.0-2019.08.0-x86_64-linux-ubuntu14/bin/../lib/gcc/riscv64-unknown-elf/8.3.0/../../../../riscv64-unknown-elf/lib/rv32i/ilp32/libc_nano.a(lib_a-fflush.o) (__sinit)
/opt/riscv64-unknown-elf-gcc-8.3.0-2019.08.0-x86_64-linux-ubuntu14/bin/../lib/gcc/riscv64-unknown-elf/8.3.0/../../../../riscv64-unknown-elf/lib/rv32i/ilp32/libc_nano.a(lib_a-fpurge.o)
                              build/src/main.o (fpurge)
/opt/riscv64-unknown-elf-gcc-8.3.0-2019.08.0-x86_64-linux-ubuntu14/bin/../lib/gcc/riscv64-unknown-elf/8.3.0/../../../../riscv64-unknown-elf/lib/rv32i/ilp32/libc_nano.a(lib_a-fwalk.o)
                              /opt/riscv64-unknown-elf-gcc-8.3.0-2019.08.0-x86_64-linux-ubuntu14/bin/../lib/gcc/riscv64-unknown-elf/8.3.0/../../../../riscv64-unknown-elf/lib/rv32i/ilp32/libc_nano.a(lib_a-findfp.o) (_fwalk)
/opt/riscv64-unknown-elf-gcc-8.3.0-2019.08.0-x86_64-linux-ubuntu14/bin/../lib/gcc/riscv64-unknown-elf/8.3.0/../../../../riscv64-unknown-elf/lib/rv32i/ilp32/libc_nano.a(lib_a-impure.o)
                              /opt/riscv64-unknown-elf-gcc-8.3.0-2019.08.0-x86_64-linux-ubuntu14/bin/../lib/gcc/riscv64-unknown-elf/8.3.0/../../../../riscv64-unknown-elf/lib/rv32i/ilp32/libc_nano.a(lib_a-fflush.o) (_global_impure_ptr)
/opt/riscv64-unknown-elf-gcc-8.3.0-2019.08.0-x86_64-linux-ubuntu14/bin/../lib/gcc/riscv64-unknown-elf/8.3.0/../../../../riscv64-unknown-elf/lib/rv32i/ilp32/libc_nano.a(lib_a-malloc.o)
                              build/./src/lwip/core/mem.o (malloc)
/opt/riscv64-unknown-elf-gcc-8.3.0-2019.08.0-x86_64-linux-ubuntu14/bin/../lib/gcc/riscv64-unknown-elf/8.3.0/../../../../riscv64-unknown-elf/lib/rv32i/ilp32/libc_nano.a(lib_a-memcmp.o)
                              build/./src/lwip/netif/ethernet.o (memcmp)
/opt/riscv64-unknown-elf-gcc-8.3.0-2019.08.0-x86_64-linux-ubuntu14/bin/../lib/gcc/riscv64-unknown-elf/8.3.0/../../../../riscv64-unknown-elf/lib/rv32i/ilp32/libc_nano.a(lib_a-memcpy.o)
                              build/src/main.o (memcpy)
/opt/riscv64-unknown-elf-gcc-8.3.0-2019.08.0-x86_64-linux-ubuntu14/bin/../lib/gcc/riscv64-unknown-elf/8.3.0/../../../../riscv64-unknown-elf/lib/rv32i/ilp32/libc_nano.a(lib_a-memmove-stub.o)
                              build/./src/lwip/core/def.o (memmove)
/opt/riscv64-unknown-elf-gcc-8.3.0-2019.08.0-x86_64-linux-ubuntu14/bin/../lib/gcc/riscv64-unknown-elf/8.3.0/../../../../riscv64-unknown-elf/lib/rv32i/ilp32/libc_nano.a(lib_a-memset.o)
                              build/src/main.o (memset)
/opt/riscv64-unknown-elf-gcc-8.3.0-2019.08.0-x86_64-linux-ubuntu14/bin/../lib/gcc/riscv64-unknown-elf/8.3.0/../../../../riscv64-unknown-elf/lib/rv32i/ilp32/libc_nano.a(lib_a-nano-callocr.o)
                              /opt/riscv64-unknown-elf-gcc-8.3.0-2019.08.0-x86_64-linux-ubuntu14/bin/../lib/gcc/riscv64-unknown-elf/8.3.0/../../../../riscv64-unknown-elf/lib/rv32i/ilp32/libc_nano.a(lib_a-calloc.o) (_calloc_r)
/opt/riscv64-unknown-elf-gcc-8.3.0-2019.08.0-x86_64-linux-ubuntu14/bin/../lib/gcc/riscv64-unknown-elf/8.3.0/../../../../riscv64-unknown-elf/lib/rv32i/ilp32/libc_nano.a(lib_a-nano-freer.o)
                              /opt/riscv64-unknown-elf-gcc-8.3.0-2019.08.0-x86_64-linux-ubuntu14/bin/../lib/gcc/riscv64-unknown-elf/8.3.0/../../../../riscv64-unknown-elf/lib/rv32i/ilp32/libc_nano.a(lib_a-fflush.o) (_free_r)
/opt/riscv64-unknown-elf-gcc-8.3.0-2019.08.0-x86_64-linux-ubuntu14/bin/../lib/gcc/riscv64-unknown-elf/8.3.0/../../../../riscv64-unknown-elf/lib/rv32i/ilp32/libc_nano.a(lib_a-nano-mallocr.o)
[...]
Memory Configuration

Name             Origin             Length             Attributes
RAM              0x0000000080000000 0x0000000000012000 xrw
*default*        0x0000000000000000 0xffffffffffffffff

Linker script and memory map

LOAD build/src/crc16.o
LOAD build/src/font_6x8.o
LOAD build/src/font_12x16.o
LOAD build/src/main.o
LOAD build/src/modbus_rtu.o
LOAD build/src/config.o
LOAD build/src/eeprom.o
LOAD build/src/modbus.o
LOAD build/src/mac.o
LOAD build/src/hub.o
LOAD build/src/modbus_udp.o
LOAD build/src/i2c.o
LOAD build/src/utils.o
LOAD build/src/crt.o
LOAD build/./src/lwip/core/init.o
LOAD build/./src/lwip/core/def.o
LOAD build/./src/lwip/core/dns.o
LOAD build/./src/lwip/core/inet_chksum.o
LOAD build/./src/lwip/core/ip.o
LOAD build/./src/lwip/core/mem.o
LOAD build/./src/lwip/core/memp.o
LOAD build/./src/lwip/core/netif.o
LOAD build/./src/lwip/core/pbuf.o
LOAD build/./src/lwip/core/raw.o
LOAD build/./src/lwip/core/stats.o
LOAD build/./src/lwip/core/sys.o
LOAD build/./src/lwip/core/altcp.o
LOAD build/./src/lwip/core/altcp_alloc.o
LOAD build/./src/lwip/core/altcp_tcp.o
LOAD build/./src/lwip/core/tcp.o
LOAD build/./src/lwip/core/tcp_in.o
LOAD build/./src/lwip/core/tcp_out.o
LOAD build/./src/lwip/core/timeouts.o
LOAD build/./src/lwip/core/udp.o
LOAD build/./src/lwip/core/ipv4/autoip.o
LOAD build/./src/lwip/core/ipv4/dhcp.o
LOAD build/./src/lwip/core/ipv4/etharp.o
LOAD build/./src/lwip/core/ipv4/icmp.o
LOAD build/./src/lwip/core/ipv4/igmp.o
LOAD build/./src/lwip/core/ipv4/ip4_frag.o
LOAD build/./src/lwip/core/ipv4/ip4.o
LOAD build/./src/lwip/core/ipv4/ip4_addr.o
LOAD build/./src/lwip/netif/ethernet.o
LOAD /opt/riscv64-unknown-elf-gcc-8.3.0-2019.08.0-x86_64-linux-ubuntu14/bin/../lib/gcc/riscv64-unknown-elf/8.3.0/../../../../riscv64-unknown-elf/lib/rv32i/ilp32/libnosys.a
LOAD /opt/riscv64-unknown-elf-gcc-8.3.0-2019.08.0-x86_64-linux-ubuntu14/bin/../lib/gcc/riscv64-unknown-elf/8.3.0/../../../../riscv64-unknown-elf/lib/rv32i/ilp32/libc_nano.a
LOAD /opt/riscv64-unknown-elf-gcc-8.3.0-2019.08.0-x86_64-linux-ubuntu14/bin/../lib/gcc/riscv64-unknown-elf/8.3.0/rv32i/ilp32/libgcc.a
                0x0000000000000800                _stack_size = DEFINED (_stack_size)?_stack_size:0x800
                0x0000000000000000                _ram_heap_size = DEFINED (_ram_heap_size)?_ram_heap_size:0x0

._vector        0x0000000080000000      0x134
 *crt.o(.start_jump)
 .start_jump    0x0000000080000000       0x10 build/src/crt.o
                0x0000000080000000                crtStart
 *crt.o(.text)
 *fill*         0x0000000080000010       0x10 
 .text          0x0000000080000020      0x114 build/src/crt.o
                0x0000000080000020                trap_entry

.data           0x0000000080000134     0x2fce
 *(.rdata)
 *(.rodata .rodata.*)
 .rodata        0x0000000080000134      0x600 build/src/font_6x8.o
                0x0000000080000134                font_6x8
 .rodata        0x0000000080000734     0x1800 build/src/font_12x16.o
                0x0000000080000734                font_12x16
 .rodata.str1.4
                0x0000000080001f34      0x365 build/src/main.o
                                        0x369 (size before relaxing)
 *fill*         0x0000000080002299        0x3 
 .rodata.str1.4
                0x000000008000229c       0xf7 build/src/modbus_rtu.o
 *fill*         0x0000000080002393        0x1 
 .rodata.str1.4
                0x0000000080002394      0x14f build/src/config.o
 *fill*         0x00000000800024e3        0x1 
 .rodata.str1.4
                0x00000000800024e4      0x1d4 build/src/eeprom.o
 .rodata        0x00000000800026b8       0x44 build/src/modbus.o
 .rodata.str1.4
                0x00000000800026fc      0x15b build/src/modbus.o
 *fill*         0x0000000080002857        0x1 
 .rodata.str1.4
                0x0000000080002858      0x1e5 build/src/mac.o
 *fill*         0x0000000080002a3d        0x3 
 .rodata.str1.4
                0x0000000080002a40      0x19d build/src/modbus_udp.o
 *fill*         0x0000000080002bdd        0x3 
 .rodata.str1.4
                0x0000000080002be0       0x5f build/src/utils.o
 *fill*         0x0000000080002c3f        0x1 
 .rodata.str1.4
                0x0000000080002c40       0x3f build/./src/lwip/core/mem.o
 *fill*         0x0000000080002c7f        0x1 
 .rodata        0x0000000080002c80       0x18 build/./src/lwip/core/memp.o
                0x0000000080002c80                memp_pools
 .rodata.str1.4
                0x0000000080002c98       0x4c build/./src/lwip/core/memp.o
 .rodata.str1.4
                0x0000000080002ce4       0x15 build/./src/lwip/core/pbuf.o
 *fill*         0x0000000080002cf9        0x3 
 .rodata.str1.4
                0x0000000080002cfc       0x14 build/./src/lwip/core/raw.o
 .rodata        0x0000000080002d10       0x18 build/./src/lwip/core/timeouts.o
                0x0000000080002d10                lwip_cyclic_timers
 .rodata.str1.4
                0x0000000080002d28       0x19 build/./src/lwip/core/timeouts.o
 *fill*         0x0000000080002d41        0x3 
 .rodata.str1.4
                0x0000000080002d44       0x14 build/./src/lwip/core/udp.o
 .rodata.str1.4
                0x0000000080002d58       0x1e build/./src/lwip/core/ipv4/ip4_frag.o
 *fill*         0x0000000080002d76        0x2 
 .rodata._ctype_
                0x0000000080002d78      0x101 /opt/riscv64-unknown-elf-gcc-8.3.0-2019.08.0-x86_64-linux-ubuntu14/bin/../lib/gcc/riscv64-unknown-elf/8.3.0/../../../../riscv64-unknown-elf/lib/rv32i/ilp32/libc_nano.a(lib_a-ctype_.o)
                0x0000000080002d78                _ctype_
 *fill*         0x0000000080002e79        0x3 
 .rodata.__sf_fake_stderr
                0x0000000080002e7c       0x20 /opt/riscv64-unknown-elf-gcc-8.3.0-2019.08.0-x86_64-linux-ubuntu14/bin/../lib/gcc/riscv64-unknown-elf/8.3.0/../../../../riscv64-unknown-elf/lib/rv32i/ilp32/libc_nano.a(lib_a-findfp.o)
                0x0000000080002e7c                __sf_fake_stderr
 .rodata.__sf_fake_stdin
                0x0000000080002e9c       0x20 /opt/riscv64-unknown-elf-gcc-8.3.0-2019.08.0-x86_64-linux-ubuntu14/bin/../lib/gcc/riscv64-unknown-elf/8.3.0/../../../../riscv64-unknown-elf/lib/rv32i/ilp32/libc_nano.a(lib_a-findfp.o)
                0x0000000080002e9c                __sf_fake_stdin
 .rodata.__sf_fake_stdout
                0x0000000080002ebc       0x20 /opt/riscv64-unknown-elf-gcc-8.3.0-2019.08.0-x86_64-linux-ubuntu14/bin/../lib/gcc/riscv64-unknown-elf/8.3.0/../../../../riscv64-unknown-elf/lib/rv32i/ilp32/libc_nano.a(lib_a-findfp.o)
                0x0000000080002ebc                __sf_fake_stdout
 .rodata._svfprintf_r.str1.4
                0x0000000080002edc       0x13 /opt/riscv64-unknown-elf-gcc-8.3.0-2019.08.0-x86_64-linux-ubuntu14/bin/../lib/gcc/riscv64-unknown-elf/8.3.0/../../../../riscv64-unknown-elf/lib/rv32i/ilp32/libc_nano.a(lib_a-nano-svfprintf.o)
 *fill*         0x0000000080002eef        0x1 
 .rodata._printf_i.str1.4
                0x0000000080002ef0       0x28 /opt/riscv64-unknown-elf-gcc-8.3.0-2019.08.0-x86_64-linux-ubuntu14/bin/../lib/gcc/riscv64-unknown-elf/8.3.0/../../../../riscv64-unknown-elf/lib/rv32i/ilp32/libc_nano.a(lib_a-nano-vfprintf_i.o)
                                         0x25 (size before relaxing)
 .rodata._vfprintf_r.str1.4
                0x0000000080002f18       0x13 /opt/riscv64-unknown-elf-gcc-8.3.0-2019.08.0-x86_64-linux-ubuntu14/bin/../lib/gcc/riscv64-unknown-elf/8.3.0/../../../../riscv64-unknown-elf/lib/rv32i/ilp32/libc_nano.a(lib_a-nano-vfprintf.o)
 .rodata        0x0000000080002f18      0x100 /opt/riscv64-unknown-elf-gcc-8.3.0-2019.08.0-x86_64-linux-ubuntu14/bin/../lib/gcc/riscv64-unknown-elf/8.3.0/rv32i/ilp32/libgcc.a(_clz.o)
                0x0000000080002f18                __clz_tab
 *(.gnu.linkonce.r.*)
 *(.data .data.*)
 .data          0x0000000080003018        0x0 build/src/crc16.o
 .data          0x0000000080003018        0x0 build/src/font_6x8.o
 .data          0x0000000080003018        0x0 build/src/font_12x16.o
 .data          0x0000000080003018        0x0 build/src/main.o
 .data          0x0000000080003018        0x0 build/src/modbus_rtu.o
 .data          0x0000000080003018       0x20 build/src/config.o
                0x0000000080003018                default_config
 .data          0x0000000080003038        0x0 build/src/eeprom.o
 .data          0x0000000080003038        0x0 build/src/modbus.o
 .data          0x0000000080003038        0x0 build/src/mac.o
 .data          0x0000000080003038        0xa build/src/hub.o
                0x0000000080003038                hub_configs
 .data          0x0000000080003042        0x0 build/src/modbus_udp.o
 .data          0x0000000080003042        0x0 build/src/i2c.o
 .data          0x0000000080003042        0x0 build/src/utils.o
 .data          0x0000000080003042        0x0 build/src/crt.o
 .data          0x0000000080003042        0x0 build/./src/lwip/core/init.o
 .data          0x0000000080003042        0x0 build/./src/lwip/core/def.o
 .data          0x0000000080003042        0x0 build/./src/lwip/core/dns.o
 .data          0x0000000080003042        0x0 build/./src/lwip/core/inet_chksum.o
 .data          0x0000000080003042        0x0 build/./src/lwip/core/ip.o
 .data          0x0000000080003042        0x0 build/./src/lwip/core/mem.o
 .data          0x0000000080003042        0x0 build/./src/lwip/core/memp.o
 .data          0x0000000080003042        0x0 build/./src/lwip/core/netif.o
 .data          0x0000000080003042        0x0 build/./src/lwip/core/pbuf.o
 .data          0x0000000080003042        0x0 build/./src/lwip/core/raw.o
 .data          0x0000000080003042        0x0 build/./src/lwip/core/stats.o
 .data          0x0000000080003042        0x0 build/./src/lwip/core/sys.o
 .data          0x0000000080003042        0x0 build/./src/lwip/core/altcp.o
 .data          0x0000000080003042        0x0 build/./src/lwip/core/altcp_alloc.o
 .data          0x0000000080003042        0x0 build/./src/lwip/core/altcp_tcp.o
 .data          0x0000000080003042        0x0 build/./src/lwip/core/tcp.o
 .data          0x0000000080003042        0x0 build/./src/lwip/core/tcp_in.o
 .data          0x0000000080003042        0x0 build/./src/lwip/core/tcp_out.o
 .data          0x0000000080003042        0x0 build/./src/lwip/core/timeouts.o
 .data          0x0000000080003042        0x0 build/./src/lwip/core/udp.o
 .data          0x0000000080003042        0x0 build/./src/lwip/core/ipv4/autoip.o
 .data          0x0000000080003042        0x0 build/./src/lwip/core/ipv4/dhcp.o
 .data          0x0000000080003042        0x0 build/./src/lwip/core/ipv4/etharp.o
 .data          0x0000000080003042        0x0 build/./src/lwip/core/ipv4/icmp.o
 .data          0x0000000080003042        0x0 build/./src/lwip/core/ipv4/igmp.o
 .data          0x0000000080003042        0x0 build/./src/lwip/core/ipv4/ip4_frag.o
 .data          0x0000000080003042        0x0 build/./src/lwip/core/ipv4/ip4.o
 .data          0x0000000080003042        0x0 build/./src/lwip/core/ipv4/ip4_addr.o
 .data          0x0000000080003042        0x0 build/./src/lwip/netif/ethernet.o
 .data          0x0000000080003042        0x0 /opt/riscv64-unknown-elf-gcc-8.3.0-2019.08.0-x86_64-linux-ubuntu14/bin/../lib/gcc/riscv64-unknown-elf/8.3.0/../../../../riscv64-unknown-elf/lib/rv32i/ilp32/libc_nano.a(lib_a-atoi.o)
 .data          0x0000000080003042        0x0 /opt/riscv64-unknown-elf-gcc-8.3.0-2019.08.0-x86_64-linux-ubuntu14/bin/../lib/gcc/riscv64-unknown-elf/8.3.0/../../../../riscv64-unknown-elf/lib/rv32i/ilp32/libc_nano.a(lib_a-calloc.o)
 .data          0x0000000080003042        0x0 /opt/riscv64-unknown-elf-gcc-8.3.0-2019.08.0-x86_64-linux-ubuntu14/bin/../lib/gcc/riscv64-unknown-elf/8.3.0/../../../../riscv64-unknown-elf/lib/rv32i/ilp32/libc_nano.a(lib_a-ctype_.o)
 .data          0x0000000080003042        0x0 /opt/riscv64-unknown-elf-gcc-8.3.0-2019.08.0-x86_64-linux-ubuntu14/bin/../lib/gcc/riscv64-unknown-elf/8.3.0/../../../../riscv64-unknown-elf/lib/rv32i/ilp32/libc_nano.a(lib_a-fflush.o)
 .data          0x0000000080003042        0x0 /opt/riscv64-unknown-elf-gcc-8.3.0-2019.08.0-x86_64-linux-ubuntu14/bin/../lib/gcc/riscv64-unknown-elf/8.3.0/../../../../riscv64-unknown-elf/lib/rv32i/ilp32/libc_nano.a(lib_a-findfp.o)
 .data          0x0000000080003042        0x0 /opt/riscv64-unknown-elf-gcc-8.3.0-2019.08.0-x86_64-linux-ubuntu14/bin/../lib/gcc/riscv64-unknown-elf/8.3.0/../../../../riscv64-unknown-elf/lib/rv32i/ilp32/libc_nano.a(lib_a-fpurge.o)
 .data          0x0000000080003042        0x0 /opt/riscv64-unknown-elf-gcc-8.3.0-2019.08.0-x86_64-linux-ubuntu14/bin/../lib/gcc/riscv64-unknown-elf/8.3.0/../../../../riscv64-unknown-elf/lib/rv32i/ilp32/libc_nano.a(lib_a-fwalk.o)
 .data          0x0000000080003042        0x0 /opt/riscv64-unknown-elf-gcc-8.3.0-2019.08.0-x86_64-linux-ubuntu14/bin/../lib/gcc/riscv64-unknown-elf/8.3.0/../../../../riscv64-unknown-elf/lib/rv32i/ilp32/libc_nano.a(lib_a-impure.o)
 *fill*         0x0000000080003042        0x2 
 .data.impure_data
                0x0000000080003044       0x60 /opt/riscv64-unknown-elf-gcc-8.3.0-2019.08.0-x86_64-linux-ubuntu14/bin/../lib/gcc/riscv64-unknown-elf/8.3.0/../../../../riscv64-unknown-elf/lib/rv32i/ilp32/libc_nano.a(lib_a-impure.o)
 .data          0x00000000800030a4        0x0 /opt/riscv64-unknown-elf-gcc-8.3.0-2019.08.0-x86_64-linux-ubuntu14/bin/../lib/gcc/riscv64-unknown-elf/8.3.0/../../../../riscv64-unknown-elf/lib/rv32i/ilp32/libc_nano.a(lib_a-malloc.o)
 .data          0x00000000800030a4        0x0 /opt/riscv64-unknown-elf-gcc-8.3.0-2019.08.0-x86_64-linux-ubuntu14/bin/../lib/gcc/riscv64-unknown-elf/8.3.0/../../../../riscv64-unknown-elf/lib/rv32i/ilp32/libc_nano.a(lib_a-memcmp.o)
 .data          0x00000000800030a4        0x0 /opt/riscv64-unknown-elf-gcc-8.3.0-2019.08.0-x86_64-linux-ubuntu14/bin/../lib/gcc/riscv64-unknown-elf/8.3.0/../../../../riscv64-unknown-elf/lib/rv32i/ilp32/libc_nano.a(lib_a-memcpy.o)
 .data          0x00000000800030a4        0x0 /opt/riscv64-unknown-elf-gcc-8.3.0-2019.08.0-x86_64-linux-ubuntu14/bin/../lib/gcc/riscv64-unknown-elf/8.3.0/../../../../riscv64-unknown-elf/lib/rv32i/ilp32/libc_nano.a(lib_a-memmove-stub.o)
 .data          0x00000000800030a4        0x0 /opt/riscv64-unknown-elf-gcc-8.3.0-2019.08.0-x86_64-linux-ubuntu14/bin/../lib/gcc/riscv64-unknown-elf/8.3.0/../../../../riscv64-unknown-elf/lib/rv32i/ilp32/libc_nano.a(lib_a-memset.o)
 .data          0x00000000800030a4        0x0 /opt/riscv64-unknown-elf-gcc-8.3.0-2019.08.0-x86_64-linux-ubuntu14/bin/../lib/gcc/riscv64-unknown-elf/8.3.0/../../../../riscv64-unknown-elf/lib/rv32i/ilp32/libc_nano.a(lib_a-nano-callocr.o)
 .data          0x00000000800030a4        0x0 /opt/riscv64-unknown-elf-gcc-8.3.0-2019.08.0-x86_64-linux-ubuntu14/bin/../lib/gcc/riscv64-unknown-elf/8.3.0/../../../../riscv64-unknown-elf/lib/rv32i/ilp32/libc_nano.a(lib_a-nano-freer.o)
 .data          0x00000000800030a4        0x0 /opt/riscv64-unknown-elf-gcc-8.3.0-2019.08.0-x86_64-linux-ubuntu14/bin/../lib/gcc/riscv64-unknown-elf/8.3.0/../../../../riscv64-unknown-elf/lib/rv32i/ilp32/libc_nano.a(lib_a-nano-mallocr.o)
 .data          0x00000000800030a4        0x0 /opt/riscv64-unknown-elf-gcc-8.3.0-2019.08.0-x86_64-linux-ubuntu14/bin/../lib/gcc/riscv64-unknown-elf/8.3.0/../../../../riscv64-unknown-elf/lib/rv32i/ilp32/libc_nano.a(lib_a-printf.o)
 .data          0x00000000800030a4        0x0 /opt/riscv64-unknown-elf-gcc-8.3.0-2019.08.0-x86_64-linux-ubuntu14/bin/../lib/gcc/riscv64-unknown-elf/8.3.0/../../../../riscv64-unknown-elf/lib/rv32i/ilp32/libc_nano.a(lib_a-putchar.o)
 .data          0x00000000800030a4        0x0 /opt/riscv64-unknown-elf-gcc-8.3.0-2019.08.0-x86_64-linux-ubuntu14/bin/../lib/gcc/riscv64-unknown-elf/8.3.0/../../../../riscv64-unknown-elf/lib/rv32i/ilp32/libc_nano.a(lib_a-putc.o)
 .data          0x00000000800030a4        0x0 /opt/riscv64-unknown-elf-gcc-8.3.0-2019.08.0-x86_64-linux-ubuntu14/bin/../lib/gcc/riscv64-unknown-elf/8.3.0/../../../../riscv64-unknown-elf/lib/rv32i/ilp32/libc_nano.a(lib_a-sbrkr.o)
 .data          0x00000000800030a4        0x0 /opt/riscv64-unknown-elf-gcc-8.3.0-2019.08.0-x86_64-linux-ubuntu14/bin/../lib/gcc/riscv64-unknown-elf/8.3.0/../../../../riscv64-unknown-elf/lib/rv32i/ilp32/libc_nano.a(lib_a-snprintf.o)
 .data          0x00000000800030a4        0x0 /opt/riscv64-unknown-elf-gcc-8.3.0-2019.08.0-x86_64-linux-ubuntu14/bin/../lib/gcc/riscv64-unknown-elf/8.3.0/../../../../riscv64-unknown-elf/lib/rv32i/ilp32/libc_nano.a(lib_a-sprintf.o)
 .data          0x00000000800030a4        0x0 /opt/riscv64-unknown-elf-gcc-8.3.0-2019.08.0-x86_64-linux-ubuntu14/bin/../lib/gcc/riscv64-unknown-elf/8.3.0/../../../../riscv64-unknown-elf/lib/rv32i/ilp32/libc_nano.a(lib_a-stdio.o)
 .data          0x00000000800030a4        0x0 /opt/riscv64-unknown-elf-gcc-8.3.0-2019.08.0-x86_64-linux-ubuntu14/bin/../lib/gcc/riscv64-unknown-elf/8.3.0/../../../../riscv64-unknown-elf/lib/rv32i/ilp32/libc_nano.a(lib_a-strlen.o)
 .data          0x00000000800030a4        0x0 /opt/riscv64-unknown-elf-gcc-8.3.0-2019.08.0-x86_64-linux-ubuntu14/bin/../lib/gcc/riscv64-unknown-elf/8.3.0/../../../../riscv64-unknown-elf/lib/rv32i/ilp32/libc_nano.a(lib_a-strncmp.o)
 .data          0x00000000800030a4        0x0 /opt/riscv64-unknown-elf-gcc-8.3.0-2019.08.0-x86_64-linux-ubuntu14/bin/../lib/gcc/riscv64-unknown-elf/8.3.0/../../../../riscv64-unknown-elf/lib/rv32i/ilp32/libc_nano.a(lib_a-strtol.o)
 .data          0x00000000800030a4        0x0 /opt/riscv64-unknown-elf-gcc-8.3.0-2019.08.0-x86_64-linux-ubuntu14/bin/../lib/gcc/riscv64-unknown-elf/8.3.0/../../../../riscv64-unknown-elf/lib/rv32i/ilp32/libc_nano.a(lib_a-wbuf.o)
 .data          0x00000000800030a4        0x0 /opt/riscv64-unknown-elf-gcc-8.3.0-2019.08.0-x86_64-linux-ubuntu14/bin/../lib/gcc/riscv64-unknown-elf/8.3.0/../../../../riscv64-unknown-elf/lib/rv32i/ilp32/libc_nano.a(lib_a-writer.o)
 .data          0x00000000800030a4        0x0 /opt/riscv64-unknown-elf-gcc-8.3.0-2019.08.0-x86_64-linux-ubuntu14/bin/../lib/gcc/riscv64-unknown-elf/8.3.0/../../../../riscv64-unknown-elf/lib/rv32i/ilp32/libc_nano.a(lib_a-wsetup.o)
 .data          0x00000000800030a4        0x0 /opt/riscv64-unknown-elf-gcc-8.3.0-2019.08.0-x86_64-linux-ubuntu14/bin/../lib/gcc/riscv64-unknown-elf/8.3.0/../../../../riscv64-unknown-elf/lib/rv32i/ilp32/libc_nano.a(lib_a-closer.o)
 .data          0x00000000800030a4        0x0 /opt/riscv64-unknown-elf-gcc-8.3.0-2019.08.0-x86_64-linux-ubuntu14/bin/../lib/gcc/riscv64-unknown-elf/8.3.0/../../../../riscv64-unknown-elf/lib/rv32i/ilp32/libc_nano.a(lib_a-lseekr.o)
 .data          0x00000000800030a4        0x0 /opt/riscv64-unknown-elf-gcc-8.3.0-2019.08.0-x86_64-linux-ubuntu14/bin/../lib/gcc/riscv64-unknown-elf/8.3.0/../../../../riscv64-unknown-elf/lib/rv32i/ilp32/libc_nano.a(lib_a-makebuf.o)
 .data          0x00000000800030a4        0x0 /opt/riscv64-unknown-elf-gcc-8.3.0-2019.08.0-x86_64-linux-ubuntu14/bin/../lib/gcc/riscv64-unknown-elf/8.3.0/../../../../riscv64-unknown-elf/lib/rv32i/ilp32/libc_nano.a(lib_a-nano-svfprintf.o)
 .data          0x00000000800030a4        0x0 /opt/riscv64-unknown-elf-gcc-8.3.0-2019.08.0-x86_64-linux-ubuntu14/bin/../lib/gcc/riscv64-unknown-elf/8.3.0/../../../../riscv64-unknown-elf/lib/rv32i/ilp32/libc_nano.a(lib_a-nano-vfprintf_i.o)
 .data          0x00000000800030a4        0x0 /opt/riscv64-unknown-elf-gcc-8.3.0-2019.08.0-x86_64-linux-ubuntu14/bin/../lib/gcc/riscv64-unknown-elf/8.3.0/../../../../riscv64-unknown-elf/lib/rv32i/ilp32/libc_nano.a(lib_a-nano-vfprintf.o)
 .data          0x00000000800030a4        0x0 /opt/riscv64-unknown-elf-gcc-8.3.0-2019.08.0-x86_64-linux-ubuntu14/bin/../lib/gcc/riscv64-unknown-elf/8.3.0/../../../../riscv64-unknown-elf/lib/rv32i/ilp32/libc_nano.a(lib_a-readr.o)
 .data          0x00000000800030a4        0x0 /opt/riscv64-unknown-elf-gcc-8.3.0-2019.08.0-x86_64-linux-ubuntu14/bin/../lib/gcc/riscv64-unknown-elf/8.3.0/../../../../riscv64-unknown-elf/lib/rv32i/ilp32/libc_nano.a(lib_a-reent.o)
 .data          0x00000000800030a4        0x0 /opt/riscv64-unknown-elf-gcc-8.3.0-2019.08.0-x86_64-linux-ubuntu14/bin/../lib/gcc/riscv64-unknown-elf/8.3.0/../../../../riscv64-unknown-elf/lib/rv32i/ilp32/libc_nano.a(lib_a-fstatr.o)
 .data          0x00000000800030a4        0x0 /opt/riscv64-unknown-elf-gcc-8.3.0-2019.08.0-x86_64-linux-ubuntu14/bin/../lib/gcc/riscv64-unknown-elf/8.3.0/../../../../riscv64-unknown-elf/lib/rv32i/ilp32/libc_nano.a(lib_a-fvwrite.o)
 .data          0x00000000800030a4        0x0 /opt/riscv64-unknown-elf-gcc-8.3.0-2019.08.0-x86_64-linux-ubuntu14/bin/../lib/gcc/riscv64-unknown-elf/8.3.0/../../../../riscv64-unknown-elf/lib/rv32i/ilp32/libc_nano.a(lib_a-isattyr.o)
 .data          0x00000000800030a4        0x0 /opt/riscv64-unknown-elf-gcc-8.3.0-2019.08.0-x86_64-linux-ubuntu14/bin/../lib/gcc/riscv64-unknown-elf/8.3.0/../../../../riscv64-unknown-elf/lib/rv32i/ilp32/libc_nano.a(lib_a-memchr.o)
 .data          0x00000000800030a4        0x0 /opt/riscv64-unknown-elf-gcc-8.3.0-2019.08.0-x86_64-linux-ubuntu14/bin/../lib/gcc/riscv64-unknown-elf/8.3.0/../../../../riscv64-unknown-elf/lib/rv32i/ilp32/libc_nano.a(lib_a-nano-reallocr.o)
 .data          0x00000000800030a4        0x0 /opt/riscv64-unknown-elf-gcc-8.3.0-2019.08.0-x86_64-linux-ubuntu14/bin/../lib/gcc/riscv64-unknown-elf/8.3.0/../../../../riscv64-unknown-elf/lib/rv32i/ilp32/libc_nano.a(lib_a-nano-msizer.o)
 .data          0x00000000800030a4        0x0 /opt/riscv64-unknown-elf-gcc-8.3.0-2019.08.0-x86_64-linux-ubuntu14/bin/../lib/gcc/riscv64-unknown-elf/8.3.0/rv32i/ilp32/libgcc.a(_bswapsi2.o)
 .data          0x00000000800030a4        0x0 /opt/riscv64-unknown-elf-gcc-8.3.0-2019.08.0-x86_64-linux-ubuntu14/bin/../lib/gcc/riscv64-unknown-elf/8.3.0/rv32i/ilp32/libgcc.a(_udivdi3.o)
 .data          0x00000000800030a4        0x0 /opt/riscv64-unknown-elf-gcc-8.3.0-2019.08.0-x86_64-linux-ubuntu14/bin/../lib/gcc/riscv64-unknown-elf/8.3.0/rv32i/ilp32/libgcc.a(muldi3.o)
 .data          0x00000000800030a4        0x0 /opt/riscv64-unknown-elf-gcc-8.3.0-2019.08.0-x86_64-linux-ubuntu14/bin/../lib/gcc/riscv64-unknown-elf/8.3.0/rv32i/ilp32/libgcc.a(div.o)
 .data          0x00000000800030a4        0x0 /opt/riscv64-unknown-elf-gcc-8.3.0-2019.08.0-x86_64-linux-ubuntu14/bin/../lib/gcc/riscv64-unknown-elf/8.3.0/rv32i/ilp32/libgcc.a(_clz.o)
 *(.gnu.linkonce.d.*)
                0x00000000800030a8                . = ALIGN (0x8)
 *fill*         0x00000000800030a4        0x4 
                0x00000000800038a8                PROVIDE (__global_pointer$ = (. + 0x800))
 *(.sdata .sdata.*)
 .sdata         0x00000000800030a8        0x4 build/src/modbus.o
                0x00000000800030a8                reg_hub_color
 .sdata         0x00000000800030ac        0x2 build/./src/lwip/core/udp.o
 *fill*         0x00000000800030ae        0x2 
 .sdata         0x00000000800030b0        0x4 build/./src/lwip/core/ipv4/dhcp.o
 .sdata._impure_ptr
                0x00000000800030b4        0x4 /opt/riscv64-unknown-elf-gcc-8.3.0-2019.08.0-x86_64-linux-ubuntu14/bin/../lib/gcc/riscv64-unknown-elf/8.3.0/../../../../riscv64-unknown-elf/lib/rv32i/ilp32/libc_nano.a(lib_a-impure.o)
                0x00000000800030b4                _impure_ptr
 *(.gnu.linkonce.s.*)
                0x00000000800030b8                . = ALIGN (0x8)
 *(.srodata.cst16)
 *(.srodata.cst8)
 *(.srodata.cst4)
 *(.srodata.cst2)
 *(.srodata .srodata.*)
 .srodata       0x00000000800030b8       0x30 build/./src/lwip/core/memp.o
                0x00000000800030b8                memp_PBUF_POOL
                0x00000000800030c0                memp_PBUF
                0x00000000800030c8                memp_SYS_TIMEOUT
                0x00000000800030d0                memp_FRAG_PBUF
                0x00000000800030d8                memp_UDP_PCB
                0x00000000800030e0                memp_RAW_PCB
 .srodata       0x00000000800030e8        0x4 build/./src/lwip/core/timeouts.o
                0x00000000800030e8                lwip_num_cyclic_timers
 .srodata       0x00000000800030ec        0x8 build/./src/lwip/core/ipv4/ip4_addr.o
                0x00000000800030ec                ip_addr_broadcast
                0x00000000800030f0                ip_addr_any
 .srodata       0x00000000800030f4        0xe build/./src/lwip/netif/ethernet.o
                0x00000000800030f4                ethzero
                0x00000000800030fc                ethbroadcast

.bss            0x0000000080003108      0x3f0
                0x0000000080003108                . = ALIGN (0x4)
                0x0000000080003108                _bss_start = .
 *(.sbss*)
 .sbss          0x0000000080003108       0x30 build/src/main.o
                0x0000000080003108                t2
                0x0000000080003110                t1
                0x0000000080003118                deadbeef
                0x000000008000311c                events_modbus_rtu_poll
                0x0000000080003120                events_mac_poll
                0x0000000080003124                uart_config_reset_counter
                0x0000000080003128                reg_config_write
                0x000000008000312c                reg_scratch
                0x0000000080003130                reg_sys_counter
                0x0000000080003134                reg_irq_counter
 .sbss          0x0000000080003138        0xc build/src/modbus_rtu.o
                0x0000000080003138                modbus_rtu_rx_timestamp
                0x0000000080003140                modbus_rtu_rx_len
 .sbss          0x0000000080003144       0x14 build/src/mac.o
                0x0000000080003144                ts_dhcp_coarse
                0x0000000080003148                ts_dhcp_fine
                0x000000008000314c                ts_ipreass
                0x0000000080003150                ts_tcp
                0x0000000080003154                ts_etharp
 .sbss          0x0000000080003158        0xc build/src/hub.o
                0x0000000080003158                hub_frame_height
                0x000000008000315c                hub_frame_width
                0x0000000080003160                hub_frame_size
 .sbss          0x0000000080003164        0x4 build/src/modbus_udp.o
                0x0000000080003164                modbus_udp_pcb
 .sbss          0x0000000080003168        0xc build/src/utils.o
                0x0000000080003168                heap_end
                0x000000008000316c                heap_start
                0x0000000080003170                sbrk_heap_end
 .sbss          0x0000000080003174        0xc build/./src/lwip/core/netif.o
                0x0000000080003178                netif_default
                0x000000008000317c                netif_list
 .sbss          0x0000000080003180        0x4 build/./src/lwip/core/raw.o
 .sbss          0x0000000080003184        0x8 build/./src/lwip/core/timeouts.o
 .sbss          0x000000008000318c        0x4 build/./src/lwip/core/udp.o
                0x000000008000318c                udp_pcbs
 .sbss          0x0000000080003190       0x10 build/./src/lwip/core/ipv4/dhcp.o
                0x0000000080003198                dhcp_rx_options_given
 .sbss          0x00000000800031a0        0x2 build/./src/lwip/core/ipv4/ip4.o
 *fill*         0x00000000800031a2        0x2 
 .sbss.__malloc_free_list
                0x00000000800031a4        0x4 /opt/riscv64-unknown-elf-gcc-8.3.0-2019.08.0-x86_64-linux-ubuntu14/bin/../lib/gcc/riscv64-unknown-elf/8.3.0/../../../../riscv64-unknown-elf/lib/rv32i/ilp32/libc_nano.a(lib_a-nano-mallocr.o)
                0x00000000800031a4                __malloc_free_list
 .sbss.__malloc_sbrk_start
                0x00000000800031a8        0x4 /opt/riscv64-unknown-elf-gcc-8.3.0-2019.08.0-x86_64-linux-ubuntu14/bin/../lib/gcc/riscv64-unknown-elf/8.3.0/../../../../riscv64-unknown-elf/lib/rv32i/ilp32/libc_nano.a(lib_a-nano-mallocr.o)
                0x00000000800031a8                __malloc_sbrk_start
 *(.gnu.linkonce.sb.*)
 *(.bss .bss.*)
 .bss           0x00000000800031ac        0x0 build/src/crc16.o
 .bss           0x00000000800031ac        0x0 build/src/font_6x8.o
 .bss           0x00000000800031ac        0x0 build/src/font_12x16.o
 .bss           0x00000000800031ac       0x10 build/src/main.o
 .bss           0x00000000800031bc       0x80 build/src/modbus_rtu.o
                0x00000000800031bc                modbus_rtu_rx_buf
 .bss           0x000000008000323c       0x20 build/src/config.o
                0x000000008000323c                active_config
 .bss           0x000000008000325c        0x0 build/src/eeprom.o
 .bss           0x000000008000325c        0x0 build/src/modbus.o
 .bss           0x000000008000325c       0x40 build/src/mac.o
                0x000000008000325c                default_netif
 .bss           0x000000008000329c        0x0 build/src/hub.o
 .bss           0x000000008000329c        0x0 build/src/modbus_udp.o
 .bss           0x000000008000329c        0x0 build/src/i2c.o
 .bss           0x000000008000329c        0x0 build/src/utils.o
 .bss           0x000000008000329c        0x0 build/src/crt.o
 .bss           0x000000008000329c        0x0 build/./src/lwip/core/init.o
 .bss           0x000000008000329c        0x0 build/./src/lwip/core/def.o
 .bss           0x000000008000329c        0x0 build/./src/lwip/core/dns.o
 .bss           0x000000008000329c        0x0 build/./src/lwip/core/inet_chksum.o
 .bss           0x000000008000329c       0x18 build/./src/lwip/core/ip.o
                0x000000008000329c                ip_data
 .bss           0x00000000800032b4        0x0 build/./src/lwip/core/mem.o
 .bss           0x00000000800032b4        0x0 build/./src/lwip/core/memp.o
 .bss           0x00000000800032b4        0x0 build/./src/lwip/core/netif.o
 .bss           0x00000000800032b4        0x0 build/./src/lwip/core/pbuf.o
 .bss           0x00000000800032b4        0x0 build/./src/lwip/core/raw.o
 .bss           0x00000000800032b4      0x120 build/./src/lwip/core/stats.o
                0x00000000800032b4                lwip_stats
 .bss           0x00000000800033d4        0x0 build/./src/lwip/core/sys.o
 .bss           0x00000000800033d4        0x0 build/./src/lwip/core/altcp.o
 .bss           0x00000000800033d4        0x0 build/./src/lwip/core/altcp_alloc.o
 .bss           0x00000000800033d4        0x0 build/./src/lwip/core/altcp_tcp.o
 .bss           0x00000000800033d4        0x0 build/./src/lwip/core/tcp.o
 .bss           0x00000000800033d4        0x0 build/./src/lwip/core/tcp_in.o
 .bss           0x00000000800033d4        0x0 build/./src/lwip/core/tcp_out.o
 .bss           0x00000000800033d4        0x0 build/./src/lwip/core/timeouts.o
 .bss           0x00000000800033d4        0x0 build/./src/lwip/core/udp.o
 .bss           0x00000000800033d4        0x0 build/./src/lwip/core/ipv4/autoip.o
 .bss           0x00000000800033d4       0x20 build/./src/lwip/core/ipv4/dhcp.o
                0x00000000800033d4                dhcp_rx_options_val
 .bss           0x00000000800033f4       0xf0 build/./src/lwip/core/ipv4/etharp.o
 .bss           0x00000000800034e4        0x0 build/./src/lwip/core/ipv4/icmp.o
 .bss           0x00000000800034e4        0x0 build/./src/lwip/core/ipv4/igmp.o
 .bss           0x00000000800034e4        0x0 build/./src/lwip/core/ipv4/ip4_frag.o
 .bss           0x00000000800034e4        0x0 build/./src/lwip/core/ipv4/ip4.o
 .bss           0x00000000800034e4       0x10 build/./src/lwip/core/ipv4/ip4_addr.o
 .bss           0x00000000800034f4        0x0 build/./src/lwip/netif/ethernet.o
 .bss           0x00000000800034f4        0x0 /opt/riscv64-unknown-elf-gcc-8.3.0-2019.08.0-x86_64-linux-ubuntu14/bin/../lib/gcc/riscv64-unknown-elf/8.3.0/../../../../riscv64-unknown-elf/lib/rv32i/ilp32/libc_nano.a(lib_a-atoi.o)
 .bss           0x00000000800034f4        0x0 /opt/riscv64-unknown-elf-gcc-8.3.0-2019.08.0-x86_64-linux-ubuntu14/bin/../lib/gcc/riscv64-unknown-elf/8.3.0/../../../../riscv64-unknown-elf/lib/rv32i/ilp32/libc_nano.a(lib_a-calloc.o)
 .bss           0x00000000800034f4        0x0 /opt/riscv64-unknown-elf-gcc-8.3.0-2019.08.0-x86_64-linux-ubuntu14/bin/../lib/gcc/riscv64-unknown-elf/8.3.0/../../../../riscv64-unknown-elf/lib/rv32i/ilp32/libc_nano.a(lib_a-ctype_.o)
 .bss           0x00000000800034f4        0x0 /opt/riscv64-unknown-elf-gcc-8.3.0-2019.08.0-x86_64-linux-ubuntu14/bin/../lib/gcc/riscv64-unknown-elf/8.3.0/../../../../riscv64-unknown-elf/lib/rv32i/ilp32/libc_nano.a(lib_a-fflush.o)
 .bss           0x00000000800034f4        0x0 /opt/riscv64-unknown-elf-gcc-8.3.0-2019.08.0-x86_64-linux-ubuntu14/bin/../lib/gcc/riscv64-unknown-elf/8.3.0/../../../../riscv64-unknown-elf/lib/rv32i/ilp32/libc_nano.a(lib_a-findfp.o)
 .bss           0x00000000800034f4        0x0 /opt/riscv64-unknown-elf-gcc-8.3.0-2019.08.0-x86_64-linux-ubuntu14/bin/../lib/gcc/riscv64-unknown-elf/8.3.0/../../../../riscv64-unknown-elf/lib/rv32i/ilp32/libc_nano.a(lib_a-fpurge.o)
 .bss           0x00000000800034f4        0x0 /opt/riscv64-unknown-elf-gcc-8.3.0-2019.08.0-x86_64-linux-ubuntu14/bin/../lib/gcc/riscv64-unknown-elf/8.3.0/../../../../riscv64-unknown-elf/lib/rv32i/ilp32/libc_nano.a(lib_a-fwalk.o)
 .bss           0x00000000800034f4        0x0 /opt/riscv64-unknown-elf-gcc-8.3.0-2019.08.0-x86_64-linux-ubuntu14/bin/../lib/gcc/riscv64-unknown-elf/8.3.0/../../../../riscv64-unknown-elf/lib/rv32i/ilp32/libc_nano.a(lib_a-impure.o)
 .bss           0x00000000800034f4        0x0 /opt/riscv64-unknown-elf-gcc-8.3.0-2019.08.0-x86_64-linux-ubuntu14/bin/../lib/gcc/riscv64-unknown-elf/8.3.0/../../../../riscv64-unknown-elf/lib/rv32i/ilp32/libc_nano.a(lib_a-malloc.o)
 .bss           0x00000000800034f4        0x0 /opt/riscv64-unknown-elf-gcc-8.3.0-2019.08.0-x86_64-linux-ubuntu14/bin/../lib/gcc/riscv64-unknown-elf/8.3.0/../../../../riscv64-unknown-elf/lib/rv32i/ilp32/libc_nano.a(lib_a-memcmp.o)
 .bss           0x00000000800034f4        0x0 /opt/riscv64-unknown-elf-gcc-8.3.0-2019.08.0-x86_64-linux-ubuntu14/bin/../lib/gcc/riscv64-unknown-elf/8.3.0/../../../../riscv64-unknown-elf/lib/rv32i/ilp32/libc_nano.a(lib_a-memcpy.o)
 .bss           0x00000000800034f4        0x0 /opt/riscv64-unknown-elf-gcc-8.3.0-2019.08.0-x86_64-linux-ubuntu14/bin/../lib/gcc/riscv64-unknown-elf/8.3.0/../../../../riscv64-unknown-elf/lib/rv32i/ilp32/libc_nano.a(lib_a-memmove-stub.o)
 .bss           0x00000000800034f4        0x0 /opt/riscv64-unknown-elf-gcc-8.3.0-2019.08.0-x86_64-linux-ubuntu14/bin/../lib/gcc/riscv64-unknown-elf/8.3.0/../../../../riscv64-unknown-elf/lib/rv32i/ilp32/libc_nano.a(lib_a-memset.o)
 .bss           0x00000000800034f4        0x0 /opt/riscv64-unknown-elf-gcc-8.3.0-2019.08.0-x86_64-linux-ubuntu14/bin/../lib/gcc/riscv64-unknown-elf/8.3.0/../../../../riscv64-unknown-elf/lib/rv32i/ilp32/libc_nano.a(lib_a-nano-callocr.o)
 .bss           0x00000000800034f4        0x0 /opt/riscv64-unknown-elf-gcc-8.3.0-2019.08.0-x86_64-linux-ubuntu14/bin/../lib/gcc/riscv64-unknown-elf/8.3.0/../../../../riscv64-unknown-elf/lib/rv32i/ilp32/libc_nano.a(lib_a-nano-freer.o)
 .bss           0x00000000800034f4        0x0 /opt/riscv64-unknown-elf-gcc-8.3.0-2019.08.0-x86_64-linux-ubuntu14/bin/../lib/gcc/riscv64-unknown-elf/8.3.0/../../../../riscv64-unknown-elf/lib/rv32i/ilp32/libc_nano.a(lib_a-nano-mallocr.o)
 .bss           0x00000000800034f4        0x0 /opt/riscv64-unknown-elf-gcc-8.3.0-2019.08.0-x86_64-linux-ubuntu14/bin/../lib/gcc/riscv64-unknown-elf/8.3.0/../../../../riscv64-unknown-elf/lib/rv32i/ilp32/libc_nano.a(lib_a-printf.o)
 .bss           0x00000000800034f4        0x0 /opt/riscv64-unknown-elf-gcc-8.3.0-2019.08.0-x86_64-linux-ubuntu14/bin/../lib/gcc/riscv64-unknown-elf/8.3.0/../../../../riscv64-unknown-elf/lib/rv32i/ilp32/libc_nano.a(lib_a-putchar.o)
 .bss           0x00000000800034f4        0x0 /opt/riscv64-unknown-elf-gcc-8.3.0-2019.08.0-x86_64-linux-ubuntu14/bin/../lib/gcc/riscv64-unknown-elf/8.3.0/../../../../riscv64-unknown-elf/lib/rv32i/ilp32/libc_nano.a(lib_a-putc.o)
 .bss           0x00000000800034f4        0x0 /opt/riscv64-unknown-elf-gcc-8.3.0-2019.08.0-x86_64-linux-ubuntu14/bin/../lib/gcc/riscv64-unknown-elf/8.3.0/../../../../riscv64-unknown-elf/lib/rv32i/ilp32/libc_nano.a(lib_a-sbrkr.o)
 .bss           0x00000000800034f4        0x0 /opt/riscv64-unknown-elf-gcc-8.3.0-2019.08.0-x86_64-linux-ubuntu14/bin/../lib/gcc/riscv64-unknown-elf/8.3.0/../../../../riscv64-unknown-elf/lib/rv32i/ilp32/libc_nano.a(lib_a-snprintf.o)
 .bss           0x00000000800034f4        0x0 /opt/riscv64-unknown-elf-gcc-8.3.0-2019.08.0-x86_64-linux-ubuntu14/bin/../lib/gcc/riscv64-unknown-elf/8.3.0/../../../../riscv64-unknown-elf/lib/rv32i/ilp32/libc_nano.a(lib_a-sprintf.o)
 .bss           0x00000000800034f4        0x0 /opt/riscv64-unknown-elf-gcc-8.3.0-2019.08.0-x86_64-linux-ubuntu14/bin/../lib/gcc/riscv64-unknown-elf/8.3.0/../../../../riscv64-unknown-elf/lib/rv32i/ilp32/libc_nano.a(lib_a-stdio.o)
 .bss           0x00000000800034f4        0x0 /opt/riscv64-unknown-elf-gcc-8.3.0-2019.08.0-x86_64-linux-ubuntu14/bin/../lib/gcc/riscv64-unknown-elf/8.3.0/../../../../riscv64-unknown-elf/lib/rv32i/ilp32/libc_nano.a(lib_a-strlen.o)
 .bss           0x00000000800034f4        0x0 /opt/riscv64-unknown-elf-gcc-8.3.0-2019.08.0-x86_64-linux-ubuntu14/bin/../lib/gcc/riscv64-unknown-elf/8.3.0/../../../../riscv64-unknown-elf/lib/rv32i/ilp32/libc_nano.a(lib_a-strncmp.o)
 .bss           0x00000000800034f4        0x0 /opt/riscv64-unknown-elf-gcc-8.3.0-2019.08.0-x86_64-linux-ubuntu14/bin/../lib/gcc/riscv64-unknown-elf/8.3.0/../../../../riscv64-unknown-elf/lib/rv32i/ilp32/libc_nano.a(lib_a-strtol.o)
 .bss           0x00000000800034f4        0x0 /opt/riscv64-unknown-elf-gcc-8.3.0-2019.08.0-x86_64-linux-ubuntu14/bin/../lib/gcc/riscv64-unknown-elf/8.3.0/../../../../riscv64-unknown-elf/lib/rv32i/ilp32/libc_nano.a(lib_a-wbuf.o)
 .bss           0x00000000800034f4        0x0 /opt/riscv64-unknown-elf-gcc-8.3.0-2019.08.0-x86_64-linux-ubuntu14/bin/../lib/gcc/riscv64-unknown-elf/8.3.0/../../../../riscv64-unknown-elf/lib/rv32i/ilp32/libc_nano.a(lib_a-writer.o)
 .bss           0x00000000800034f4        0x0 /opt/riscv64-unknown-elf-gcc-8.3.0-2019.08.0-x86_64-linux-ubuntu14/bin/../lib/gcc/riscv64-unknown-elf/8.3.0/../../../../riscv64-unknown-elf/lib/rv32i/ilp32/libc_nano.a(lib_a-wsetup.o)
 .bss           0x00000000800034f4        0x0 /opt/riscv64-unknown-elf-gcc-8.3.0-2019.08.0-x86_64-linux-ubuntu14/bin/../lib/gcc/riscv64-unknown-elf/8.3.0/../../../../riscv64-unknown-elf/lib/rv32i/ilp32/libc_nano.a(lib_a-closer.o)
 .bss           0x00000000800034f4        0x0 /opt/riscv64-unknown-elf-gcc-8.3.0-2019.08.0-x86_64-linux-ubuntu14/bin/../lib/gcc/riscv64-unknown-elf/8.3.0/../../../../riscv64-unknown-elf/lib/rv32i/ilp32/libc_nano.a(lib_a-lseekr.o)
 .bss           0x00000000800034f4        0x0 /opt/riscv64-unknown-elf-gcc-8.3.0-2019.08.0-x86_64-linux-ubuntu14/bin/../lib/gcc/riscv64-unknown-elf/8.3.0/../../../../riscv64-unknown-elf/lib/rv32i/ilp32/libc_nano.a(lib_a-makebuf.o)
 .bss           0x00000000800034f4        0x0 /opt/riscv64-unknown-elf-gcc-8.3.0-2019.08.0-x86_64-linux-ubuntu14/bin/../lib/gcc/riscv64-unknown-elf/8.3.0/../../../../riscv64-unknown-elf/lib/rv32i/ilp32/libc_nano.a(lib_a-nano-svfprintf.o)
 .bss           0x00000000800034f4        0x0 /opt/riscv64-unknown-elf-gcc-8.3.0-2019.08.0-x86_64-linux-ubuntu14/bin/../lib/gcc/riscv64-unknown-elf/8.3.0/../../../../riscv64-unknown-elf/lib/rv32i/ilp32/libc_nano.a(lib_a-nano-vfprintf_i.o)
 .bss           0x00000000800034f4        0x0 /opt/riscv64-unknown-elf-gcc-8.3.0-2019.08.0-x86_64-linux-ubuntu14/bin/../lib/gcc/riscv64-unknown-elf/8.3.0/../../../../riscv64-unknown-elf/lib/rv32i/ilp32/libc_nano.a(lib_a-nano-vfprintf.o)
 .bss           0x00000000800034f4        0x0 /opt/riscv64-unknown-elf-gcc-8.3.0-2019.08.0-x86_64-linux-ubuntu14/bin/../lib/gcc/riscv64-unknown-elf/8.3.0/../../../../riscv64-unknown-elf/lib/rv32i/ilp32/libc_nano.a(lib_a-readr.o)
 .bss           0x00000000800034f4        0x0 /opt/riscv64-unknown-elf-gcc-8.3.0-2019.08.0-x86_64-linux-ubuntu14/bin/../lib/gcc/riscv64-unknown-elf/8.3.0/../../../../riscv64-unknown-elf/lib/rv32i/ilp32/libc_nano.a(lib_a-reent.o)
 .bss           0x00000000800034f4        0x0 /opt/riscv64-unknown-elf-gcc-8.3.0-2019.08.0-x86_64-linux-ubuntu14/bin/../lib/gcc/riscv64-unknown-elf/8.3.0/../../../../riscv64-unknown-elf/lib/rv32i/ilp32/libc_nano.a(lib_a-fstatr.o)
 .bss           0x00000000800034f4        0x0 /opt/riscv64-unknown-elf-gcc-8.3.0-2019.08.0-x86_64-linux-ubuntu14/bin/../lib/gcc/riscv64-unknown-elf/8.3.0/../../../../riscv64-unknown-elf/lib/rv32i/ilp32/libc_nano.a(lib_a-fvwrite.o)
 .bss           0x00000000800034f4        0x0 /opt/riscv64-unknown-elf-gcc-8.3.0-2019.08.0-x86_64-linux-ubuntu14/bin/../lib/gcc/riscv64-unknown-elf/8.3.0/../../../../riscv64-unknown-elf/lib/rv32i/ilp32/libc_nano.a(lib_a-isattyr.o)
 .bss           0x00000000800034f4        0x0 /opt/riscv64-unknown-elf-gcc-8.3.0-2019.08.0-x86_64-linux-ubuntu14/bin/../lib/gcc/riscv64-unknown-elf/8.3.0/../../../../riscv64-unknown-elf/lib/rv32i/ilp32/libc_nano.a(lib_a-memchr.o)
 .bss           0x00000000800034f4        0x0 /opt/riscv64-unknown-elf-gcc-8.3.0-2019.08.0-x86_64-linux-ubuntu14/bin/../lib/gcc/riscv64-unknown-elf/8.3.0/../../../../riscv64-unknown-elf/lib/rv32i/ilp32/libc_nano.a(lib_a-nano-reallocr.o)
 .bss           0x00000000800034f4        0x0 /opt/riscv64-unknown-elf-gcc-8.3.0-2019.08.0-x86_64-linux-ubuntu14/bin/../lib/gcc/riscv64-unknown-elf/8.3.0/../../../../riscv64-unknown-elf/lib/rv32i/ilp32/libc_nano.a(lib_a-nano-msizer.o)
 .bss           0x00000000800034f4        0x0 /opt/riscv64-unknown-elf-gcc-8.3.0-2019.08.0-x86_64-linux-ubuntu14/bin/../lib/gcc/riscv64-unknown-elf/8.3.0/rv32i/ilp32/libgcc.a(_bswapsi2.o)
 .bss           0x00000000800034f4        0x0 /opt/riscv64-unknown-elf-gcc-8.3.0-2019.08.0-x86_64-linux-ubuntu14/bin/../lib/gcc/riscv64-unknown-elf/8.3.0/rv32i/ilp32/libgcc.a(_udivdi3.o)
 .bss           0x00000000800034f4        0x0 /opt/riscv64-unknown-elf-gcc-8.3.0-2019.08.0-x86_64-linux-ubuntu14/bin/../lib/gcc/riscv64-unknown-elf/8.3.0/rv32i/ilp32/libgcc.a(muldi3.o)
 .bss           0x00000000800034f4        0x0 /opt/riscv64-unknown-elf-gcc-8.3.0-2019.08.0-x86_64-linux-ubuntu14/bin/../lib/gcc/riscv64-unknown-elf/8.3.0/rv32i/ilp32/libgcc.a(div.o)
 .bss           0x00000000800034f4        0x0 /opt/riscv64-unknown-elf-gcc-8.3.0-2019.08.0-x86_64-linux-ubuntu14/bin/../lib/gcc/riscv64-unknown-elf/8.3.0/rv32i/ilp32/libgcc.a(_clz.o)
 *(.gnu.linkonce.b.*)
 *(COMMON)
 COMMON         0x00000000800034f4        0x4 /opt/riscv64-unknown-elf-gcc-8.3.0-2019.08.0-x86_64-linux-ubuntu14/bin/../lib/gcc/riscv64-unknown-elf/8.3.0/../../../../riscv64-unknown-elf/lib/rv32i/ilp32/libc_nano.a(lib_a-reent.o)
                0x00000000800034f4                errno
                0x00000000800034f8                . = ALIGN (0x4)
                0x00000000800034f8                _bss_end = .

.rodata
 *(.rdata)
 *(.rodata .rodata.*)
 *(.gnu.linkonce.r.*)

.sdata2._global_impure_ptr
                0x00000000800034f8        0x4
 .sdata2._global_impure_ptr
                0x00000000800034f8        0x4 /opt/riscv64-unknown-elf-gcc-8.3.0-2019.08.0-x86_64-linux-ubuntu14/bin/../lib/gcc/riscv64-unknown-elf/8.3.0/../../../../riscv64-unknown-elf/lib/rv32i/ilp32/libc_nano.a(lib_a-impure.o)
                0x00000000800034f8                _global_impure_ptr

.eh_frame       0x00000000800034fc       0x60
 .eh_frame      0x00000000800034fc       0x60 /opt/riscv64-unknown-elf-gcc-8.3.0-2019.08.0-x86_64-linux-ubuntu14/bin/../lib/gcc/riscv64-unknown-elf/8.3.0/rv32i/ilp32/libgcc.a(_udivdi3.o)

.noinit         0x000000008000355c        0x0
                0x000000008000355c                . = ALIGN (0x4)
 *(.noinit .noinit.*)
                0x000000008000355c                . = ALIGN (0x4)

.memory         0x000000008000355c     0x9ea8
 *(.text)
 .text          0x000000008000355c       0x98 build/src/crc16.o
                0x000000008000355c                crc16
                0x00000000800035b4                add_crc
 .text          0x00000000800035f4        0x0 build/src/font_6x8.o
 .text          0x00000000800035f4        0x0 build/src/font_12x16.o
 .text          0x00000000800035f4      0x414 build/src/main.o
                0x00000000800035f4                println
                0x0000000080003614                to_hex_nibble
                0x0000000080003630                to_hex
                0x000000008000369c                process_and_wait
                0x0000000080003734                sram_test_write_random_ints
                0x0000000080003810                timerInterrupt
                0x0000000080003814                externalInterrupt
                0x0000000080003984                crash
                0x00000000800039c8                irqCallback
 .text          0x0000000080003a08      0x250 build/src/modbus_rtu.o
                0x0000000080003a08                modbus_rtu_init
                0x0000000080003a8c                modbus_rtu_poll
                0x0000000080003b70                modbus_rtu_isr
 .text          0x0000000080003c58      0x1e8 build/src/config.o
                0x0000000080003c58                config_load
                0x0000000080003d30                config_save
 .text          0x0000000080003e40      0x5a4 build/src/eeprom.o
                0x0000000080003e40                eeprom_write_page
                0x0000000080004010                eeprom_poll
                0x0000000080004094                eeprom_read_page
                0x00000000800042c0                eeprom_probe
 .text          0x00000000800043e4      0x8e4 build/src/modbus.o
                0x00000000800043e4                modbus_error
                0x0000000080004454                modbus_store_reg
                0x000000008000482c                modbus_recv
 .text          0x0000000080004cc8      0x664 build/src/mac.o
                0x0000000080004cc8                mac_init
                0x0000000080004d7c                mac_tx_packet
                0x0000000080004e98                sys_now
                0x0000000080004ec4                sys_arch_protect
                0x0000000080004ec8                sys_arch_unprotect
                0x0000000080004ecc                mac_lwip_init
                0x0000000080004f70                mac_rx_isr
                0x0000000080005240                mac_poll
                0x00000000800052e8                mac_print_stats
 .text          0x000000008000532c      0x510 build/src/hub.o
                0x000000008000532c                hub_init
                0x000000008000547c                hub_print_char
                0x0000000080005758                hub_print
 .text          0x000000008000583c      0x2d0 build/src/modbus_udp.o
                0x000000008000583c                modbus_udp_init
                0x00000000800058d4                modbus_udp_send
                0x0000000080005a58                modbus_udp_recv
 .text          0x0000000080005b0c       0x64 build/src/i2c.o
                0x0000000080005b0c                i2c_init
                0x0000000080005b18                i2c_wait_for_busy
                0x0000000080005b44                i2c_wait_for_release
 .text          0x0000000080005b70      0x228 build/src/utils.o
                0x0000000080005b70                __malloc_lock
                0x0000000080005b74                __malloc_unlock
                0x0000000080005b78                init_sbrk
                0x0000000080005bb4                delay
                0x0000000080005bcc                delay_us
                0x0000000080005bfc                print_uart0
                0x0000000080005c28                _sbrk
                0x0000000080005ca4                print_uart1
                0x0000000080005cd0                _write
                0x0000000080005d04                _read
                0x0000000080005d0c                _close
                0x0000000080005d14                _lseek
                0x0000000080005d1c                _isatty
                0x0000000080005d24                _fstat
                0x0000000080005d34                _kill
                0x0000000080005d38                _getpid
                0x0000000080005d40                hard_reboot
                0x0000000080005d74                memcpy_rev
 .text          0x0000000080005d98       0x28 build/./src/lwip/core/init.o
                0x0000000080005d98                lwip_init
 .text          0x0000000080005dc0      0x270 build/./src/lwip/core/def.o
                0x0000000080005dc0                lwip_htons
                0x0000000080005dd8                lwip_htonl
                0x0000000080005e0c                lwip_strnstr
                0x0000000080005e9c                lwip_stricmp
                0x0000000080005ee0                lwip_strnicmp
                0x0000000080005f34                lwip_itoa
 .text          0x0000000080006030        0x0 build/./src/lwip/core/dns.o
 .text          0x0000000080006030      0x468 build/./src/lwip/core/inet_chksum.o
                0x0000000080006030                lwip_standard_chksum
                0x00000000800060d0                inet_chksum_pseudo
                0x0000000080006220                ip_chksum_pseudo
                0x0000000080006224                inet_chksum_pseudo_partial
                0x00000000800063b0                ip_chksum_pseudo_partial
                0x00000000800063b4                inet_chksum
                0x00000000800063d8                inet_chksum_pbuf
 .text          0x0000000080006498        0x0 build/./src/lwip/core/ip.o
 .text          0x0000000080006498      0x164 build/./src/lwip/core/mem.o
                0x0000000080006498                mem_overflow_check_raw
                0x0000000080006570                mem_overflow_init_raw
                0x00000000800065b8                mem_init
                0x00000000800065bc                mem_trim
                0x00000000800065c0                lwip_malloc
                0x00000000800065f4                lwip_free
                0x00000000800065f8                lwip_calloc
 .text          0x00000000800065fc      0x15c build/./src/lwip/core/memp.o
                0x00000000800066e4                memp_init_pool
                0x00000000800066e8                memp_init
                0x00000000800066ec                memp_malloc_pool_fn
                0x00000000800066f8                memp_malloc_fn
                0x0000000080006720                memp_free_pool
                0x0000000080006730                memp_free
 .text          0x0000000080006758      0x674 build/./src/lwip/core/netif.o
                0x0000000080006828                netif_init
                0x000000008000682c                netif_input
                0x0000000080006840                netif_set_ipaddr
                0x000000008000686c                netif_set_netmask
                0x000000008000688c                netif_set_gw
                0x00000000800068ac                netif_set_addr
                0x000000008000695c                netif_add
                0x0000000080006a78                netif_add_noaddr
                0x0000000080006a94                netif_set_default
                0x0000000080006a9c                netif_set_up
                0x0000000080006afc                netif_set_down
                0x0000000080006b60                netif_remove
                0x0000000080006c00                netif_set_status_callback
                0x0000000080006c0c                netif_set_link_up
                0x0000000080006c74                netif_set_link_down
                0x0000000080006c9c                netif_set_link_callback
                0x0000000080006ca8                netif_get_by_index
                0x0000000080006cd8                netif_index_to_name
                0x0000000080006d30                netif_find
                0x0000000080006d9c                netif_name_to_index
 .text          0x0000000080006dcc      0xe0c build/./src/lwip/core/pbuf.o
                0x0000000080006e88                pbuf_alloc_reference
                0x0000000080006ef8                pbuf_alloced_custom
                0x0000000080006f4c                pbuf_add_header
                0x0000000080006f54                pbuf_add_header_force
                0x0000000080006f5c                pbuf_remove_header
                0x0000000080006fbc                pbuf_header
                0x0000000080006fd0                pbuf_header_force
                0x0000000080006fe4                pbuf_free
                0x00000000800070b8                pbuf_alloc
                0x0000000080007288                pbuf_realloc
                0x0000000080007338                pbuf_free_header
                0x00000000800073a8                pbuf_clen
                0x00000000800073cc                pbuf_ref
                0x0000000080007404                pbuf_cat
                0x000000008000743c                pbuf_chain
                0x0000000080007464                pbuf_dechain
                0x00000000800074b8                pbuf_copy
                0x00000000800075c8                pbuf_copy_partial
                0x00000000800076a0                pbuf_get_contiguous
                0x0000000080007720                pbuf_skip
                0x0000000080007724                pbuf_take
                0x00000000800077c4                pbuf_take_at
                0x000000008000787c                pbuf_clone
                0x00000000800078c4                pbuf_coalesce
                0x0000000080007920                pbuf_try_get_at
                0x0000000080007964                pbuf_get_at
                0x0000000080007988                pbuf_put_at
                0x00000000800079cc                pbuf_memcmp
                0x0000000080007aa8                pbuf_memfind
                0x0000000080007b44                pbuf_strstr
 .text          0x0000000080007bd8      0x508 build/./src/lwip/core/raw.o
                0x0000000080007bd8                raw_input
                0x0000000080007d18                raw_bind
                0x0000000080007d38                raw_bind_netif
                0x0000000080007d54                raw_connect
                0x0000000080007d84                raw_disconnect
                0x0000000080007d9c                raw_recv
                0x0000000080007da8                raw_sendto_if_src
                0x0000000080007f38                raw_sendto
                0x0000000080007fe8                raw_send
                0x0000000080007ff0                raw_remove
                0x000000008000802c                raw_new
                0x0000000080008098                raw_new_ip_type
                0x00000000800080a0                raw_netif_ip_addr_changed
 .text          0x00000000800080e0        0x4 build/./src/lwip/core/stats.o
                0x00000000800080e0                stats_init
 .text          0x00000000800080e4        0x0 build/./src/lwip/core/sys.o
 .text          0x00000000800080e4        0x0 build/./src/lwip/core/altcp.o
 .text          0x00000000800080e4        0x0 build/./src/lwip/core/altcp_alloc.o
 .text          0x00000000800080e4        0x0 build/./src/lwip/core/altcp_tcp.o
 .text          0x00000000800080e4        0x0 build/./src/lwip/core/tcp.o
 .text          0x00000000800080e4        0x0 build/./src/lwip/core/tcp_in.o
 .text          0x00000000800080e4        0x0 build/./src/lwip/core/tcp_out.o
 .text          0x00000000800080e4      0x2e4 build/./src/lwip/core/timeouts.o
                0x00000000800081d4                sys_timeout
                0x000000008000820c                sys_timeouts_init
                0x000000008000826c                sys_untimeout
                0x00000000800082bc                sys_check_timeouts
                0x0000000080008340                sys_restart_timeouts
                0x0000000080008388                sys_timeouts_sleeptime
 .text          0x00000000800083c8      0x8ac build/./src/lwip/core/udp.o
                0x00000000800083c8                udp_init
                0x00000000800083cc                udp_input
                0x00000000800086a0                udp_bind
                0x0000000080008790                udp_sendto_if_src
                0x0000000080008984                udp_sendto_if
                0x00000000800089d0                udp_sendto
                0x0000000080008a88                udp_send
                0x0000000080008aa4                udp_bind_netif
                0x0000000080008ac0                udp_connect
                0x0000000080008b6c                udp_disconnect
                0x0000000080008b8c                udp_recv
                0x0000000080008b9c                udp_remove
                0x0000000080008be0                udp_new
                0x0000000080008c30                udp_new_ip_type
                0x0000000080008c34                udp_netif_ip_addr_changed
 .text          0x0000000080008c74        0x0 build/./src/lwip/core/ipv4/autoip.o
 .text          0x0000000080008c74     0x1d24 build/./src/lwip/core/ipv4/dhcp.o
                0x0000000080009e94                dhcp_set_struct
                0x0000000080009ecc                dhcp_cleanup
                0x0000000080009f04                dhcp_inform
                0x0000000080009ffc                dhcp_network_changed
                0x000000008000a038                dhcp_arp_reply
                0x000000008000a170                dhcp_renew
                0x000000008000a32c                dhcp_supplied_address
                0x000000008000a364                dhcp_release_and_stop
                0x000000008000a4c0                dhcp_start
                0x000000008000a5a4                dhcp_coarse_tmr
                0x000000008000a868                dhcp_fine_tmr
                0x000000008000a978                dhcp_release
                0x000000008000a994                dhcp_stop
 .text          0x000000008000a998      0xc34 build/./src/lwip/core/ipv4/etharp.o
                0x000000008000acf8                etharp_cleanup_netif
                0x000000008000ad60                etharp_find_addr
                0x000000008000ade0                etharp_get_entry
                0x000000008000ae3c                etharp_input
                0x000000008000b070                etharp_request
                0x000000008000b090                etharp_tmr
                0x000000008000b244                etharp_query
                0x000000008000b428                etharp_output
 .text          0x000000008000b5cc      0x44c build/./src/lwip/core/ipv4/icmp.o
                0x000000008000b5cc                icmp_input
                0x000000008000b8f0                icmp_dest_unreach
 .text          0x000000008000ba18        0x0 build/./src/lwip/core/ipv4/igmp.o
 .text          0x000000008000ba18      0x360 build/./src/lwip/core/ipv4/ip4_frag.o
                0x000000008000ba50                ip4_frag
 .text          0x000000008000bd78      0x818 build/./src/lwip/core/ipv4/ip4.o
                0x000000008000bdcc                ip4_route
                0x000000008000be6c                ip4_input
                0x000000008000c220                ip4_output_if_src
                0x000000008000c464                ip4_output_if
                0x000000008000c47c                ip4_output
                0x000000008000c4fc                ip4_output_hinted
 .text          0x000000008000c590      0x47c build/./src/lwip/core/ipv4/ip4_addr.o
                0x000000008000c590                ip4_addr_isbroadcast_u32
                0x000000008000c5e4                ip4_addr_netmask_valid
                0x000000008000c638                ip4addr_aton
                0x000000008000c888                ipaddr_addr
                0x000000008000c8b4                ip4addr_ntoa_r
                0x000000008000ca00                ip4addr_ntoa
 .text          0x000000008000ca0c      0x23c build/./src/lwip/netif/ethernet.o
                0x000000008000ca0c                ethernet_input
                0x000000008000cb6c                ethernet_output
 .text          0x000000008000cc48        0x0 /opt/riscv64-unknown-elf-gcc-8.3.0-2019.08.0-x86_64-linux-ubuntu14/bin/../lib/gcc/riscv64-unknown-elf/8.3.0/../../../../riscv64-unknown-elf/lib/rv32i/ilp32/libc_nano.a(lib_a-atoi.o)
 .text          0x000000008000cc48        0x0 /opt/riscv64-unknown-elf-gcc-8.3.0-2019.08.0-x86_64-linux-ubuntu14/bin/../lib/gcc/riscv64-unknown-elf/8.3.0/../../../../riscv64-unknown-elf/lib/rv32i/ilp32/libc_nano.a(lib_a-calloc.o)
 .text          0x000000008000cc48        0x0 /opt/riscv64-unknown-elf-gcc-8.3.0-2019.08.0-x86_64-linux-ubuntu14/bin/../lib/gcc/riscv64-unknown-elf/8.3.0/../../../../riscv64-unknown-elf/lib/rv32i/ilp32/libc_nano.a(lib_a-ctype_.o)
 .text          0x000000008000cc48        0x0 /opt/riscv64-unknown-elf-gcc-8.3.0-2019.08.0-x86_64-linux-ubuntu14/bin/../lib/gcc/riscv64-unknown-elf/8.3.0/../../../../riscv64-unknown-elf/lib/rv32i/ilp32/libc_nano.a(lib_a-fflush.o)
 .text          0x000000008000cc48        0x0 /opt/riscv64-unknown-elf-gcc-8.3.0-2019.08.0-x86_64-linux-ubuntu14/bin/../lib/gcc/riscv64-unknown-elf/8.3.0/../../../../riscv64-unknown-elf/lib/rv32i/ilp32/libc_nano.a(lib_a-findfp.o)
 .text          0x000000008000cc48        0x0 /opt/riscv64-unknown-elf-gcc-8.3.0-2019.08.0-x86_64-linux-ubuntu14/bin/../lib/gcc/riscv64-unknown-elf/8.3.0/../../../../riscv64-unknown-elf/lib/rv32i/ilp32/libc_nano.a(lib_a-fpurge.o)
 .text          0x000000008000cc48        0x0 /opt/riscv64-unknown-elf-gcc-8.3.0-2019.08.0-x86_64-linux-ubuntu14/bin/../lib/gcc/riscv64-unknown-elf/8.3.0/../../../../riscv64-unknown-elf/lib/rv32i/ilp32/libc_nano.a(lib_a-fwalk.o)
 .text          0x000000008000cc48        0x0 /opt/riscv64-unknown-elf-gcc-8.3.0-2019.08.0-x86_64-linux-ubuntu14/bin/../lib/gcc/riscv64-unknown-elf/8.3.0/../../../../riscv64-unknown-elf/lib/rv32i/ilp32/libc_nano.a(lib_a-impure.o)
 .text          0x000000008000cc48        0x0 /opt/riscv64-unknown-elf-gcc-8.3.0-2019.08.0-x86_64-linux-ubuntu14/bin/../lib/gcc/riscv64-unknown-elf/8.3.0/../../../../riscv64-unknown-elf/lib/rv32i/ilp32/libc_nano.a(lib_a-malloc.o)
 .text          0x000000008000cc48        0x0 /opt/riscv64-unknown-elf-gcc-8.3.0-2019.08.0-x86_64-linux-ubuntu14/bin/../lib/gcc/riscv64-unknown-elf/8.3.0/../../../../riscv64-unknown-elf/lib/rv32i/ilp32/libc_nano.a(lib_a-memcmp.o)
 .text          0x000000008000cc48        0x0 /opt/riscv64-unknown-elf-gcc-8.3.0-2019.08.0-x86_64-linux-ubuntu14/bin/../lib/gcc/riscv64-unknown-elf/8.3.0/../../../../riscv64-unknown-elf/lib/rv32i/ilp32/libc_nano.a(lib_a-memcpy.o)
 .text          0x000000008000cc48        0x0 /opt/riscv64-unknown-elf-gcc-8.3.0-2019.08.0-x86_64-linux-ubuntu14/bin/../lib/gcc/riscv64-unknown-elf/8.3.0/../../../../riscv64-unknown-elf/lib/rv32i/ilp32/libc_nano.a(lib_a-memmove-stub.o)
 .text          0x000000008000cc48       0xdc /opt/riscv64-unknown-elf-gcc-8.3.0-2019.08.0-x86_64-linux-ubuntu14/bin/../lib/gcc/riscv64-unknown-elf/8.3.0/../../../../riscv64-unknown-elf/lib/rv32i/ilp32/libc_nano.a(lib_a-memset.o)
                0x000000008000cc48                memset
 .text          0x000000008000cd24        0x0 /opt/riscv64-unknown-elf-gcc-8.3.0-2019.08.0-x86_64-linux-ubuntu14/bin/../lib/gcc/riscv64-unknown-elf/8.3.0/../../../../riscv64-unknown-elf/lib/rv32i/ilp32/libc_nano.a(lib_a-nano-callocr.o)
 .text          0x000000008000cd24        0x0 /opt/riscv64-unknown-elf-gcc-8.3.0-2019.08.0-x86_64-linux-ubuntu14/bin/../lib/gcc/riscv64-unknown-elf/8.3.0/../../../../riscv64-unknown-elf/lib/rv32i/ilp32/libc_nano.a(lib_a-nano-freer.o)
 .text          0x000000008000cd24        0x0 /opt/riscv64-unknown-elf-gcc-8.3.0-2019.08.0-x86_64-linux-ubuntu14/bin/../lib/gcc/riscv64-unknown-elf/8.3.0/../../../../riscv64-unknown-elf/lib/rv32i/ilp32/libc_nano.a(lib_a-nano-mallocr.o)
 .text          0x000000008000cd24        0x0 /opt/riscv64-unknown-elf-gcc-8.3.0-2019.08.0-x86_64-linux-ubuntu14/bin/../lib/gcc/riscv64-unknown-elf/8.3.0/../../../../riscv64-unknown-elf/lib/rv32i/ilp32/libc_nano.a(lib_a-printf.o)
 .text          0x000000008000cd24        0x0 /opt/riscv64-unknown-elf-gcc-8.3.0-2019.08.0-x86_64-linux-ubuntu14/bin/../lib/gcc/riscv64-unknown-elf/8.3.0/../../../../riscv64-unknown-elf/lib/rv32i/ilp32/libc_nano.a(lib_a-putchar.o)
 .text          0x000000008000cd24        0x0 /opt/riscv64-unknown-elf-gcc-8.3.0-2019.08.0-x86_64-linux-ubuntu14/bin/../lib/gcc/riscv64-unknown-elf/8.3.0/../../../../riscv64-unknown-elf/lib/rv32i/ilp32/libc_nano.a(lib_a-putc.o)
 .text          0x000000008000cd24        0x0 /opt/riscv64-unknown-elf-gcc-8.3.0-2019.08.0-x86_64-linux-ubuntu14/bin/../lib/gcc/riscv64-unknown-elf/8.3.0/../../../../riscv64-unknown-elf/lib/rv32i/ilp32/libc_nano.a(lib_a-sbrkr.o)
 .text          0x000000008000cd24        0x0 /opt/riscv64-unknown-elf-gcc-8.3.0-2019.08.0-x86_64-linux-ubuntu14/bin/../lib/gcc/riscv64-unknown-elf/8.3.0/../../../../riscv64-unknown-elf/lib/rv32i/ilp32/libc_nano.a(lib_a-snprintf.o)
 .text          0x000000008000cd24        0x0 /opt/riscv64-unknown-elf-gcc-8.3.0-2019.08.0-x86_64-linux-ubuntu14/bin/../lib/gcc/riscv64-unknown-elf/8.3.0/../../../../riscv64-unknown-elf/lib/rv32i/ilp32/libc_nano.a(lib_a-sprintf.o)
 .text          0x000000008000cd24        0x0 /opt/riscv64-unknown-elf-gcc-8.3.0-2019.08.0-x86_64-linux-ubuntu14/bin/../lib/gcc/riscv64-unknown-elf/8.3.0/../../../../riscv64-unknown-elf/lib/rv32i/ilp32/libc_nano.a(lib_a-stdio.o)
 .text          0x000000008000cd24        0x0 /opt/riscv64-unknown-elf-gcc-8.3.0-2019.08.0-x86_64-linux-ubuntu14/bin/../lib/gcc/riscv64-unknown-elf/8.3.0/../../../../riscv64-unknown-elf/lib/rv32i/ilp32/libc_nano.a(lib_a-strlen.o)
 .text          0x000000008000cd24        0x0 /opt/riscv64-unknown-elf-gcc-8.3.0-2019.08.0-x86_64-linux-ubuntu14/bin/../lib/gcc/riscv64-unknown-elf/8.3.0/../../../../riscv64-unknown-elf/lib/rv32i/ilp32/libc_nano.a(lib_a-strncmp.o)
 .text          0x000000008000cd24        0x0 /opt/riscv64-unknown-elf-gcc-8.3.0-2019.08.0-x86_64-linux-ubuntu14/bin/../lib/gcc/riscv64-unknown-elf/8.3.0/../../../../riscv64-unknown-elf/lib/rv32i/ilp32/libc_nano.a(lib_a-strtol.o)
 .text          0x000000008000cd24        0x0 /opt/riscv64-unknown-elf-gcc-8.3.0-2019.08.0-x86_64-linux-ubuntu14/bin/../lib/gcc/riscv64-unknown-elf/8.3.0/../../../../riscv64-unknown-elf/lib/rv32i/ilp32/libc_nano.a(lib_a-wbuf.o)
 .text          0x000000008000cd24        0x0 /opt/riscv64-unknown-elf-gcc-8.3.0-2019.08.0-x86_64-linux-ubuntu14/bin/../lib/gcc/riscv64-unknown-elf/8.3.0/../../../../riscv64-unknown-elf/lib/rv32i/ilp32/libc_nano.a(lib_a-writer.o)
 .text          0x000000008000cd24        0x0 /opt/riscv64-unknown-elf-gcc-8.3.0-2019.08.0-x86_64-linux-ubuntu14/bin/../lib/gcc/riscv64-unknown-elf/8.3.0/../../../../riscv64-unknown-elf/lib/rv32i/ilp32/libc_nano.a(lib_a-wsetup.o)
 .text          0x000000008000cd24        0x0 /opt/riscv64-unknown-elf-gcc-8.3.0-2019.08.0-x86_64-linux-ubuntu14/bin/../lib/gcc/riscv64-unknown-elf/8.3.0/../../../../riscv64-unknown-elf/lib/rv32i/ilp32/libc_nano.a(lib_a-closer.o)
 .text          0x000000008000cd24        0x0 /opt/riscv64-unknown-elf-gcc-8.3.0-2019.08.0-x86_64-linux-ubuntu14/bin/../lib/gcc/riscv64-unknown-elf/8.3.0/../../../../riscv64-unknown-elf/lib/rv32i/ilp32/libc_nano.a(lib_a-lseekr.o)
 .text          0x000000008000cd24        0x0 /opt/riscv64-unknown-elf-gcc-8.3.0-2019.08.0-x86_64-linux-ubuntu14/bin/../lib/gcc/riscv64-unknown-elf/8.3.0/../../../../riscv64-unknown-elf/lib/rv32i/ilp32/libc_nano.a(lib_a-makebuf.o)
 .text          0x000000008000cd24        0x0 /opt/riscv64-unknown-elf-gcc-8.3.0-2019.08.0-x86_64-linux-ubuntu14/bin/../lib/gcc/riscv64-unknown-elf/8.3.0/../../../../riscv64-unknown-elf/lib/rv32i/ilp32/libc_nano.a(lib_a-nano-svfprintf.o)
 .text          0x000000008000cd24        0x0 /opt/riscv64-unknown-elf-gcc-8.3.0-2019.08.0-x86_64-linux-ubuntu14/bin/../lib/gcc/riscv64-unknown-elf/8.3.0/../../../../riscv64-unknown-elf/lib/rv32i/ilp32/libc_nano.a(lib_a-nano-vfprintf_i.o)
 .text          0x000000008000cd24        0x0 /opt/riscv64-unknown-elf-gcc-8.3.0-2019.08.0-x86_64-linux-ubuntu14/bin/../lib/gcc/riscv64-unknown-elf/8.3.0/../../../../riscv64-unknown-elf/lib/rv32i/ilp32/libc_nano.a(lib_a-nano-vfprintf.o)
 .text          0x000000008000cd24        0x0 /opt/riscv64-unknown-elf-gcc-8.3.0-2019.08.0-x86_64-linux-ubuntu14/bin/../lib/gcc/riscv64-unknown-elf/8.3.0/../../../../riscv64-unknown-elf/lib/rv32i/ilp32/libc_nano.a(lib_a-readr.o)
 .text          0x000000008000cd24        0x0 /opt/riscv64-unknown-elf-gcc-8.3.0-2019.08.0-x86_64-linux-ubuntu14/bin/../lib/gcc/riscv64-unknown-elf/8.3.0/../../../../riscv64-unknown-elf/lib/rv32i/ilp32/libc_nano.a(lib_a-reent.o)
 .text          0x000000008000cd24        0x0 /opt/riscv64-unknown-elf-gcc-8.3.0-2019.08.0-x86_64-linux-ubuntu14/bin/../lib/gcc/riscv64-unknown-elf/8.3.0/../../../../riscv64-unknown-elf/lib/rv32i/ilp32/libc_nano.a(lib_a-fstatr.o)
 .text          0x000000008000cd24        0x0 /opt/riscv64-unknown-elf-gcc-8.3.0-2019.08.0-x86_64-linux-ubuntu14/bin/../lib/gcc/riscv64-unknown-elf/8.3.0/../../../../riscv64-unknown-elf/lib/rv32i/ilp32/libc_nano.a(lib_a-fvwrite.o)
 .text          0x000000008000cd24        0x0 /opt/riscv64-unknown-elf-gcc-8.3.0-2019.08.0-x86_64-linux-ubuntu14/bin/../lib/gcc/riscv64-unknown-elf/8.3.0/../../../../riscv64-unknown-elf/lib/rv32i/ilp32/libc_nano.a(lib_a-isattyr.o)
 .text          0x000000008000cd24        0x0 /opt/riscv64-unknown-elf-gcc-8.3.0-2019.08.0-x86_64-linux-ubuntu14/bin/../lib/gcc/riscv64-unknown-elf/8.3.0/../../../../riscv64-unknown-elf/lib/rv32i/ilp32/libc_nano.a(lib_a-memchr.o)
 .text          0x000000008000cd24        0x0 /opt/riscv64-unknown-elf-gcc-8.3.0-2019.08.0-x86_64-linux-ubuntu14/bin/../lib/gcc/riscv64-unknown-elf/8.3.0/../../../../riscv64-unknown-elf/lib/rv32i/ilp32/libc_nano.a(lib_a-nano-reallocr.o)
 .text          0x000000008000cd24        0x0 /opt/riscv64-unknown-elf-gcc-8.3.0-2019.08.0-x86_64-linux-ubuntu14/bin/../lib/gcc/riscv64-unknown-elf/8.3.0/../../../../riscv64-unknown-elf/lib/rv32i/ilp32/libc_nano.a(lib_a-nano-msizer.o)
 .text          0x000000008000cd24       0x34 /opt/riscv64-unknown-elf-gcc-8.3.0-2019.08.0-x86_64-linux-ubuntu14/bin/../lib/gcc/riscv64-unknown-elf/8.3.0/rv32i/ilp32/libgcc.a(_bswapsi2.o)
                0x000000008000cd24                __bswapsi2
 .text          0x000000008000cd58      0x5d4 /opt/riscv64-unknown-elf-gcc-8.3.0-2019.08.0-x86_64-linux-ubuntu14/bin/../lib/gcc/riscv64-unknown-elf/8.3.0/rv32i/ilp32/libgcc.a(_udivdi3.o)
                0x000000008000cd58                __udivdi3
 .text          0x000000008000d32c       0x24 /opt/riscv64-unknown-elf-gcc-8.3.0-2019.08.0-x86_64-linux-ubuntu14/bin/../lib/gcc/riscv64-unknown-elf/8.3.0/rv32i/ilp32/libgcc.a(muldi3.o)
                0x000000008000d32c                __mulsi3
 .text          0x000000008000d350       0xb4 /opt/riscv64-unknown-elf-gcc-8.3.0-2019.08.0-x86_64-linux-ubuntu14/bin/../lib/gcc/riscv64-unknown-elf/8.3.0/rv32i/ilp32/libgcc.a(div.o)
                0x000000008000d350                __divsi3
                0x000000008000d358                __udivsi3
                0x000000008000d3a0                __umodsi3
                0x000000008000d3d4                __modsi3
 .text          0x000000008000d404        0x0 /opt/riscv64-unknown-elf-gcc-8.3.0-2019.08.0-x86_64-linux-ubuntu14/bin/../lib/gcc/riscv64-unknown-elf/8.3.0/rv32i/ilp32/libgcc.a(_clz.o)
                0x000000008000d404                end = .

.text.startup   0x000000008000d404      0x554
 .text.startup  0x000000008000d404      0x554 build/src/main.o
                0x000000008000d404                main

.text.atoi      0x000000008000d958        0xc
 .text.atoi     0x000000008000d958        0xc /opt/riscv64-unknown-elf-gcc-8.3.0-2019.08.0-x86_64-linux-ubuntu14/bin/../lib/gcc/riscv64-unknown-elf/8.3.0/../../../../riscv64-unknown-elf/lib/rv32i/ilp32/libc_nano.a(lib_a-atoi.o)
                0x000000008000d958                atoi

.text._atoi_r   0x000000008000d964        0xc
 .text._atoi_r  0x000000008000d964        0xc /opt/riscv64-unknown-elf-gcc-8.3.0-2019.08.0-x86_64-linux-ubuntu14/bin/../lib/gcc/riscv64-unknown-elf/8.3.0/../../../../riscv64-unknown-elf/lib/rv32i/ilp32/libc_nano.a(lib_a-atoi.o)
                0x000000008000d964                _atoi_r

.text.calloc    0x000000008000d970       0x14
 .text.calloc   0x000000008000d970       0x14 /opt/riscv64-unknown-elf-gcc-8.3.0-2019.08.0-x86_64-linux-ubuntu14/bin/../lib/gcc/riscv64-unknown-elf/8.3.0/../../../../riscv64-unknown-elf/lib/rv32i/ilp32/libc_nano.a(lib_a-calloc.o)
                0x000000008000d970                calloc

.text.__sflush_r
                0x000000008000d984      0x1ec
 .text.__sflush_r
                0x000000008000d984      0x1ec /opt/riscv64-unknown-elf-gcc-8.3.0-2019.08.0-x86_64-linux-ubuntu14/bin/../lib/gcc/riscv64-unknown-elf/8.3.0/../../../../riscv64-unknown-elf/lib/rv32i/ilp32/libc_nano.a(lib_a-fflush.o)
                0x000000008000d984                __sflush_r

.text._fflush_r
                0x000000008000db70       0xa0
 .text._fflush_r
                0x000000008000db70       0xa0 /opt/riscv64-unknown-elf-gcc-8.3.0-2019.08.0-x86_64-linux-ubuntu14/bin/../lib/gcc/riscv64-unknown-elf/8.3.0/../../../../riscv64-unknown-elf/lib/rv32i/ilp32/libc_nano.a(lib_a-fflush.o)
                0x000000008000db70                _fflush_r

.text.fflush    0x000000008000dc10       0x28
 .text.fflush   0x000000008000dc10       0x28 /opt/riscv64-unknown-elf-gcc-8.3.0-2019.08.0-x86_64-linux-ubuntu14/bin/../lib/gcc/riscv64-unknown-elf/8.3.0/../../../../riscv64-unknown-elf/lib/rv32i/ilp32/libc_nano.a(lib_a-fflush.o)
                0x000000008000dc10                fflush

.text.__fp_lock
                0x000000008000dc38        0x8
 .text.__fp_lock
                0x000000008000dc38        0x8 /opt/riscv64-unknown-elf-gcc-8.3.0-2019.08.0-x86_64-linux-ubuntu14/bin/../lib/gcc/riscv64-unknown-elf/8.3.0/../../../../riscv64-unknown-elf/lib/rv32i/ilp32/libc_nano.a(lib_a-findfp.o)

.text.std       0x000000008000dc40       0x88
 .text.std      0x000000008000dc40       0x88 /opt/riscv64-unknown-elf-gcc-8.3.0-2019.08.0-x86_64-linux-ubuntu14/bin/../lib/gcc/riscv64-unknown-elf/8.3.0/../../../../riscv64-unknown-elf/lib/rv32i/ilp32/libc_nano.a(lib_a-findfp.o)

.text._cleanup_r
                0x000000008000dcc8        0xc
 .text._cleanup_r
                0x000000008000dcc8        0xc /opt/riscv64-unknown-elf-gcc-8.3.0-2019.08.0-x86_64-linux-ubuntu14/bin/../lib/gcc/riscv64-unknown-elf/8.3.0/../../../../riscv64-unknown-elf/lib/rv32i/ilp32/libc_nano.a(lib_a-findfp.o)
                0x000000008000dcc8                _cleanup_r

.text.__fp_unlock
                0x000000008000dcd4        0x8
 .text.__fp_unlock
                0x000000008000dcd4        0x8 /opt/riscv64-unknown-elf-gcc-8.3.0-2019.08.0-x86_64-linux-ubuntu14/bin/../lib/gcc/riscv64-unknown-elf/8.3.0/../../../../riscv64-unknown-elf/lib/rv32i/ilp32/libc_nano.a(lib_a-findfp.o)

.text.__sfmoreglue
                0x000000008000dcdc       0x78
 .text.__sfmoreglue
                0x000000008000dcdc       0x78 /opt/riscv64-unknown-elf-gcc-8.3.0-2019.08.0-x86_64-linux-ubuntu14/bin/../lib/gcc/riscv64-unknown-elf/8.3.0/../../../../riscv64-unknown-elf/lib/rv32i/ilp32/libc_nano.a(lib_a-findfp.o)
                0x000000008000dcdc                __sfmoreglue

.text._cleanup  0x000000008000dd54        0xc
 .text._cleanup
                0x000000008000dd54        0xc /opt/riscv64-unknown-elf-gcc-8.3.0-2019.08.0-x86_64-linux-ubuntu14/bin/../lib/gcc/riscv64-unknown-elf/8.3.0/../../../../riscv64-unknown-elf/lib/rv32i/ilp32/libc_nano.a(lib_a-findfp.o)
                0x000000008000dd54                _cleanup

.text.__sinit   0x000000008000dd60       0xb0
 .text.__sinit  0x000000008000dd60       0xb0 /opt/riscv64-unknown-elf-gcc-8.3.0-2019.08.0-x86_64-linux-ubuntu14/bin/../lib/gcc/riscv64-unknown-elf/8.3.0/../../../../riscv64-unknown-elf/lib/rv32i/ilp32/libc_nano.a(lib_a-findfp.o)
                0x000000008000dd60                __sinit

.text.__sfp     0x000000008000de10       0xec
 .text.__sfp    0x000000008000de10       0xec /opt/riscv64-unknown-elf-gcc-8.3.0-2019.08.0-x86_64-linux-ubuntu14/bin/../lib/gcc/riscv64-unknown-elf/8.3.0/../../../../riscv64-unknown-elf/lib/rv32i/ilp32/libc_nano.a(lib_a-findfp.o)
                0x000000008000de10                __sfp

.text.__sfp_lock_acquire
                0x000000008000defc        0x4
 .text.__sfp_lock_acquire
                0x000000008000defc        0x4 /opt/riscv64-unknown-elf-gcc-8.3.0-2019.08.0-x86_64-linux-ubuntu14/bin/../lib/gcc/riscv64-unknown-elf/8.3.0/../../../../riscv64-unknown-elf/lib/rv32i/ilp32/libc_nano.a(lib_a-findfp.o)
                0x000000008000defc                __sfp_lock_acquire

.text.__sfp_lock_release
                0x000000008000df00        0x4
 .text.__sfp_lock_release
                0x000000008000df00        0x4 /opt/riscv64-unknown-elf-gcc-8.3.0-2019.08.0-x86_64-linux-ubuntu14/bin/../lib/gcc/riscv64-unknown-elf/8.3.0/../../../../riscv64-unknown-elf/lib/rv32i/ilp32/libc_nano.a(lib_a-findfp.o)
                0x000000008000df00                __sfp_lock_release

.text.__sinit_lock_acquire
                0x000000008000df04        0x4
 .text.__sinit_lock_acquire
                0x000000008000df04        0x4 /opt/riscv64-unknown-elf-gcc-8.3.0-2019.08.0-x86_64-linux-ubuntu14/bin/../lib/gcc/riscv64-unknown-elf/8.3.0/../../../../riscv64-unknown-elf/lib/rv32i/ilp32/libc_nano.a(lib_a-findfp.o)
                0x000000008000df04                __sinit_lock_acquire

.text.__sinit_lock_release
                0x000000008000df08        0x4
 .text.__sinit_lock_release
                0x000000008000df08        0x4 /opt/riscv64-unknown-elf-gcc-8.3.0-2019.08.0-x86_64-linux-ubuntu14/bin/../lib/gcc/riscv64-unknown-elf/8.3.0/../../../../riscv64-unknown-elf/lib/rv32i/ilp32/libc_nano.a(lib_a-findfp.o)
                0x000000008000df08                __sinit_lock_release

.text.__fp_lock_all
                0x000000008000df0c       0x14
 .text.__fp_lock_all
                0x000000008000df0c       0x14 /opt/riscv64-unknown-elf-gcc-8.3.0-2019.08.0-x86_64-linux-ubuntu14/bin/../lib/gcc/riscv64-unknown-elf/8.3.0/../../../../riscv64-unknown-elf/lib/rv32i/ilp32/libc_nano.a(lib_a-findfp.o)
                0x000000008000df0c                __fp_lock_all

.text.__fp_unlock_all
                0x000000008000df20       0x14
 .text.__fp_unlock_all
                0x000000008000df20       0x14 /opt/riscv64-unknown-elf-gcc-8.3.0-2019.08.0-x86_64-linux-ubuntu14/bin/../lib/gcc/riscv64-unknown-elf/8.3.0/../../../../riscv64-unknown-elf/lib/rv32i/ilp32/libc_nano.a(lib_a-findfp.o)
                0x000000008000df20                __fp_unlock_all

.text._fpurge_r
                0x000000008000df34       0xdc
 .text._fpurge_r
                0x000000008000df34       0xdc /opt/riscv64-unknown-elf-gcc-8.3.0-2019.08.0-x86_64-linux-ubuntu14/bin/../lib/gcc/riscv64-unknown-elf/8.3.0/../../../../riscv64-unknown-elf/lib/rv32i/ilp32/libc_nano.a(lib_a-fpurge.o)
                0x000000008000df34                _fpurge_r

.text.fpurge    0x000000008000e010       0x10
 .text.fpurge   0x000000008000e010       0x10 /opt/riscv64-unknown-elf-gcc-8.3.0-2019.08.0-x86_64-linux-ubuntu14/bin/../lib/gcc/riscv64-unknown-elf/8.3.0/../../../../riscv64-unknown-elf/lib/rv32i/ilp32/libc_nano.a(lib_a-fpurge.o)
                0x000000008000e010                fpurge

.text.__fpurge  0x000000008000e020       0x10
 .text.__fpurge
                0x000000008000e020       0x10 /opt/riscv64-unknown-elf-gcc-8.3.0-2019.08.0-x86_64-linux-ubuntu14/bin/../lib/gcc/riscv64-unknown-elf/8.3.0/../../../../riscv64-unknown-elf/lib/rv32i/ilp32/libc_nano.a(lib_a-fpurge.o)
                0x000000008000e020                __fpurge

.text._fwalk    0x000000008000e030       0xa0
 .text._fwalk   0x000000008000e030       0xa0 /opt/riscv64-unknown-elf-gcc-8.3.0-2019.08.0-x86_64-linux-ubuntu14/bin/../lib/gcc/riscv64-unknown-elf/8.3.0/../../../../riscv64-unknown-elf/lib/rv32i/ilp32/libc_nano.a(lib_a-fwalk.o)
                0x000000008000e030                _fwalk

.text._fwalk_reent
                0x000000008000e0d0       0xb4
 .text._fwalk_reent
                0x000000008000e0d0       0xb4 /opt/riscv64-unknown-elf-gcc-8.3.0-2019.08.0-x86_64-linux-ubuntu14/bin/../lib/gcc/riscv64-unknown-elf/8.3.0/../../../../riscv64-unknown-elf/lib/rv32i/ilp32/libc_nano.a(lib_a-fwalk.o)
                0x000000008000e0d0                _fwalk_reent

.text.malloc    0x000000008000e184       0x10
 .text.malloc   0x000000008000e184       0x10 /opt/riscv64-unknown-elf-gcc-8.3.0-2019.08.0-x86_64-linux-ubuntu14/bin/../lib/gcc/riscv64-unknown-elf/8.3.0/../../../../riscv64-unknown-elf/lib/rv32i/ilp32/libc_nano.a(lib_a-malloc.o)
                0x000000008000e184                malloc

.text.free      0x000000008000e194       0x10
 .text.free     0x000000008000e194       0x10 /opt/riscv64-unknown-elf-gcc-8.3.0-2019.08.0-x86_64-linux-ubuntu14/bin/../lib/gcc/riscv64-unknown-elf/8.3.0/../../../../riscv64-unknown-elf/lib/rv32i/ilp32/libc_nano.a(lib_a-malloc.o)
                0x000000008000e194                free

.text.memcmp    0x000000008000e1a4       0x30
 .text.memcmp   0x000000008000e1a4       0x30 /opt/riscv64-unknown-elf-gcc-8.3.0-2019.08.0-x86_64-linux-ubuntu14/bin/../lib/gcc/riscv64-unknown-elf/8.3.0/../../../../riscv64-unknown-elf/lib/rv32i/ilp32/libc_nano.a(lib_a-memcmp.o)
                0x000000008000e1a4                memcmp

.text.memcpy    0x000000008000e1d4       0xd8
 .text.memcpy   0x000000008000e1d4       0xd8 /opt/riscv64-unknown-elf-gcc-8.3.0-2019.08.0-x86_64-linux-ubuntu14/bin/../lib/gcc/riscv64-unknown-elf/8.3.0/../../../../riscv64-unknown-elf/lib/rv32i/ilp32/libc_nano.a(lib_a-memcpy.o)
                0x000000008000e1d4                memcpy

.text.memmove   0x000000008000e2ac       0x5c
 .text.memmove  0x000000008000e2ac       0x5c /opt/riscv64-unknown-elf-gcc-8.3.0-2019.08.0-x86_64-linux-ubuntu14/bin/../lib/gcc/riscv64-unknown-elf/8.3.0/../../../../riscv64-unknown-elf/lib/rv32i/ilp32/libc_nano.a(lib_a-memmove-stub.o)
                0x000000008000e2ac                memmove

.text._calloc_r
                0x000000008000e308       0x54
 .text._calloc_r
                0x000000008000e308       0x54 /opt/riscv64-unknown-elf-gcc-8.3.0-2019.08.0-x86_64-linux-ubuntu14/bin/../lib/gcc/riscv64-unknown-elf/8.3.0/../../../../riscv64-unknown-elf/lib/rv32i/ilp32/libc_nano.a(lib_a-nano-callocr.o)
                0x000000008000e308                _calloc_r

.text._free_r   0x000000008000e35c      0x104
 .text._free_r  0x000000008000e35c      0x104 /opt/riscv64-unknown-elf-gcc-8.3.0-2019.08.0-x86_64-linux-ubuntu14/bin/../lib/gcc/riscv64-unknown-elf/8.3.0/../../../../riscv64-unknown-elf/lib/rv32i/ilp32/libc_nano.a(lib_a-nano-freer.o)
                0x000000008000e35c                _free_r

.text._malloc_r
                0x000000008000e460      0x14c
 .text._malloc_r
                0x000000008000e460      0x14c /opt/riscv64-unknown-elf-gcc-8.3.0-2019.08.0-x86_64-linux-ubuntu14/bin/../lib/gcc/riscv64-unknown-elf/8.3.0/../../../../riscv64-unknown-elf/lib/rv32i/ilp32/libc_nano.a(lib_a-nano-mallocr.o)
                0x000000008000e460                _malloc_r

.text._printf_r
                0x000000008000e5ac       0x68
 .text._printf_r
                0x000000008000e5ac       0x68 /opt/riscv64-unknown-elf-gcc-8.3.0-2019.08.0-x86_64-linux-ubuntu14/bin/../lib/gcc/riscv64-unknown-elf/8.3.0/../../../../riscv64-unknown-elf/lib/rv32i/ilp32/libc_nano.a(lib_a-printf.o)
                0x000000008000e5ac                _printf_r
                0x000000008000e5ac                _iprintf_r

.text.printf    0x000000008000e614       0x78
 .text.printf   0x000000008000e614       0x78 /opt/riscv64-unknown-elf-gcc-8.3.0-2019.08.0-x86_64-linux-ubuntu14/bin/../lib/gcc/riscv64-unknown-elf/8.3.0/../../../../riscv64-unknown-elf/lib/rv32i/ilp32/libc_nano.a(lib_a-printf.o)
                0x000000008000e614                printf
                0x000000008000e614                iprintf

.text._putchar_r
                0x000000008000e68c       0x40
 .text._putchar_r
                0x000000008000e68c       0x40 /opt/riscv64-unknown-elf-gcc-8.3.0-2019.08.0-x86_64-linux-ubuntu14/bin/../lib/gcc/riscv64-unknown-elf/8.3.0/../../../../riscv64-unknown-elf/lib/rv32i/ilp32/libc_nano.a(lib_a-putchar.o)
                0x000000008000e68c                _putchar_r

.text.putchar   0x000000008000e6cc       0x4c
 .text.putchar  0x000000008000e6cc       0x4c /opt/riscv64-unknown-elf-gcc-8.3.0-2019.08.0-x86_64-linux-ubuntu14/bin/../lib/gcc/riscv64-unknown-elf/8.3.0/../../../../riscv64-unknown-elf/lib/rv32i/ilp32/libc_nano.a(lib_a-putchar.o)
                0x000000008000e6cc                putchar

.text._putc_r   0x000000008000e718       0xc4
 .text._putc_r  0x000000008000e718       0xc4 /opt/riscv64-unknown-elf-gcc-8.3.0-2019.08.0-x86_64-linux-ubuntu14/bin/../lib/gcc/riscv64-unknown-elf/8.3.0/../../../../riscv64-unknown-elf/lib/rv32i/ilp32/libc_nano.a(lib_a-putc.o)
                0x000000008000e718                _putc_r

.text.putc      0x000000008000e7dc       0x14
 .text.putc     0x000000008000e7dc       0x14 /opt/riscv64-unknown-elf-gcc-8.3.0-2019.08.0-x86_64-linux-ubuntu14/bin/../lib/gcc/riscv64-unknown-elf/8.3.0/../../../../riscv64-unknown-elf/lib/rv32i/ilp32/libc_nano.a(lib_a-putc.o)
                0x000000008000e7dc                putc

.text._sbrk_r   0x000000008000e7f0       0x44
 .text._sbrk_r  0x000000008000e7f0       0x44 /opt/riscv64-unknown-elf-gcc-8.3.0-2019.08.0-x86_64-linux-ubuntu14/bin/../lib/gcc/riscv64-unknown-elf/8.3.0/../../../../riscv64-unknown-elf/lib/rv32i/ilp32/libc_nano.a(lib_a-sbrkr.o)
                0x000000008000e7f0                _sbrk_r

.text._snprintf_r
                0x000000008000e834       0xb0
 .text._snprintf_r
                0x000000008000e834       0xb0 /opt/riscv64-unknown-elf-gcc-8.3.0-2019.08.0-x86_64-linux-ubuntu14/bin/../lib/gcc/riscv64-unknown-elf/8.3.0/../../../../riscv64-unknown-elf/lib/rv32i/ilp32/libc_nano.a(lib_a-snprintf.o)
                0x000000008000e834                _sniprintf_r
                0x000000008000e834                _snprintf_r

.text.snprintf  0x000000008000e8e4       0xb8
 .text.snprintf
                0x000000008000e8e4       0xb8 /opt/riscv64-unknown-elf-gcc-8.3.0-2019.08.0-x86_64-linux-ubuntu14/bin/../lib/gcc/riscv64-unknown-elf/8.3.0/../../../../riscv64-unknown-elf/lib/rv32i/ilp32/libc_nano.a(lib_a-snprintf.o)
                0x000000008000e8e4                snprintf
                0x000000008000e8e4                sniprintf

.text._sprintf_r
                0x000000008000e99c       0x64
 .text._sprintf_r
                0x000000008000e99c       0x64 /opt/riscv64-unknown-elf-gcc-8.3.0-2019.08.0-x86_64-linux-ubuntu14/bin/../lib/gcc/riscv64-unknown-elf/8.3.0/../../../../riscv64-unknown-elf/lib/rv32i/ilp32/libc_nano.a(lib_a-sprintf.o)
                0x000000008000e99c                _siprintf_r
                0x000000008000e99c                _sprintf_r

.text.sprintf   0x000000008000ea00       0x74
 .text.sprintf  0x000000008000ea00       0x74 /opt/riscv64-unknown-elf-gcc-8.3.0-2019.08.0-x86_64-linux-ubuntu14/bin/../lib/gcc/riscv64-unknown-elf/8.3.0/../../../../riscv64-unknown-elf/lib/rv32i/ilp32/libc_nano.a(lib_a-sprintf.o)
                0x000000008000ea00                sprintf
                0x000000008000ea00                siprintf

.text.__sread   0x000000008000ea74       0x50
 .text.__sread  0x000000008000ea74       0x50 /opt/riscv64-unknown-elf-gcc-8.3.0-2019.08.0-x86_64-linux-ubuntu14/bin/../lib/gcc/riscv64-unknown-elf/8.3.0/../../../../riscv64-unknown-elf/lib/rv32i/ilp32/libc_nano.a(lib_a-stdio.o)
                0x000000008000ea74                __sread

.text.__seofread
                0x000000008000eac4        0x8
 .text.__seofread
                0x000000008000eac4        0x8 /opt/riscv64-unknown-elf-gcc-8.3.0-2019.08.0-x86_64-linux-ubuntu14/bin/../lib/gcc/riscv64-unknown-elf/8.3.0/../../../../riscv64-unknown-elf/lib/rv32i/ilp32/libc_nano.a(lib_a-stdio.o)
                0x000000008000eac4                __seofread

.text.__swrite  0x000000008000eacc       0x84
 .text.__swrite
                0x000000008000eacc       0x84 /opt/riscv64-unknown-elf-gcc-8.3.0-2019.08.0-x86_64-linux-ubuntu14/bin/../lib/gcc/riscv64-unknown-elf/8.3.0/../../../../riscv64-unknown-elf/lib/rv32i/ilp32/libc_nano.a(lib_a-stdio.o)
                0x000000008000eacc                __swrite

.text.__sseek   0x000000008000eb50       0x58
 .text.__sseek  0x000000008000eb50       0x58 /opt/riscv64-unknown-elf-gcc-8.3.0-2019.08.0-x86_64-linux-ubuntu14/bin/../lib/gcc/riscv64-unknown-elf/8.3.0/../../../../riscv64-unknown-elf/lib/rv32i/ilp32/libc_nano.a(lib_a-stdio.o)
                0x000000008000eb50                __sseek

.text.__sclose  0x000000008000eba8        0x8
 .text.__sclose
                0x000000008000eba8        0x8 /opt/riscv64-unknown-elf-gcc-8.3.0-2019.08.0-x86_64-linux-ubuntu14/bin/../lib/gcc/riscv64-unknown-elf/8.3.0/../../../../riscv64-unknown-elf/lib/rv32i/ilp32/libc_nano.a(lib_a-stdio.o)
                0x000000008000eba8                __sclose

.text.strlen    0x000000008000ebb0       0x1c
 .text.strlen   0x000000008000ebb0       0x1c /opt/riscv64-unknown-elf-gcc-8.3.0-2019.08.0-x86_64-linux-ubuntu14/bin/../lib/gcc/riscv64-unknown-elf/8.3.0/../../../../riscv64-unknown-elf/lib/rv32i/ilp32/libc_nano.a(lib_a-strlen.o)
                0x000000008000ebb0                strlen

.text.strncmp   0x000000008000ebcc       0x3c
 .text.strncmp  0x000000008000ebcc       0x3c /opt/riscv64-unknown-elf-gcc-8.3.0-2019.08.0-x86_64-linux-ubuntu14/bin/../lib/gcc/riscv64-unknown-elf/8.3.0/../../../../riscv64-unknown-elf/lib/rv32i/ilp32/libc_nano.a(lib_a-strncmp.o)
                0x000000008000ebcc                strncmp

.text._strtol_l.isra.0
                0x000000008000ec08      0x20c
 .text._strtol_l.isra.0
                0x000000008000ec08      0x20c /opt/riscv64-unknown-elf-gcc-8.3.0-2019.08.0-x86_64-linux-ubuntu14/bin/../lib/gcc/riscv64-unknown-elf/8.3.0/../../../../riscv64-unknown-elf/lib/rv32i/ilp32/libc_nano.a(lib_a-strtol.o)

.text._strtol_r
                0x000000008000ee14        0x4
 .text._strtol_r
                0x000000008000ee14        0x4 /opt/riscv64-unknown-elf-gcc-8.3.0-2019.08.0-x86_64-linux-ubuntu14/bin/../lib/gcc/riscv64-unknown-elf/8.3.0/../../../../riscv64-unknown-elf/lib/rv32i/ilp32/libc_nano.a(lib_a-strtol.o)
                0x000000008000ee14                _strtol_r

.text.strtol_l  0x000000008000ee18       0x18
 .text.strtol_l
                0x000000008000ee18       0x18 /opt/riscv64-unknown-elf-gcc-8.3.0-2019.08.0-x86_64-linux-ubuntu14/bin/../lib/gcc/riscv64-unknown-elf/8.3.0/../../../../riscv64-unknown-elf/lib/rv32i/ilp32/libc_nano.a(lib_a-strtol.o)
                0x000000008000ee18                strtol_l

.text.strtol    0x000000008000ee30       0x18
 .text.strtol   0x000000008000ee30       0x18 /opt/riscv64-unknown-elf-gcc-8.3.0-2019.08.0-x86_64-linux-ubuntu14/bin/../lib/gcc/riscv64-unknown-elf/8.3.0/../../../../riscv64-unknown-elf/lib/rv32i/ilp32/libc_nano.a(lib_a-strtol.o)
                0x000000008000ee30                strtol

.text.__swbuf_r
                0x000000008000ee48      0x138
 .text.__swbuf_r
                0x000000008000ee48      0x138 /opt/riscv64-unknown-elf-gcc-8.3.0-2019.08.0-x86_64-linux-ubuntu14/bin/../lib/gcc/riscv64-unknown-elf/8.3.0/../../../../riscv64-unknown-elf/lib/rv32i/ilp32/libc_nano.a(lib_a-wbuf.o)
                0x000000008000ee48                __swbuf_r

.text.__swbuf   0x000000008000ef80       0x14
 .text.__swbuf  0x000000008000ef80       0x14 /opt/riscv64-unknown-elf-gcc-8.3.0-2019.08.0-x86_64-linux-ubuntu14/bin/../lib/gcc/riscv64-unknown-elf/8.3.0/../../../../riscv64-unknown-elf/lib/rv32i/ilp32/libc_nano.a(lib_a-wbuf.o)
                0x000000008000ef80                __swbuf

.text._write_r  0x000000008000ef94       0x4c
 .text._write_r
                0x000000008000ef94       0x4c /opt/riscv64-unknown-elf-gcc-8.3.0-2019.08.0-x86_64-linux-ubuntu14/bin/../lib/gcc/riscv64-unknown-elf/8.3.0/../../../../riscv64-unknown-elf/lib/rv32i/ilp32/libc_nano.a(lib_a-writer.o)
                0x000000008000ef94                _write_r

.text.__swsetup_r
                0x000000008000efe0      0x17c
 .text.__swsetup_r
                0x000000008000efe0      0x17c /opt/riscv64-unknown-elf-gcc-8.3.0-2019.08.0-x86_64-linux-ubuntu14/bin/../lib/gcc/riscv64-unknown-elf/8.3.0/../../../../riscv64-unknown-elf/lib/rv32i/ilp32/libc_nano.a(lib_a-wsetup.o)
                0x000000008000efe0                __swsetup_r

.text._close_r  0x000000008000f15c       0x44
 .text._close_r
                0x000000008000f15c       0x44 /opt/riscv64-unknown-elf-gcc-8.3.0-2019.08.0-x86_64-linux-ubuntu14/bin/../lib/gcc/riscv64-unknown-elf/8.3.0/../../../../riscv64-unknown-elf/lib/rv32i/ilp32/libc_nano.a(lib_a-closer.o)
                0x000000008000f15c                _close_r

.text._lseek_r  0x000000008000f1a0       0x4c
 .text._lseek_r
                0x000000008000f1a0       0x4c /opt/riscv64-unknown-elf-gcc-8.3.0-2019.08.0-x86_64-linux-ubuntu14/bin/../lib/gcc/riscv64-unknown-elf/8.3.0/../../../../riscv64-unknown-elf/lib/rv32i/ilp32/libc_nano.a(lib_a-lseekr.o)
                0x000000008000f1a0                _lseek_r

.text.__swhatbuf_r
                0x000000008000f1ec       0x8c
 .text.__swhatbuf_r
                0x000000008000f1ec       0x8c /opt/riscv64-unknown-elf-gcc-8.3.0-2019.08.0-x86_64-linux-ubuntu14/bin/../lib/gcc/riscv64-unknown-elf/8.3.0/../../../../riscv64-unknown-elf/lib/rv32i/ilp32/libc_nano.a(lib_a-makebuf.o)
                0x000000008000f1ec                __swhatbuf_r

.text.__smakebuf_r
                0x000000008000f278       0xf0
 .text.__smakebuf_r
                0x000000008000f278       0xf0 /opt/riscv64-unknown-elf-gcc-8.3.0-2019.08.0-x86_64-linux-ubuntu14/bin/../lib/gcc/riscv64-unknown-elf/8.3.0/../../../../riscv64-unknown-elf/lib/rv32i/ilp32/libc_nano.a(lib_a-makebuf.o)
                0x000000008000f278                __smakebuf_r

.text.__ssputs_r
                0x000000008000f368      0x16c
 .text.__ssputs_r
                0x000000008000f368      0x16c /opt/riscv64-unknown-elf-gcc-8.3.0-2019.08.0-x86_64-linux-ubuntu14/bin/../lib/gcc/riscv64-unknown-elf/8.3.0/../../../../riscv64-unknown-elf/lib/rv32i/ilp32/libc_nano.a(lib_a-nano-svfprintf.o)
                0x000000008000f368                __ssputs_r

.text.__ssprint_r
                0x000000008000f4d4      0x1bc
 .text.__ssprint_r