Archive member included to satisfy reference by file (symbol)

/opt/riscv64-unknown-elf-gcc-8.3.0-2019.08.0-x86_64-linux-ubuntu14/bin/../lib/gcc/riscv64-unknown-elf/8.3.0/../../../../riscv64-unknown-elf/lib/rv32i/ilp32/libc_nano.a(lib_a-atoi.o)
                              build/./src/lwip/core/netif.o (atoi)
/opt/riscv64-unknown-elf-gcc-8.3.0-2019.08.0-x86_64-linux-ubuntu14/bin/../lib/gcc/riscv64-unknown-elf/8.3.0/../../../../riscv64-unknown-elf/lib/rv32i/ilp32/libc_nano.a(lib_a-calloc.o)
                              build/./src/lwip/core/mem.o (calloc)
/opt/riscv64-unknown-elf-gcc-8.3.0-2019.08.0-x86_64-linux-ubuntu14/bin/../lib/gcc/riscv64-unknown-elf/8.3.0/../../../../riscv64-unknown-elf/lib/rv32i/ilp32/libc_nano.a(lib_a-ctype_.o)
                              build/./src/lwip/core/ipv4/ip4_addr.o (_ctype_)
/opt/riscv64-unknown-elf-gcc-8.3.0-2019.08.0-x86_64-linux-ubuntu14/bin/../lib/gcc/riscv64-unknown-elf/8.3.0/../../../../riscv64-unknown-elf/lib/rv32i/ilp32/libc_nano.a(lib_a-fflush.o)
                              build/src/main.o (fflush)
/opt/riscv64-unknown-elf-gcc-8.3.0-2019.08.0-x86_64-linux-ubuntu14/bin/../lib/gcc/riscv64-unknown-elf/8.3.0/../../../../riscv64-unknown-elf/lib/rv32i/ilp32/libc_nano.a(lib_a-findfp.o)
                              /opt/riscv64-unknown-elf-gcc-8.3.0-2019.08.0-x86_64-linux-ubuntu14/bin/../lib/gcc/riscv64-unknown-elf/8.3.0/../../../../riscv64-unknown-elf/lib/rv32i/ilp32/libc_nano.a(lib_a-fflush.o) (__sinit)
/opt/riscv64-unknown-elf-gcc-8.3.0-2019.08.0-x86_64-linux-ubuntu14/bin/../lib/gcc/riscv64-unknown-elf/8.3.0/../../../../riscv64-unknown-elf/lib/rv32i/ilp32/libc_nano.a(lib_a-fpurge.o)
                              build/src/main.o (fpurge)
/opt/riscv64-unknown-elf-gcc-8.3.0-2019.08.0-x86_64-linux-ubuntu14/bin/../lib/gcc/riscv64-unknown-elf/8.3.0/../../../../riscv64-unknown-elf/lib/rv32i/ilp32/libc_nano.a(lib_a-fwalk.o)
                              /opt/riscv64-unknown-elf-gcc-8.3.0-2019.08.0-x86_64-linux-ubuntu14/bin/../lib/gcc/riscv64-unknown-elf/8.3.0/../../../../riscv64-unknown-elf/lib/rv32i/ilp32/libc_nano.a(lib_a-findfp.o) (_fwalk)
/opt/riscv64-unknown-elf-gcc-8.3.0-2019.08.0-x86_64-linux-ubuntu14/bin/../lib/gcc/riscv64-unknown-elf/8.3.0/../../../../riscv64-unknown-elf/lib/rv32i/ilp32/libc_nano.a(lib_a-impure.o)
                              /opt/riscv64-unknown-elf-gcc-8.3.0-2019.08.0-x86_64-linux-ubuntu14/bin/../lib/gcc/riscv64-unknown-elf/8.3.0/../../../../riscv64-unknown-elf/lib/rv32i/ilp32/libc_nano.a(lib_a-fflush.o) (_global_impure_ptr)
/opt/riscv64-unknown-elf-gcc-8.3.0-2019.08.0-x86_64-linux-ubuntu14/bin/../lib/gcc/riscv64-unknown-elf/8.3.0/../../../../riscv64-unknown-elf/lib/rv32i/ilp32/libc_nano.a(lib_a-malloc.o)
                              build/./src/lwip/core/mem.o (malloc)
/opt/riscv64-unknown-elf-gcc-8.3.0-2019.08.0-x86_64-linux-ubuntu14/bin/../lib/gcc/riscv64-unknown-elf/8.3.0/../../../../riscv64-unknown-elf/lib/rv32i/ilp32/libc_nano.a(lib_a-memcmp.o)
                              build/./src/lwip/netif/ethernet.o (memcmp)
/opt/riscv64-unknown-elf-gcc-8.3.0-2019.08.0-x86_64-linux-ubuntu14/bin/../lib/gcc/riscv64-unknown-elf/8.3.0/../../../../riscv64-unknown-elf/lib/rv32i/ilp32/libc_nano.a(lib_a-memcpy.o)
                              build/src/main.o (memcpy)
/opt/riscv64-unknown-elf-gcc-8.3.0-2019.08.0-x86_64-linux-ubuntu14/bin/../lib/gcc/riscv64-unknown-elf/8.3.0/../../../../riscv64-unknown-elf/lib/rv32i/ilp32/libc_nano.a(lib_a-memmove-stub.o)
                              build/./src/lwip/core/def.o (memmove)
/opt/riscv64-unknown-elf-gcc-8.3.0-2019.08.0-x86_64-linux-ubuntu14/bin/../lib/gcc/riscv64-unknown-elf/8.3.0/../../../../riscv64-unknown-elf/lib/rv32i/ilp32/libc_nano.a(lib_a-memset.o)
                              build/src/main.o (memset)
/opt/riscv64-unknown-elf-gcc-8.3.0-2019.08.0-x86_64-linux-ubuntu14/bin/../lib/gcc/riscv64-unknown-elf/8.3.0/../../../../riscv64-unknown-elf/lib/rv32i/ilp32/libc_nano.a(lib_a-nano-callocr.o)
                              /opt/riscv64-unknown-elf-gcc-8.3.0-2019.08.0-x86_64-linux-ubuntu14/bin/../lib/gcc/riscv64-unknown-elf/8.3.0/../../../../riscv64-unknown-elf/lib/rv32i/ilp32/libc_nano.a(lib_a-calloc.o) (_calloc_r)
/opt/riscv64-unknown-elf-gcc-8.3.0-2019.08.0-x86_64-linux-ubuntu14/bin/../lib/gcc/riscv64-unknown-elf/8.3.0/../../../../riscv64-unknown-elf/lib/rv32i/ilp32/libc_nano.a(lib_a-nano-freer.o)
                              /opt/riscv64-unknown-elf-gcc-8.3.0-2019.08.0-x86_64-linux-ubuntu14/bin/../lib/gcc/riscv64-unknown-elf/8.3.0/../../../../riscv64-unknown-elf/lib/rv32i/ilp32/libc_nano.a(lib_a-fflush.o) (_free_r)
/opt/riscv64-unknown-elf-gcc-8.3.0-2019.08.0-x86_64-linux-ubuntu14/bin/../lib/gcc/riscv64-unknown-elf/8.3.0/../../../../riscv64-unknown-elf/lib/rv32i/ilp32/libc_nano.a(lib_a-nano-mallocr.o)
[...]
Memory Configuration

Name             Origin             Length             Attributes
RAM              0x0000000080000000 0x0000000000012000 xrw
*default*        0x0000000000000000 0xffffffffffffffff

Linker script and memory map

LOAD build/src/crc16.o
LOAD build/src/font_6x8.o
LOAD build/src/font_12x16.o
LOAD build/src/main.o
LOAD build/src/modbus_rtu.o
LOAD build/src/config.o
LOAD build/src/eeprom.o
LOAD build/src/modbus.o
LOAD build/src/mac.o
LOAD build/src/hub.o
LOAD build/src/modbus_udp.o
LOAD build/src/i2c.o
LOAD build/src/utils.o
LOAD build/src/crt.o
LOAD build/./src/lwip/core/init.o
LOAD build/./src/lwip/core/def.o
LOAD build/./src/lwip/core/dns.o
LOAD build/./src/lwip/core/inet_chksum.o
LOAD build/./src/lwip/core/ip.o
LOAD build/./src/lwip/core/mem.o
LOAD build/./src/lwip/core/memp.o
LOAD build/./src/lwip/core/netif.o
LOAD build/./src/lwip/core/pbuf.o
LOAD build/./src/lwip/core/raw.o
LOAD build/./src/lwip/core/stats.o
LOAD build/./src/lwip/core/sys.o
LOAD build/./src/lwip/core/altcp.o
LOAD build/./src/lwip/core/altcp_alloc.o
LOAD build/./src/lwip/core/altcp_tcp.o
LOAD build/./src/lwip/core/tcp.o
LOAD build/./src/lwip/core/tcp_in.o
LOAD build/./src/lwip/core/tcp_out.o
LOAD build/./src/lwip/core/timeouts.o
LOAD build/./src/lwip/core/udp.o
LOAD build/./src/lwip/core/ipv4/autoip.o
LOAD build/./src/lwip/core/ipv4/dhcp.o
LOAD build/./src/lwip/core/ipv4/etharp.o
LOAD build/./src/lwip/core/ipv4/icmp.o
LOAD build/./src/lwip/core/ipv4/igmp.o
LOAD build/./src/lwip/core/ipv4/ip4_frag.o
LOAD build/./src/lwip/core/ipv4/ip4.o
LOAD build/./src/lwip/core/ipv4/ip4_addr.o
LOAD build/./src/lwip/netif/ethernet.o
LOAD /opt/riscv64-unknown-elf-gcc-8.3.0-2019.08.0-x86_64-linux-ubuntu14/bin/../lib/gcc/riscv64-unknown-elf/8.3.0/../../../../riscv64-unknown-elf/lib/rv32i/ilp32/libnosys.a
LOAD /opt/riscv64-unknown-elf-gcc-8.3.0-2019.08.0-x86_64-linux-ubuntu14/bin/../lib/gcc/riscv64-unknown-elf/8.3.0/../../../../riscv64-unknown-elf/lib/rv32i/ilp32/libc_nano.a
LOAD /opt/riscv64-unknown-elf-gcc-8.3.0-2019.08.0-x86_64-linux-ubuntu14/bin/../lib/gcc/riscv64-unknown-elf/8.3.0/rv32i/ilp32/libgcc.a
                0x0000000000000800                _stack_size = DEFINED (_stack_size)?_stack_size:0x800
                0x0000000000000000                _ram_heap_size = DEFINED (_ram_heap_size)?_ram_heap_size:0x0

._vector        0x0000000080000000      0x134
 *crt.o(.start_jump)
 .start_jump    0x0000000080000000       0x10 build/src/crt.o
                0x0000000080000000                crtStart
 *crt.o(.text)
 *fill*         0x0000000080000010       0x10 
 .text          0x0000000080000020      0x114 build/src/crt.o
                0x0000000080000020                trap_entry

.data           0x0000000080000134     0x2ebe
 *(.rdata)
 *(.rodata .rodata.*)
 .rodata        0x0000000080000134      0x600 build/src/font_6x8.o
                0x0000000080000134                font_6x8
 .rodata        0x0000000080000734     0x1800 build/src/font_12x16.o
                0x0000000080000734                font_12x16
 .rodata.str1.4
                0x0000000080001f34      0x365 build/src/main.o
                                        0x369 (size before relaxing)
 *fill*         0x0000000080002299        0x3 
 .rodata.str1.4
                0x000000008000229c       0x97 build/src/modbus_rtu.o
 *fill*         0x0000000080002333        0x1 
 .rodata.str1.4
                0x0000000080002334      0x14f build/src/config.o
 *fill*         0x0000000080002483        0x1 
 .rodata.str1.4
                0x0000000080002484      0x1d4 build/src/eeprom.o
 .rodata        0x0000000080002658       0x44 build/src/modbus.o
 .rodata.str1.4
                0x000000008000269c      0x137 build/src/modbus.o
 *fill*         0x00000000800027d3        0x1 
 .rodata.str1.4
                0x00000000800027d4      0x1e5 build/src/mac.o
 *fill*         0x00000000800029b9        0x3 
 .rodata.str1.4
                0x00000000800029bc      0x115 build/src/modbus_udp.o
 *fill*         0x0000000080002ad1        0x3 
 .rodata.str1.4
                0x0000000080002ad4       0x5f build/src/utils.o
 *fill*         0x0000000080002b33        0x1 
 .rodata.str1.4
                0x0000000080002b34       0x3f build/./src/lwip/core/mem.o
 *fill*         0x0000000080002b73        0x1 
 .rodata        0x0000000080002b74       0x18 build/./src/lwip/core/memp.o
                0x0000000080002b74                memp_pools
 .rodata.str1.4
                0x0000000080002b8c       0x4c build/./src/lwip/core/memp.o
 .rodata.str1.4
                0x0000000080002bd8       0x15 build/./src/lwip/core/pbuf.o
 *fill*         0x0000000080002bed        0x3 
 .rodata.str1.4
                0x0000000080002bf0       0x14 build/./src/lwip/core/raw.o
 .rodata        0x0000000080002c04       0x18 build/./src/lwip/core/timeouts.o
                0x0000000080002c04                lwip_cyclic_timers
 .rodata.str1.4
                0x0000000080002c1c       0x19 build/./src/lwip/core/timeouts.o
 *fill*         0x0000000080002c35        0x3 
 .rodata.str1.4
                0x0000000080002c38       0x14 build/./src/lwip/core/udp.o
 .rodata.str1.4
                0x0000000080002c4c       0x1e build/./src/lwip/core/ipv4/ip4_frag.o
 *fill*         0x0000000080002c6a        0x2 
 .rodata._ctype_
                0x0000000080002c6c      0x101 /opt/riscv64-unknown-elf-gcc-8.3.0-2019.08.0-x86_64-linux-ubuntu14/bin/../lib/gcc/riscv64-unknown-elf/8.3.0/../../../../riscv64-unknown-elf/lib/rv32i/ilp32/libc_nano.a(lib_a-ctype_.o)
                0x0000000080002c6c                _ctype_
 *fill*         0x0000000080002d6d        0x3 
 .rodata.__sf_fake_stderr
                0x0000000080002d70       0x20 /opt/riscv64-unknown-elf-gcc-8.3.0-2019.08.0-x86_64-linux-ubuntu14/bin/../lib/gcc/riscv64-unknown-elf/8.3.0/../../../../riscv64-unknown-elf/lib/rv32i/ilp32/libc_nano.a(lib_a-findfp.o)
                0x0000000080002d70                __sf_fake_stderr
 .rodata.__sf_fake_stdin
                0x0000000080002d90       0x20 /opt/riscv64-unknown-elf-gcc-8.3.0-2019.08.0-x86_64-linux-ubuntu14/bin/../lib/gcc/riscv64-unknown-elf/8.3.0/../../../../riscv64-unknown-elf/lib/rv32i/ilp32/libc_nano.a(lib_a-findfp.o)
                0x0000000080002d90                __sf_fake_stdin
 .rodata.__sf_fake_stdout
                0x0000000080002db0       0x20 /opt/riscv64-unknown-elf-gcc-8.3.0-2019.08.0-x86_64-linux-ubuntu14/bin/../lib/gcc/riscv64-unknown-elf/8.3.0/../../../../riscv64-unknown-elf/lib/rv32i/ilp32/libc_nano.a(lib_a-findfp.o)
                0x0000000080002db0                __sf_fake_stdout
 .rodata._svfprintf_r.str1.4
                0x0000000080002dd0       0x13 /opt/riscv64-unknown-elf-gcc-8.3.0-2019.08.0-x86_64-linux-ubuntu14/bin/../lib/gcc/riscv64-unknown-elf/8.3.0/../../../../riscv64-unknown-elf/lib/rv32i/ilp32/libc_nano.a(lib_a-nano-svfprintf.o)
 *fill*         0x0000000080002de3        0x1 
 .rodata._printf_i.str1.4
                0x0000000080002de4       0x28 /opt/riscv64-unknown-elf-gcc-8.3.0-2019.08.0-x86_64-linux-ubuntu14/bin/../lib/gcc/riscv64-unknown-elf/8.3.0/../../../../riscv64-unknown-elf/lib/rv32i/ilp32/libc_nano.a(lib_a-nano-vfprintf_i.o)
                                         0x25 (size before relaxing)
 .rodata._vfprintf_r.str1.4
                0x0000000080002e0c       0x13 /opt/riscv64-unknown-elf-gcc-8.3.0-2019.08.0-x86_64-linux-ubuntu14/bin/../lib/gcc/riscv64-unknown-elf/8.3.0/../../../../riscv64-unknown-elf/lib/rv32i/ilp32/libc_nano.a(lib_a-nano-vfprintf.o)
 .rodata        0x0000000080002e0c      0x100 /opt/riscv64-unknown-elf-gcc-8.3.0-2019.08.0-x86_64-linux-ubuntu14/bin/../lib/gcc/riscv64-unknown-elf/8.3.0/rv32i/ilp32/libgcc.a(_clz.o)
                0x0000000080002e0c                __clz_tab
 *(.gnu.linkonce.r.*)
 *(.data .data.*)
 .data          0x0000000080002f0c        0x0 build/src/crc16.o
 .data          0x0000000080002f0c        0x0 build/src/font_6x8.o
 .data          0x0000000080002f0c        0x0 build/src/font_12x16.o
 .data          0x0000000080002f0c        0x0 build/src/main.o
 .data          0x0000000080002f0c        0x0 build/src/modbus_rtu.o
 .data          0x0000000080002f0c       0x20 build/src/config.o
                0x0000000080002f0c                default_config
 .data          0x0000000080002f2c        0x0 build/src/eeprom.o
 .data          0x0000000080002f2c        0x0 build/src/modbus.o
 .data          0x0000000080002f2c        0x0 build/src/mac.o
 .data          0x0000000080002f2c        0xa build/src/hub.o
                0x0000000080002f2c                hub_configs
 .data          0x0000000080002f36        0x0 build/src/modbus_udp.o
 .data          0x0000000080002f36        0x0 build/src/i2c.o
 .data          0x0000000080002f36        0x0 build/src/utils.o
 .data          0x0000000080002f36        0x0 build/src/crt.o
 .data          0x0000000080002f36        0x0 build/./src/lwip/core/init.o
 .data          0x0000000080002f36        0x0 build/./src/lwip/core/def.o
 .data          0x0000000080002f36        0x0 build/./src/lwip/core/dns.o
 .data          0x0000000080002f36        0x0 build/./src/lwip/core/inet_chksum.o
 .data          0x0000000080002f36        0x0 build/./src/lwip/core/ip.o
 .data          0x0000000080002f36        0x0 build/./src/lwip/core/mem.o
 .data          0x0000000080002f36        0x0 build/./src/lwip/core/memp.o
 .data          0x0000000080002f36        0x0 build/./src/lwip/core/netif.o
 .data          0x0000000080002f36        0x0 build/./src/lwip/core/pbuf.o
 .data          0x0000000080002f36        0x0 build/./src/lwip/core/raw.o
 .data          0x0000000080002f36        0x0 build/./src/lwip/core/stats.o
 .data          0x0000000080002f36        0x0 build/./src/lwip/core/sys.o
 .data          0x0000000080002f36        0x0 build/./src/lwip/core/altcp.o
 .data          0x0000000080002f36        0x0 build/./src/lwip/core/altcp_alloc.o
 .data          0x0000000080002f36        0x0 build/./src/lwip/core/altcp_tcp.o
 .data          0x0000000080002f36        0x0 build/./src/lwip/core/tcp.o
 .data          0x0000000080002f36        0x0 build/./src/lwip/core/tcp_in.o
 .data          0x0000000080002f36        0x0 build/./src/lwip/core/tcp_out.o
 .data          0x0000000080002f36        0x0 build/./src/lwip/core/timeouts.o
 .data          0x0000000080002f36        0x0 build/./src/lwip/core/udp.o
 .data          0x0000000080002f36        0x0 build/./src/lwip/core/ipv4/autoip.o
 .data          0x0000000080002f36        0x0 build/./src/lwip/core/ipv4/dhcp.o
 .data          0x0000000080002f36        0x0 build/./src/lwip/core/ipv4/etharp.o
 .data          0x0000000080002f36        0x0 build/./src/lwip/core/ipv4/icmp.o
 .data          0x0000000080002f36        0x0 build/./src/lwip/core/ipv4/igmp.o
 .data          0x0000000080002f36        0x0 build/./src/lwip/core/ipv4/ip4_frag.o
 .data          0x0000000080002f36        0x0 build/./src/lwip/core/ipv4/ip4.o
 .data          0x0000000080002f36        0x0 build/./src/lwip/core/ipv4/ip4_addr.o
 .data          0x0000000080002f36        0x0 build/./src/lwip/netif/ethernet.o
 .data          0x0000000080002f36        0x0 /opt/riscv64-unknown-elf-gcc-8.3.0-2019.08.0-x86_64-linux-ubuntu14/bin/../lib/gcc/riscv64-unknown-elf/8.3.0/../../../../riscv64-unknown-elf/lib/rv32i/ilp32/libc_nano.a(lib_a-atoi.o)
 .data          0x0000000080002f36        0x0 /opt/riscv64-unknown-elf-gcc-8.3.0-2019.08.0-x86_64-linux-ubuntu14/bin/../lib/gcc/riscv64-unknown-elf/8.3.0/../../../../riscv64-unknown-elf/lib/rv32i/ilp32/libc_nano.a(lib_a-calloc.o)
 .data          0x0000000080002f36        0x0 /opt/riscv64-unknown-elf-gcc-8.3.0-2019.08.0-x86_64-linux-ubuntu14/bin/../lib/gcc/riscv64-unknown-elf/8.3.0/../../../../riscv64-unknown-elf/lib/rv32i/ilp32/libc_nano.a(lib_a-ctype_.o)
 .data          0x0000000080002f36        0x0 /opt/riscv64-unknown-elf-gcc-8.3.0-2019.08.0-x86_64-linux-ubuntu14/bin/../lib/gcc/riscv64-unknown-elf/8.3.0/../../../../riscv64-unknown-elf/lib/rv32i/ilp32/libc_nano.a(lib_a-fflush.o)
 .data          0x0000000080002f36        0x0 /opt/riscv64-unknown-elf-gcc-8.3.0-2019.08.0-x86_64-linux-ubuntu14/bin/../lib/gcc/riscv64-unknown-elf/8.3.0/../../../../riscv64-unknown-elf/lib/rv32i/ilp32/libc_nano.a(lib_a-findfp.o)
 .data          0x0000000080002f36        0x0 /opt/riscv64-unknown-elf-gcc-8.3.0-2019.08.0-x86_64-linux-ubuntu14/bin/../lib/gcc/riscv64-unknown-elf/8.3.0/../../../../riscv64-unknown-elf/lib/rv32i/ilp32/libc_nano.a(lib_a-fpurge.o)
 .data          0x0000000080002f36        0x0 /opt/riscv64-unknown-elf-gcc-8.3.0-2019.08.0-x86_64-linux-ubuntu14/bin/../lib/gcc/riscv64-unknown-elf/8.3.0/../../../../riscv64-unknown-elf/lib/rv32i/ilp32/libc_nano.a(lib_a-fwalk.o)
 .data          0x0000000080002f36        0x0 /opt/riscv64-unknown-elf-gcc-8.3.0-2019.08.0-x86_64-linux-ubuntu14/bin/../lib/gcc/riscv64-unknown-elf/8.3.0/../../../../riscv64-unknown-elf/lib/rv32i/ilp32/libc_nano.a(lib_a-impure.o)
 *fill*         0x0000000080002f36        0x2 
 .data.impure_data
                0x0000000080002f38       0x60 /opt/riscv64-unknown-elf-gcc-8.3.0-2019.08.0-x86_64-linux-ubuntu14/bin/../lib/gcc/riscv64-unknown-elf/8.3.0/../../../../riscv64-unknown-elf/lib/rv32i/ilp32/libc_nano.a(lib_a-impure.o)
 .data          0x0000000080002f98        0x0 /opt/riscv64-unknown-elf-gcc-8.3.0-2019.08.0-x86_64-linux-ubuntu14/bin/../lib/gcc/riscv64-unknown-elf/8.3.0/../../../../riscv64-unknown-elf/lib/rv32i/ilp32/libc_nano.a(lib_a-malloc.o)
 .data          0x0000000080002f98        0x0 /opt/riscv64-unknown-elf-gcc-8.3.0-2019.08.0-x86_64-linux-ubuntu14/bin/../lib/gcc/riscv64-unknown-elf/8.3.0/../../../../riscv64-unknown-elf/lib/rv32i/ilp32/libc_nano.a(lib_a-memcmp.o)
 .data          0x0000000080002f98        0x0 /opt/riscv64-unknown-elf-gcc-8.3.0-2019.08.0-x86_64-linux-ubuntu14/bin/../lib/gcc/riscv64-unknown-elf/8.3.0/../../../../riscv64-unknown-elf/lib/rv32i/ilp32/libc_nano.a(lib_a-memcpy.o)
 .data          0x0000000080002f98        0x0 /opt/riscv64-unknown-elf-gcc-8.3.0-2019.08.0-x86_64-linux-ubuntu14/bin/../lib/gcc/riscv64-unknown-elf/8.3.0/../../../../riscv64-unknown-elf/lib/rv32i/ilp32/libc_nano.a(lib_a-memmove-stub.o)
 .data          0x0000000080002f98        0x0 /opt/riscv64-unknown-elf-gcc-8.3.0-2019.08.0-x86_64-linux-ubuntu14/bin/../lib/gcc/riscv64-unknown-elf/8.3.0/../../../../riscv64-unknown-elf/lib/rv32i/ilp32/libc_nano.a(lib_a-memset.o)
 .data          0x0000000080002f98        0x0 /opt/riscv64-unknown-elf-gcc-8.3.0-2019.08.0-x86_64-linux-ubuntu14/bin/../lib/gcc/riscv64-unknown-elf/8.3.0/../../../../riscv64-unknown-elf/lib/rv32i/ilp32/libc_nano.a(lib_a-nano-callocr.o)
 .data          0x0000000080002f98        0x0 /opt/riscv64-unknown-elf-gcc-8.3.0-2019.08.0-x86_64-linux-ubuntu14/bin/../lib/gcc/riscv64-unknown-elf/8.3.0/../../../../riscv64-unknown-elf/lib/rv32i/ilp32/libc_nano.a(lib_a-nano-freer.o)
 .data          0x0000000080002f98        0x0 /opt/riscv64-unknown-elf-gcc-8.3.0-2019.08.0-x86_64-linux-ubuntu14/bin/../lib/gcc/riscv64-unknown-elf/8.3.0/../../../../riscv64-unknown-elf/lib/rv32i/ilp32/libc_nano.a(lib_a-nano-mallocr.o)
 .data          0x0000000080002f98        0x0 /opt/riscv64-unknown-elf-gcc-8.3.0-2019.08.0-x86_64-linux-ubuntu14/bin/../lib/gcc/riscv64-unknown-elf/8.3.0/../../../../riscv64-unknown-elf/lib/rv32i/ilp32/libc_nano.a(lib_a-printf.o)
 .data          0x0000000080002f98        0x0 /opt/riscv64-unknown-elf-gcc-8.3.0-2019.08.0-x86_64-linux-ubuntu14/bin/../lib/gcc/riscv64-unknown-elf/8.3.0/../../../../riscv64-unknown-elf/lib/rv32i/ilp32/libc_nano.a(lib_a-putchar.o)
 .data          0x0000000080002f98        0x0 /opt/riscv64-unknown-elf-gcc-8.3.0-2019.08.0-x86_64-linux-ubuntu14/bin/../lib/gcc/riscv64-unknown-elf/8.3.0/../../../../riscv64-unknown-elf/lib/rv32i/ilp32/libc_nano.a(lib_a-putc.o)
 .data          0x0000000080002f98        0x0 /opt/riscv64-unknown-elf-gcc-8.3.0-2019.08.0-x86_64-linux-ubuntu14/bin/../lib/gcc/riscv64-unknown-elf/8.3.0/../../../../riscv64-unknown-elf/lib/rv32i/ilp32/libc_nano.a(lib_a-sbrkr.o)
 .data          0x0000000080002f98        0x0 /opt/riscv64-unknown-elf-gcc-8.3.0-2019.08.0-x86_64-linux-ubuntu14/bin/../lib/gcc/riscv64-unknown-elf/8.3.0/../../../../riscv64-unknown-elf/lib/rv32i/ilp32/libc_nano.a(lib_a-snprintf.o)
 .data          0x0000000080002f98        0x0 /opt/riscv64-unknown-elf-gcc-8.3.0-2019.08.0-x86_64-linux-ubuntu14/bin/../lib/gcc/riscv64-unknown-elf/8.3.0/../../../../riscv64-unknown-elf/lib/rv32i/ilp32/libc_nano.a(lib_a-sprintf.o)
 .data          0x0000000080002f98        0x0 /opt/riscv64-unknown-elf-gcc-8.3.0-2019.08.0-x86_64-linux-ubuntu14/bin/../lib/gcc/riscv64-unknown-elf/8.3.0/../../../../riscv64-unknown-elf/lib/rv32i/ilp32/libc_nano.a(lib_a-stdio.o)
 .data          0x0000000080002f98        0x0 /opt/riscv64-unknown-elf-gcc-8.3.0-2019.08.0-x86_64-linux-ubuntu14/bin/../lib/gcc/riscv64-unknown-elf/8.3.0/../../../../riscv64-unknown-elf/lib/rv32i/ilp32/libc_nano.a(lib_a-strlen.o)
 .data          0x0000000080002f98        0x0 /opt/riscv64-unknown-elf-gcc-8.3.0-2019.08.0-x86_64-linux-ubuntu14/bin/../lib/gcc/riscv64-unknown-elf/8.3.0/../../../../riscv64-unknown-elf/lib/rv32i/ilp32/libc_nano.a(lib_a-strncmp.o)
 .data          0x0000000080002f98        0x0 /opt/riscv64-unknown-elf-gcc-8.3.0-2019.08.0-x86_64-linux-ubuntu14/bin/../lib/gcc/riscv64-unknown-elf/8.3.0/../../../../riscv64-unknown-elf/lib/rv32i/ilp32/libc_nano.a(lib_a-strtol.o)
 .data          0x0000000080002f98        0x0 /opt/riscv64-unknown-elf-gcc-8.3.0-2019.08.0-x86_64-linux-ubuntu14/bin/../lib/gcc/riscv64-unknown-elf/8.3.0/../../../../riscv64-unknown-elf/lib/rv32i/ilp32/libc_nano.a(lib_a-wbuf.o)
 .data          0x0000000080002f98        0x0 /opt/riscv64-unknown-elf-gcc-8.3.0-2019.08.0-x86_64-linux-ubuntu14/bin/../lib/gcc/riscv64-unknown-elf/8.3.0/../../../../riscv64-unknown-elf/lib/rv32i/ilp32/libc_nano.a(lib_a-writer.o)
 .data          0x0000000080002f98        0x0 /opt/riscv64-unknown-elf-gcc-8.3.0-2019.08.0-x86_64-linux-ubuntu14/bin/../lib/gcc/riscv64-unknown-elf/8.3.0/../../../../riscv64-unknown-elf/lib/rv32i/ilp32/libc_nano.a(lib_a-wsetup.o)
 .data          0x0000000080002f98        0x0 /opt/riscv64-unknown-elf-gcc-8.3.0-2019.08.0-x86_64-linux-ubuntu14/bin/../lib/gcc/riscv64-unknown-elf/8.3.0/../../../../riscv64-unknown-elf/lib/rv32i/ilp32/libc_nano.a(lib_a-closer.o)
 .data          0x0000000080002f98        0x0 /opt/riscv64-unknown-elf-gcc-8.3.0-2019.08.0-x86_64-linux-ubuntu14/bin/../lib/gcc/riscv64-unknown-elf/8.3.0/../../../../riscv64-unknown-elf/lib/rv32i/ilp32/libc_nano.a(lib_a-lseekr.o)
 .data          0x0000000080002f98        0x0 /opt/riscv64-unknown-elf-gcc-8.3.0-2019.08.0-x86_64-linux-ubuntu14/bin/../lib/gcc/riscv64-unknown-elf/8.3.0/../../../../riscv64-unknown-elf/lib/rv32i/ilp32/libc_nano.a(lib_a-makebuf.o)
 .data          0x0000000080002f98        0x0 /opt/riscv64-unknown-elf-gcc-8.3.0-2019.08.0-x86_64-linux-ubuntu14/bin/../lib/gcc/riscv64-unknown-elf/8.3.0/../../../../riscv64-unknown-elf/lib/rv32i/ilp32/libc_nano.a(lib_a-nano-svfprintf.o)
 .data          0x0000000080002f98        0x0 /opt/riscv64-unknown-elf-gcc-8.3.0-2019.08.0-x86_64-linux-ubuntu14/bin/../lib/gcc/riscv64-unknown-elf/8.3.0/../../../../riscv64-unknown-elf/lib/rv32i/ilp32/libc_nano.a(lib_a-nano-vfprintf_i.o)
 .data          0x0000000080002f98        0x0 /opt/riscv64-unknown-elf-gcc-8.3.0-2019.08.0-x86_64-linux-ubuntu14/bin/../lib/gcc/riscv64-unknown-elf/8.3.0/../../../../riscv64-unknown-elf/lib/rv32i/ilp32/libc_nano.a(lib_a-nano-vfprintf.o)
 .data          0x0000000080002f98        0x0 /opt/riscv64-unknown-elf-gcc-8.3.0-2019.08.0-x86_64-linux-ubuntu14/bin/../lib/gcc/riscv64-unknown-elf/8.3.0/../../../../riscv64-unknown-elf/lib/rv32i/ilp32/libc_nano.a(lib_a-readr.o)
 .data          0x0000000080002f98        0x0 /opt/riscv64-unknown-elf-gcc-8.3.0-2019.08.0-x86_64-linux-ubuntu14/bin/../lib/gcc/riscv64-unknown-elf/8.3.0/../../../../riscv64-unknown-elf/lib/rv32i/ilp32/libc_nano.a(lib_a-reent.o)
 .data          0x0000000080002f98        0x0 /opt/riscv64-unknown-elf-gcc-8.3.0-2019.08.0-x86_64-linux-ubuntu14/bin/../lib/gcc/riscv64-unknown-elf/8.3.0/../../../../riscv64-unknown-elf/lib/rv32i/ilp32/libc_nano.a(lib_a-fstatr.o)
 .data          0x0000000080002f98        0x0 /opt/riscv64-unknown-elf-gcc-8.3.0-2019.08.0-x86_64-linux-ubuntu14/bin/../lib/gcc/riscv64-unknown-elf/8.3.0/../../../../riscv64-unknown-elf/lib/rv32i/ilp32/libc_nano.a(lib_a-fvwrite.o)
 .data          0x0000000080002f98        0x0 /opt/riscv64-unknown-elf-gcc-8.3.0-2019.08.0-x86_64-linux-ubuntu14/bin/../lib/gcc/riscv64-unknown-elf/8.3.0/../../../../riscv64-unknown-elf/lib/rv32i/ilp32/libc_nano.a(lib_a-isattyr.o)
 .data          0x0000000080002f98        0x0 /opt/riscv64-unknown-elf-gcc-8.3.0-2019.08.0-x86_64-linux-ubuntu14/bin/../lib/gcc/riscv64-unknown-elf/8.3.0/../../../../riscv64-unknown-elf/lib/rv32i/ilp32/libc_nano.a(lib_a-memchr.o)
 .data          0x0000000080002f98        0x0 /opt/riscv64-unknown-elf-gcc-8.3.0-2019.08.0-x86_64-linux-ubuntu14/bin/../lib/gcc/riscv64-unknown-elf/8.3.0/../../../../riscv64-unknown-elf/lib/rv32i/ilp32/libc_nano.a(lib_a-nano-reallocr.o)
 .data          0x0000000080002f98        0x0 /opt/riscv64-unknown-elf-gcc-8.3.0-2019.08.0-x86_64-linux-ubuntu14/bin/../lib/gcc/riscv64-unknown-elf/8.3.0/../../../../riscv64-unknown-elf/lib/rv32i/ilp32/libc_nano.a(lib_a-nano-msizer.o)
 .data          0x0000000080002f98        0x0 /opt/riscv64-unknown-elf-gcc-8.3.0-2019.08.0-x86_64-linux-ubuntu14/bin/../lib/gcc/riscv64-unknown-elf/8.3.0/rv32i/ilp32/libgcc.a(_bswapsi2.o)
 .data          0x0000000080002f98        0x0 /opt/riscv64-unknown-elf-gcc-8.3.0-2019.08.0-x86_64-linux-ubuntu14/bin/../lib/gcc/riscv64-unknown-elf/8.3.0/rv32i/ilp32/libgcc.a(_udivdi3.o)
 .data          0x0000000080002f98        0x0 /opt/riscv64-unknown-elf-gcc-8.3.0-2019.08.0-x86_64-linux-ubuntu14/bin/../lib/gcc/riscv64-unknown-elf/8.3.0/rv32i/ilp32/libgcc.a(muldi3.o)
 .data          0x0000000080002f98        0x0 /opt/riscv64-unknown-elf-gcc-8.3.0-2019.08.0-x86_64-linux-ubuntu14/bin/../lib/gcc/riscv64-unknown-elf/8.3.0/rv32i/ilp32/libgcc.a(div.o)
 .data          0x0000000080002f98        0x0 /opt/riscv64-unknown-elf-gcc-8.3.0-2019.08.0-x86_64-linux-ubuntu14/bin/../lib/gcc/riscv64-unknown-elf/8.3.0/rv32i/ilp32/libgcc.a(_clz.o)
 *(.gnu.linkonce.d.*)
                0x0000000080002f98                . = ALIGN (0x8)
 *fill*         0x0000000080002f98        0x0 
                0x0000000080003798                PROVIDE (__global_pointer$ = (. + 0x800))
 *(.sdata .sdata.*)
 .sdata         0x0000000080002f98        0x4 build/src/modbus.o
                0x0000000080002f98                reg_hub_color
 .sdata         0x0000000080002f9c        0x2 build/./src/lwip/core/udp.o
 *fill*         0x0000000080002f9e        0x2 
 .sdata         0x0000000080002fa0        0x4 build/./src/lwip/core/ipv4/dhcp.o
 .sdata._impure_ptr
                0x0000000080002fa4        0x4 /opt/riscv64-unknown-elf-gcc-8.3.0-2019.08.0-x86_64-linux-ubuntu14/bin/../lib/gcc/riscv64-unknown-elf/8.3.0/../../../../riscv64-unknown-elf/lib/rv32i/ilp32/libc_nano.a(lib_a-impure.o)
                0x0000000080002fa4                _impure_ptr
 *(.gnu.linkonce.s.*)
                0x0000000080002fa8                . = ALIGN (0x8)
 *(.srodata.cst16)
 *(.srodata.cst8)
 *(.srodata.cst4)
 *(.srodata.cst2)
 *(.srodata .srodata.*)
 .srodata       0x0000000080002fa8       0x30 build/./src/lwip/core/memp.o
                0x0000000080002fa8                memp_PBUF_POOL
                0x0000000080002fb0                memp_PBUF
                0x0000000080002fb8                memp_SYS_TIMEOUT
                0x0000000080002fc0                memp_FRAG_PBUF
                0x0000000080002fc8                memp_UDP_PCB
                0x0000000080002fd0                memp_RAW_PCB
 .srodata       0x0000000080002fd8        0x4 build/./src/lwip/core/timeouts.o
                0x0000000080002fd8                lwip_num_cyclic_timers
 .srodata       0x0000000080002fdc        0x8 build/./src/lwip/core/ipv4/ip4_addr.o
                0x0000000080002fdc                ip_addr_broadcast
                0x0000000080002fe0                ip_addr_any
 .srodata       0x0000000080002fe4        0xe build/./src/lwip/netif/ethernet.o
                0x0000000080002fe4                ethzero
                0x0000000080002fec                ethbroadcast

.bss            0x0000000080002ff8      0x3f0
                0x0000000080002ff8                . = ALIGN (0x4)
                0x0000000080002ff8                _bss_start = .
 *(.sbss*)
 .sbss          0x0000000080002ff8       0x30 build/src/main.o
                0x0000000080002ff8                t2
                0x0000000080003000                t1
                0x0000000080003008                deadbeef
                0x000000008000300c                events_modbus_rtu_poll
                0x0000000080003010                events_mac_poll
                0x0000000080003014                uart_config_reset_counter
                0x0000000080003018                reg_config_write
                0x000000008000301c                reg_scratch
                0x0000000080003020                reg_sys_counter
                0x0000000080003024                reg_irq_counter
 .sbss          0x0000000080003028        0xc build/src/modbus_rtu.o
                0x0000000080003028                modbus_rtu_rx_timestamp
                0x0000000080003030                modbus_rtu_rx_len
 .sbss          0x0000000080003034       0x14 build/src/mac.o
                0x0000000080003034                ts_dhcp_coarse
                0x0000000080003038                ts_dhcp_fine
                0x000000008000303c                ts_ipreass
                0x0000000080003040                ts_tcp
                0x0000000080003044                ts_etharp
 .sbss          0x0000000080003048        0xc build/src/hub.o
                0x0000000080003048                hub_frame_height
                0x000000008000304c                hub_frame_width
                0x0000000080003050                hub_frame_size
 .sbss          0x0000000080003054        0x4 build/src/modbus_udp.o
                0x0000000080003054                modbus_udp_pcb
 .sbss          0x0000000080003058        0xc build/src/utils.o
                0x0000000080003058                heap_end
                0x000000008000305c                heap_start
                0x0000000080003060                sbrk_heap_end
 .sbss          0x0000000080003064        0xc build/./src/lwip/core/netif.o
                0x0000000080003068                netif_default
                0x000000008000306c                netif_list
 .sbss          0x0000000080003070        0x4 build/./src/lwip/core/raw.o
 .sbss          0x0000000080003074        0x8 build/./src/lwip/core/timeouts.o
 .sbss          0x000000008000307c        0x4 build/./src/lwip/core/udp.o
                0x000000008000307c                udp_pcbs
 .sbss          0x0000000080003080       0x10 build/./src/lwip/core/ipv4/dhcp.o
                0x0000000080003088                dhcp_rx_options_given
 .sbss          0x0000000080003090        0x2 build/./src/lwip/core/ipv4/ip4.o
 *fill*         0x0000000080003092        0x2 
 .sbss.__malloc_free_list
                0x0000000080003094        0x4 /opt/riscv64-unknown-elf-gcc-8.3.0-2019.08.0-x86_64-linux-ubuntu14/bin/../lib/gcc/riscv64-unknown-elf/8.3.0/../../../../riscv64-unknown-elf/lib/rv32i/ilp32/libc_nano.a(lib_a-nano-mallocr.o)
                0x0000000080003094                __malloc_free_list
 .sbss.__malloc_sbrk_start
                0x0000000080003098        0x4 /opt/riscv64-unknown-elf-gcc-8.3.0-2019.08.0-x86_64-linux-ubuntu14/bin/../lib/gcc/riscv64-unknown-elf/8.3.0/../../../../riscv64-unknown-elf/lib/rv32i/ilp32/libc_nano.a(lib_a-nano-mallocr.o)
                0x0000000080003098                __malloc_sbrk_start
 *(.gnu.linkonce.sb.*)
 *(.bss .bss.*)
 .bss           0x000000008000309c        0x0 build/src/crc16.o
 .bss           0x000000008000309c        0x0 build/src/font_6x8.o
 .bss           0x000000008000309c        0x0 build/src/font_12x16.o
 .bss           0x000000008000309c       0x10 build/src/main.o
 .bss           0x00000000800030ac       0x80 build/src/modbus_rtu.o
                0x00000000800030ac                modbus_rtu_rx_buf
 .bss           0x000000008000312c       0x20 build/src/config.o
                0x000000008000312c                active_config
 .bss           0x000000008000314c        0x0 build/src/eeprom.o
 .bss           0x000000008000314c        0x0 build/src/modbus.o
 .bss           0x000000008000314c       0x40 build/src/mac.o
                0x000000008000314c                default_netif
 .bss           0x000000008000318c        0x0 build/src/hub.o
 .bss           0x000000008000318c        0x0 build/src/modbus_udp.o
 .bss           0x000000008000318c        0x0 build/src/i2c.o
 .bss           0x000000008000318c        0x0 build/src/utils.o
 .bss           0x000000008000318c        0x0 build/src/crt.o
 .bss           0x000000008000318c        0x0 build/./src/lwip/core/init.o
 .bss           0x000000008000318c        0x0 build/./src/lwip/core/def.o
 .bss           0x000000008000318c        0x0 build/./src/lwip/core/dns.o
 .bss           0x000000008000318c        0x0 build/./src/lwip/core/inet_chksum.o
 .bss           0x000000008000318c       0x18 build/./src/lwip/core/ip.o
                0x000000008000318c                ip_data
 .bss           0x00000000800031a4        0x0 build/./src/lwip/core/mem.o
 .bss           0x00000000800031a4        0x0 build/./src/lwip/core/memp.o
 .bss           0x00000000800031a4        0x0 build/./src/lwip/core/netif.o
 .bss           0x00000000800031a4        0x0 build/./src/lwip/core/pbuf.o
 .bss           0x00000000800031a4        0x0 build/./src/lwip/core/raw.o
 .bss           0x00000000800031a4      0x120 build/./src/lwip/core/stats.o
                0x00000000800031a4                lwip_stats
 .bss           0x00000000800032c4        0x0 build/./src/lwip/core/sys.o
 .bss           0x00000000800032c4        0x0 build/./src/lwip/core/altcp.o
 .bss           0x00000000800032c4        0x0 build/./src/lwip/core/altcp_alloc.o
 .bss           0x00000000800032c4        0x0 build/./src/lwip/core/altcp_tcp.o
 .bss           0x00000000800032c4        0x0 build/./src/lwip/core/tcp.o
 .bss           0x00000000800032c4        0x0 build/./src/lwip/core/tcp_in.o
 .bss           0x00000000800032c4        0x0 build/./src/lwip/core/tcp_out.o
 .bss           0x00000000800032c4        0x0 build/./src/lwip/core/timeouts.o
 .bss           0x00000000800032c4        0x0 build/./src/lwip/core/udp.o
 .bss           0x00000000800032c4        0x0 build/./src/lwip/core/ipv4/autoip.o
 .bss           0x00000000800032c4       0x20 build/./src/lwip/core/ipv4/dhcp.o
                0x00000000800032c4                dhcp_rx_options_val
 .bss           0x00000000800032e4       0xf0 build/./src/lwip/core/ipv4/etharp.o
 .bss           0x00000000800033d4        0x0 build/./src/lwip/core/ipv4/icmp.o
 .bss           0x00000000800033d4        0x0 build/./src/lwip/core/ipv4/igmp.o
 .bss           0x00000000800033d4        0x0 build/./src/lwip/core/ipv4/ip4_frag.o
 .bss           0x00000000800033d4        0x0 build/./src/lwip/core/ipv4/ip4.o
 .bss           0x00000000800033d4       0x10 build/./src/lwip/core/ipv4/ip4_addr.o
 .bss           0x00000000800033e4        0x0 build/./src/lwip/netif/ethernet.o
 .bss           0x00000000800033e4        0x0 /opt/riscv64-unknown-elf-gcc-8.3.0-2019.08.0-x86_64-linux-ubuntu14/bin/../lib/gcc/riscv64-unknown-elf/8.3.0/../../../../riscv64-unknown-elf/lib/rv32i/ilp32/libc_nano.a(lib_a-atoi.o)
 .bss           0x00000000800033e4        0x0 /opt/riscv64-unknown-elf-gcc-8.3.0-2019.08.0-x86_64-linux-ubuntu14/bin/../lib/gcc/riscv64-unknown-elf/8.3.0/../../../../riscv64-unknown-elf/lib/rv32i/ilp32/libc_nano.a(lib_a-calloc.o)
 .bss           0x00000000800033e4        0x0 /opt/riscv64-unknown-elf-gcc-8.3.0-2019.08.0-x86_64-linux-ubuntu14/bin/../lib/gcc/riscv64-unknown-elf/8.3.0/../../../../riscv64-unknown-elf/lib/rv32i/ilp32/libc_nano.a(lib_a-ctype_.o)
 .bss           0x00000000800033e4        0x0 /opt/riscv64-unknown-elf-gcc-8.3.0-2019.08.0-x86_64-linux-ubuntu14/bin/../lib/gcc/riscv64-unknown-elf/8.3.0/../../../../riscv64-unknown-elf/lib/rv32i/ilp32/libc_nano.a(lib_a-fflush.o)
 .bss           0x00000000800033e4        0x0 /opt/riscv64-unknown-elf-gcc-8.3.0-2019.08.0-x86_64-linux-ubuntu14/bin/../lib/gcc/riscv64-unknown-elf/8.3.0/../../../../riscv64-unknown-elf/lib/rv32i/ilp32/libc_nano.a(lib_a-findfp.o)
 .bss           0x00000000800033e4        0x0 /opt/riscv64-unknown-elf-gcc-8.3.0-2019.08.0-x86_64-linux-ubuntu14/bin/../lib/gcc/riscv64-unknown-elf/8.3.0/../../../../riscv64-unknown-elf/lib/rv32i/ilp32/libc_nano.a(lib_a-fpurge.o)
 .bss           0x00000000800033e4        0x0 /opt/riscv64-unknown-elf-gcc-8.3.0-2019.08.0-x86_64-linux-ubuntu14/bin/../lib/gcc/riscv64-unknown-elf/8.3.0/../../../../riscv64-unknown-elf/lib/rv32i/ilp32/libc_nano.a(lib_a-fwalk.o)
 .bss           0x00000000800033e4        0x0 /opt/riscv64-unknown-elf-gcc-8.3.0-2019.08.0-x86_64-linux-ubuntu14/bin/../lib/gcc/riscv64-unknown-elf/8.3.0/../../../../riscv64-unknown-elf/lib/rv32i/ilp32/libc_nano.a(lib_a-impure.o)
 .bss           0x00000000800033e4        0x0 /opt/riscv64-unknown-elf-gcc-8.3.0-2019.08.0-x86_64-linux-ubuntu14/bin/../lib/gcc/riscv64-unknown-elf/8.3.0/../../../../riscv64-unknown-elf/lib/rv32i/ilp32/libc_nano.a(lib_a-malloc.o)
 .bss           0x00000000800033e4        0x0 /opt/riscv64-unknown-elf-gcc-8.3.0-2019.08.0-x86_64-linux-ubuntu14/bin/../lib/gcc/riscv64-unknown-elf/8.3.0/../../../../riscv64-unknown-elf/lib/rv32i/ilp32/libc_nano.a(lib_a-memcmp.o)
 .bss           0x00000000800033e4        0x0 /opt/riscv64-unknown-elf-gcc-8.3.0-2019.08.0-x86_64-linux-ubuntu14/bin/../lib/gcc/riscv64-unknown-elf/8.3.0/../../../../riscv64-unknown-elf/lib/rv32i/ilp32/libc_nano.a(lib_a-memcpy.o)
 .bss           0x00000000800033e4        0x0 /opt/riscv64-unknown-elf-gcc-8.3.0-2019.08.0-x86_64-linux-ubuntu14/bin/../lib/gcc/riscv64-unknown-elf/8.3.0/../../../../riscv64-unknown-elf/lib/rv32i/ilp32/libc_nano.a(lib_a-memmove-stub.o)
 .bss           0x00000000800033e4        0x0 /opt/riscv64-unknown-elf-gcc-8.3.0-2019.08.0-x86_64-linux-ubuntu14/bin/../lib/gcc/riscv64-unknown-elf/8.3.0/../../../../riscv64-unknown-elf/lib/rv32i/ilp32/libc_nano.a(lib_a-memset.o)
 .bss           0x00000000800033e4        0x0 /opt/riscv64-unknown-elf-gcc-8.3.0-2019.08.0-x86_64-linux-ubuntu14/bin/../lib/gcc/riscv64-unknown-elf/8.3.0/../../../../riscv64-unknown-elf/lib/rv32i/ilp32/libc_nano.a(lib_a-nano-callocr.o)
 .bss           0x00000000800033e4        0x0 /opt/riscv64-unknown-elf-gcc-8.3.0-2019.08.0-x86_64-linux-ubuntu14/bin/../lib/gcc/riscv64-unknown-elf/8.3.0/../../../../riscv64-unknown-elf/lib/rv32i/ilp32/libc_nano.a(lib_a-nano-freer.o)
 .bss           0x00000000800033e4        0x0 /opt/riscv64-unknown-elf-gcc-8.3.0-2019.08.0-x86_64-linux-ubuntu14/bin/../lib/gcc/riscv64-unknown-elf/8.3.0/../../../../riscv64-unknown-elf/lib/rv32i/ilp32/libc_nano.a(lib_a-nano-mallocr.o)
 .bss           0x00000000800033e4        0x0 /opt/riscv64-unknown-elf-gcc-8.3.0-2019.08.0-x86_64-linux-ubuntu14/bin/../lib/gcc/riscv64-unknown-elf/8.3.0/../../../../riscv64-unknown-elf/lib/rv32i/ilp32/libc_nano.a(lib_a-printf.o)
 .bss           0x00000000800033e4        0x0 /opt/riscv64-unknown-elf-gcc-8.3.0-2019.08.0-x86_64-linux-ubuntu14/bin/../lib/gcc/riscv64-unknown-elf/8.3.0/../../../../riscv64-unknown-elf/lib/rv32i/ilp32/libc_nano.a(lib_a-putchar.o)
 .bss           0x00000000800033e4        0x0 /opt/riscv64-unknown-elf-gcc-8.3.0-2019.08.0-x86_64-linux-ubuntu14/bin/../lib/gcc/riscv64-unknown-elf/8.3.0/../../../../riscv64-unknown-elf/lib/rv32i/ilp32/libc_nano.a(lib_a-putc.o)
 .bss           0x00000000800033e4        0x0 /opt/riscv64-unknown-elf-gcc-8.3.0-2019.08.0-x86_64-linux-ubuntu14/bin/../lib/gcc/riscv64-unknown-elf/8.3.0/../../../../riscv64-unknown-elf/lib/rv32i/ilp32/libc_nano.a(lib_a-sbrkr.o)
 .bss           0x00000000800033e4        0x0 /opt/riscv64-unknown-elf-gcc-8.3.0-2019.08.0-x86_64-linux-ubuntu14/bin/../lib/gcc/riscv64-unknown-elf/8.3.0/../../../../riscv64-unknown-elf/lib/rv32i/ilp32/libc_nano.a(lib_a-snprintf.o)
 .bss           0x00000000800033e4        0x0 /opt/riscv64-unknown-elf-gcc-8.3.0-2019.08.0-x86_64-linux-ubuntu14/bin/../lib/gcc/riscv64-unknown-elf/8.3.0/../../../../riscv64-unknown-elf/lib/rv32i/ilp32/libc_nano.a(lib_a-sprintf.o)
 .bss           0x00000000800033e4        0x0 /opt/riscv64-unknown-elf-gcc-8.3.0-2019.08.0-x86_64-linux-ubuntu14/bin/../lib/gcc/riscv64-unknown-elf/8.3.0/../../../../riscv64-unknown-elf/lib/rv32i/ilp32/libc_nano.a(lib_a-stdio.o)
 .bss           0x00000000800033e4        0x0 /opt/riscv64-unknown-elf-gcc-8.3.0-2019.08.0-x86_64-linux-ubuntu14/bin/../lib/gcc/riscv64-unknown-elf/8.3.0/../../../../riscv64-unknown-elf/lib/rv32i/ilp32/libc_nano.a(lib_a-strlen.o)
 .bss           0x00000000800033e4        0x0 /opt/riscv64-unknown-elf-gcc-8.3.0-2019.08.0-x86_64-linux-ubuntu14/bin/../lib/gcc/riscv64-unknown-elf/8.3.0/../../../../riscv64-unknown-elf/lib/rv32i/ilp32/libc_nano.a(lib_a-strncmp.o)
 .bss           0x00000000800033e4        0x0 /opt/riscv64-unknown-elf-gcc-8.3.0-2019.08.0-x86_64-linux-ubuntu14/bin/../lib/gcc/riscv64-unknown-elf/8.3.0/../../../../riscv64-unknown-elf/lib/rv32i/ilp32/libc_nano.a(lib_a-strtol.o)
 .bss           0x00000000800033e4        0x0 /opt/riscv64-unknown-elf-gcc-8.3.0-2019.08.0-x86_64-linux-ubuntu14/bin/../lib/gcc/riscv64-unknown-elf/8.3.0/../../../../riscv64-unknown-elf/lib/rv32i/ilp32/libc_nano.a(lib_a-wbuf.o)
 .bss           0x00000000800033e4        0x0 /opt/riscv64-unknown-elf-gcc-8.3.0-2019.08.0-x86_64-linux-ubuntu14/bin/../lib/gcc/riscv64-unknown-elf/8.3.0/../../../../riscv64-unknown-elf/lib/rv32i/ilp32/libc_nano.a(lib_a-writer.o)
 .bss           0x00000000800033e4        0x0 /opt/riscv64-unknown-elf-gcc-8.3.0-2019.08.0-x86_64-linux-ubuntu14/bin/../lib/gcc/riscv64-unknown-elf/8.3.0/../../../../riscv64-unknown-elf/lib/rv32i/ilp32/libc_nano.a(lib_a-wsetup.o)
 .bss           0x00000000800033e4        0x0 /opt/riscv64-unknown-elf-gcc-8.3.0-2019.08.0-x86_64-linux-ubuntu14/bin/../lib/gcc/riscv64-unknown-elf/8.3.0/../../../../riscv64-unknown-elf/lib/rv32i/ilp32/libc_nano.a(lib_a-closer.o)
 .bss           0x00000000800033e4        0x0 /opt/riscv64-unknown-elf-gcc-8.3.0-2019.08.0-x86_64-linux-ubuntu14/bin/../lib/gcc/riscv64-unknown-elf/8.3.0/../../../../riscv64-unknown-elf/lib/rv32i/ilp32/libc_nano.a(lib_a-lseekr.o)
 .bss           0x00000000800033e4        0x0 /opt/riscv64-unknown-elf-gcc-8.3.0-2019.08.0-x86_64-linux-ubuntu14/bin/../lib/gcc/riscv64-unknown-elf/8.3.0/../../../../riscv64-unknown-elf/lib/rv32i/ilp32/libc_nano.a(lib_a-makebuf.o)
 .bss           0x00000000800033e4        0x0 /opt/riscv64-unknown-elf-gcc-8.3.0-2019.08.0-x86_64-linux-ubuntu14/bin/../lib/gcc/riscv64-unknown-elf/8.3.0/../../../../riscv64-unknown-elf/lib/rv32i/ilp32/libc_nano.a(lib_a-nano-svfprintf.o)
 .bss           0x00000000800033e4        0x0 /opt/riscv64-unknown-elf-gcc-8.3.0-2019.08.0-x86_64-linux-ubuntu14/bin/../lib/gcc/riscv64-unknown-elf/8.3.0/../../../../riscv64-unknown-elf/lib/rv32i/ilp32/libc_nano.a(lib_a-nano-vfprintf_i.o)
 .bss           0x00000000800033e4        0x0 /opt/riscv64-unknown-elf-gcc-8.3.0-2019.08.0-x86_64-linux-ubuntu14/bin/../lib/gcc/riscv64-unknown-elf/8.3.0/../../../../riscv64-unknown-elf/lib/rv32i/ilp32/libc_nano.a(lib_a-nano-vfprintf.o)
 .bss           0x00000000800033e4        0x0 /opt/riscv64-unknown-elf-gcc-8.3.0-2019.08.0-x86_64-linux-ubuntu14/bin/../lib/gcc/riscv64-unknown-elf/8.3.0/../../../../riscv64-unknown-elf/lib/rv32i/ilp32/libc_nano.a(lib_a-readr.o)
 .bss           0x00000000800033e4        0x0 /opt/riscv64-unknown-elf-gcc-8.3.0-2019.08.0-x86_64-linux-ubuntu14/bin/../lib/gcc/riscv64-unknown-elf/8.3.0/../../../../riscv64-unknown-elf/lib/rv32i/ilp32/libc_nano.a(lib_a-reent.o)
 .bss           0x00000000800033e4        0x0 /opt/riscv64-unknown-elf-gcc-8.3.0-2019.08.0-x86_64-linux-ubuntu14/bin/../lib/gcc/riscv64-unknown-elf/8.3.0/../../../../riscv64-unknown-elf/lib/rv32i/ilp32/libc_nano.a(lib_a-fstatr.o)
 .bss           0x00000000800033e4        0x0 /opt/riscv64-unknown-elf-gcc-8.3.0-2019.08.0-x86_64-linux-ubuntu14/bin/../lib/gcc/riscv64-unknown-elf/8.3.0/../../../../riscv64-unknown-elf/lib/rv32i/ilp32/libc_nano.a(lib_a-fvwrite.o)
 .bss           0x00000000800033e4        0x0 /opt/riscv64-unknown-elf-gcc-8.3.0-2019.08.0-x86_64-linux-ubuntu14/bin/../lib/gcc/riscv64-unknown-elf/8.3.0/../../../../riscv64-unknown-elf/lib/rv32i/ilp32/libc_nano.a(lib_a-isattyr.o)
 .bss           0x00000000800033e4        0x0 /opt/riscv64-unknown-elf-gcc-8.3.0-2019.08.0-x86_64-linux-ubuntu14/bin/../lib/gcc/riscv64-unknown-elf/8.3.0/../../../../riscv64-unknown-elf/lib/rv32i/ilp32/libc_nano.a(lib_a-memchr.o)
 .bss           0x00000000800033e4        0x0 /opt/riscv64-unknown-elf-gcc-8.3.0-2019.08.0-x86_64-linux-ubuntu14/bin/../lib/gcc/riscv64-unknown-elf/8.3.0/../../../../riscv64-unknown-elf/lib/rv32i/ilp32/libc_nano.a(lib_a-nano-reallocr.o)
 .bss           0x00000000800033e4        0x0 /opt/riscv64-unknown-elf-gcc-8.3.0-2019.08.0-x86_64-linux-ubuntu14/bin/../lib/gcc/riscv64-unknown-elf/8.3.0/../../../../riscv64-unknown-elf/lib/rv32i/ilp32/libc_nano.a(lib_a-nano-msizer.o)
 .bss           0x00000000800033e4        0x0 /opt/riscv64-unknown-elf-gcc-8.3.0-2019.08.0-x86_64-linux-ubuntu14/bin/../lib/gcc/riscv64-unknown-elf/8.3.0/rv32i/ilp32/libgcc.a(_bswapsi2.o)
 .bss           0x00000000800033e4        0x0 /opt/riscv64-unknown-elf-gcc-8.3.0-2019.08.0-x86_64-linux-ubuntu14/bin/../lib/gcc/riscv64-unknown-elf/8.3.0/rv32i/ilp32/libgcc.a(_udivdi3.o)
 .bss           0x00000000800033e4        0x0 /opt/riscv64-unknown-elf-gcc-8.3.0-2019.08.0-x86_64-linux-ubuntu14/bin/../lib/gcc/riscv64-unknown-elf/8.3.0/rv32i/ilp32/libgcc.a(muldi3.o)
 .bss           0x00000000800033e4        0x0 /opt/riscv64-unknown-elf-gcc-8.3.0-2019.08.0-x86_64-linux-ubuntu14/bin/../lib/gcc/riscv64-unknown-elf/8.3.0/rv32i/ilp32/libgcc.a(div.o)
 .bss           0x00000000800033e4        0x0 /opt/riscv64-unknown-elf-gcc-8.3.0-2019.08.0-x86_64-linux-ubuntu14/bin/../lib/gcc/riscv64-unknown-elf/8.3.0/rv32i/ilp32/libgcc.a(_clz.o)
 *(.gnu.linkonce.b.*)
 *(COMMON)
 COMMON         0x00000000800033e4        0x4 /opt/riscv64-unknown-elf-gcc-8.3.0-2019.08.0-x86_64-linux-ubuntu14/bin/../lib/gcc/riscv64-unknown-elf/8.3.0/../../../../riscv64-unknown-elf/lib/rv32i/ilp32/libc_nano.a(lib_a-reent.o)
                0x00000000800033e4                errno
                0x00000000800033e8                . = ALIGN (0x4)
                0x00000000800033e8                _bss_end = .

.rodata
 *(.rdata)
 *(.rodata .rodata.*)
 *(.gnu.linkonce.r.*)

.sdata2._global_impure_ptr
                0x00000000800033e8        0x4
 .sdata2._global_impure_ptr
                0x00000000800033e8        0x4 /opt/riscv64-unknown-elf-gcc-8.3.0-2019.08.0-x86_64-linux-ubuntu14/bin/../lib/gcc/riscv64-unknown-elf/8.3.0/../../../../riscv64-unknown-elf/lib/rv32i/ilp32/libc_nano.a(lib_a-impure.o)
                0x00000000800033e8                _global_impure_ptr

.eh_frame       0x00000000800033ec       0x60
 .eh_frame      0x00000000800033ec       0x60 /opt/riscv64-unknown-elf-gcc-8.3.0-2019.08.0-x86_64-linux-ubuntu14/bin/../lib/gcc/riscv64-unknown-elf/8.3.0/rv32i/ilp32/libgcc.a(_udivdi3.o)

.noinit         0x000000008000344c        0x0
                0x000000008000344c                . = ALIGN (0x4)
 *(.noinit .noinit.*)
                0x000000008000344c                . = ALIGN (0x4)

.memory         0x000000008000344c     0x9ea8
 *(.text)
 .text          0x000000008000344c       0x98 build/src/crc16.o
                0x000000008000344c                crc16
                0x00000000800034a4                add_crc
 .text          0x00000000800034e4        0x0 build/src/font_6x8.o
 .text          0x00000000800034e4        0x0 build/src/font_12x16.o
 .text          0x00000000800034e4      0x414 build/src/main.o
                0x00000000800034e4                println
                0x0000000080003504                to_hex_nibble
                0x0000000080003520                to_hex
                0x000000008000358c                process_and_wait
                0x0000000080003624                sram_test_write_random_ints
                0x0000000080003700                timerInterrupt
                0x0000000080003704                externalInterrupt
                0x0000000080003874                crash
                0x00000000800038b8                irqCallback
 .text          0x00000000800038f8      0x230 build/src/modbus_rtu.o
                0x00000000800038f8                modbus_rtu_init
                0x000000008000397c                modbus_rtu_poll
                0x0000000080003a40                modbus_rtu_isr
 .text          0x0000000080003b28      0x1e8 build/src/config.o
                0x0000000080003b28                config_load
                0x0000000080003c00                config_save
 .text          0x0000000080003d10      0x5a4 build/src/eeprom.o
                0x0000000080003d10                eeprom_write_page
                0x0000000080003ee0                eeprom_poll
                0x0000000080003f64                eeprom_read_page
                0x0000000080004190                eeprom_probe
 .text          0x00000000800042b4      0x97c build/src/modbus.o
                0x00000000800042b4                modbus_error
                0x0000000080004324                modbus_store_reg
                0x000000008000479c                modbus_recv
 .text          0x0000000080004c30      0x664 build/src/mac.o
                0x0000000080004c30                mac_init
                0x0000000080004ce4                mac_tx_packet
                0x0000000080004e00                sys_now
                0x0000000080004e2c                sys_arch_protect
                0x0000000080004e30                sys_arch_unprotect
                0x0000000080004e34                mac_lwip_init
                0x0000000080004ed8                mac_rx_isr
                0x00000000800051a8                mac_poll
                0x0000000080005250                mac_print_stats
 .text          0x0000000080005294      0x510 build/src/hub.o
                0x0000000080005294                hub_init
                0x00000000800053e4                hub_print_char
                0x00000000800056c0                hub_print
 .text          0x00000000800057a4      0x258 build/src/modbus_udp.o
                0x00000000800057a4                modbus_udp_init
                0x000000008000583c                modbus_udp_send
                0x0000000080005994                modbus_udp_recv
 .text          0x00000000800059fc       0x64 build/src/i2c.o
                0x00000000800059fc                i2c_init
                0x0000000080005a08                i2c_wait_for_busy
                0x0000000080005a34                i2c_wait_for_release
 .text          0x0000000080005a60      0x228 build/src/utils.o
                0x0000000080005a60                __malloc_lock
                0x0000000080005a64                __malloc_unlock
                0x0000000080005a68                init_sbrk
                0x0000000080005aa4                delay
                0x0000000080005abc                delay_us
                0x0000000080005aec                print_uart0
                0x0000000080005b18                _sbrk
                0x0000000080005b94                print_uart1
                0x0000000080005bc0                _write
                0x0000000080005bf4                _read
                0x0000000080005bfc                _close
                0x0000000080005c04                _lseek
                0x0000000080005c0c                _isatty
                0x0000000080005c14                _fstat
                0x0000000080005c24                _kill
                0x0000000080005c28                _getpid
                0x0000000080005c30                hard_reboot
                0x0000000080005c64                memcpy_rev
 .text          0x0000000080005c88       0x28 build/./src/lwip/core/init.o
                0x0000000080005c88                lwip_init
 .text          0x0000000080005cb0      0x270 build/./src/lwip/core/def.o
                0x0000000080005cb0                lwip_htons
                0x0000000080005cc8                lwip_htonl
                0x0000000080005cfc                lwip_strnstr
                0x0000000080005d8c                lwip_stricmp
                0x0000000080005dd0                lwip_strnicmp
                0x0000000080005e24                lwip_itoa
 .text          0x0000000080005f20        0x0 build/./src/lwip/core/dns.o
 .text          0x0000000080005f20      0x468 build/./src/lwip/core/inet_chksum.o
                0x0000000080005f20                lwip_standard_chksum
                0x0000000080005fc0                inet_chksum_pseudo
                0x0000000080006110                ip_chksum_pseudo
                0x0000000080006114                inet_chksum_pseudo_partial
                0x00000000800062a0                ip_chksum_pseudo_partial
                0x00000000800062a4                inet_chksum
                0x00000000800062c8                inet_chksum_pbuf
 .text          0x0000000080006388        0x0 build/./src/lwip/core/ip.o
 .text          0x0000000080006388      0x164 build/./src/lwip/core/mem.o
                0x0000000080006388                mem_overflow_check_raw
                0x0000000080006460                mem_overflow_init_raw
                0x00000000800064a8                mem_init
                0x00000000800064ac                mem_trim
                0x00000000800064b0                lwip_malloc
                0x00000000800064e4                lwip_free
                0x00000000800064e8                lwip_calloc
 .text          0x00000000800064ec      0x15c build/./src/lwip/core/memp.o
                0x00000000800065d4                memp_init_pool
                0x00000000800065d8                memp_init
                0x00000000800065dc                memp_malloc_pool_fn
                0x00000000800065e8                memp_malloc_fn
                0x0000000080006610                memp_free_pool
                0x0000000080006620                memp_free
 .text          0x0000000080006648      0x674 build/./src/lwip/core/netif.o
                0x0000000080006718                netif_init
                0x000000008000671c                netif_input
                0x0000000080006730                netif_set_ipaddr
                0x000000008000675c                netif_set_netmask
                0x000000008000677c                netif_set_gw
                0x000000008000679c                netif_set_addr
                0x000000008000684c                netif_add
                0x0000000080006968                netif_add_noaddr
                0x0000000080006984                netif_set_default
                0x000000008000698c                netif_set_up
                0x00000000800069ec                netif_set_down
                0x0000000080006a50                netif_remove
                0x0000000080006af0                netif_set_status_callback
                0x0000000080006afc                netif_set_link_up
                0x0000000080006b64                netif_set_link_down
                0x0000000080006b8c                netif_set_link_callback
                0x0000000080006b98                netif_get_by_index
                0x0000000080006bc8                netif_index_to_name
                0x0000000080006c20                netif_find
                0x0000000080006c8c                netif_name_to_index
 .text          0x0000000080006cbc      0xe0c build/./src/lwip/core/pbuf.o
                0x0000000080006d78                pbuf_alloc_reference
                0x0000000080006de8                pbuf_alloced_custom
                0x0000000080006e3c                pbuf_add_header
                0x0000000080006e44                pbuf_add_header_force
                0x0000000080006e4c                pbuf_remove_header
                0x0000000080006eac                pbuf_header
                0x0000000080006ec0                pbuf_header_force
                0x0000000080006ed4                pbuf_free
                0x0000000080006fa8                pbuf_alloc
                0x0000000080007178                pbuf_realloc
                0x0000000080007228                pbuf_free_header
                0x0000000080007298                pbuf_clen
                0x00000000800072bc                pbuf_ref
                0x00000000800072f4                pbuf_cat
                0x000000008000732c                pbuf_chain
                0x0000000080007354                pbuf_dechain
                0x00000000800073a8                pbuf_copy
                0x00000000800074b8                pbuf_copy_partial
                0x0000000080007590                pbuf_get_contiguous
                0x0000000080007610                pbuf_skip
                0x0000000080007614                pbuf_take
                0x00000000800076b4                pbuf_take_at
                0x000000008000776c                pbuf_clone
                0x00000000800077b4                pbuf_coalesce
                0x0000000080007810                pbuf_try_get_at
                0x0000000080007854                pbuf_get_at
                0x0000000080007878                pbuf_put_at
                0x00000000800078bc                pbuf_memcmp
                0x0000000080007998                pbuf_memfind
                0x0000000080007a34                pbuf_strstr
 .text          0x0000000080007ac8      0x508 build/./src/lwip/core/raw.o
                0x0000000080007ac8                raw_input
                0x0000000080007c08                raw_bind
                0x0000000080007c28                raw_bind_netif
                0x0000000080007c44                raw_connect
                0x0000000080007c74                raw_disconnect
                0x0000000080007c8c                raw_recv
                0x0000000080007c98                raw_sendto_if_src
                0x0000000080007e28                raw_sendto
                0x0000000080007ed8                raw_send
                0x0000000080007ee0                raw_remove
                0x0000000080007f1c                raw_new
                0x0000000080007f88                raw_new_ip_type
                0x0000000080007f90                raw_netif_ip_addr_changed
 .text          0x0000000080007fd0        0x4 build/./src/lwip/core/stats.o
                0x0000000080007fd0                stats_init
 .text          0x0000000080007fd4        0x0 build/./src/lwip/core/sys.o
 .text          0x0000000080007fd4        0x0 build/./src/lwip/core/altcp.o
 .text          0x0000000080007fd4        0x0 build/./src/lwip/core/altcp_alloc.o
 .text          0x0000000080007fd4        0x0 build/./src/lwip/core/altcp_tcp.o
 .text          0x0000000080007fd4        0x0 build/./src/lwip/core/tcp.o
 .text          0x0000000080007fd4        0x0 build/./src/lwip/core/tcp_in.o
 .text          0x0000000080007fd4        0x0 build/./src/lwip/core/tcp_out.o
 .text          0x0000000080007fd4      0x2e4 build/./src/lwip/core/timeouts.o
                0x00000000800080c4                sys_timeout
                0x00000000800080fc                sys_timeouts_init
                0x000000008000815c                sys_untimeout
                0x00000000800081ac                sys_check_timeouts
                0x0000000080008230                sys_restart_timeouts
                0x0000000080008278                sys_timeouts_sleeptime
 .text          0x00000000800082b8      0x8ac build/./src/lwip/core/udp.o
                0x00000000800082b8                udp_init
                0x00000000800082bc                udp_input
                0x0000000080008590                udp_bind
                0x0000000080008680                udp_sendto_if_src
                0x0000000080008874                udp_sendto_if
                0x00000000800088c0                udp_sendto
                0x0000000080008978                udp_send
                0x0000000080008994                udp_bind_netif
                0x00000000800089b0                udp_connect
                0x0000000080008a5c                udp_disconnect
                0x0000000080008a7c                udp_recv
                0x0000000080008a8c                udp_remove
                0x0000000080008ad0                udp_new
                0x0000000080008b20                udp_new_ip_type
                0x0000000080008b24                udp_netif_ip_addr_changed
 .text          0x0000000080008b64        0x0 build/./src/lwip/core/ipv4/autoip.o
 .text          0x0000000080008b64     0x1d24 build/./src/lwip/core/ipv4/dhcp.o
                0x0000000080009d84                dhcp_set_struct
                0x0000000080009dbc                dhcp_cleanup
                0x0000000080009df4                dhcp_inform
                0x0000000080009eec                dhcp_network_changed
                0x0000000080009f28                dhcp_arp_reply
                0x000000008000a060                dhcp_renew
                0x000000008000a21c                dhcp_supplied_address
                0x000000008000a254                dhcp_release_and_stop
                0x000000008000a3b0                dhcp_start
                0x000000008000a494                dhcp_coarse_tmr
                0x000000008000a758                dhcp_fine_tmr
                0x000000008000a868                dhcp_release
                0x000000008000a884                dhcp_stop
 .text          0x000000008000a888      0xc34 build/./src/lwip/core/ipv4/etharp.o
                0x000000008000abe8                etharp_cleanup_netif
                0x000000008000ac50                etharp_find_addr
                0x000000008000acd0                etharp_get_entry
                0x000000008000ad2c                etharp_input
                0x000000008000af60                etharp_request
                0x000000008000af80                etharp_tmr
                0x000000008000b134                etharp_query
                0x000000008000b318                etharp_output
 .text          0x000000008000b4bc      0x44c build/./src/lwip/core/ipv4/icmp.o
                0x000000008000b4bc                icmp_input
                0x000000008000b7e0                icmp_dest_unreach
 .text          0x000000008000b908        0x0 build/./src/lwip/core/ipv4/igmp.o
 .text          0x000000008000b908      0x360 build/./src/lwip/core/ipv4/ip4_frag.o
                0x000000008000b940                ip4_frag
 .text          0x000000008000bc68      0x818 build/./src/lwip/core/ipv4/ip4.o
                0x000000008000bcbc                ip4_route
                0x000000008000bd5c                ip4_input
                0x000000008000c110                ip4_output_if_src
                0x000000008000c354                ip4_output_if
                0x000000008000c36c                ip4_output
                0x000000008000c3ec                ip4_output_hinted
 .text          0x000000008000c480      0x47c build/./src/lwip/core/ipv4/ip4_addr.o
                0x000000008000c480                ip4_addr_isbroadcast_u32
                0x000000008000c4d4                ip4_addr_netmask_valid
                0x000000008000c528                ip4addr_aton
                0x000000008000c778                ipaddr_addr
                0x000000008000c7a4                ip4addr_ntoa_r
                0x000000008000c8f0                ip4addr_ntoa
 .text          0x000000008000c8fc      0x23c build/./src/lwip/netif/ethernet.o
                0x000000008000c8fc                ethernet_input
                0x000000008000ca5c                ethernet_output
 .text          0x000000008000cb38        0x0 /opt/riscv64-unknown-elf-gcc-8.3.0-2019.08.0-x86_64-linux-ubuntu14/bin/../lib/gcc/riscv64-unknown-elf/8.3.0/../../../../riscv64-unknown-elf/lib/rv32i/ilp32/libc_nano.a(lib_a-atoi.o)
 .text          0x000000008000cb38        0x0 /opt/riscv64-unknown-elf-gcc-8.3.0-2019.08.0-x86_64-linux-ubuntu14/bin/../lib/gcc/riscv64-unknown-elf/8.3.0/../../../../riscv64-unknown-elf/lib/rv32i/ilp32/libc_nano.a(lib_a-calloc.o)
 .text          0x000000008000cb38        0x0 /opt/riscv64-unknown-elf-gcc-8.3.0-2019.08.0-x86_64-linux-ubuntu14/bin/../lib/gcc/riscv64-unknown-elf/8.3.0/../../../../riscv64-unknown-elf/lib/rv32i/ilp32/libc_nano.a(lib_a-ctype_.o)
 .text          0x000000008000cb38        0x0 /opt/riscv64-unknown-elf-gcc-8.3.0-2019.08.0-x86_64-linux-ubuntu14/bin/../lib/gcc/riscv64-unknown-elf/8.3.0/../../../../riscv64-unknown-elf/lib/rv32i/ilp32/libc_nano.a(lib_a-fflush.o)
 .text          0x000000008000cb38        0x0 /opt/riscv64-unknown-elf-gcc-8.3.0-2019.08.0-x86_64-linux-ubuntu14/bin/../lib/gcc/riscv64-unknown-elf/8.3.0/../../../../riscv64-unknown-elf/lib/rv32i/ilp32/libc_nano.a(lib_a-findfp.o)
 .text          0x000000008000cb38        0x0 /opt/riscv64-unknown-elf-gcc-8.3.0-2019.08.0-x86_64-linux-ubuntu14/bin/../lib/gcc/riscv64-unknown-elf/8.3.0/../../../../riscv64-unknown-elf/lib/rv32i/ilp32/libc_nano.a(lib_a-fpurge.o)
 .text          0x000000008000cb38        0x0 /opt/riscv64-unknown-elf-gcc-8.3.0-2019.08.0-x86_64-linux-ubuntu14/bin/../lib/gcc/riscv64-unknown-elf/8.3.0/../../../../riscv64-unknown-elf/lib/rv32i/ilp32/libc_nano.a(lib_a-fwalk.o)
 .text          0x000000008000cb38        0x0 /opt/riscv64-unknown-elf-gcc-8.3.0-2019.08.0-x86_64-linux-ubuntu14/bin/../lib/gcc/riscv64-unknown-elf/8.3.0/../../../../riscv64-unknown-elf/lib/rv32i/ilp32/libc_nano.a(lib_a-impure.o)
 .text          0x000000008000cb38        0x0 /opt/riscv64-unknown-elf-gcc-8.3.0-2019.08.0-x86_64-linux-ubuntu14/bin/../lib/gcc/riscv64-unknown-elf/8.3.0/../../../../riscv64-unknown-elf/lib/rv32i/ilp32/libc_nano.a(lib_a-malloc.o)
 .text          0x000000008000cb38        0x0 /opt/riscv64-unknown-elf-gcc-8.3.0-2019.08.0-x86_64-linux-ubuntu14/bin/../lib/gcc/riscv64-unknown-elf/8.3.0/../../../../riscv64-unknown-elf/lib/rv32i/ilp32/libc_nano.a(lib_a-memcmp.o)
 .text          0x000000008000cb38        0x0 /opt/riscv64-unknown-elf-gcc-8.3.0-2019.08.0-x86_64-linux-ubuntu14/bin/../lib/gcc/riscv64-unknown-elf/8.3.0/../../../../riscv64-unknown-elf/lib/rv32i/ilp32/libc_nano.a(lib_a-memcpy.o)
 .text          0x000000008000cb38        0x0 /opt/riscv64-unknown-elf-gcc-8.3.0-2019.08.0-x86_64-linux-ubuntu14/bin/../lib/gcc/riscv64-unknown-elf/8.3.0/../../../../riscv64-unknown-elf/lib/rv32i/ilp32/libc_nano.a(lib_a-memmove-stub.o)
 .text          0x000000008000cb38       0xdc /opt/riscv64-unknown-elf-gcc-8.3.0-2019.08.0-x86_64-linux-ubuntu14/bin/../lib/gcc/riscv64-unknown-elf/8.3.0/../../../../riscv64-unknown-elf/lib/rv32i/ilp32/libc_nano.a(lib_a-memset.o)
                0x000000008000cb38                memset
 .text          0x000000008000cc14        0x0 /opt/riscv64-unknown-elf-gcc-8.3.0-2019.08.0-x86_64-linux-ubuntu14/bin/../lib/gcc/riscv64-unknown-elf/8.3.0/../../../../riscv64-unknown-elf/lib/rv32i/ilp32/libc_nano.a(lib_a-nano-callocr.o)
 .text          0x000000008000cc14        0x0 /opt/riscv64-unknown-elf-gcc-8.3.0-2019.08.0-x86_64-linux-ubuntu14/bin/../lib/gcc/riscv64-unknown-elf/8.3.0/../../../../riscv64-unknown-elf/lib/rv32i/ilp32/libc_nano.a(lib_a-nano-freer.o)
 .text          0x000000008000cc14        0x0 /opt/riscv64-unknown-elf-gcc-8.3.0-2019.08.0-x86_64-linux-ubuntu14/bin/../lib/gcc/riscv64-unknown-elf/8.3.0/../../../../riscv64-unknown-elf/lib/rv32i/ilp32/libc_nano.a(lib_a-nano-mallocr.o)
 .text          0x000000008000cc14        0x0 /opt/riscv64-unknown-elf-gcc-8.3.0-2019.08.0-x86_64-linux-ubuntu14/bin/../lib/gcc/riscv64-unknown-elf/8.3.0/../../../../riscv64-unknown-elf/lib/rv32i/ilp32/libc_nano.a(lib_a-printf.o)
 .text          0x000000008000cc14        0x0 /opt/riscv64-unknown-elf-gcc-8.3.0-2019.08.0-x86_64-linux-ubuntu14/bin/../lib/gcc/riscv64-unknown-elf/8.3.0/../../../../riscv64-unknown-elf/lib/rv32i/ilp32/libc_nano.a(lib_a-putchar.o)
 .text          0x000000008000cc14        0x0 /opt/riscv64-unknown-elf-gcc-8.3.0-2019.08.0-x86_64-linux-ubuntu14/bin/../lib/gcc/riscv64-unknown-elf/8.3.0/../../../../riscv64-unknown-elf/lib/rv32i/ilp32/libc_nano.a(lib_a-putc.o)
 .text          0x000000008000cc14        0x0 /opt/riscv64-unknown-elf-gcc-8.3.0-2019.08.0-x86_64-linux-ubuntu14/bin/../lib/gcc/riscv64-unknown-elf/8.3.0/../../../../riscv64-unknown-elf/lib/rv32i/ilp32/libc_nano.a(lib_a-sbrkr.o)
 .text          0x000000008000cc14        0x0 /opt/riscv64-unknown-elf-gcc-8.3.0-2019.08.0-x86_64-linux-ubuntu14/bin/../lib/gcc/riscv64-unknown-elf/8.3.0/../../../../riscv64-unknown-elf/lib/rv32i/ilp32/libc_nano.a(lib_a-snprintf.o)
 .text          0x000000008000cc14        0x0 /opt/riscv64-unknown-elf-gcc-8.3.0-2019.08.0-x86_64-linux-ubuntu14/bin/../lib/gcc/riscv64-unknown-elf/8.3.0/../../../../riscv64-unknown-elf/lib/rv32i/ilp32/libc_nano.a(lib_a-sprintf.o)
 .text          0x000000008000cc14        0x0 /opt/riscv64-unknown-elf-gcc-8.3.0-2019.08.0-x86_64-linux-ubuntu14/bin/../lib/gcc/riscv64-unknown-elf/8.3.0/../../../../riscv64-unknown-elf/lib/rv32i/ilp32/libc_nano.a(lib_a-stdio.o)
 .text          0x000000008000cc14        0x0 /opt/riscv64-unknown-elf-gcc-8.3.0-2019.08.0-x86_64-linux-ubuntu14/bin/../lib/gcc/riscv64-unknown-elf/8.3.0/../../../../riscv64-unknown-elf/lib/rv32i/ilp32/libc_nano.a(lib_a-strlen.o)
 .text          0x000000008000cc14        0x0 /opt/riscv64-unknown-elf-gcc-8.3.0-2019.08.0-x86_64-linux-ubuntu14/bin/../lib/gcc/riscv64-unknown-elf/8.3.0/../../../../riscv64-unknown-elf/lib/rv32i/ilp32/libc_nano.a(lib_a-strncmp.o)
 .text          0x000000008000cc14        0x0 /opt/riscv64-unknown-elf-gcc-8.3.0-2019.08.0-x86_64-linux-ubuntu14/bin/../lib/gcc/riscv64-unknown-elf/8.3.0/../../../../riscv64-unknown-elf/lib/rv32i/ilp32/libc_nano.a(lib_a-strtol.o)
 .text          0x000000008000cc14        0x0 /opt/riscv64-unknown-elf-gcc-8.3.0-2019.08.0-x86_64-linux-ubuntu14/bin/../lib/gcc/riscv64-unknown-elf/8.3.0/../../../../riscv64-unknown-elf/lib/rv32i/ilp32/libc_nano.a(lib_a-wbuf.o)
 .text          0x000000008000cc14        0x0 /opt/riscv64-unknown-elf-gcc-8.3.0-2019.08.0-x86_64-linux-ubuntu14/bin/../lib/gcc/riscv64-unknown-elf/8.3.0/../../../../riscv64-unknown-elf/lib/rv32i/ilp32/libc_nano.a(lib_a-writer.o)
 .text          0x000000008000cc14        0x0 /opt/riscv64-unknown-elf-gcc-8.3.0-2019.08.0-x86_64-linux-ubuntu14/bin/../lib/gcc/riscv64-unknown-elf/8.3.0/../../../../riscv64-unknown-elf/lib/rv32i/ilp32/libc_nano.a(lib_a-wsetup.o)
 .text          0x000000008000cc14        0x0 /opt/riscv64-unknown-elf-gcc-8.3.0-2019.08.0-x86_64-linux-ubuntu14/bin/../lib/gcc/riscv64-unknown-elf/8.3.0/../../../../riscv64-unknown-elf/lib/rv32i/ilp32/libc_nano.a(lib_a-closer.o)
 .text          0x000000008000cc14        0x0 /opt/riscv64-unknown-elf-gcc-8.3.0-2019.08.0-x86_64-linux-ubuntu14/bin/../lib/gcc/riscv64-unknown-elf/8.3.0/../../../../riscv64-unknown-elf/lib/rv32i/ilp32/libc_nano.a(lib_a-lseekr.o)
 .text          0x000000008000cc14        0x0 /opt/riscv64-unknown-elf-gcc-8.3.0-2019.08.0-x86_64-linux-ubuntu14/bin/../lib/gcc/riscv64-unknown-elf/8.3.0/../../../../riscv64-unknown-elf/lib/rv32i/ilp32/libc_nano.a(lib_a-makebuf.o)
 .text          0x000000008000cc14        0x0 /opt/riscv64-unknown-elf-gcc-8.3.0-2019.08.0-x86_64-linux-ubuntu14/bin/../lib/gcc/riscv64-unknown-elf/8.3.0/../../../../riscv64-unknown-elf/lib/rv32i/ilp32/libc_nano.a(lib_a-nano-svfprintf.o)
 .text          0x000000008000cc14        0x0 /opt/riscv64-unknown-elf-gcc-8.3.0-2019.08.0-x86_64-linux-ubuntu14/bin/../lib/gcc/riscv64-unknown-elf/8.3.0/../../../../riscv64-unknown-elf/lib/rv32i/ilp32/libc_nano.a(lib_a-nano-vfprintf_i.o)
 .text          0x000000008000cc14        0x0 /opt/riscv64-unknown-elf-gcc-8.3.0-2019.08.0-x86_64-linux-ubuntu14/bin/../lib/gcc/riscv64-unknown-elf/8.3.0/../../../../riscv64-unknown-elf/lib/rv32i/ilp32/libc_nano.a(lib_a-nano-vfprintf.o)
 .text          0x000000008000cc14        0x0 /opt/riscv64-unknown-elf-gcc-8.3.0-2019.08.0-x86_64-linux-ubuntu14/bin/../lib/gcc/riscv64-unknown-elf/8.3.0/../../../../riscv64-unknown-elf/lib/rv32i/ilp32/libc_nano.a(lib_a-readr.o)
 .text          0x000000008000cc14        0x0 /opt/riscv64-unknown-elf-gcc-8.3.0-2019.08.0-x86_64-linux-ubuntu14/bin/../lib/gcc/riscv64-unknown-elf/8.3.0/../../../../riscv64-unknown-elf/lib/rv32i/ilp32/libc_nano.a(lib_a-reent.o)
 .text          0x000000008000cc14        0x0 /opt/riscv64-unknown-elf-gcc-8.3.0-2019.08.0-x86_64-linux-ubuntu14/bin/../lib/gcc/riscv64-unknown-elf/8.3.0/../../../../riscv64-unknown-elf/lib/rv32i/ilp32/libc_nano.a(lib_a-fstatr.o)
 .text          0x000000008000cc14        0x0 /opt/riscv64-unknown-elf-gcc-8.3.0-2019.08.0-x86_64-linux-ubuntu14/bin/../lib/gcc/riscv64-unknown-elf/8.3.0/../../../../riscv64-unknown-elf/lib/rv32i/ilp32/libc_nano.a(lib_a-fvwrite.o)
 .text          0x000000008000cc14        0x0 /opt/riscv64-unknown-elf-gcc-8.3.0-2019.08.0-x86_64-linux-ubuntu14/bin/../lib/gcc/riscv64-unknown-elf/8.3.0/../../../../riscv64-unknown-elf/lib/rv32i/ilp32/libc_nano.a(lib_a-isattyr.o)
 .text          0x000000008000cc14        0x0 /opt/riscv64-unknown-elf-gcc-8.3.0-2019.08.0-x86_64-linux-ubuntu14/bin/../lib/gcc/riscv64-unknown-elf/8.3.0/../../../../riscv64-unknown-elf/lib/rv32i/ilp32/libc_nano.a(lib_a-memchr.o)
 .text          0x000000008000cc14        0x0 /opt/riscv64-unknown-elf-gcc-8.3.0-2019.08.0-x86_64-linux-ubuntu14/bin/../lib/gcc/riscv64-unknown-elf/8.3.0/../../../../riscv64-unknown-elf/lib/rv32i/ilp32/libc_nano.a(lib_a-nano-reallocr.o)
 .text          0x000000008000cc14        0x0 /opt/riscv64-unknown-elf-gcc-8.3.0-2019.08.0-x86_64-linux-ubuntu14/bin/../lib/gcc/riscv64-unknown-elf/8.3.0/../../../../riscv64-unknown-elf/lib/rv32i/ilp32/libc_nano.a(lib_a-nano-msizer.o)
 .text          0x000000008000cc14       0x34 /opt/riscv64-unknown-elf-gcc-8.3.0-2019.08.0-x86_64-linux-ubuntu14/bin/../lib/gcc/riscv64-unknown-elf/8.3.0/rv32i/ilp32/libgcc.a(_bswapsi2.o)
                0x000000008000cc14                __bswapsi2
 .text          0x000000008000cc48      0x5d4 /opt/riscv64-unknown-elf-gcc-8.3.0-2019.08.0-x86_64-linux-ubuntu14/bin/../lib/gcc/riscv64-unknown-elf/8.3.0/rv32i/ilp32/libgcc.a(_udivdi3.o)
                0x000000008000cc48                __udivdi3
 .text          0x000000008000d21c       0x24 /opt/riscv64-unknown-elf-gcc-8.3.0-2019.08.0-x86_64-linux-ubuntu14/bin/../lib/gcc/riscv64-unknown-elf/8.3.0/rv32i/ilp32/libgcc.a(muldi3.o)
                0x000000008000d21c                __mulsi3
 .text          0x000000008000d240       0xb4 /opt/riscv64-unknown-elf-gcc-8.3.0-2019.08.0-x86_64-linux-ubuntu14/bin/../lib/gcc/riscv64-unknown-elf/8.3.0/rv32i/ilp32/libgcc.a(div.o)
                0x000000008000d240                __divsi3
                0x000000008000d248                __udivsi3
                0x000000008000d290                __umodsi3
                0x000000008000d2c4                __modsi3
 .text          0x000000008000d2f4        0x0 /opt/riscv64-unknown-elf-gcc-8.3.0-2019.08.0-x86_64-linux-ubuntu14/bin/../lib/gcc/riscv64-unknown-elf/8.3.0/rv32i/ilp32/libgcc.a(_clz.o)
                0x000000008000d2f4                end = .

.text.startup   0x000000008000d2f4      0x554
 .text.startup  0x000000008000d2f4      0x554 build/src/main.o
                0x000000008000d2f4                main

.text.atoi      0x000000008000d848        0xc
 .text.atoi     0x000000008000d848        0xc /opt/riscv64-unknown-elf-gcc-8.3.0-2019.08.0-x86_64-linux-ubuntu14/bin/../lib/gcc/riscv64-unknown-elf/8.3.0/../../../../riscv64-unknown-elf/lib/rv32i/ilp32/libc_nano.a(lib_a-atoi.o)
                0x000000008000d848                atoi

.text._atoi_r   0x000000008000d854        0xc
 .text._atoi_r  0x000000008000d854        0xc /opt/riscv64-unknown-elf-gcc-8.3.0-2019.08.0-x86_64-linux-ubuntu14/bin/../lib/gcc/riscv64-unknown-elf/8.3.0/../../../../riscv64-unknown-elf/lib/rv32i/ilp32/libc_nano.a(lib_a-atoi.o)
                0x000000008000d854                _atoi_r

.text.calloc    0x000000008000d860       0x14
 .text.calloc   0x000000008000d860       0x14 /opt/riscv64-unknown-elf-gcc-8.3.0-2019.08.0-x86_64-linux-ubuntu14/bin/../lib/gcc/riscv64-unknown-elf/8.3.0/../../../../riscv64-unknown-elf/lib/rv32i/ilp32/libc_nano.a(lib_a-calloc.o)
                0x000000008000d860                calloc

.text.__sflush_r
                0x000000008000d874      0x1ec
 .text.__sflush_r
                0x000000008000d874      0x1ec /opt/riscv64-unknown-elf-gcc-8.3.0-2019.08.0-x86_64-linux-ubuntu14/bin/../lib/gcc/riscv64-unknown-elf/8.3.0/../../../../riscv64-unknown-elf/lib/rv32i/ilp32/libc_nano.a(lib_a-fflush.o)
                0x000000008000d874                __sflush_r

.text._fflush_r
                0x000000008000da60       0xa0
 .text._fflush_r
                0x000000008000da60       0xa0 /opt/riscv64-unknown-elf-gcc-8.3.0-2019.08.0-x86_64-linux-ubuntu14/bin/../lib/gcc/riscv64-unknown-elf/8.3.0/../../../../riscv64-unknown-elf/lib/rv32i/ilp32/libc_nano.a(lib_a-fflush.o)
                0x000000008000da60                _fflush_r

.text.fflush    0x000000008000db00       0x28
 .text.fflush   0x000000008000db00       0x28 /opt/riscv64-unknown-elf-gcc-8.3.0-2019.08.0-x86_64-linux-ubuntu14/bin/../lib/gcc/riscv64-unknown-elf/8.3.0/../../../../riscv64-unknown-elf/lib/rv32i/ilp32/libc_nano.a(lib_a-fflush.o)
                0x000000008000db00                fflush

.text.__fp_lock
                0x000000008000db28        0x8
 .text.__fp_lock
                0x000000008000db28        0x8 /opt/riscv64-unknown-elf-gcc-8.3.0-2019.08.0-x86_64-linux-ubuntu14/bin/../lib/gcc/riscv64-unknown-elf/8.3.0/../../../../riscv64-unknown-elf/lib/rv32i/ilp32/libc_nano.a(lib_a-findfp.o)

.text.std       0x000000008000db30       0x88
 .text.std      0x000000008000db30       0x88 /opt/riscv64-unknown-elf-gcc-8.3.0-2019.08.0-x86_64-linux-ubuntu14/bin/../lib/gcc/riscv64-unknown-elf/8.3.0/../../../../riscv64-unknown-elf/lib/rv32i/ilp32/libc_nano.a(lib_a-findfp.o)

.text._cleanup_r
                0x000000008000dbb8        0xc
 .text._cleanup_r
                0x000000008000dbb8        0xc /opt/riscv64-unknown-elf-gcc-8.3.0-2019.08.0-x86_64-linux-ubuntu14/bin/../lib/gcc/riscv64-unknown-elf/8.3.0/../../../../riscv64-unknown-elf/lib/rv32i/ilp32/libc_nano.a(lib_a-findfp.o)
                0x000000008000dbb8                _cleanup_r

.text.__fp_unlock
                0x000000008000dbc4        0x8
 .text.__fp_unlock
                0x000000008000dbc4        0x8 /opt/riscv64-unknown-elf-gcc-8.3.0-2019.08.0-x86_64-linux-ubuntu14/bin/../lib/gcc/riscv64-unknown-elf/8.3.0/../../../../riscv64-unknown-elf/lib/rv32i/ilp32/libc_nano.a(lib_a-findfp.o)

.text.__sfmoreglue
                0x000000008000dbcc       0x78
 .text.__sfmoreglue
                0x000000008000dbcc       0x78 /opt/riscv64-unknown-elf-gcc-8.3.0-2019.08.0-x86_64-linux-ubuntu14/bin/../lib/gcc/riscv64-unknown-elf/8.3.0/../../../../riscv64-unknown-elf/lib/rv32i/ilp32/libc_nano.a(lib_a-findfp.o)
                0x000000008000dbcc                __sfmoreglue

.text._cleanup  0x000000008000dc44        0xc
 .text._cleanup
                0x000000008000dc44        0xc /opt/riscv64-unknown-elf-gcc-8.3.0-2019.08.0-x86_64-linux-ubuntu14/bin/../lib/gcc/riscv64-unknown-elf/8.3.0/../../../../riscv64-unknown-elf/lib/rv32i/ilp32/libc_nano.a(lib_a-findfp.o)
                0x000000008000dc44                _cleanup

.text.__sinit   0x000000008000dc50       0xb0
 .text.__sinit  0x000000008000dc50       0xb0 /opt/riscv64-unknown-elf-gcc-8.3.0-2019.08.0-x86_64-linux-ubuntu14/bin/../lib/gcc/riscv64-unknown-elf/8.3.0/../../../../riscv64-unknown-elf/lib/rv32i/ilp32/libc_nano.a(lib_a-findfp.o)
                0x000000008000dc50                __sinit

.text.__sfp     0x000000008000dd00       0xec
 .text.__sfp    0x000000008000dd00       0xec /opt/riscv64-unknown-elf-gcc-8.3.0-2019.08.0-x86_64-linux-ubuntu14/bin/../lib/gcc/riscv64-unknown-elf/8.3.0/../../../../riscv64-unknown-elf/lib/rv32i/ilp32/libc_nano.a(lib_a-findfp.o)
                0x000000008000dd00                __sfp

.text.__sfp_lock_acquire
                0x000000008000ddec        0x4
 .text.__sfp_lock_acquire
                0x000000008000ddec        0x4 /opt/riscv64-unknown-elf-gcc-8.3.0-2019.08.0-x86_64-linux-ubuntu14/bin/../lib/gcc/riscv64-unknown-elf/8.3.0/../../../../riscv64-unknown-elf/lib/rv32i/ilp32/libc_nano.a(lib_a-findfp.o)
                0x000000008000ddec                __sfp_lock_acquire

.text.__sfp_lock_release
                0x000000008000ddf0        0x4
 .text.__sfp_lock_release
                0x000000008000ddf0        0x4 /opt/riscv64-unknown-elf-gcc-8.3.0-2019.08.0-x86_64-linux-ubuntu14/bin/../lib/gcc/riscv64-unknown-elf/8.3.0/../../../../riscv64-unknown-elf/lib/rv32i/ilp32/libc_nano.a(lib_a-findfp.o)
                0x000000008000ddf0                __sfp_lock_release

.text.__sinit_lock_acquire
                0x000000008000ddf4        0x4
 .text.__sinit_lock_acquire
                0x000000008000ddf4        0x4 /opt/riscv64-unknown-elf-gcc-8.3.0-2019.08.0-x86_64-linux-ubuntu14/bin/../lib/gcc/riscv64-unknown-elf/8.3.0/../../../../riscv64-unknown-elf/lib/rv32i/ilp32/libc_nano.a(lib_a-findfp.o)
                0x000000008000ddf4                __sinit_lock_acquire

.text.__sinit_lock_release
                0x000000008000ddf8        0x4
 .text.__sinit_lock_release
                0x000000008000ddf8        0x4 /opt/riscv64-unknown-elf-gcc-8.3.0-2019.08.0-x86_64-linux-ubuntu14/bin/../lib/gcc/riscv64-unknown-elf/8.3.0/../../../../riscv64-unknown-elf/lib/rv32i/ilp32/libc_nano.a(lib_a-findfp.o)
                0x000000008000ddf8                __sinit_lock_release

.text.__fp_lock_all
                0x000000008000ddfc       0x14
 .text.__fp_lock_all
                0x000000008000ddfc       0x14 /opt/riscv64-unknown-elf-gcc-8.3.0-2019.08.0-x86_64-linux-ubuntu14/bin/../lib/gcc/riscv64-unknown-elf/8.3.0/../../../../riscv64-unknown-elf/lib/rv32i/ilp32/libc_nano.a(lib_a-findfp.o)
                0x000000008000ddfc                __fp_lock_all

.text.__fp_unlock_all
                0x000000008000de10       0x14
 .text.__fp_unlock_all
                0x000000008000de10       0x14 /opt/riscv64-unknown-elf-gcc-8.3.0-2019.08.0-x86_64-linux-ubuntu14/bin/../lib/gcc/riscv64-unknown-elf/8.3.0/../../../../riscv64-unknown-elf/lib/rv32i/ilp32/libc_nano.a(lib_a-findfp.o)
                0x000000008000de10                __fp_unlock_all

.text._fpurge_r
                0x000000008000de24       0xdc
 .text._fpurge_r
                0x000000008000de24       0xdc /opt/riscv64-unknown-elf-gcc-8.3.0-2019.08.0-x86_64-linux-ubuntu14/bin/../lib/gcc/riscv64-unknown-elf/8.3.0/../../../../riscv64-unknown-elf/lib/rv32i/ilp32/libc_nano.a(lib_a-fpurge.o)
                0x000000008000de24                _fpurge_r

.text.fpurge    0x000000008000df00       0x10
 .text.fpurge   0x000000008000df00       0x10 /opt/riscv64-unknown-elf-gcc-8.3.0-2019.08.0-x86_64-linux-ubuntu14/bin/../lib/gcc/riscv64-unknown-elf/8.3.0/../../../../riscv64-unknown-elf/lib/rv32i/ilp32/libc_nano.a(lib_a-fpurge.o)
                0x000000008000df00                fpurge

.text.__fpurge  0x000000008000df10       0x10
 .text.__fpurge
                0x000000008000df10       0x10 /opt/riscv64-unknown-elf-gcc-8.3.0-2019.08.0-x86_64-linux-ubuntu14/bin/../lib/gcc/riscv64-unknown-elf/8.3.0/../../../../riscv64-unknown-elf/lib/rv32i/ilp32/libc_nano.a(lib_a-fpurge.o)
                0x000000008000df10                __fpurge

.text._fwalk    0x000000008000df20       0xa0
 .text._fwalk   0x000000008000df20       0xa0 /opt/riscv64-unknown-elf-gcc-8.3.0-2019.08.0-x86_64-linux-ubuntu14/bin/../lib/gcc/riscv64-unknown-elf/8.3.0/../../../../riscv64-unknown-elf/lib/rv32i/ilp32/libc_nano.a(lib_a-fwalk.o)
                0x000000008000df20                _fwalk

.text._fwalk_reent
                0x000000008000dfc0       0xb4
 .text._fwalk_reent
                0x000000008000dfc0       0xb4 /opt/riscv64-unknown-elf-gcc-8.3.0-2019.08.0-x86_64-linux-ubuntu14/bin/../lib/gcc/riscv64-unknown-elf/8.3.0/../../../../riscv64-unknown-elf/lib/rv32i/ilp32/libc_nano.a(lib_a-fwalk.o)
                0x000000008000dfc0                _fwalk_reent

.text.malloc    0x000000008000e074       0x10
 .text.malloc   0x000000008000e074       0x10 /opt/riscv64-unknown-elf-gcc-8.3.0-2019.08.0-x86_64-linux-ubuntu14/bin/../lib/gcc/riscv64-unknown-elf/8.3.0/../../../../riscv64-unknown-elf/lib/rv32i/ilp32/libc_nano.a(lib_a-malloc.o)
                0x000000008000e074                malloc

.text.free      0x000000008000e084       0x10
 .text.free     0x000000008000e084       0x10 /opt/riscv64-unknown-elf-gcc-8.3.0-2019.08.0-x86_64-linux-ubuntu14/bin/../lib/gcc/riscv64-unknown-elf/8.3.0/../../../../riscv64-unknown-elf/lib/rv32i/ilp32/libc_nano.a(lib_a-malloc.o)
                0x000000008000e084                free

.text.memcmp    0x000000008000e094       0x30
 .text.memcmp   0x000000008000e094       0x30 /opt/riscv64-unknown-elf-gcc-8.3.0-2019.08.0-x86_64-linux-ubuntu14/bin/../lib/gcc/riscv64-unknown-elf/8.3.0/../../../../riscv64-unknown-elf/lib/rv32i/ilp32/libc_nano.a(lib_a-memcmp.o)
                0x000000008000e094                memcmp

.text.memcpy    0x000000008000e0c4       0xd8
 .text.memcpy   0x000000008000e0c4       0xd8 /opt/riscv64-unknown-elf-gcc-8.3.0-2019.08.0-x86_64-linux-ubuntu14/bin/../lib/gcc/riscv64-unknown-elf/8.3.0/../../../../riscv64-unknown-elf/lib/rv32i/ilp32/libc_nano.a(lib_a-memcpy.o)
                0x000000008000e0c4                memcpy

.text.memmove   0x000000008000e19c       0x5c
 .text.memmove  0x000000008000e19c       0x5c /opt/riscv64-unknown-elf-gcc-8.3.0-2019.08.0-x86_64-linux-ubuntu14/bin/../lib/gcc/riscv64-unknown-elf/8.3.0/../../../../riscv64-unknown-elf/lib/rv32i/ilp32/libc_nano.a(lib_a-memmove-stub.o)
                0x000000008000e19c                memmove

.text._calloc_r
                0x000000008000e1f8       0x54
 .text._calloc_r
                0x000000008000e1f8       0x54 /opt/riscv64-unknown-elf-gcc-8.3.0-2019.08.0-x86_64-linux-ubuntu14/bin/../lib/gcc/riscv64-unknown-elf/8.3.0/../../../../riscv64-unknown-elf/lib/rv32i/ilp32/libc_nano.a(lib_a-nano-callocr.o)
                0x000000008000e1f8                _calloc_r

.text._free_r   0x000000008000e24c      0x104
 .text._free_r  0x000000008000e24c      0x104 /opt/riscv64-unknown-elf-gcc-8.3.0-2019.08.0-x86_64-linux-ubuntu14/bin/../lib/gcc/riscv64-unknown-elf/8.3.0/../../../../riscv64-unknown-elf/lib/rv32i/ilp32/libc_nano.a(lib_a-nano-freer.o)
                0x000000008000e24c                _free_r

.text._malloc_r
                0x000000008000e350      0x14c
 .text._malloc_r
                0x000000008000e350      0x14c /opt/riscv64-unknown-elf-gcc-8.3.0-2019.08.0-x86_64-linux-ubuntu14/bin/../lib/gcc/riscv64-unknown-elf/8.3.0/../../../../riscv64-unknown-elf/lib/rv32i/ilp32/libc_nano.a(lib_a-nano-mallocr.o)
                0x000000008000e350                _malloc_r

.text._printf_r
                0x000000008000e49c       0x68
 .text._printf_r
                0x000000008000e49c       0x68 /opt/riscv64-unknown-elf-gcc-8.3.0-2019.08.0-x86_64-linux-ubuntu14/bin/../lib/gcc/riscv64-unknown-elf/8.3.0/../../../../riscv64-unknown-elf/lib/rv32i/ilp32/libc_nano.a(lib_a-printf.o)
                0x000000008000e49c                _printf_r
                0x000000008000e49c                _iprintf_r

.text.printf    0x000000008000e504       0x78
 .text.printf   0x000000008000e504       0x78 /opt/riscv64-unknown-elf-gcc-8.3.0-2019.08.0-x86_64-linux-ubuntu14/bin/../lib/gcc/riscv64-unknown-elf/8.3.0/../../../../riscv64-unknown-elf/lib/rv32i/ilp32/libc_nano.a(lib_a-printf.o)
                0x000000008000e504                printf
                0x000000008000e504                iprintf

.text._putchar_r
                0x000000008000e57c       0x40
 .text._putchar_r
                0x000000008000e57c       0x40 /opt/riscv64-unknown-elf-gcc-8.3.0-2019.08.0-x86_64-linux-ubuntu14/bin/../lib/gcc/riscv64-unknown-elf/8.3.0/../../../../riscv64-unknown-elf/lib/rv32i/ilp32/libc_nano.a(lib_a-putchar.o)
                0x000000008000e57c                _putchar_r

.text.putchar   0x000000008000e5bc       0x4c
 .text.putchar  0x000000008000e5bc       0x4c /opt/riscv64-unknown-elf-gcc-8.3.0-2019.08.0-x86_64-linux-ubuntu14/bin/../lib/gcc/riscv64-unknown-elf/8.3.0/../../../../riscv64-unknown-elf/lib/rv32i/ilp32/libc_nano.a(lib_a-putchar.o)
                0x000000008000e5bc                putchar

.text._putc_r   0x000000008000e608       0xc4
 .text._putc_r  0x000000008000e608       0xc4 /opt/riscv64-unknown-elf-gcc-8.3.0-2019.08.0-x86_64-linux-ubuntu14/bin/../lib/gcc/riscv64-unknown-elf/8.3.0/../../../../riscv64-unknown-elf/lib/rv32i/ilp32/libc_nano.a(lib_a-putc.o)
                0x000000008000e608                _putc_r

.text.putc      0x000000008000e6cc       0x14
 .text.putc     0x000000008000e6cc       0x14 /opt/riscv64-unknown-elf-gcc-8.3.0-2019.08.0-x86_64-linux-ubuntu14/bin/../lib/gcc/riscv64-unknown-elf/8.3.0/../../../../riscv64-unknown-elf/lib/rv32i/ilp32/libc_nano.a(lib_a-putc.o)
                0x000000008000e6cc                putc

.text._sbrk_r   0x000000008000e6e0       0x44
 .text._sbrk_r  0x000000008000e6e0       0x44 /opt/riscv64-unknown-elf-gcc-8.3.0-2019.08.0-x86_64-linux-ubuntu14/bin/../lib/gcc/riscv64-unknown-elf/8.3.0/../../../../riscv64-unknown-elf/lib/rv32i/ilp32/libc_nano.a(lib_a-sbrkr.o)
                0x000000008000e6e0                _sbrk_r

.text._snprintf_r
                0x000000008000e724       0xb0
 .text._snprintf_r
                0x000000008000e724       0xb0 /opt/riscv64-unknown-elf-gcc-8.3.0-2019.08.0-x86_64-linux-ubuntu14/bin/../lib/gcc/riscv64-unknown-elf/8.3.0/../../../../riscv64-unknown-elf/lib/rv32i/ilp32/libc_nano.a(lib_a-snprintf.o)
                0x000000008000e724                _sniprintf_r
                0x000000008000e724                _snprintf_r

.text.snprintf  0x000000008000e7d4       0xb8
 .text.snprintf
                0x000000008000e7d4       0xb8 /opt/riscv64-unknown-elf-gcc-8.3.0-2019.08.0-x86_64-linux-ubuntu14/bin/../lib/gcc/riscv64-unknown-elf/8.3.0/../../../../riscv64-unknown-elf/lib/rv32i/ilp32/libc_nano.a(lib_a-snprintf.o)
                0x000000008000e7d4                snprintf
                0x000000008000e7d4                sniprintf

.text._sprintf_r
                0x000000008000e88c       0x64
 .text._sprintf_r
                0x000000008000e88c       0x64 /opt/riscv64-unknown-elf-gcc-8.3.0-2019.08.0-x86_64-linux-ubuntu14/bin/../lib/gcc/riscv64-unknown-elf/8.3.0/../../../../riscv64-unknown-elf/lib/rv32i/ilp32/libc_nano.a(lib_a-sprintf.o)
                0x000000008000e88c                _siprintf_r
                0x000000008000e88c                _sprintf_r

.text.sprintf   0x000000008000e8f0       0x74
 .text.sprintf  0x000000008000e8f0       0x74 /opt/riscv64-unknown-elf-gcc-8.3.0-2019.08.0-x86_64-linux-ubuntu14/bin/../lib/gcc/riscv64-unknown-elf/8.3.0/../../../../riscv64-unknown-elf/lib/rv32i/ilp32/libc_nano.a(lib_a-sprintf.o)
                0x000000008000e8f0                sprintf
                0x000000008000e8f0                siprintf

.text.__sread   0x000000008000e964       0x50
 .text.__sread  0x000000008000e964       0x50 /opt/riscv64-unknown-elf-gcc-8.3.0-2019.08.0-x86_64-linux-ubuntu14/bin/../lib/gcc/riscv64-unknown-elf/8.3.0/../../../../riscv64-unknown-elf/lib/rv32i/ilp32/libc_nano.a(lib_a-stdio.o)
                0x000000008000e964                __sread

.text.__seofread
                0x000000008000e9b4        0x8
 .text.__seofread
                0x000000008000e9b4        0x8 /opt/riscv64-unknown-elf-gcc-8.3.0-2019.08.0-x86_64-linux-ubuntu14/bin/../lib/gcc/riscv64-unknown-elf/8.3.0/../../../../riscv64-unknown-elf/lib/rv32i/ilp32/libc_nano.a(lib_a-stdio.o)
                0x000000008000e9b4                __seofread

.text.__swrite  0x000000008000e9bc       0x84
 .text.__swrite
                0x000000008000e9bc       0x84 /opt/riscv64-unknown-elf-gcc-8.3.0-2019.08.0-x86_64-linux-ubuntu14/bin/../lib/gcc/riscv64-unknown-elf/8.3.0/../../../../riscv64-unknown-elf/lib/rv32i/ilp32/libc_nano.a(lib_a-stdio.o)
                0x000000008000e9bc                __swrite

.text.__sseek   0x000000008000ea40       0x58
 .text.__sseek  0x000000008000ea40       0x58 /opt/riscv64-unknown-elf-gcc-8.3.0-2019.08.0-x86_64-linux-ubuntu14/bin/../lib/gcc/riscv64-unknown-elf/8.3.0/../../../../riscv64-unknown-elf/lib/rv32i/ilp32/libc_nano.a(lib_a-stdio.o)
                0x000000008000ea40                __sseek

.text.__sclose  0x000000008000ea98        0x8
 .text.__sclose
                0x000000008000ea98        0x8 /opt/riscv64-unknown-elf-gcc-8.3.0-2019.08.0-x86_64-linux-ubuntu14/bin/../lib/gcc/riscv64-unknown-elf/8.3.0/../../../../riscv64-unknown-elf/lib/rv32i/ilp32/libc_nano.a(lib_a-stdio.o)
                0x000000008000ea98                __sclose

.text.strlen    0x000000008000eaa0       0x1c
 .text.strlen   0x000000008000eaa0       0x1c /opt/riscv64-unknown-elf-gcc-8.3.0-2019.08.0-x86_64-linux-ubuntu14/bin/../lib/gcc/riscv64-unknown-elf/8.3.0/../../../../riscv64-unknown-elf/lib/rv32i/ilp32/libc_nano.a(lib_a-strlen.o)
                0x000000008000eaa0                strlen

.text.strncmp   0x000000008000eabc       0x3c
 .text.strncmp  0x000000008000eabc       0x3c /opt/riscv64-unknown-elf-gcc-8.3.0-2019.08.0-x86_64-linux-ubuntu14/bin/../lib/gcc/riscv64-unknown-elf/8.3.0/../../../../riscv64-unknown-elf/lib/rv32i/ilp32/libc_nano.a(lib_a-strncmp.o)
                0x000000008000eabc                strncmp

.text._strtol_l.isra.0
                0x000000008000eaf8      0x20c
 .text._strtol_l.isra.0
                0x000000008000eaf8      0x20c /opt/riscv64-unknown-elf-gcc-8.3.0-2019.08.0-x86_64-linux-ubuntu14/bin/../lib/gcc/riscv64-unknown-elf/8.3.0/../../../../riscv64-unknown-elf/lib/rv32i/ilp32/libc_nano.a(lib_a-strtol.o)

.text._strtol_r
                0x000000008000ed04        0x4
 .text._strtol_r
                0x000000008000ed04        0x4 /opt/riscv64-unknown-elf-gcc-8.3.0-2019.08.0-x86_64-linux-ubuntu14/bin/../lib/gcc/riscv64-unknown-elf/8.3.0/../../../../riscv64-unknown-elf/lib/rv32i/ilp32/libc_nano.a(lib_a-strtol.o)
                0x000000008000ed04                _strtol_r

.text.strtol_l  0x000000008000ed08       0x18
 .text.strtol_l
                0x000000008000ed08       0x18 /opt/riscv64-unknown-elf-gcc-8.3.0-2019.08.0-x86_64-linux-ubuntu14/bin/../lib/gcc/riscv64-unknown-elf/8.3.0/../../../../riscv64-unknown-elf/lib/rv32i/ilp32/libc_nano.a(lib_a-strtol.o)
                0x000000008000ed08                strtol_l

.text.strtol    0x000000008000ed20       0x18
 .text.strtol   0x000000008000ed20       0x18 /opt/riscv64-unknown-elf-gcc-8.3.0-2019.08.0-x86_64-linux-ubuntu14/bin/../lib/gcc/riscv64-unknown-elf/8.3.0/../../../../riscv64-unknown-elf/lib/rv32i/ilp32/libc_nano.a(lib_a-strtol.o)
                0x000000008000ed20                strtol

.text.__swbuf_r
                0x000000008000ed38      0x138
 .text.__swbuf_r
                0x000000008000ed38      0x138 /opt/riscv64-unknown-elf-gcc-8.3.0-2019.08.0-x86_64-linux-ubuntu14/bin/../lib/gcc/riscv64-unknown-elf/8.3.0/../../../../riscv64-unknown-elf/lib/rv32i/ilp32/libc_nano.a(lib_a-wbuf.o)
                0x000000008000ed38                __swbuf_r

.text.__swbuf   0x000000008000ee70       0x14
 .text.__swbuf  0x000000008000ee70       0x14 /opt/riscv64-unknown-elf-gcc-8.3.0-2019.08.0-x86_64-linux-ubuntu14/bin/../lib/gcc/riscv64-unknown-elf/8.3.0/../../../../riscv64-unknown-elf/lib/rv32i/ilp32/libc_nano.a(lib_a-wbuf.o)
                0x000000008000ee70                __swbuf

.text._write_r  0x000000008000ee84       0x4c
 .text._write_r
                0x000000008000ee84       0x4c /opt/riscv64-unknown-elf-gcc-8.3.0-2019.08.0-x86_64-linux-ubuntu14/bin/../lib/gcc/riscv64-unknown-elf/8.3.0/../../../../riscv64-unknown-elf/lib/rv32i/ilp32/libc_nano.a(lib_a-writer.o)
                0x000000008000ee84                _write_r

.text.__swsetup_r
                0x000000008000eed0      0x17c
 .text.__swsetup_r
                0x000000008000eed0      0x17c /opt/riscv64-unknown-elf-gcc-8.3.0-2019.08.0-x86_64-linux-ubuntu14/bin/../lib/gcc/riscv64-unknown-elf/8.3.0/../../../../riscv64-unknown-elf/lib/rv32i/ilp32/libc_nano.a(lib_a-wsetup.o)
                0x000000008000eed0                __swsetup_r

.text._close_r  0x000000008000f04c       0x44
 .text._close_r
                0x000000008000f04c       0x44 /opt/riscv64-unknown-elf-gcc-8.3.0-2019.08.0-x86_64-linux-ubuntu14/bin/../lib/gcc/riscv64-unknown-elf/8.3.0/../../../../riscv64-unknown-elf/lib/rv32i/ilp32/libc_nano.a(lib_a-closer.o)
                0x000000008000f04c                _close_r

.text._lseek_r  0x000000008000f090       0x4c
 .text._lseek_r
                0x000000008000f090       0x4c /opt/riscv64-unknown-elf-gcc-8.3.0-2019.08.0-x86_64-linux-ubuntu14/bin/../lib/gcc/riscv64-unknown-elf/8.3.0/../../../../riscv64-unknown-elf/lib/rv32i/ilp32/libc_nano.a(lib_a-lseekr.o)
                0x000000008000f090                _lseek_r

.text.__swhatbuf_r
                0x000000008000f0dc       0x8c
 .text.__swhatbuf_r
                0x000000008000f0dc       0x8c /opt/riscv64-unknown-elf-gcc-8.3.0-2019.08.0-x86_64-linux-ubuntu14/bin/../lib/gcc/riscv64-unknown-elf/8.3.0/../../../../riscv64-unknown-elf/lib/rv32i/ilp32/libc_nano.a(lib_a-makebuf.o)
                0x000000008000f0dc                __swhatbuf_r

.text.__smakebuf_r
                0x000000008000f168       0xf0
 .text.__smakebuf_r
                0x000000008000f168       0xf0 /opt/riscv64-unknown-elf-gcc-8.3.0-2019.08.0-x86_64-linux-ubuntu14/bin/../lib/gcc/riscv64-unknown-elf/8.3.0/../../../../riscv64-unknown-elf/lib/rv32i/ilp32/libc_nano.a(lib_a-makebuf.o)
                0x000000008000f168                __smakebuf_r

.text.__ssputs_r
                0x000000008000f258      0x16c
 .text.__ssputs_r
                0x000000008000f258      0x16c /opt/riscv64-unknown-elf-gcc-8.3.0-2019.08.0-x86_64-linux-ubuntu14/bin/../lib/gcc/riscv64-unknown-elf/8.3.0/../../../../riscv64-unknown-elf/lib/rv32i/ilp32/libc_nano.a(lib_a-nano-svfprintf.o)
                0x000000008000f258                __ssputs_r

.text.__ssprint_r
                0x000000008000f3c4      0x1bc
 .text.__ssprint_r