Archive member included to satisfy reference by file (symbol)

/opt/riscv64-unknown-elf-gcc-8.3.0-2019.08.0-x86_64-linux-ubuntu14/bin/../lib/gcc/riscv64-unknown-elf/8.3.0/../../../../riscv64-unknown-elf/lib/rv32i/ilp32/libc_nano.a(lib_a-atoi.o)
                              build/./src/lwip/core/netif.o (atoi)
/opt/riscv64-unknown-elf-gcc-8.3.0-2019.08.0-x86_64-linux-ubuntu14/bin/../lib/gcc/riscv64-unknown-elf/8.3.0/../../../../riscv64-unknown-elf/lib/rv32i/ilp32/libc_nano.a(lib_a-calloc.o)
                              build/./src/lwip/core/mem.o (calloc)
/opt/riscv64-unknown-elf-gcc-8.3.0-2019.08.0-x86_64-linux-ubuntu14/bin/../lib/gcc/riscv64-unknown-elf/8.3.0/../../../../riscv64-unknown-elf/lib/rv32i/ilp32/libc_nano.a(lib_a-ctype_.o)
                              build/./src/lwip/core/ipv4/ip4_addr.o (_ctype_)
/opt/riscv64-unknown-elf-gcc-8.3.0-2019.08.0-x86_64-linux-ubuntu14/bin/../lib/gcc/riscv64-unknown-elf/8.3.0/../../../../riscv64-unknown-elf/lib/rv32i/ilp32/libc_nano.a(lib_a-fflush.o)
                              build/src/main.o (fflush)
/opt/riscv64-unknown-elf-gcc-8.3.0-2019.08.0-x86_64-linux-ubuntu14/bin/../lib/gcc/riscv64-unknown-elf/8.3.0/../../../../riscv64-unknown-elf/lib/rv32i/ilp32/libc_nano.a(lib_a-findfp.o)
                              /opt/riscv64-unknown-elf-gcc-8.3.0-2019.08.0-x86_64-linux-ubuntu14/bin/../lib/gcc/riscv64-unknown-elf/8.3.0/../../../../riscv64-unknown-elf/lib/rv32i/ilp32/libc_nano.a(lib_a-fflush.o) (__sinit)
/opt/riscv64-unknown-elf-gcc-8.3.0-2019.08.0-x86_64-linux-ubuntu14/bin/../lib/gcc/riscv64-unknown-elf/8.3.0/../../../../riscv64-unknown-elf/lib/rv32i/ilp32/libc_nano.a(lib_a-fpurge.o)
                              build/src/main.o (fpurge)
/opt/riscv64-unknown-elf-gcc-8.3.0-2019.08.0-x86_64-linux-ubuntu14/bin/../lib/gcc/riscv64-unknown-elf/8.3.0/../../../../riscv64-unknown-elf/lib/rv32i/ilp32/libc_nano.a(lib_a-fwalk.o)
                              /opt/riscv64-unknown-elf-gcc-8.3.0-2019.08.0-x86_64-linux-ubuntu14/bin/../lib/gcc/riscv64-unknown-elf/8.3.0/../../../../riscv64-unknown-elf/lib/rv32i/ilp32/libc_nano.a(lib_a-findfp.o) (_fwalk)
/opt/riscv64-unknown-elf-gcc-8.3.0-2019.08.0-x86_64-linux-ubuntu14/bin/../lib/gcc/riscv64-unknown-elf/8.3.0/../../../../riscv64-unknown-elf/lib/rv32i/ilp32/libc_nano.a(lib_a-impure.o)
                              /opt/riscv64-unknown-elf-gcc-8.3.0-2019.08.0-x86_64-linux-ubuntu14/bin/../lib/gcc/riscv64-unknown-elf/8.3.0/../../../../riscv64-unknown-elf/lib/rv32i/ilp32/libc_nano.a(lib_a-fflush.o) (_global_impure_ptr)
/opt/riscv64-unknown-elf-gcc-8.3.0-2019.08.0-x86_64-linux-ubuntu14/bin/../lib/gcc/riscv64-unknown-elf/8.3.0/../../../../riscv64-unknown-elf/lib/rv32i/ilp32/libc_nano.a(lib_a-malloc.o)
                              build/src/main.o (malloc)
/opt/riscv64-unknown-elf-gcc-8.3.0-2019.08.0-x86_64-linux-ubuntu14/bin/../lib/gcc/riscv64-unknown-elf/8.3.0/../../../../riscv64-unknown-elf/lib/rv32i/ilp32/libc_nano.a(lib_a-memcmp.o)
                              build/./src/lwip/netif/ethernet.o (memcmp)
/opt/riscv64-unknown-elf-gcc-8.3.0-2019.08.0-x86_64-linux-ubuntu14/bin/../lib/gcc/riscv64-unknown-elf/8.3.0/../../../../riscv64-unknown-elf/lib/rv32i/ilp32/libc_nano.a(lib_a-memcpy.o)
                              build/src/main.o (memcpy)
/opt/riscv64-unknown-elf-gcc-8.3.0-2019.08.0-x86_64-linux-ubuntu14/bin/../lib/gcc/riscv64-unknown-elf/8.3.0/../../../../riscv64-unknown-elf/lib/rv32i/ilp32/libc_nano.a(lib_a-memmove-stub.o)
                              build/./src/lwip/core/def.o (memmove)
/opt/riscv64-unknown-elf-gcc-8.3.0-2019.08.0-x86_64-linux-ubuntu14/bin/../lib/gcc/riscv64-unknown-elf/8.3.0/../../../../riscv64-unknown-elf/lib/rv32i/ilp32/libc_nano.a(lib_a-memset.o)
                              build/src/main.o (memset)
/opt/riscv64-unknown-elf-gcc-8.3.0-2019.08.0-x86_64-linux-ubuntu14/bin/../lib/gcc/riscv64-unknown-elf/8.3.0/../../../../riscv64-unknown-elf/lib/rv32i/ilp32/libc_nano.a(lib_a-nano-callocr.o)
                              /opt/riscv64-unknown-elf-gcc-8.3.0-2019.08.0-x86_64-linux-ubuntu14/bin/../lib/gcc/riscv64-unknown-elf/8.3.0/../../../../riscv64-unknown-elf/lib/rv32i/ilp32/libc_nano.a(lib_a-calloc.o) (_calloc_r)
/opt/riscv64-unknown-elf-gcc-8.3.0-2019.08.0-x86_64-linux-ubuntu14/bin/../lib/gcc/riscv64-unknown-elf/8.3.0/../../../../riscv64-unknown-elf/lib/rv32i/ilp32/libc_nano.a(lib_a-nano-freer.o)
                              /opt/riscv64-unknown-elf-gcc-8.3.0-2019.08.0-x86_64-linux-ubuntu14/bin/../lib/gcc/riscv64-unknown-elf/8.3.0/../../../../riscv64-unknown-elf/lib/rv32i/ilp32/libc_nano.a(lib_a-fflush.o) (_free_r)
/opt/riscv64-unknown-elf-gcc-8.3.0-2019.08.0-x86_64-linux-ubuntu14/bin/../lib/gcc/riscv64-unknown-elf/8.3.0/../../../../riscv64-unknown-elf/lib/rv32i/ilp32/libc_nano.a(lib_a-nano-mallocr.o)
[...]
Memory Configuration

Name             Origin             Length             Attributes
RAM              0x0000000080000000 0x0000000000018000 xrw
*default*        0x0000000000000000 0xffffffffffffffff

Linker script and memory map

LOAD build/src/crc16.o
LOAD build/src/font_6x8.o
LOAD build/src/font_12x16.o
LOAD build/src/main.o
LOAD build/src/modbus_rtu.o
LOAD build/src/config.o
LOAD build/src/eeprom.o
LOAD build/src/modbus.o
LOAD build/src/mac.o
LOAD build/src/hub.o
LOAD build/src/modbus_udp.o
LOAD build/src/plic.o
LOAD build/src/audiodac.o
LOAD build/src/i2c.o
LOAD build/src/utils.o
LOAD build/src/crt.o
LOAD build/./src/lwip/core/init.o
LOAD build/./src/lwip/core/def.o
LOAD build/./src/lwip/core/dns.o
LOAD build/./src/lwip/core/inet_chksum.o
LOAD build/./src/lwip/core/ip.o
LOAD build/./src/lwip/core/mem.o
LOAD build/./src/lwip/core/memp.o
LOAD build/./src/lwip/core/netif.o
LOAD build/./src/lwip/core/pbuf.o
LOAD build/./src/lwip/core/raw.o
LOAD build/./src/lwip/core/stats.o
LOAD build/./src/lwip/core/sys.o
LOAD build/./src/lwip/core/altcp.o
LOAD build/./src/lwip/core/altcp_alloc.o
LOAD build/./src/lwip/core/altcp_tcp.o
LOAD build/./src/lwip/core/tcp.o
LOAD build/./src/lwip/core/tcp_in.o
LOAD build/./src/lwip/core/tcp_out.o
LOAD build/./src/lwip/core/timeouts.o
LOAD build/./src/lwip/core/udp.o
LOAD build/./src/lwip/core/ipv4/autoip.o
LOAD build/./src/lwip/core/ipv4/dhcp.o
LOAD build/./src/lwip/core/ipv4/etharp.o
LOAD build/./src/lwip/core/ipv4/icmp.o
LOAD build/./src/lwip/core/ipv4/igmp.o
LOAD build/./src/lwip/core/ipv4/ip4_frag.o
LOAD build/./src/lwip/core/ipv4/ip4.o
LOAD build/./src/lwip/core/ipv4/ip4_addr.o
LOAD build/./src/lwip/netif/ethernet.o
LOAD /opt/riscv64-unknown-elf-gcc-8.3.0-2019.08.0-x86_64-linux-ubuntu14/bin/../lib/gcc/riscv64-unknown-elf/8.3.0/../../../../riscv64-unknown-elf/lib/rv32i/ilp32/libnosys.a
LOAD /opt/riscv64-unknown-elf-gcc-8.3.0-2019.08.0-x86_64-linux-ubuntu14/bin/../lib/gcc/riscv64-unknown-elf/8.3.0/../../../../riscv64-unknown-elf/lib/rv32i/ilp32/libc_nano.a
LOAD /opt/riscv64-unknown-elf-gcc-8.3.0-2019.08.0-x86_64-linux-ubuntu14/bin/../lib/gcc/riscv64-unknown-elf/8.3.0/rv32i/ilp32/libgcc.a
                0x0000000000001000                _stack_size = DEFINED (_stack_size)?_stack_size:0x1000
                0x0000000000000000                _ram_heap_size = DEFINED (_ram_heap_size)?_ram_heap_size:0x0

._vector        0x0000000080000000      0x134
 *crt.o(.start_jump)
 .start_jump    0x0000000080000000       0x10 build/src/crt.o
                0x0000000080000000                crtStart
 *crt.o(.text)
 *fill*         0x0000000080000010       0x10 
 .text          0x0000000080000020      0x114 build/src/crt.o
                0x0000000080000020                trap_entry

.data           0x0000000080000134     0x3196
 *(.rdata)
 *(.rodata .rodata.*)
 .rodata        0x0000000080000134      0x600 build/src/font_6x8.o
                0x0000000080000134                font_6x8
 .rodata        0x0000000080000734     0x1800 build/src/font_12x16.o
                0x0000000080000734                font_12x16
 .rodata        0x0000000080001f34       0xf0 build/src/main.o
                0x0000000080001f34                saw_table
                0x0000000080001f84                sine_table
 .rodata.str1.4
                0x0000000080002024      0x36d build/src/main.o
                                        0x371 (size before relaxing)
 *fill*         0x0000000080002391        0x3 
 .rodata.str1.4
                0x0000000080002394       0x96 build/src/modbus_rtu.o
 *fill*         0x000000008000242a        0x2 
 .rodata.str1.4
                0x000000008000242c      0x14f build/src/config.o
 *fill*         0x000000008000257b        0x1 
 .rodata.str1.4
                0x000000008000257c      0x1d4 build/src/eeprom.o
 .rodata        0x0000000080002750       0x44 build/src/modbus.o
 .rodata.str1.4
                0x0000000080002794      0x137 build/src/modbus.o
 *fill*         0x00000000800028cb        0x1 
 .rodata.str1.4
                0x00000000800028cc      0x1b1 build/src/mac.o
 *fill*         0x0000000080002a7d        0x3 
 .rodata.str1.4
                0x0000000080002a80      0x115 build/src/modbus_udp.o
 *fill*         0x0000000080002b95        0x3 
 .rodata.str1.4
                0x0000000080002b98       0x4d build/src/plic.o
 *fill*         0x0000000080002be5        0x3 
 .rodata.str1.4
                0x0000000080002be8      0x1bd build/src/audiodac.o
 *fill*         0x0000000080002da5        0x3 
 .rodata.str1.4
                0x0000000080002da8       0x5f build/src/utils.o
 *fill*         0x0000000080002e07        0x1 
 .rodata.str1.4
                0x0000000080002e08       0x3f build/./src/lwip/core/mem.o
 *fill*         0x0000000080002e47        0x1 
 .rodata        0x0000000080002e48       0x18 build/./src/lwip/core/memp.o
                0x0000000080002e48                memp_pools
 .rodata.str1.4
                0x0000000080002e60       0x4c build/./src/lwip/core/memp.o
 .rodata.str1.4
                0x0000000080002eac       0x15 build/./src/lwip/core/pbuf.o
 *fill*         0x0000000080002ec1        0x3 
 .rodata.str1.4
                0x0000000080002ec4       0x14 build/./src/lwip/core/raw.o
 .rodata        0x0000000080002ed8       0x18 build/./src/lwip/core/timeouts.o
                0x0000000080002ed8                lwip_cyclic_timers
 .rodata.str1.4
                0x0000000080002ef0       0x19 build/./src/lwip/core/timeouts.o
 *fill*         0x0000000080002f09        0x3 
 .rodata.str1.4
                0x0000000080002f0c       0x14 build/./src/lwip/core/udp.o
 .rodata.str1.4
                0x0000000080002f20       0x1e build/./src/lwip/core/ipv4/ip4_frag.o
 *fill*         0x0000000080002f3e        0x2 
 .rodata._ctype_
                0x0000000080002f40      0x101 /opt/riscv64-unknown-elf-gcc-8.3.0-2019.08.0-x86_64-linux-ubuntu14/bin/../lib/gcc/riscv64-unknown-elf/8.3.0/../../../../riscv64-unknown-elf/lib/rv32i/ilp32/libc_nano.a(lib_a-ctype_.o)
                0x0000000080002f40                _ctype_
 *fill*         0x0000000080003041        0x3 
 .rodata.__sf_fake_stderr
                0x0000000080003044       0x20 /opt/riscv64-unknown-elf-gcc-8.3.0-2019.08.0-x86_64-linux-ubuntu14/bin/../lib/gcc/riscv64-unknown-elf/8.3.0/../../../../riscv64-unknown-elf/lib/rv32i/ilp32/libc_nano.a(lib_a-findfp.o)
                0x0000000080003044                __sf_fake_stderr
 .rodata.__sf_fake_stdin
                0x0000000080003064       0x20 /opt/riscv64-unknown-elf-gcc-8.3.0-2019.08.0-x86_64-linux-ubuntu14/bin/../lib/gcc/riscv64-unknown-elf/8.3.0/../../../../riscv64-unknown-elf/lib/rv32i/ilp32/libc_nano.a(lib_a-findfp.o)
                0x0000000080003064                __sf_fake_stdin
 .rodata.__sf_fake_stdout
                0x0000000080003084       0x20 /opt/riscv64-unknown-elf-gcc-8.3.0-2019.08.0-x86_64-linux-ubuntu14/bin/../lib/gcc/riscv64-unknown-elf/8.3.0/../../../../riscv64-unknown-elf/lib/rv32i/ilp32/libc_nano.a(lib_a-findfp.o)
                0x0000000080003084                __sf_fake_stdout
 .rodata._svfprintf_r.str1.4
                0x00000000800030a4       0x13 /opt/riscv64-unknown-elf-gcc-8.3.0-2019.08.0-x86_64-linux-ubuntu14/bin/../lib/gcc/riscv64-unknown-elf/8.3.0/../../../../riscv64-unknown-elf/lib/rv32i/ilp32/libc_nano.a(lib_a-nano-svfprintf.o)
 *fill*         0x00000000800030b7        0x1 
 .rodata._printf_i.str1.4
                0x00000000800030b8       0x28 /opt/riscv64-unknown-elf-gcc-8.3.0-2019.08.0-x86_64-linux-ubuntu14/bin/../lib/gcc/riscv64-unknown-elf/8.3.0/../../../../riscv64-unknown-elf/lib/rv32i/ilp32/libc_nano.a(lib_a-nano-vfprintf_i.o)
                                         0x25 (size before relaxing)
 .rodata._vfprintf_r.str1.4
                0x00000000800030e0       0x13 /opt/riscv64-unknown-elf-gcc-8.3.0-2019.08.0-x86_64-linux-ubuntu14/bin/../lib/gcc/riscv64-unknown-elf/8.3.0/../../../../riscv64-unknown-elf/lib/rv32i/ilp32/libc_nano.a(lib_a-nano-vfprintf.o)
 .rodata        0x00000000800030e0      0x100 /opt/riscv64-unknown-elf-gcc-8.3.0-2019.08.0-x86_64-linux-ubuntu14/bin/../lib/gcc/riscv64-unknown-elf/8.3.0/rv32i/ilp32/libgcc.a(_clz.o)
                0x00000000800030e0                __clz_tab
 *(.gnu.linkonce.r.*)
 *(.data .data.*)
 .data          0x00000000800031e0        0x0 build/src/crc16.o
 .data          0x00000000800031e0        0x0 build/src/font_6x8.o
 .data          0x00000000800031e0        0x0 build/src/font_12x16.o
 .data          0x00000000800031e0        0x0 build/src/main.o
 .data          0x00000000800031e0        0x0 build/src/modbus_rtu.o
 .data          0x00000000800031e0       0x20 build/src/config.o
                0x00000000800031e0                default_config
 .data          0x0000000080003200        0x0 build/src/eeprom.o
 .data          0x0000000080003200        0x0 build/src/modbus.o
 .data          0x0000000080003200        0x0 build/src/mac.o
 .data          0x0000000080003200        0xa build/src/hub.o
                0x0000000080003200                hub_configs
 .data          0x000000008000320a        0x0 build/src/modbus_udp.o
 .data          0x000000008000320a        0x0 build/src/plic.o
 .data          0x000000008000320a        0x0 build/src/audiodac.o
 .data          0x000000008000320a        0x0 build/src/i2c.o
 .data          0x000000008000320a        0x0 build/src/utils.o
 .data          0x000000008000320a        0x0 build/src/crt.o
 .data          0x000000008000320a        0x0 build/./src/lwip/core/init.o
 .data          0x000000008000320a        0x0 build/./src/lwip/core/def.o
 .data          0x000000008000320a        0x0 build/./src/lwip/core/dns.o
 .data          0x000000008000320a        0x0 build/./src/lwip/core/inet_chksum.o
 .data          0x000000008000320a        0x0 build/./src/lwip/core/ip.o
 .data          0x000000008000320a        0x0 build/./src/lwip/core/mem.o
 .data          0x000000008000320a        0x0 build/./src/lwip/core/memp.o
 .data          0x000000008000320a        0x0 build/./src/lwip/core/netif.o
 .data          0x000000008000320a        0x0 build/./src/lwip/core/pbuf.o
 .data          0x000000008000320a        0x0 build/./src/lwip/core/raw.o
 .data          0x000000008000320a        0x0 build/./src/lwip/core/stats.o
 .data          0x000000008000320a        0x0 build/./src/lwip/core/sys.o
 .data          0x000000008000320a        0x0 build/./src/lwip/core/altcp.o
 .data          0x000000008000320a        0x0 build/./src/lwip/core/altcp_alloc.o
 .data          0x000000008000320a        0x0 build/./src/lwip/core/altcp_tcp.o
 .data          0x000000008000320a        0x0 build/./src/lwip/core/tcp.o
 .data          0x000000008000320a        0x0 build/./src/lwip/core/tcp_in.o
 .data          0x000000008000320a        0x0 build/./src/lwip/core/tcp_out.o
 .data          0x000000008000320a        0x0 build/./src/lwip/core/timeouts.o
 .data          0x000000008000320a        0x0 build/./src/lwip/core/udp.o
 .data          0x000000008000320a        0x0 build/./src/lwip/core/ipv4/autoip.o
 .data          0x000000008000320a        0x0 build/./src/lwip/core/ipv4/dhcp.o
 .data          0x000000008000320a        0x0 build/./src/lwip/core/ipv4/etharp.o
 .data          0x000000008000320a        0x0 build/./src/lwip/core/ipv4/icmp.o
 .data          0x000000008000320a        0x0 build/./src/lwip/core/ipv4/igmp.o
 .data          0x000000008000320a        0x0 build/./src/lwip/core/ipv4/ip4_frag.o
 .data          0x000000008000320a        0x0 build/./src/lwip/core/ipv4/ip4.o
 .data          0x000000008000320a        0x0 build/./src/lwip/core/ipv4/ip4_addr.o
 .data          0x000000008000320a        0x0 build/./src/lwip/netif/ethernet.o
 .data          0x000000008000320a        0x0 /opt/riscv64-unknown-elf-gcc-8.3.0-2019.08.0-x86_64-linux-ubuntu14/bin/../lib/gcc/riscv64-unknown-elf/8.3.0/../../../../riscv64-unknown-elf/lib/rv32i/ilp32/libc_nano.a(lib_a-atoi.o)
 .data          0x000000008000320a        0x0 /opt/riscv64-unknown-elf-gcc-8.3.0-2019.08.0-x86_64-linux-ubuntu14/bin/../lib/gcc/riscv64-unknown-elf/8.3.0/../../../../riscv64-unknown-elf/lib/rv32i/ilp32/libc_nano.a(lib_a-calloc.o)
 .data          0x000000008000320a        0x0 /opt/riscv64-unknown-elf-gcc-8.3.0-2019.08.0-x86_64-linux-ubuntu14/bin/../lib/gcc/riscv64-unknown-elf/8.3.0/../../../../riscv64-unknown-elf/lib/rv32i/ilp32/libc_nano.a(lib_a-ctype_.o)
 .data          0x000000008000320a        0x0 /opt/riscv64-unknown-elf-gcc-8.3.0-2019.08.0-x86_64-linux-ubuntu14/bin/../lib/gcc/riscv64-unknown-elf/8.3.0/../../../../riscv64-unknown-elf/lib/rv32i/ilp32/libc_nano.a(lib_a-fflush.o)
 .data          0x000000008000320a        0x0 /opt/riscv64-unknown-elf-gcc-8.3.0-2019.08.0-x86_64-linux-ubuntu14/bin/../lib/gcc/riscv64-unknown-elf/8.3.0/../../../../riscv64-unknown-elf/lib/rv32i/ilp32/libc_nano.a(lib_a-findfp.o)
 .data          0x000000008000320a        0x0 /opt/riscv64-unknown-elf-gcc-8.3.0-2019.08.0-x86_64-linux-ubuntu14/bin/../lib/gcc/riscv64-unknown-elf/8.3.0/../../../../riscv64-unknown-elf/lib/rv32i/ilp32/libc_nano.a(lib_a-fpurge.o)
 .data          0x000000008000320a        0x0 /opt/riscv64-unknown-elf-gcc-8.3.0-2019.08.0-x86_64-linux-ubuntu14/bin/../lib/gcc/riscv64-unknown-elf/8.3.0/../../../../riscv64-unknown-elf/lib/rv32i/ilp32/libc_nano.a(lib_a-fwalk.o)
 .data          0x000000008000320a        0x0 /opt/riscv64-unknown-elf-gcc-8.3.0-2019.08.0-x86_64-linux-ubuntu14/bin/../lib/gcc/riscv64-unknown-elf/8.3.0/../../../../riscv64-unknown-elf/lib/rv32i/ilp32/libc_nano.a(lib_a-impure.o)
 *fill*         0x000000008000320a        0x2 
 .data.impure_data
                0x000000008000320c       0x60 /opt/riscv64-unknown-elf-gcc-8.3.0-2019.08.0-x86_64-linux-ubuntu14/bin/../lib/gcc/riscv64-unknown-elf/8.3.0/../../../../riscv64-unknown-elf/lib/rv32i/ilp32/libc_nano.a(lib_a-impure.o)
 .data          0x000000008000326c        0x0 /opt/riscv64-unknown-elf-gcc-8.3.0-2019.08.0-x86_64-linux-ubuntu14/bin/../lib/gcc/riscv64-unknown-elf/8.3.0/../../../../riscv64-unknown-elf/lib/rv32i/ilp32/libc_nano.a(lib_a-malloc.o)
 .data          0x000000008000326c        0x0 /opt/riscv64-unknown-elf-gcc-8.3.0-2019.08.0-x86_64-linux-ubuntu14/bin/../lib/gcc/riscv64-unknown-elf/8.3.0/../../../../riscv64-unknown-elf/lib/rv32i/ilp32/libc_nano.a(lib_a-memcmp.o)
 .data          0x000000008000326c        0x0 /opt/riscv64-unknown-elf-gcc-8.3.0-2019.08.0-x86_64-linux-ubuntu14/bin/../lib/gcc/riscv64-unknown-elf/8.3.0/../../../../riscv64-unknown-elf/lib/rv32i/ilp32/libc_nano.a(lib_a-memcpy.o)
 .data          0x000000008000326c        0x0 /opt/riscv64-unknown-elf-gcc-8.3.0-2019.08.0-x86_64-linux-ubuntu14/bin/../lib/gcc/riscv64-unknown-elf/8.3.0/../../../../riscv64-unknown-elf/lib/rv32i/ilp32/libc_nano.a(lib_a-memmove-stub.o)
 .data          0x000000008000326c        0x0 /opt/riscv64-unknown-elf-gcc-8.3.0-2019.08.0-x86_64-linux-ubuntu14/bin/../lib/gcc/riscv64-unknown-elf/8.3.0/../../../../riscv64-unknown-elf/lib/rv32i/ilp32/libc_nano.a(lib_a-memset.o)
 .data          0x000000008000326c        0x0 /opt/riscv64-unknown-elf-gcc-8.3.0-2019.08.0-x86_64-linux-ubuntu14/bin/../lib/gcc/riscv64-unknown-elf/8.3.0/../../../../riscv64-unknown-elf/lib/rv32i/ilp32/libc_nano.a(lib_a-nano-callocr.o)
 .data          0x000000008000326c        0x0 /opt/riscv64-unknown-elf-gcc-8.3.0-2019.08.0-x86_64-linux-ubuntu14/bin/../lib/gcc/riscv64-unknown-elf/8.3.0/../../../../riscv64-unknown-elf/lib/rv32i/ilp32/libc_nano.a(lib_a-nano-freer.o)
 .data          0x000000008000326c        0x0 /opt/riscv64-unknown-elf-gcc-8.3.0-2019.08.0-x86_64-linux-ubuntu14/bin/../lib/gcc/riscv64-unknown-elf/8.3.0/../../../../riscv64-unknown-elf/lib/rv32i/ilp32/libc_nano.a(lib_a-nano-mallocr.o)
 .data          0x000000008000326c        0x0 /opt/riscv64-unknown-elf-gcc-8.3.0-2019.08.0-x86_64-linux-ubuntu14/bin/../lib/gcc/riscv64-unknown-elf/8.3.0/../../../../riscv64-unknown-elf/lib/rv32i/ilp32/libc_nano.a(lib_a-printf.o)
 .data          0x000000008000326c        0x0 /opt/riscv64-unknown-elf-gcc-8.3.0-2019.08.0-x86_64-linux-ubuntu14/bin/../lib/gcc/riscv64-unknown-elf/8.3.0/../../../../riscv64-unknown-elf/lib/rv32i/ilp32/libc_nano.a(lib_a-putchar.o)
 .data          0x000000008000326c        0x0 /opt/riscv64-unknown-elf-gcc-8.3.0-2019.08.0-x86_64-linux-ubuntu14/bin/../lib/gcc/riscv64-unknown-elf/8.3.0/../../../../riscv64-unknown-elf/lib/rv32i/ilp32/libc_nano.a(lib_a-putc.o)
 .data          0x000000008000326c        0x0 /opt/riscv64-unknown-elf-gcc-8.3.0-2019.08.0-x86_64-linux-ubuntu14/bin/../lib/gcc/riscv64-unknown-elf/8.3.0/../../../../riscv64-unknown-elf/lib/rv32i/ilp32/libc_nano.a(lib_a-sbrkr.o)
 .data          0x000000008000326c        0x0 /opt/riscv64-unknown-elf-gcc-8.3.0-2019.08.0-x86_64-linux-ubuntu14/bin/../lib/gcc/riscv64-unknown-elf/8.3.0/../../../../riscv64-unknown-elf/lib/rv32i/ilp32/libc_nano.a(lib_a-snprintf.o)
 .data          0x000000008000326c        0x0 /opt/riscv64-unknown-elf-gcc-8.3.0-2019.08.0-x86_64-linux-ubuntu14/bin/../lib/gcc/riscv64-unknown-elf/8.3.0/../../../../riscv64-unknown-elf/lib/rv32i/ilp32/libc_nano.a(lib_a-sprintf.o)
 .data          0x000000008000326c        0x0 /opt/riscv64-unknown-elf-gcc-8.3.0-2019.08.0-x86_64-linux-ubuntu14/bin/../lib/gcc/riscv64-unknown-elf/8.3.0/../../../../riscv64-unknown-elf/lib/rv32i/ilp32/libc_nano.a(lib_a-stdio.o)
 .data          0x000000008000326c        0x0 /opt/riscv64-unknown-elf-gcc-8.3.0-2019.08.0-x86_64-linux-ubuntu14/bin/../lib/gcc/riscv64-unknown-elf/8.3.0/../../../../riscv64-unknown-elf/lib/rv32i/ilp32/libc_nano.a(lib_a-strlen.o)
 .data          0x000000008000326c        0x0 /opt/riscv64-unknown-elf-gcc-8.3.0-2019.08.0-x86_64-linux-ubuntu14/bin/../lib/gcc/riscv64-unknown-elf/8.3.0/../../../../riscv64-unknown-elf/lib/rv32i/ilp32/libc_nano.a(lib_a-strncmp.o)
 .data          0x000000008000326c        0x0 /opt/riscv64-unknown-elf-gcc-8.3.0-2019.08.0-x86_64-linux-ubuntu14/bin/../lib/gcc/riscv64-unknown-elf/8.3.0/../../../../riscv64-unknown-elf/lib/rv32i/ilp32/libc_nano.a(lib_a-strtol.o)
 .data          0x000000008000326c        0x0 /opt/riscv64-unknown-elf-gcc-8.3.0-2019.08.0-x86_64-linux-ubuntu14/bin/../lib/gcc/riscv64-unknown-elf/8.3.0/../../../../riscv64-unknown-elf/lib/rv32i/ilp32/libc_nano.a(lib_a-wbuf.o)
 .data          0x000000008000326c        0x0 /opt/riscv64-unknown-elf-gcc-8.3.0-2019.08.0-x86_64-linux-ubuntu14/bin/../lib/gcc/riscv64-unknown-elf/8.3.0/../../../../riscv64-unknown-elf/lib/rv32i/ilp32/libc_nano.a(lib_a-writer.o)
 .data          0x000000008000326c        0x0 /opt/riscv64-unknown-elf-gcc-8.3.0-2019.08.0-x86_64-linux-ubuntu14/bin/../lib/gcc/riscv64-unknown-elf/8.3.0/../../../../riscv64-unknown-elf/lib/rv32i/ilp32/libc_nano.a(lib_a-wsetup.o)
 .data          0x000000008000326c        0x0 /opt/riscv64-unknown-elf-gcc-8.3.0-2019.08.0-x86_64-linux-ubuntu14/bin/../lib/gcc/riscv64-unknown-elf/8.3.0/../../../../riscv64-unknown-elf/lib/rv32i/ilp32/libc_nano.a(lib_a-closer.o)
 .data          0x000000008000326c        0x0 /opt/riscv64-unknown-elf-gcc-8.3.0-2019.08.0-x86_64-linux-ubuntu14/bin/../lib/gcc/riscv64-unknown-elf/8.3.0/../../../../riscv64-unknown-elf/lib/rv32i/ilp32/libc_nano.a(lib_a-lseekr.o)
 .data          0x000000008000326c        0x0 /opt/riscv64-unknown-elf-gcc-8.3.0-2019.08.0-x86_64-linux-ubuntu14/bin/../lib/gcc/riscv64-unknown-elf/8.3.0/../../../../riscv64-unknown-elf/lib/rv32i/ilp32/libc_nano.a(lib_a-makebuf.o)
 .data          0x000000008000326c        0x0 /opt/riscv64-unknown-elf-gcc-8.3.0-2019.08.0-x86_64-linux-ubuntu14/bin/../lib/gcc/riscv64-unknown-elf/8.3.0/../../../../riscv64-unknown-elf/lib/rv32i/ilp32/libc_nano.a(lib_a-nano-svfprintf.o)
 .data          0x000000008000326c        0x0 /opt/riscv64-unknown-elf-gcc-8.3.0-2019.08.0-x86_64-linux-ubuntu14/bin/../lib/gcc/riscv64-unknown-elf/8.3.0/../../../../riscv64-unknown-elf/lib/rv32i/ilp32/libc_nano.a(lib_a-nano-vfprintf_i.o)
 .data          0x000000008000326c        0x0 /opt/riscv64-unknown-elf-gcc-8.3.0-2019.08.0-x86_64-linux-ubuntu14/bin/../lib/gcc/riscv64-unknown-elf/8.3.0/../../../../riscv64-unknown-elf/lib/rv32i/ilp32/libc_nano.a(lib_a-nano-vfprintf.o)
 .data          0x000000008000326c        0x0 /opt/riscv64-unknown-elf-gcc-8.3.0-2019.08.0-x86_64-linux-ubuntu14/bin/../lib/gcc/riscv64-unknown-elf/8.3.0/../../../../riscv64-unknown-elf/lib/rv32i/ilp32/libc_nano.a(lib_a-readr.o)
 .data          0x000000008000326c        0x0 /opt/riscv64-unknown-elf-gcc-8.3.0-2019.08.0-x86_64-linux-ubuntu14/bin/../lib/gcc/riscv64-unknown-elf/8.3.0/../../../../riscv64-unknown-elf/lib/rv32i/ilp32/libc_nano.a(lib_a-reent.o)
 .data          0x000000008000326c        0x0 /opt/riscv64-unknown-elf-gcc-8.3.0-2019.08.0-x86_64-linux-ubuntu14/bin/../lib/gcc/riscv64-unknown-elf/8.3.0/../../../../riscv64-unknown-elf/lib/rv32i/ilp32/libc_nano.a(lib_a-fstatr.o)
 .data          0x000000008000326c        0x0 /opt/riscv64-unknown-elf-gcc-8.3.0-2019.08.0-x86_64-linux-ubuntu14/bin/../lib/gcc/riscv64-unknown-elf/8.3.0/../../../../riscv64-unknown-elf/lib/rv32i/ilp32/libc_nano.a(lib_a-fvwrite.o)
 .data          0x000000008000326c        0x0 /opt/riscv64-unknown-elf-gcc-8.3.0-2019.08.0-x86_64-linux-ubuntu14/bin/../lib/gcc/riscv64-unknown-elf/8.3.0/../../../../riscv64-unknown-elf/lib/rv32i/ilp32/libc_nano.a(lib_a-isattyr.o)
 .data          0x000000008000326c        0x0 /opt/riscv64-unknown-elf-gcc-8.3.0-2019.08.0-x86_64-linux-ubuntu14/bin/../lib/gcc/riscv64-unknown-elf/8.3.0/../../../../riscv64-unknown-elf/lib/rv32i/ilp32/libc_nano.a(lib_a-memchr.o)
 .data          0x000000008000326c        0x0 /opt/riscv64-unknown-elf-gcc-8.3.0-2019.08.0-x86_64-linux-ubuntu14/bin/../lib/gcc/riscv64-unknown-elf/8.3.0/../../../../riscv64-unknown-elf/lib/rv32i/ilp32/libc_nano.a(lib_a-nano-reallocr.o)
 .data          0x000000008000326c        0x0 /opt/riscv64-unknown-elf-gcc-8.3.0-2019.08.0-x86_64-linux-ubuntu14/bin/../lib/gcc/riscv64-unknown-elf/8.3.0/../../../../riscv64-unknown-elf/lib/rv32i/ilp32/libc_nano.a(lib_a-nano-msizer.o)
 .data          0x000000008000326c        0x0 /opt/riscv64-unknown-elf-gcc-8.3.0-2019.08.0-x86_64-linux-ubuntu14/bin/../lib/gcc/riscv64-unknown-elf/8.3.0/rv32i/ilp32/libgcc.a(_bswapsi2.o)
 .data          0x000000008000326c        0x0 /opt/riscv64-unknown-elf-gcc-8.3.0-2019.08.0-x86_64-linux-ubuntu14/bin/../lib/gcc/riscv64-unknown-elf/8.3.0/rv32i/ilp32/libgcc.a(_udivdi3.o)
 .data          0x000000008000326c        0x0 /opt/riscv64-unknown-elf-gcc-8.3.0-2019.08.0-x86_64-linux-ubuntu14/bin/../lib/gcc/riscv64-unknown-elf/8.3.0/rv32i/ilp32/libgcc.a(muldi3.o)
 .data          0x000000008000326c        0x0 /opt/riscv64-unknown-elf-gcc-8.3.0-2019.08.0-x86_64-linux-ubuntu14/bin/../lib/gcc/riscv64-unknown-elf/8.3.0/rv32i/ilp32/libgcc.a(div.o)
 .data          0x000000008000326c        0x0 /opt/riscv64-unknown-elf-gcc-8.3.0-2019.08.0-x86_64-linux-ubuntu14/bin/../lib/gcc/riscv64-unknown-elf/8.3.0/rv32i/ilp32/libgcc.a(_clz.o)
 *(.gnu.linkonce.d.*)
                0x0000000080003270                . = ALIGN (0x8)
 *fill*         0x000000008000326c        0x4 
                0x0000000080003a70                PROVIDE (__global_pointer$ = (. + 0x800))
 *(.sdata .sdata.*)
 .sdata         0x0000000080003270        0x4 build/src/modbus.o
                0x0000000080003270                reg_hub_color
 .sdata         0x0000000080003274        0x2 build/./src/lwip/core/udp.o
 *fill*         0x0000000080003276        0x2 
 .sdata         0x0000000080003278        0x4 build/./src/lwip/core/ipv4/dhcp.o
 .sdata._impure_ptr
                0x000000008000327c        0x4 /opt/riscv64-unknown-elf-gcc-8.3.0-2019.08.0-x86_64-linux-ubuntu14/bin/../lib/gcc/riscv64-unknown-elf/8.3.0/../../../../riscv64-unknown-elf/lib/rv32i/ilp32/libc_nano.a(lib_a-impure.o)
                0x000000008000327c                _impure_ptr
 *(.gnu.linkonce.s.*)
                0x0000000080003280                . = ALIGN (0x8)
 *(.srodata.cst16)
 *(.srodata.cst8)
 *(.srodata.cst4)
 *(.srodata.cst2)
 *(.srodata .srodata.*)
 .srodata       0x0000000080003280       0x30 build/./src/lwip/core/memp.o
                0x0000000080003280                memp_PBUF_POOL
                0x0000000080003288                memp_PBUF
                0x0000000080003290                memp_SYS_TIMEOUT
                0x0000000080003298                memp_FRAG_PBUF
                0x00000000800032a0                memp_UDP_PCB
                0x00000000800032a8                memp_RAW_PCB
 .srodata       0x00000000800032b0        0x4 build/./src/lwip/core/timeouts.o
                0x00000000800032b0                lwip_num_cyclic_timers
 .srodata       0x00000000800032b4        0x8 build/./src/lwip/core/ipv4/ip4_addr.o
                0x00000000800032b4                ip_addr_broadcast
                0x00000000800032b8                ip_addr_any
 .srodata       0x00000000800032bc        0xe build/./src/lwip/netif/ethernet.o
                0x00000000800032bc                ethzero
                0x00000000800032c4                ethbroadcast

.bss            0x00000000800032d0      0x410
                0x00000000800032d0                . = ALIGN (0x4)
                0x00000000800032d0                _bss_start = .
 *(.sbss*)
 .sbss          0x00000000800032d0       0x40 build/src/main.o
                0x00000000800032d0                t2
                0x00000000800032d8                t1
                0x00000000800032e0                deadbeef
                0x00000000800032e4                audiodac0_samples_sent
                0x00000000800032e8                audiodac0_irqs
                0x00000000800032ec                events_modbus_rtu_rx
                0x00000000800032f0                events_modbus_rtu_poll
                0x00000000800032f4                events_mac_rx
                0x00000000800032f8                events_mac_poll
                0x00000000800032fc                uart_config_reset_counter
                0x0000000080003300                reg_config_write
                0x0000000080003304                reg_scratch
                0x0000000080003308                reg_sys_counter
                0x000000008000330c                reg_irq_counter
 .sbss          0x0000000080003310        0xc build/src/modbus_rtu.o
                0x0000000080003310                modbus_rtu_rx_timestamp
                0x0000000080003318                modbus_rtu_rx_len
 .sbss          0x000000008000331c       0x14 build/src/mac.o
                0x000000008000331c                ts_dhcp_coarse
                0x0000000080003320                ts_dhcp_fine
                0x0000000080003324                ts_ipreass
                0x0000000080003328                ts_tcp
                0x000000008000332c                ts_etharp
 .sbss          0x0000000080003330        0xc build/src/hub.o
                0x0000000080003330                hub_frame_height
                0x0000000080003334                hub_frame_width
                0x0000000080003338                hub_frame_size
 .sbss          0x000000008000333c        0x4 build/src/modbus_udp.o
                0x000000008000333c                modbus_udp_pcb
 .sbss          0x0000000080003340       0x10 build/src/audiodac.o
                0x0000000080003340                audiodac0_tx_ring_buffer_fill_ptr
                0x0000000080003344                audiodac0_tx_ring_buffer_playback_ptr
                0x0000000080003348                audiodac0_tx_ring_buffer_size
                0x000000008000334c                audiodac0_tx_ring_buffer
 .sbss          0x0000000080003350        0xc build/src/utils.o
                0x0000000080003350                heap_end
                0x0000000080003354                heap_start
                0x0000000080003358                sbrk_heap_end
 .sbss          0x000000008000335c        0xc build/./src/lwip/core/netif.o
                0x0000000080003360                netif_default
                0x0000000080003364                netif_list
 .sbss          0x0000000080003368        0x4 build/./src/lwip/core/raw.o
 .sbss          0x000000008000336c        0x8 build/./src/lwip/core/timeouts.o
 .sbss          0x0000000080003374        0x4 build/./src/lwip/core/udp.o
                0x0000000080003374                udp_pcbs
 .sbss          0x0000000080003378       0x10 build/./src/lwip/core/ipv4/dhcp.o
                0x0000000080003380                dhcp_rx_options_given
 .sbss          0x0000000080003388        0x2 build/./src/lwip/core/ipv4/ip4.o
 *fill*         0x000000008000338a        0x2 
 .sbss.__malloc_free_list
                0x000000008000338c        0x4 /opt/riscv64-unknown-elf-gcc-8.3.0-2019.08.0-x86_64-linux-ubuntu14/bin/../lib/gcc/riscv64-unknown-elf/8.3.0/../../../../riscv64-unknown-elf/lib/rv32i/ilp32/libc_nano.a(lib_a-nano-mallocr.o)
                0x000000008000338c                __malloc_free_list
 .sbss.__malloc_sbrk_start
                0x0000000080003390        0x4 /opt/riscv64-unknown-elf-gcc-8.3.0-2019.08.0-x86_64-linux-ubuntu14/bin/../lib/gcc/riscv64-unknown-elf/8.3.0/../../../../riscv64-unknown-elf/lib/rv32i/ilp32/libc_nano.a(lib_a-nano-mallocr.o)
                0x0000000080003390                __malloc_sbrk_start
 *(.gnu.linkonce.sb.*)
 *(.bss .bss.*)
 .bss           0x0000000080003394        0x0 build/src/crc16.o
 .bss           0x0000000080003394        0x0 build/src/font_6x8.o
 .bss           0x0000000080003394        0x0 build/src/font_12x16.o
 .bss           0x0000000080003394       0x10 build/src/main.o
 .bss           0x00000000800033a4       0x80 build/src/modbus_rtu.o
                0x00000000800033a4                modbus_rtu_rx_buf
 .bss           0x0000000080003424       0x20 build/src/config.o
                0x0000000080003424                active_config
 .bss           0x0000000080003444        0x0 build/src/eeprom.o
 .bss           0x0000000080003444        0x0 build/src/modbus.o
 .bss           0x0000000080003444       0x40 build/src/mac.o
                0x0000000080003444                default_netif
 .bss           0x0000000080003484        0x0 build/src/hub.o
 .bss           0x0000000080003484        0x0 build/src/modbus_udp.o
 .bss           0x0000000080003484        0x0 build/src/plic.o
 .bss           0x0000000080003484        0x0 build/src/audiodac.o
 .bss           0x0000000080003484        0x0 build/src/i2c.o
 .bss           0x0000000080003484        0x0 build/src/utils.o
 .bss           0x0000000080003484        0x0 build/src/crt.o
 .bss           0x0000000080003484        0x0 build/./src/lwip/core/init.o
 .bss           0x0000000080003484        0x0 build/./src/lwip/core/def.o
 .bss           0x0000000080003484        0x0 build/./src/lwip/core/dns.o
 .bss           0x0000000080003484        0x0 build/./src/lwip/core/inet_chksum.o
 .bss           0x0000000080003484       0x18 build/./src/lwip/core/ip.o
                0x0000000080003484                ip_data
 .bss           0x000000008000349c        0x0 build/./src/lwip/core/mem.o
 .bss           0x000000008000349c        0x0 build/./src/lwip/core/memp.o
 .bss           0x000000008000349c        0x0 build/./src/lwip/core/netif.o
 .bss           0x000000008000349c        0x0 build/./src/lwip/core/pbuf.o
 .bss           0x000000008000349c        0x0 build/./src/lwip/core/raw.o
 .bss           0x000000008000349c      0x120 build/./src/lwip/core/stats.o
                0x000000008000349c                lwip_stats
 .bss           0x00000000800035bc        0x0 build/./src/lwip/core/sys.o
 .bss           0x00000000800035bc        0x0 build/./src/lwip/core/altcp.o
 .bss           0x00000000800035bc        0x0 build/./src/lwip/core/altcp_alloc.o
 .bss           0x00000000800035bc        0x0 build/./src/lwip/core/altcp_tcp.o
 .bss           0x00000000800035bc        0x0 build/./src/lwip/core/tcp.o
 .bss           0x00000000800035bc        0x0 build/./src/lwip/core/tcp_in.o
 .bss           0x00000000800035bc        0x0 build/./src/lwip/core/tcp_out.o
 .bss           0x00000000800035bc        0x0 build/./src/lwip/core/timeouts.o
 .bss           0x00000000800035bc        0x0 build/./src/lwip/core/udp.o
 .bss           0x00000000800035bc        0x0 build/./src/lwip/core/ipv4/autoip.o
 .bss           0x00000000800035bc       0x20 build/./src/lwip/core/ipv4/dhcp.o
                0x00000000800035bc                dhcp_rx_options_val
 .bss           0x00000000800035dc       0xf0 build/./src/lwip/core/ipv4/etharp.o
 .bss           0x00000000800036cc        0x0 build/./src/lwip/core/ipv4/icmp.o
 .bss           0x00000000800036cc        0x0 build/./src/lwip/core/ipv4/igmp.o
 .bss           0x00000000800036cc        0x0 build/./src/lwip/core/ipv4/ip4_frag.o
 .bss           0x00000000800036cc        0x0 build/./src/lwip/core/ipv4/ip4.o
 .bss           0x00000000800036cc       0x10 build/./src/lwip/core/ipv4/ip4_addr.o
 .bss           0x00000000800036dc        0x0 build/./src/lwip/netif/ethernet.o
 .bss           0x00000000800036dc        0x0 /opt/riscv64-unknown-elf-gcc-8.3.0-2019.08.0-x86_64-linux-ubuntu14/bin/../lib/gcc/riscv64-unknown-elf/8.3.0/../../../../riscv64-unknown-elf/lib/rv32i/ilp32/libc_nano.a(lib_a-atoi.o)
 .bss           0x00000000800036dc        0x0 /opt/riscv64-unknown-elf-gcc-8.3.0-2019.08.0-x86_64-linux-ubuntu14/bin/../lib/gcc/riscv64-unknown-elf/8.3.0/../../../../riscv64-unknown-elf/lib/rv32i/ilp32/libc_nano.a(lib_a-calloc.o)
 .bss           0x00000000800036dc        0x0 /opt/riscv64-unknown-elf-gcc-8.3.0-2019.08.0-x86_64-linux-ubuntu14/bin/../lib/gcc/riscv64-unknown-elf/8.3.0/../../../../riscv64-unknown-elf/lib/rv32i/ilp32/libc_nano.a(lib_a-ctype_.o)
 .bss           0x00000000800036dc        0x0 /opt/riscv64-unknown-elf-gcc-8.3.0-2019.08.0-x86_64-linux-ubuntu14/bin/../lib/gcc/riscv64-unknown-elf/8.3.0/../../../../riscv64-unknown-elf/lib/rv32i/ilp32/libc_nano.a(lib_a-fflush.o)
 .bss           0x00000000800036dc        0x0 /opt/riscv64-unknown-elf-gcc-8.3.0-2019.08.0-x86_64-linux-ubuntu14/bin/../lib/gcc/riscv64-unknown-elf/8.3.0/../../../../riscv64-unknown-elf/lib/rv32i/ilp32/libc_nano.a(lib_a-findfp.o)
 .bss           0x00000000800036dc        0x0 /opt/riscv64-unknown-elf-gcc-8.3.0-2019.08.0-x86_64-linux-ubuntu14/bin/../lib/gcc/riscv64-unknown-elf/8.3.0/../../../../riscv64-unknown-elf/lib/rv32i/ilp32/libc_nano.a(lib_a-fpurge.o)
 .bss           0x00000000800036dc        0x0 /opt/riscv64-unknown-elf-gcc-8.3.0-2019.08.0-x86_64-linux-ubuntu14/bin/../lib/gcc/riscv64-unknown-elf/8.3.0/../../../../riscv64-unknown-elf/lib/rv32i/ilp32/libc_nano.a(lib_a-fwalk.o)
 .bss           0x00000000800036dc        0x0 /opt/riscv64-unknown-elf-gcc-8.3.0-2019.08.0-x86_64-linux-ubuntu14/bin/../lib/gcc/riscv64-unknown-elf/8.3.0/../../../../riscv64-unknown-elf/lib/rv32i/ilp32/libc_nano.a(lib_a-impure.o)
 .bss           0x00000000800036dc        0x0 /opt/riscv64-unknown-elf-gcc-8.3.0-2019.08.0-x86_64-linux-ubuntu14/bin/../lib/gcc/riscv64-unknown-elf/8.3.0/../../../../riscv64-unknown-elf/lib/rv32i/ilp32/libc_nano.a(lib_a-malloc.o)
 .bss           0x00000000800036dc        0x0 /opt/riscv64-unknown-elf-gcc-8.3.0-2019.08.0-x86_64-linux-ubuntu14/bin/../lib/gcc/riscv64-unknown-elf/8.3.0/../../../../riscv64-unknown-elf/lib/rv32i/ilp32/libc_nano.a(lib_a-memcmp.o)
 .bss           0x00000000800036dc        0x0 /opt/riscv64-unknown-elf-gcc-8.3.0-2019.08.0-x86_64-linux-ubuntu14/bin/../lib/gcc/riscv64-unknown-elf/8.3.0/../../../../riscv64-unknown-elf/lib/rv32i/ilp32/libc_nano.a(lib_a-memcpy.o)
 .bss           0x00000000800036dc        0x0 /opt/riscv64-unknown-elf-gcc-8.3.0-2019.08.0-x86_64-linux-ubuntu14/bin/../lib/gcc/riscv64-unknown-elf/8.3.0/../../../../riscv64-unknown-elf/lib/rv32i/ilp32/libc_nano.a(lib_a-memmove-stub.o)
 .bss           0x00000000800036dc        0x0 /opt/riscv64-unknown-elf-gcc-8.3.0-2019.08.0-x86_64-linux-ubuntu14/bin/../lib/gcc/riscv64-unknown-elf/8.3.0/../../../../riscv64-unknown-elf/lib/rv32i/ilp32/libc_nano.a(lib_a-memset.o)
 .bss           0x00000000800036dc        0x0 /opt/riscv64-unknown-elf-gcc-8.3.0-2019.08.0-x86_64-linux-ubuntu14/bin/../lib/gcc/riscv64-unknown-elf/8.3.0/../../../../riscv64-unknown-elf/lib/rv32i/ilp32/libc_nano.a(lib_a-nano-callocr.o)
 .bss           0x00000000800036dc        0x0 /opt/riscv64-unknown-elf-gcc-8.3.0-2019.08.0-x86_64-linux-ubuntu14/bin/../lib/gcc/riscv64-unknown-elf/8.3.0/../../../../riscv64-unknown-elf/lib/rv32i/ilp32/libc_nano.a(lib_a-nano-freer.o)
 .bss           0x00000000800036dc        0x0 /opt/riscv64-unknown-elf-gcc-8.3.0-2019.08.0-x86_64-linux-ubuntu14/bin/../lib/gcc/riscv64-unknown-elf/8.3.0/../../../../riscv64-unknown-elf/lib/rv32i/ilp32/libc_nano.a(lib_a-nano-mallocr.o)
 .bss           0x00000000800036dc        0x0 /opt/riscv64-unknown-elf-gcc-8.3.0-2019.08.0-x86_64-linux-ubuntu14/bin/../lib/gcc/riscv64-unknown-elf/8.3.0/../../../../riscv64-unknown-elf/lib/rv32i/ilp32/libc_nano.a(lib_a-printf.o)
 .bss           0x00000000800036dc        0x0 /opt/riscv64-unknown-elf-gcc-8.3.0-2019.08.0-x86_64-linux-ubuntu14/bin/../lib/gcc/riscv64-unknown-elf/8.3.0/../../../../riscv64-unknown-elf/lib/rv32i/ilp32/libc_nano.a(lib_a-putchar.o)
 .bss           0x00000000800036dc        0x0 /opt/riscv64-unknown-elf-gcc-8.3.0-2019.08.0-x86_64-linux-ubuntu14/bin/../lib/gcc/riscv64-unknown-elf/8.3.0/../../../../riscv64-unknown-elf/lib/rv32i/ilp32/libc_nano.a(lib_a-putc.o)
 .bss           0x00000000800036dc        0x0 /opt/riscv64-unknown-elf-gcc-8.3.0-2019.08.0-x86_64-linux-ubuntu14/bin/../lib/gcc/riscv64-unknown-elf/8.3.0/../../../../riscv64-unknown-elf/lib/rv32i/ilp32/libc_nano.a(lib_a-sbrkr.o)
 .bss           0x00000000800036dc        0x0 /opt/riscv64-unknown-elf-gcc-8.3.0-2019.08.0-x86_64-linux-ubuntu14/bin/../lib/gcc/riscv64-unknown-elf/8.3.0/../../../../riscv64-unknown-elf/lib/rv32i/ilp32/libc_nano.a(lib_a-snprintf.o)
 .bss           0x00000000800036dc        0x0 /opt/riscv64-unknown-elf-gcc-8.3.0-2019.08.0-x86_64-linux-ubuntu14/bin/../lib/gcc/riscv64-unknown-elf/8.3.0/../../../../riscv64-unknown-elf/lib/rv32i/ilp32/libc_nano.a(lib_a-sprintf.o)
 .bss           0x00000000800036dc        0x0 /opt/riscv64-unknown-elf-gcc-8.3.0-2019.08.0-x86_64-linux-ubuntu14/bin/../lib/gcc/riscv64-unknown-elf/8.3.0/../../../../riscv64-unknown-elf/lib/rv32i/ilp32/libc_nano.a(lib_a-stdio.o)
 .bss           0x00000000800036dc        0x0 /opt/riscv64-unknown-elf-gcc-8.3.0-2019.08.0-x86_64-linux-ubuntu14/bin/../lib/gcc/riscv64-unknown-elf/8.3.0/../../../../riscv64-unknown-elf/lib/rv32i/ilp32/libc_nano.a(lib_a-strlen.o)
 .bss           0x00000000800036dc        0x0 /opt/riscv64-unknown-elf-gcc-8.3.0-2019.08.0-x86_64-linux-ubuntu14/bin/../lib/gcc/riscv64-unknown-elf/8.3.0/../../../../riscv64-unknown-elf/lib/rv32i/ilp32/libc_nano.a(lib_a-strncmp.o)
 .bss           0x00000000800036dc        0x0 /opt/riscv64-unknown-elf-gcc-8.3.0-2019.08.0-x86_64-linux-ubuntu14/bin/../lib/gcc/riscv64-unknown-elf/8.3.0/../../../../riscv64-unknown-elf/lib/rv32i/ilp32/libc_nano.a(lib_a-strtol.o)
 .bss           0x00000000800036dc        0x0 /opt/riscv64-unknown-elf-gcc-8.3.0-2019.08.0-x86_64-linux-ubuntu14/bin/../lib/gcc/riscv64-unknown-elf/8.3.0/../../../../riscv64-unknown-elf/lib/rv32i/ilp32/libc_nano.a(lib_a-wbuf.o)
 .bss           0x00000000800036dc        0x0 /opt/riscv64-unknown-elf-gcc-8.3.0-2019.08.0-x86_64-linux-ubuntu14/bin/../lib/gcc/riscv64-unknown-elf/8.3.0/../../../../riscv64-unknown-elf/lib/rv32i/ilp32/libc_nano.a(lib_a-writer.o)
 .bss           0x00000000800036dc        0x0 /opt/riscv64-unknown-elf-gcc-8.3.0-2019.08.0-x86_64-linux-ubuntu14/bin/../lib/gcc/riscv64-unknown-elf/8.3.0/../../../../riscv64-unknown-elf/lib/rv32i/ilp32/libc_nano.a(lib_a-wsetup.o)
 .bss           0x00000000800036dc        0x0 /opt/riscv64-unknown-elf-gcc-8.3.0-2019.08.0-x86_64-linux-ubuntu14/bin/../lib/gcc/riscv64-unknown-elf/8.3.0/../../../../riscv64-unknown-elf/lib/rv32i/ilp32/libc_nano.a(lib_a-closer.o)
 .bss           0x00000000800036dc        0x0 /opt/riscv64-unknown-elf-gcc-8.3.0-2019.08.0-x86_64-linux-ubuntu14/bin/../lib/gcc/riscv64-unknown-elf/8.3.0/../../../../riscv64-unknown-elf/lib/rv32i/ilp32/libc_nano.a(lib_a-lseekr.o)
 .bss           0x00000000800036dc        0x0 /opt/riscv64-unknown-elf-gcc-8.3.0-2019.08.0-x86_64-linux-ubuntu14/bin/../lib/gcc/riscv64-unknown-elf/8.3.0/../../../../riscv64-unknown-elf/lib/rv32i/ilp32/libc_nano.a(lib_a-makebuf.o)
 .bss           0x00000000800036dc        0x0 /opt/riscv64-unknown-elf-gcc-8.3.0-2019.08.0-x86_64-linux-ubuntu14/bin/../lib/gcc/riscv64-unknown-elf/8.3.0/../../../../riscv64-unknown-elf/lib/rv32i/ilp32/libc_nano.a(lib_a-nano-svfprintf.o)
 .bss           0x00000000800036dc        0x0 /opt/riscv64-unknown-elf-gcc-8.3.0-2019.08.0-x86_64-linux-ubuntu14/bin/../lib/gcc/riscv64-unknown-elf/8.3.0/../../../../riscv64-unknown-elf/lib/rv32i/ilp32/libc_nano.a(lib_a-nano-vfprintf_i.o)
 .bss           0x00000000800036dc        0x0 /opt/riscv64-unknown-elf-gcc-8.3.0-2019.08.0-x86_64-linux-ubuntu14/bin/../lib/gcc/riscv64-unknown-elf/8.3.0/../../../../riscv64-unknown-elf/lib/rv32i/ilp32/libc_nano.a(lib_a-nano-vfprintf.o)
 .bss           0x00000000800036dc        0x0 /opt/riscv64-unknown-elf-gcc-8.3.0-2019.08.0-x86_64-linux-ubuntu14/bin/../lib/gcc/riscv64-unknown-elf/8.3.0/../../../../riscv64-unknown-elf/lib/rv32i/ilp32/libc_nano.a(lib_a-readr.o)
 .bss           0x00000000800036dc        0x0 /opt/riscv64-unknown-elf-gcc-8.3.0-2019.08.0-x86_64-linux-ubuntu14/bin/../lib/gcc/riscv64-unknown-elf/8.3.0/../../../../riscv64-unknown-elf/lib/rv32i/ilp32/libc_nano.a(lib_a-reent.o)
 .bss           0x00000000800036dc        0x0 /opt/riscv64-unknown-elf-gcc-8.3.0-2019.08.0-x86_64-linux-ubuntu14/bin/../lib/gcc/riscv64-unknown-elf/8.3.0/../../../../riscv64-unknown-elf/lib/rv32i/ilp32/libc_nano.a(lib_a-fstatr.o)
 .bss           0x00000000800036dc        0x0 /opt/riscv64-unknown-elf-gcc-8.3.0-2019.08.0-x86_64-linux-ubuntu14/bin/../lib/gcc/riscv64-unknown-elf/8.3.0/../../../../riscv64-unknown-elf/lib/rv32i/ilp32/libc_nano.a(lib_a-fvwrite.o)
 .bss           0x00000000800036dc        0x0 /opt/riscv64-unknown-elf-gcc-8.3.0-2019.08.0-x86_64-linux-ubuntu14/bin/../lib/gcc/riscv64-unknown-elf/8.3.0/../../../../riscv64-unknown-elf/lib/rv32i/ilp32/libc_nano.a(lib_a-isattyr.o)
 .bss           0x00000000800036dc        0x0 /opt/riscv64-unknown-elf-gcc-8.3.0-2019.08.0-x86_64-linux-ubuntu14/bin/../lib/gcc/riscv64-unknown-elf/8.3.0/../../../../riscv64-unknown-elf/lib/rv32i/ilp32/libc_nano.a(lib_a-memchr.o)
 .bss           0x00000000800036dc        0x0 /opt/riscv64-unknown-elf-gcc-8.3.0-2019.08.0-x86_64-linux-ubuntu14/bin/../lib/gcc/riscv64-unknown-elf/8.3.0/../../../../riscv64-unknown-elf/lib/rv32i/ilp32/libc_nano.a(lib_a-nano-reallocr.o)
 .bss           0x00000000800036dc        0x0 /opt/riscv64-unknown-elf-gcc-8.3.0-2019.08.0-x86_64-linux-ubuntu14/bin/../lib/gcc/riscv64-unknown-elf/8.3.0/../../../../riscv64-unknown-elf/lib/rv32i/ilp32/libc_nano.a(lib_a-nano-msizer.o)
 .bss           0x00000000800036dc        0x0 /opt/riscv64-unknown-elf-gcc-8.3.0-2019.08.0-x86_64-linux-ubuntu14/bin/../lib/gcc/riscv64-unknown-elf/8.3.0/rv32i/ilp32/libgcc.a(_bswapsi2.o)
 .bss           0x00000000800036dc        0x0 /opt/riscv64-unknown-elf-gcc-8.3.0-2019.08.0-x86_64-linux-ubuntu14/bin/../lib/gcc/riscv64-unknown-elf/8.3.0/rv32i/ilp32/libgcc.a(_udivdi3.o)
 .bss           0x00000000800036dc        0x0 /opt/riscv64-unknown-elf-gcc-8.3.0-2019.08.0-x86_64-linux-ubuntu14/bin/../lib/gcc/riscv64-unknown-elf/8.3.0/rv32i/ilp32/libgcc.a(muldi3.o)
 .bss           0x00000000800036dc        0x0 /opt/riscv64-unknown-elf-gcc-8.3.0-2019.08.0-x86_64-linux-ubuntu14/bin/../lib/gcc/riscv64-unknown-elf/8.3.0/rv32i/ilp32/libgcc.a(div.o)
 .bss           0x00000000800036dc        0x0 /opt/riscv64-unknown-elf-gcc-8.3.0-2019.08.0-x86_64-linux-ubuntu14/bin/../lib/gcc/riscv64-unknown-elf/8.3.0/rv32i/ilp32/libgcc.a(_clz.o)
 *(.gnu.linkonce.b.*)
 *(COMMON)
 COMMON         0x00000000800036dc        0x4 /opt/riscv64-unknown-elf-gcc-8.3.0-2019.08.0-x86_64-linux-ubuntu14/bin/../lib/gcc/riscv64-unknown-elf/8.3.0/../../../../riscv64-unknown-elf/lib/rv32i/ilp32/libc_nano.a(lib_a-reent.o)
                0x00000000800036dc                errno
                0x00000000800036e0                . = ALIGN (0x4)
                0x00000000800036e0                _bss_end = .

.rodata
 *(.rdata)
 *(.rodata .rodata.*)
 *(.gnu.linkonce.r.*)

.sdata2._global_impure_ptr
                0x00000000800036e0        0x4
 .sdata2._global_impure_ptr
                0x00000000800036e0        0x4 /opt/riscv64-unknown-elf-gcc-8.3.0-2019.08.0-x86_64-linux-ubuntu14/bin/../lib/gcc/riscv64-unknown-elf/8.3.0/../../../../riscv64-unknown-elf/lib/rv32i/ilp32/libc_nano.a(lib_a-impure.o)
                0x00000000800036e0                _global_impure_ptr

.eh_frame       0x00000000800036e4       0x60
 .eh_frame      0x00000000800036e4       0x60 /opt/riscv64-unknown-elf-gcc-8.3.0-2019.08.0-x86_64-linux-ubuntu14/bin/../lib/gcc/riscv64-unknown-elf/8.3.0/rv32i/ilp32/libgcc.a(_udivdi3.o)

.noinit         0x0000000080003744        0x0
                0x0000000080003744                . = ALIGN (0x4)
 *(.noinit .noinit.*)
                0x0000000080003744                . = ALIGN (0x4)

.memory         0x0000000080003744     0xa5d0
 *(.text)
 .text          0x0000000080003744       0x98 build/src/crc16.o
                0x0000000080003744                crc16
                0x000000008000379c                add_crc
 .text          0x00000000800037dc        0x0 build/src/font_6x8.o
 .text          0x00000000800037dc        0x0 build/src/font_12x16.o
 .text          0x00000000800037dc      0x49c build/src/main.o
                0x00000000800037dc                println
                0x00000000800037fc                to_hex_nibble
                0x0000000080003818                to_hex
                0x0000000080003884                process_and_wait
                0x000000008000394c                sram_test_write_random_ints
                0x0000000080003a28                timerInterrupt
                0x0000000080003a2c                externalInterrupt
                0x0000000080003bf4                crash
                0x0000000080003c38                irqCallback
 .text          0x0000000080003c78      0x220 build/src/modbus_rtu.o
                0x0000000080003c78                modbus_rtu_init
                0x0000000080003cfc                modbus_rtu_poll
                0x0000000080003dc0                modbus_rtu_rx
 .text          0x0000000080003e98      0x1e8 build/src/config.o
                0x0000000080003e98                config_load
                0x0000000080003f70                config_save
 .text          0x0000000080004080      0x5a4 build/src/eeprom.o
                0x0000000080004080                eeprom_write_page
                0x0000000080004250                eeprom_poll
                0x00000000800042d4                eeprom_read_page
                0x0000000080004500                eeprom_probe
 .text          0x0000000080004624      0xa60 build/src/modbus.o
                0x0000000080004624                modbus_error
                0x0000000080004694                modbus_store_reg
                0x0000000080004bd0                modbus_recv
 .text          0x0000000080005084      0x674 build/src/mac.o
                0x0000000080005084                mac_init
                0x0000000080005138                mac_tx_packet
                0x0000000080005254                sys_now
                0x0000000080005280                sys_arch_protect
                0x0000000080005284                sys_arch_unprotect
                0x0000000080005288                mac_lwip_init
                0x000000008000532c                mac_rx
                0x00000000800055fc                mac_poll
                0x0000000080005698                mac_print_stats
 .text          0x00000000800056f8      0x510 build/src/hub.o
                0x00000000800056f8                hub_init
                0x0000000080005848                hub_print_char
                0x0000000080005b24                hub_print
 .text          0x0000000080005c08      0x258 build/src/modbus_udp.o
                0x0000000080005c08                modbus_udp_init
                0x0000000080005ca0                modbus_udp_send
                0x0000000080005df8                modbus_udp_recv
 .text          0x0000000080005e60       0x44 build/src/plic.o
                0x0000000080005e60                plic_print_stats
 .text          0x0000000080005ea4      0x578 build/src/audiodac.o
                0x0000000080005ea4                audiodac0_stop_playback
                0x0000000080005eb8                audiodac_init
                0x0000000080005f50                audiodac_wait_tx_avail
                0x0000000080005f80                audiodac_xmit
                0x0000000080006070                audiodac0_isr
                0x0000000080006168                audiodac0_submit_buffer
                0x00000000800063b0                audiodac0_start_playback
 .text          0x000000008000641c       0x64 build/src/i2c.o
                0x000000008000641c                i2c_init
                0x0000000080006428                i2c_wait_for_busy
                0x0000000080006454                i2c_wait_for_release
 .text          0x0000000080006480      0x228 build/src/utils.o
                0x0000000080006480                __malloc_lock
                0x0000000080006484                __malloc_unlock
                0x0000000080006488                init_sbrk
                0x00000000800064c4                delay
                0x00000000800064dc                delay_us
                0x000000008000650c                print_uart0
                0x0000000080006538                _sbrk
                0x00000000800065b4                print_uart1
                0x00000000800065e0                _write
                0x0000000080006614                _read
                0x000000008000661c                _close
                0x0000000080006624                _lseek
                0x000000008000662c                _isatty
                0x0000000080006634                _fstat
                0x0000000080006644                _kill
                0x0000000080006648                _getpid
                0x0000000080006650                hard_reboot
                0x0000000080006684                memcpy_rev
 .text          0x00000000800066a8       0x28 build/./src/lwip/core/init.o
                0x00000000800066a8                lwip_init
 .text          0x00000000800066d0      0x270 build/./src/lwip/core/def.o
                0x00000000800066d0                lwip_htons
                0x00000000800066e8                lwip_htonl
                0x000000008000671c                lwip_strnstr
                0x00000000800067ac                lwip_stricmp
                0x00000000800067f0                lwip_strnicmp
                0x0000000080006844                lwip_itoa
 .text          0x0000000080006940        0x0 build/./src/lwip/core/dns.o
 .text          0x0000000080006940      0x468 build/./src/lwip/core/inet_chksum.o
                0x0000000080006940                lwip_standard_chksum
                0x00000000800069e0                inet_chksum_pseudo
                0x0000000080006b30                ip_chksum_pseudo
                0x0000000080006b34                inet_chksum_pseudo_partial
                0x0000000080006cc0                ip_chksum_pseudo_partial
                0x0000000080006cc4                inet_chksum
                0x0000000080006ce8                inet_chksum_pbuf
 .text          0x0000000080006da8        0x0 build/./src/lwip/core/ip.o
 .text          0x0000000080006da8      0x164 build/./src/lwip/core/mem.o
                0x0000000080006da8                mem_overflow_check_raw
                0x0000000080006e80                mem_overflow_init_raw
                0x0000000080006ec8                mem_init
                0x0000000080006ecc                mem_trim
                0x0000000080006ed0                lwip_malloc
                0x0000000080006f04                lwip_free
                0x0000000080006f08                lwip_calloc
 .text          0x0000000080006f0c      0x15c build/./src/lwip/core/memp.o
                0x0000000080006ff4                memp_init_pool
                0x0000000080006ff8                memp_init
                0x0000000080006ffc                memp_malloc_pool_fn
                0x0000000080007008                memp_malloc_fn
                0x0000000080007030                memp_free_pool
                0x0000000080007040                memp_free
 .text          0x0000000080007068      0x674 build/./src/lwip/core/netif.o
                0x0000000080007138                netif_init
                0x000000008000713c                netif_input
                0x0000000080007150                netif_set_ipaddr
                0x000000008000717c                netif_set_netmask
                0x000000008000719c                netif_set_gw
                0x00000000800071bc                netif_set_addr
                0x000000008000726c                netif_add
                0x0000000080007388                netif_add_noaddr
                0x00000000800073a4                netif_set_default
                0x00000000800073ac                netif_set_up
                0x000000008000740c                netif_set_down
                0x0000000080007470                netif_remove
                0x0000000080007510                netif_set_status_callback
                0x000000008000751c                netif_set_link_up
                0x0000000080007584                netif_set_link_down
                0x00000000800075ac                netif_set_link_callback
                0x00000000800075b8                netif_get_by_index
                0x00000000800075e8                netif_index_to_name
                0x0000000080007640                netif_find
                0x00000000800076ac                netif_name_to_index
 .text          0x00000000800076dc      0xe0c build/./src/lwip/core/pbuf.o
                0x0000000080007798                pbuf_alloc_reference
                0x0000000080007808                pbuf_alloced_custom
                0x000000008000785c                pbuf_add_header
                0x0000000080007864                pbuf_add_header_force
                0x000000008000786c                pbuf_remove_header
                0x00000000800078cc                pbuf_header
                0x00000000800078e0                pbuf_header_force
                0x00000000800078f4                pbuf_free
                0x00000000800079c8                pbuf_alloc
                0x0000000080007b98                pbuf_realloc
                0x0000000080007c48                pbuf_free_header
                0x0000000080007cb8                pbuf_clen
                0x0000000080007cdc                pbuf_ref
                0x0000000080007d14                pbuf_cat
                0x0000000080007d4c                pbuf_chain
                0x0000000080007d74                pbuf_dechain
                0x0000000080007dc8                pbuf_copy
                0x0000000080007ed8                pbuf_copy_partial
                0x0000000080007fb0                pbuf_get_contiguous
                0x0000000080008030                pbuf_skip
                0x0000000080008034                pbuf_take
                0x00000000800080d4                pbuf_take_at
                0x000000008000818c                pbuf_clone
                0x00000000800081d4                pbuf_coalesce
                0x0000000080008230                pbuf_try_get_at
                0x0000000080008274                pbuf_get_at
                0x0000000080008298                pbuf_put_at
                0x00000000800082dc                pbuf_memcmp
                0x00000000800083b8                pbuf_memfind
                0x0000000080008454                pbuf_strstr
 .text          0x00000000800084e8      0x508 build/./src/lwip/core/raw.o
                0x00000000800084e8                raw_input
                0x0000000080008628                raw_bind
                0x0000000080008648                raw_bind_netif
                0x0000000080008664                raw_connect
                0x0000000080008694                raw_disconnect
                0x00000000800086ac                raw_recv
                0x00000000800086b8                raw_sendto_if_src
                0x0000000080008848                raw_sendto
                0x00000000800088f8                raw_send
                0x0000000080008900                raw_remove
                0x000000008000893c                raw_new
                0x00000000800089a8                raw_new_ip_type
                0x00000000800089b0                raw_netif_ip_addr_changed
 .text          0x00000000800089f0        0x4 build/./src/lwip/core/stats.o
                0x00000000800089f0                stats_init
 .text          0x00000000800089f4        0x0 build/./src/lwip/core/sys.o
 .text          0x00000000800089f4        0x0 build/./src/lwip/core/altcp.o
 .text          0x00000000800089f4        0x0 build/./src/lwip/core/altcp_alloc.o
 .text          0x00000000800089f4        0x0 build/./src/lwip/core/altcp_tcp.o
 .text          0x00000000800089f4        0x0 build/./src/lwip/core/tcp.o
 .text          0x00000000800089f4        0x0 build/./src/lwip/core/tcp_in.o
 .text          0x00000000800089f4        0x0 build/./src/lwip/core/tcp_out.o
 .text          0x00000000800089f4      0x2e4 build/./src/lwip/core/timeouts.o
                0x0000000080008ae4                sys_timeout
                0x0000000080008b1c                sys_timeouts_init
                0x0000000080008b7c                sys_untimeout
                0x0000000080008bcc                sys_check_timeouts
                0x0000000080008c50                sys_restart_timeouts
                0x0000000080008c98                sys_timeouts_sleeptime
 .text          0x0000000080008cd8      0x8ac build/./src/lwip/core/udp.o
                0x0000000080008cd8                udp_init
                0x0000000080008cdc                udp_input
                0x0000000080008fb0                udp_bind
                0x00000000800090a0                udp_sendto_if_src
                0x0000000080009294                udp_sendto_if
                0x00000000800092e0                udp_sendto
                0x0000000080009398                udp_send
                0x00000000800093b4                udp_bind_netif
                0x00000000800093d0                udp_connect
                0x000000008000947c                udp_disconnect
                0x000000008000949c                udp_recv
                0x00000000800094ac                udp_remove
                0x00000000800094f0                udp_new
                0x0000000080009540                udp_new_ip_type
                0x0000000080009544                udp_netif_ip_addr_changed
 .text          0x0000000080009584        0x0 build/./src/lwip/core/ipv4/autoip.o
 .text          0x0000000080009584     0x1d24 build/./src/lwip/core/ipv4/dhcp.o
                0x000000008000a7a4                dhcp_set_struct
                0x000000008000a7dc                dhcp_cleanup
                0x000000008000a814                dhcp_inform
                0x000000008000a90c                dhcp_network_changed
                0x000000008000a948                dhcp_arp_reply
                0x000000008000aa80                dhcp_renew
                0x000000008000ac3c                dhcp_supplied_address
                0x000000008000ac74                dhcp_release_and_stop
                0x000000008000add0                dhcp_start
                0x000000008000aeb4                dhcp_coarse_tmr
                0x000000008000b178                dhcp_fine_tmr
                0x000000008000b288                dhcp_release
                0x000000008000b2a4                dhcp_stop
 .text          0x000000008000b2a8      0xc34 build/./src/lwip/core/ipv4/etharp.o
                0x000000008000b608                etharp_cleanup_netif
                0x000000008000b670                etharp_find_addr
                0x000000008000b6f0                etharp_get_entry
                0x000000008000b74c                etharp_input
                0x000000008000b980                etharp_request
                0x000000008000b9a0                etharp_tmr
                0x000000008000bb54                etharp_query
                0x000000008000bd38                etharp_output
 .text          0x000000008000bedc      0x44c build/./src/lwip/core/ipv4/icmp.o
                0x000000008000bedc                icmp_input
                0x000000008000c200                icmp_dest_unreach
 .text          0x000000008000c328        0x0 build/./src/lwip/core/ipv4/igmp.o
 .text          0x000000008000c328      0x360 build/./src/lwip/core/ipv4/ip4_frag.o
                0x000000008000c360                ip4_frag
 .text          0x000000008000c688      0x818 build/./src/lwip/core/ipv4/ip4.o
                0x000000008000c6dc                ip4_route
                0x000000008000c77c                ip4_input
                0x000000008000cb30                ip4_output_if_src
                0x000000008000cd74                ip4_output_if
                0x000000008000cd8c                ip4_output
                0x000000008000ce0c                ip4_output_hinted
 .text          0x000000008000cea0      0x47c build/./src/lwip/core/ipv4/ip4_addr.o
                0x000000008000cea0                ip4_addr_isbroadcast_u32
                0x000000008000cef4                ip4_addr_netmask_valid
                0x000000008000cf48                ip4addr_aton
                0x000000008000d198                ipaddr_addr
                0x000000008000d1c4                ip4addr_ntoa_r
                0x000000008000d310                ip4addr_ntoa
 .text          0x000000008000d31c      0x23c build/./src/lwip/netif/ethernet.o
                0x000000008000d31c                ethernet_input
                0x000000008000d47c                ethernet_output
 .text          0x000000008000d558        0x0 /opt/riscv64-unknown-elf-gcc-8.3.0-2019.08.0-x86_64-linux-ubuntu14/bin/../lib/gcc/riscv64-unknown-elf/8.3.0/../../../../riscv64-unknown-elf/lib/rv32i/ilp32/libc_nano.a(lib_a-atoi.o)
 .text          0x000000008000d558        0x0 /opt/riscv64-unknown-elf-gcc-8.3.0-2019.08.0-x86_64-linux-ubuntu14/bin/../lib/gcc/riscv64-unknown-elf/8.3.0/../../../../riscv64-unknown-elf/lib/rv32i/ilp32/libc_nano.a(lib_a-calloc.o)
 .text          0x000000008000d558        0x0 /opt/riscv64-unknown-elf-gcc-8.3.0-2019.08.0-x86_64-linux-ubuntu14/bin/../lib/gcc/riscv64-unknown-elf/8.3.0/../../../../riscv64-unknown-elf/lib/rv32i/ilp32/libc_nano.a(lib_a-ctype_.o)
 .text          0x000000008000d558        0x0 /opt/riscv64-unknown-elf-gcc-8.3.0-2019.08.0-x86_64-linux-ubuntu14/bin/../lib/gcc/riscv64-unknown-elf/8.3.0/../../../../riscv64-unknown-elf/lib/rv32i/ilp32/libc_nano.a(lib_a-fflush.o)
 .text          0x000000008000d558        0x0 /opt/riscv64-unknown-elf-gcc-8.3.0-2019.08.0-x86_64-linux-ubuntu14/bin/../lib/gcc/riscv64-unknown-elf/8.3.0/../../../../riscv64-unknown-elf/lib/rv32i/ilp32/libc_nano.a(lib_a-findfp.o)
 .text          0x000000008000d558        0x0 /opt/riscv64-unknown-elf-gcc-8.3.0-2019.08.0-x86_64-linux-ubuntu14/bin/../lib/gcc/riscv64-unknown-elf/8.3.0/../../../../riscv64-unknown-elf/lib/rv32i/ilp32/libc_nano.a(lib_a-fpurge.o)
 .text          0x000000008000d558        0x0 /opt/riscv64-unknown-elf-gcc-8.3.0-2019.08.0-x86_64-linux-ubuntu14/bin/../lib/gcc/riscv64-unknown-elf/8.3.0/../../../../riscv64-unknown-elf/lib/rv32i/ilp32/libc_nano.a(lib_a-fwalk.o)
 .text          0x000000008000d558        0x0 /opt/riscv64-unknown-elf-gcc-8.3.0-2019.08.0-x86_64-linux-ubuntu14/bin/../lib/gcc/riscv64-unknown-elf/8.3.0/../../../../riscv64-unknown-elf/lib/rv32i/ilp32/libc_nano.a(lib_a-impure.o)
 .text          0x000000008000d558        0x0 /opt/riscv64-unknown-elf-gcc-8.3.0-2019.08.0-x86_64-linux-ubuntu14/bin/../lib/gcc/riscv64-unknown-elf/8.3.0/../../../../riscv64-unknown-elf/lib/rv32i/ilp32/libc_nano.a(lib_a-malloc.o)
 .text          0x000000008000d558        0x0 /opt/riscv64-unknown-elf-gcc-8.3.0-2019.08.0-x86_64-linux-ubuntu14/bin/../lib/gcc/riscv64-unknown-elf/8.3.0/../../../../riscv64-unknown-elf/lib/rv32i/ilp32/libc_nano.a(lib_a-memcmp.o)
 .text          0x000000008000d558        0x0 /opt/riscv64-unknown-elf-gcc-8.3.0-2019.08.0-x86_64-linux-ubuntu14/bin/../lib/gcc/riscv64-unknown-elf/8.3.0/../../../../riscv64-unknown-elf/lib/rv32i/ilp32/libc_nano.a(lib_a-memcpy.o)
 .text          0x000000008000d558        0x0 /opt/riscv64-unknown-elf-gcc-8.3.0-2019.08.0-x86_64-linux-ubuntu14/bin/../lib/gcc/riscv64-unknown-elf/8.3.0/../../../../riscv64-unknown-elf/lib/rv32i/ilp32/libc_nano.a(lib_a-memmove-stub.o)
 .text          0x000000008000d558       0xdc /opt/riscv64-unknown-elf-gcc-8.3.0-2019.08.0-x86_64-linux-ubuntu14/bin/../lib/gcc/riscv64-unknown-elf/8.3.0/../../../../riscv64-unknown-elf/lib/rv32i/ilp32/libc_nano.a(lib_a-memset.o)
                0x000000008000d558                memset
 .text          0x000000008000d634        0x0 /opt/riscv64-unknown-elf-gcc-8.3.0-2019.08.0-x86_64-linux-ubuntu14/bin/../lib/gcc/riscv64-unknown-elf/8.3.0/../../../../riscv64-unknown-elf/lib/rv32i/ilp32/libc_nano.a(lib_a-nano-callocr.o)
 .text          0x000000008000d634        0x0 /opt/riscv64-unknown-elf-gcc-8.3.0-2019.08.0-x86_64-linux-ubuntu14/bin/../lib/gcc/riscv64-unknown-elf/8.3.0/../../../../riscv64-unknown-elf/lib/rv32i/ilp32/libc_nano.a(lib_a-nano-freer.o)
 .text          0x000000008000d634        0x0 /opt/riscv64-unknown-elf-gcc-8.3.0-2019.08.0-x86_64-linux-ubuntu14/bin/../lib/gcc/riscv64-unknown-elf/8.3.0/../../../../riscv64-unknown-elf/lib/rv32i/ilp32/libc_nano.a(lib_a-nano-mallocr.o)
 .text          0x000000008000d634        0x0 /opt/riscv64-unknown-elf-gcc-8.3.0-2019.08.0-x86_64-linux-ubuntu14/bin/../lib/gcc/riscv64-unknown-elf/8.3.0/../../../../riscv64-unknown-elf/lib/rv32i/ilp32/libc_nano.a(lib_a-printf.o)
 .text          0x000000008000d634        0x0 /opt/riscv64-unknown-elf-gcc-8.3.0-2019.08.0-x86_64-linux-ubuntu14/bin/../lib/gcc/riscv64-unknown-elf/8.3.0/../../../../riscv64-unknown-elf/lib/rv32i/ilp32/libc_nano.a(lib_a-putchar.o)
 .text          0x000000008000d634        0x0 /opt/riscv64-unknown-elf-gcc-8.3.0-2019.08.0-x86_64-linux-ubuntu14/bin/../lib/gcc/riscv64-unknown-elf/8.3.0/../../../../riscv64-unknown-elf/lib/rv32i/ilp32/libc_nano.a(lib_a-putc.o)
 .text          0x000000008000d634        0x0 /opt/riscv64-unknown-elf-gcc-8.3.0-2019.08.0-x86_64-linux-ubuntu14/bin/../lib/gcc/riscv64-unknown-elf/8.3.0/../../../../riscv64-unknown-elf/lib/rv32i/ilp32/libc_nano.a(lib_a-sbrkr.o)
 .text          0x000000008000d634        0x0 /opt/riscv64-unknown-elf-gcc-8.3.0-2019.08.0-x86_64-linux-ubuntu14/bin/../lib/gcc/riscv64-unknown-elf/8.3.0/../../../../riscv64-unknown-elf/lib/rv32i/ilp32/libc_nano.a(lib_a-snprintf.o)
 .text          0x000000008000d634        0x0 /opt/riscv64-unknown-elf-gcc-8.3.0-2019.08.0-x86_64-linux-ubuntu14/bin/../lib/gcc/riscv64-unknown-elf/8.3.0/../../../../riscv64-unknown-elf/lib/rv32i/ilp32/libc_nano.a(lib_a-sprintf.o)
 .text          0x000000008000d634        0x0 /opt/riscv64-unknown-elf-gcc-8.3.0-2019.08.0-x86_64-linux-ubuntu14/bin/../lib/gcc/riscv64-unknown-elf/8.3.0/../../../../riscv64-unknown-elf/lib/rv32i/ilp32/libc_nano.a(lib_a-stdio.o)
 .text          0x000000008000d634        0x0 /opt/riscv64-unknown-elf-gcc-8.3.0-2019.08.0-x86_64-linux-ubuntu14/bin/../lib/gcc/riscv64-unknown-elf/8.3.0/../../../../riscv64-unknown-elf/lib/rv32i/ilp32/libc_nano.a(lib_a-strlen.o)
 .text          0x000000008000d634        0x0 /opt/riscv64-unknown-elf-gcc-8.3.0-2019.08.0-x86_64-linux-ubuntu14/bin/../lib/gcc/riscv64-unknown-elf/8.3.0/../../../../riscv64-unknown-elf/lib/rv32i/ilp32/libc_nano.a(lib_a-strncmp.o)
 .text          0x000000008000d634        0x0 /opt/riscv64-unknown-elf-gcc-8.3.0-2019.08.0-x86_64-linux-ubuntu14/bin/../lib/gcc/riscv64-unknown-elf/8.3.0/../../../../riscv64-unknown-elf/lib/rv32i/ilp32/libc_nano.a(lib_a-strtol.o)
 .text          0x000000008000d634        0x0 /opt/riscv64-unknown-elf-gcc-8.3.0-2019.08.0-x86_64-linux-ubuntu14/bin/../lib/gcc/riscv64-unknown-elf/8.3.0/../../../../riscv64-unknown-elf/lib/rv32i/ilp32/libc_nano.a(lib_a-wbuf.o)
 .text          0x000000008000d634        0x0 /opt/riscv64-unknown-elf-gcc-8.3.0-2019.08.0-x86_64-linux-ubuntu14/bin/../lib/gcc/riscv64-unknown-elf/8.3.0/../../../../riscv64-unknown-elf/lib/rv32i/ilp32/libc_nano.a(lib_a-writer.o)
 .text          0x000000008000d634        0x0 /opt/riscv64-unknown-elf-gcc-8.3.0-2019.08.0-x86_64-linux-ubuntu14/bin/../lib/gcc/riscv64-unknown-elf/8.3.0/../../../../riscv64-unknown-elf/lib/rv32i/ilp32/libc_nano.a(lib_a-wsetup.o)
 .text          0x000000008000d634        0x0 /opt/riscv64-unknown-elf-gcc-8.3.0-2019.08.0-x86_64-linux-ubuntu14/bin/../lib/gcc/riscv64-unknown-elf/8.3.0/../../../../riscv64-unknown-elf/lib/rv32i/ilp32/libc_nano.a(lib_a-closer.o)
 .text          0x000000008000d634        0x0 /opt/riscv64-unknown-elf-gcc-8.3.0-2019.08.0-x86_64-linux-ubuntu14/bin/../lib/gcc/riscv64-unknown-elf/8.3.0/../../../../riscv64-unknown-elf/lib/rv32i/ilp32/libc_nano.a(lib_a-lseekr.o)
 .text          0x000000008000d634        0x0 /opt/riscv64-unknown-elf-gcc-8.3.0-2019.08.0-x86_64-linux-ubuntu14/bin/../lib/gcc/riscv64-unknown-elf/8.3.0/../../../../riscv64-unknown-elf/lib/rv32i/ilp32/libc_nano.a(lib_a-makebuf.o)
 .text          0x000000008000d634        0x0 /opt/riscv64-unknown-elf-gcc-8.3.0-2019.08.0-x86_64-linux-ubuntu14/bin/../lib/gcc/riscv64-unknown-elf/8.3.0/../../../../riscv64-unknown-elf/lib/rv32i/ilp32/libc_nano.a(lib_a-nano-svfprintf.o)
 .text          0x000000008000d634        0x0 /opt/riscv64-unknown-elf-gcc-8.3.0-2019.08.0-x86_64-linux-ubuntu14/bin/../lib/gcc/riscv64-unknown-elf/8.3.0/../../../../riscv64-unknown-elf/lib/rv32i/ilp32/libc_nano.a(lib_a-nano-vfprintf_i.o)
 .text          0x000000008000d634        0x0 /opt/riscv64-unknown-elf-gcc-8.3.0-2019.08.0-x86_64-linux-ubuntu14/bin/../lib/gcc/riscv64-unknown-elf/8.3.0/../../../../riscv64-unknown-elf/lib/rv32i/ilp32/libc_nano.a(lib_a-nano-vfprintf.o)
 .text          0x000000008000d634        0x0 /opt/riscv64-unknown-elf-gcc-8.3.0-2019.08.0-x86_64-linux-ubuntu14/bin/../lib/gcc/riscv64-unknown-elf/8.3.0/../../../../riscv64-unknown-elf/lib/rv32i/ilp32/libc_nano.a(lib_a-readr.o)
 .text          0x000000008000d634        0x0 /opt/riscv64-unknown-elf-gcc-8.3.0-2019.08.0-x86_64-linux-ubuntu14/bin/../lib/gcc/riscv64-unknown-elf/8.3.0/../../../../riscv64-unknown-elf/lib/rv32i/ilp32/libc_nano.a(lib_a-reent.o)
 .text          0x000000008000d634        0x0 /opt/riscv64-unknown-elf-gcc-8.3.0-2019.08.0-x86_64-linux-ubuntu14/bin/../lib/gcc/riscv64-unknown-elf/8.3.0/../../../../riscv64-unknown-elf/lib/rv32i/ilp32/libc_nano.a(lib_a-fstatr.o)
 .text          0x000000008000d634        0x0 /opt/riscv64-unknown-elf-gcc-8.3.0-2019.08.0-x86_64-linux-ubuntu14/bin/../lib/gcc/riscv64-unknown-elf/8.3.0/../../../../riscv64-unknown-elf/lib/rv32i/ilp32/libc_nano.a(lib_a-fvwrite.o)
 .text          0x000000008000d634        0x0 /opt/riscv64-unknown-elf-gcc-8.3.0-2019.08.0-x86_64-linux-ubuntu14/bin/../lib/gcc/riscv64-unknown-elf/8.3.0/../../../../riscv64-unknown-elf/lib/rv32i/ilp32/libc_nano.a(lib_a-isattyr.o)
 .text          0x000000008000d634        0x0 /opt/riscv64-unknown-elf-gcc-8.3.0-2019.08.0-x86_64-linux-ubuntu14/bin/../lib/gcc/riscv64-unknown-elf/8.3.0/../../../../riscv64-unknown-elf/lib/rv32i/ilp32/libc_nano.a(lib_a-memchr.o)
 .text          0x000000008000d634        0x0 /opt/riscv64-unknown-elf-gcc-8.3.0-2019.08.0-x86_64-linux-ubuntu14/bin/../lib/gcc/riscv64-unknown-elf/8.3.0/../../../../riscv64-unknown-elf/lib/rv32i/ilp32/libc_nano.a(lib_a-nano-reallocr.o)
 .text          0x000000008000d634        0x0 /opt/riscv64-unknown-elf-gcc-8.3.0-2019.08.0-x86_64-linux-ubuntu14/bin/../lib/gcc/riscv64-unknown-elf/8.3.0/../../../../riscv64-unknown-elf/lib/rv32i/ilp32/libc_nano.a(lib_a-nano-msizer.o)
 .text          0x000000008000d634       0x34 /opt/riscv64-unknown-elf-gcc-8.3.0-2019.08.0-x86_64-linux-ubuntu14/bin/../lib/gcc/riscv64-unknown-elf/8.3.0/rv32i/ilp32/libgcc.a(_bswapsi2.o)
                0x000000008000d634                __bswapsi2
 .text          0x000000008000d668      0x5d4 /opt/riscv64-unknown-elf-gcc-8.3.0-2019.08.0-x86_64-linux-ubuntu14/bin/../lib/gcc/riscv64-unknown-elf/8.3.0/rv32i/ilp32/libgcc.a(_udivdi3.o)
                0x000000008000d668                __udivdi3
 .text          0x000000008000dc3c       0x24 /opt/riscv64-unknown-elf-gcc-8.3.0-2019.08.0-x86_64-linux-ubuntu14/bin/../lib/gcc/riscv64-unknown-elf/8.3.0/rv32i/ilp32/libgcc.a(muldi3.o)
                0x000000008000dc3c                __mulsi3
 .text          0x000000008000dc60       0xb4 /opt/riscv64-unknown-elf-gcc-8.3.0-2019.08.0-x86_64-linux-ubuntu14/bin/../lib/gcc/riscv64-unknown-elf/8.3.0/rv32i/ilp32/libgcc.a(div.o)
                0x000000008000dc60                __divsi3
                0x000000008000dc68                __udivsi3
                0x000000008000dcb0                __umodsi3
                0x000000008000dce4                __modsi3
 .text          0x000000008000dd14        0x0 /opt/riscv64-unknown-elf-gcc-8.3.0-2019.08.0-x86_64-linux-ubuntu14/bin/../lib/gcc/riscv64-unknown-elf/8.3.0/rv32i/ilp32/libgcc.a(_clz.o)
                0x000000008000dd14                end = .

.text.startup   0x000000008000dd14      0x578
 .text.startup  0x000000008000dd14      0x578 build/src/main.o
                0x000000008000dd14                main

.text.atoi      0x000000008000e28c        0xc
 .text.atoi     0x000000008000e28c        0xc /opt/riscv64-unknown-elf-gcc-8.3.0-2019.08.0-x86_64-linux-ubuntu14/bin/../lib/gcc/riscv64-unknown-elf/8.3.0/../../../../riscv64-unknown-elf/lib/rv32i/ilp32/libc_nano.a(lib_a-atoi.o)
                0x000000008000e28c                atoi

.text._atoi_r   0x000000008000e298        0xc
 .text._atoi_r  0x000000008000e298        0xc /opt/riscv64-unknown-elf-gcc-8.3.0-2019.08.0-x86_64-linux-ubuntu14/bin/../lib/gcc/riscv64-unknown-elf/8.3.0/../../../../riscv64-unknown-elf/lib/rv32i/ilp32/libc_nano.a(lib_a-atoi.o)
                0x000000008000e298                _atoi_r

.text.calloc    0x000000008000e2a4       0x14
 .text.calloc   0x000000008000e2a4       0x14 /opt/riscv64-unknown-elf-gcc-8.3.0-2019.08.0-x86_64-linux-ubuntu14/bin/../lib/gcc/riscv64-unknown-elf/8.3.0/../../../../riscv64-unknown-elf/lib/rv32i/ilp32/libc_nano.a(lib_a-calloc.o)
                0x000000008000e2a4                calloc

.text.__sflush_r
                0x000000008000e2b8      0x1ec
 .text.__sflush_r
                0x000000008000e2b8      0x1ec /opt/riscv64-unknown-elf-gcc-8.3.0-2019.08.0-x86_64-linux-ubuntu14/bin/../lib/gcc/riscv64-unknown-elf/8.3.0/../../../../riscv64-unknown-elf/lib/rv32i/ilp32/libc_nano.a(lib_a-fflush.o)
                0x000000008000e2b8                __sflush_r

.text._fflush_r
                0x000000008000e4a4       0xa0
 .text._fflush_r
                0x000000008000e4a4       0xa0 /opt/riscv64-unknown-elf-gcc-8.3.0-2019.08.0-x86_64-linux-ubuntu14/bin/../lib/gcc/riscv64-unknown-elf/8.3.0/../../../../riscv64-unknown-elf/lib/rv32i/ilp32/libc_nano.a(lib_a-fflush.o)
                0x000000008000e4a4                _fflush_r

.text.fflush    0x000000008000e544       0x28
 .text.fflush   0x000000008000e544       0x28 /opt/riscv64-unknown-elf-gcc-8.3.0-2019.08.0-x86_64-linux-ubuntu14/bin/../lib/gcc/riscv64-unknown-elf/8.3.0/../../../../riscv64-unknown-elf/lib/rv32i/ilp32/libc_nano.a(lib_a-fflush.o)
                0x000000008000e544                fflush

.text.__fp_lock
                0x000000008000e56c        0x8
 .text.__fp_lock
                0x000000008000e56c        0x8 /opt/riscv64-unknown-elf-gcc-8.3.0-2019.08.0-x86_64-linux-ubuntu14/bin/../lib/gcc/riscv64-unknown-elf/8.3.0/../../../../riscv64-unknown-elf/lib/rv32i/ilp32/libc_nano.a(lib_a-findfp.o)

.text.std       0x000000008000e574       0x88
 .text.std      0x000000008000e574       0x88 /opt/riscv64-unknown-elf-gcc-8.3.0-2019.08.0-x86_64-linux-ubuntu14/bin/../lib/gcc/riscv64-unknown-elf/8.3.0/../../../../riscv64-unknown-elf/lib/rv32i/ilp32/libc_nano.a(lib_a-findfp.o)

.text._cleanup_r
                0x000000008000e5fc        0xc
 .text._cleanup_r
                0x000000008000e5fc        0xc /opt/riscv64-unknown-elf-gcc-8.3.0-2019.08.0-x86_64-linux-ubuntu14/bin/../lib/gcc/riscv64-unknown-elf/8.3.0/../../../../riscv64-unknown-elf/lib/rv32i/ilp32/libc_nano.a(lib_a-findfp.o)
                0x000000008000e5fc                _cleanup_r

.text.__fp_unlock
                0x000000008000e608        0x8
 .text.__fp_unlock
                0x000000008000e608        0x8 /opt/riscv64-unknown-elf-gcc-8.3.0-2019.08.0-x86_64-linux-ubuntu14/bin/../lib/gcc/riscv64-unknown-elf/8.3.0/../../../../riscv64-unknown-elf/lib/rv32i/ilp32/libc_nano.a(lib_a-findfp.o)

.text.__sfmoreglue
                0x000000008000e610       0x78
 .text.__sfmoreglue
                0x000000008000e610       0x78 /opt/riscv64-unknown-elf-gcc-8.3.0-2019.08.0-x86_64-linux-ubuntu14/bin/../lib/gcc/riscv64-unknown-elf/8.3.0/../../../../riscv64-unknown-elf/lib/rv32i/ilp32/libc_nano.a(lib_a-findfp.o)
                0x000000008000e610                __sfmoreglue

.text._cleanup  0x000000008000e688        0xc
 .text._cleanup
                0x000000008000e688        0xc /opt/riscv64-unknown-elf-gcc-8.3.0-2019.08.0-x86_64-linux-ubuntu14/bin/../lib/gcc/riscv64-unknown-elf/8.3.0/../../../../riscv64-unknown-elf/lib/rv32i/ilp32/libc_nano.a(lib_a-findfp.o)
                0x000000008000e688                _cleanup

.text.__sinit   0x000000008000e694       0xb0
 .text.__sinit  0x000000008000e694       0xb0 /opt/riscv64-unknown-elf-gcc-8.3.0-2019.08.0-x86_64-linux-ubuntu14/bin/../lib/gcc/riscv64-unknown-elf/8.3.0/../../../../riscv64-unknown-elf/lib/rv32i/ilp32/libc_nano.a(lib_a-findfp.o)
                0x000000008000e694                __sinit

.text.__sfp     0x000000008000e744       0xec
 .text.__sfp    0x000000008000e744       0xec /opt/riscv64-unknown-elf-gcc-8.3.0-2019.08.0-x86_64-linux-ubuntu14/bin/../lib/gcc/riscv64-unknown-elf/8.3.0/../../../../riscv64-unknown-elf/lib/rv32i/ilp32/libc_nano.a(lib_a-findfp.o)
                0x000000008000e744                __sfp

.text.__sfp_lock_acquire
                0x000000008000e830        0x4
 .text.__sfp_lock_acquire
                0x000000008000e830        0x4 /opt/riscv64-unknown-elf-gcc-8.3.0-2019.08.0-x86_64-linux-ubuntu14/bin/../lib/gcc/riscv64-unknown-elf/8.3.0/../../../../riscv64-unknown-elf/lib/rv32i/ilp32/libc_nano.a(lib_a-findfp.o)
                0x000000008000e830                __sfp_lock_acquire

.text.__sfp_lock_release
                0x000000008000e834        0x4
 .text.__sfp_lock_release
                0x000000008000e834        0x4 /opt/riscv64-unknown-elf-gcc-8.3.0-2019.08.0-x86_64-linux-ubuntu14/bin/../lib/gcc/riscv64-unknown-elf/8.3.0/../../../../riscv64-unknown-elf/lib/rv32i/ilp32/libc_nano.a(lib_a-findfp.o)
                0x000000008000e834                __sfp_lock_release

.text.__sinit_lock_acquire
                0x000000008000e838        0x4
 .text.__sinit_lock_acquire
                0x000000008000e838        0x4 /opt/riscv64-unknown-elf-gcc-8.3.0-2019.08.0-x86_64-linux-ubuntu14/bin/../lib/gcc/riscv64-unknown-elf/8.3.0/../../../../riscv64-unknown-elf/lib/rv32i/ilp32/libc_nano.a(lib_a-findfp.o)
                0x000000008000e838                __sinit_lock_acquire

.text.__sinit_lock_release
                0x000000008000e83c        0x4
 .text.__sinit_lock_release
                0x000000008000e83c        0x4 /opt/riscv64-unknown-elf-gcc-8.3.0-2019.08.0-x86_64-linux-ubuntu14/bin/../lib/gcc/riscv64-unknown-elf/8.3.0/../../../../riscv64-unknown-elf/lib/rv32i/ilp32/libc_nano.a(lib_a-findfp.o)
                0x000000008000e83c                __sinit_lock_release

.text.__fp_lock_all
                0x000000008000e840       0x14
 .text.__fp_lock_all
                0x000000008000e840       0x14 /opt/riscv64-unknown-elf-gcc-8.3.0-2019.08.0-x86_64-linux-ubuntu14/bin/../lib/gcc/riscv64-unknown-elf/8.3.0/../../../../riscv64-unknown-elf/lib/rv32i/ilp32/libc_nano.a(lib_a-findfp.o)
                0x000000008000e840                __fp_lock_all

.text.__fp_unlock_all
                0x000000008000e854       0x14
 .text.__fp_unlock_all
                0x000000008000e854       0x14 /opt/riscv64-unknown-elf-gcc-8.3.0-2019.08.0-x86_64-linux-ubuntu14/bin/../lib/gcc/riscv64-unknown-elf/8.3.0/../../../../riscv64-unknown-elf/lib/rv32i/ilp32/libc_nano.a(lib_a-findfp.o)
                0x000000008000e854                __fp_unlock_all

.text._fpurge_r
                0x000000008000e868       0xdc
 .text._fpurge_r
                0x000000008000e868       0xdc /opt/riscv64-unknown-elf-gcc-8.3.0-2019.08.0-x86_64-linux-ubuntu14/bin/../lib/gcc/riscv64-unknown-elf/8.3.0/../../../../riscv64-unknown-elf/lib/rv32i/ilp32/libc_nano.a(lib_a-fpurge.o)
                0x000000008000e868                _fpurge_r

.text.fpurge    0x000000008000e944       0x10
 .text.fpurge   0x000000008000e944       0x10 /opt/riscv64-unknown-elf-gcc-8.3.0-2019.08.0-x86_64-linux-ubuntu14/bin/../lib/gcc/riscv64-unknown-elf/8.3.0/../../../../riscv64-unknown-elf/lib/rv32i/ilp32/libc_nano.a(lib_a-fpurge.o)
                0x000000008000e944                fpurge

.text.__fpurge  0x000000008000e954       0x10
 .text.__fpurge
                0x000000008000e954       0x10 /opt/riscv64-unknown-elf-gcc-8.3.0-2019.08.0-x86_64-linux-ubuntu14/bin/../lib/gcc/riscv64-unknown-elf/8.3.0/../../../../riscv64-unknown-elf/lib/rv32i/ilp32/libc_nano.a(lib_a-fpurge.o)
                0x000000008000e954                __fpurge

.text._fwalk    0x000000008000e964       0xa0
 .text._fwalk   0x000000008000e964       0xa0 /opt/riscv64-unknown-elf-gcc-8.3.0-2019.08.0-x86_64-linux-ubuntu14/bin/../lib/gcc/riscv64-unknown-elf/8.3.0/../../../../riscv64-unknown-elf/lib/rv32i/ilp32/libc_nano.a(lib_a-fwalk.o)
                0x000000008000e964                _fwalk

.text._fwalk_reent
                0x000000008000ea04       0xb4
 .text._fwalk_reent
                0x000000008000ea04       0xb4 /opt/riscv64-unknown-elf-gcc-8.3.0-2019.08.0-x86_64-linux-ubuntu14/bin/../lib/gcc/riscv64-unknown-elf/8.3.0/../../../../riscv64-unknown-elf/lib/rv32i/ilp32/libc_nano.a(lib_a-fwalk.o)
                0x000000008000ea04                _fwalk_reent

.text.malloc    0x000000008000eab8       0x10
 .text.malloc   0x000000008000eab8       0x10 /opt/riscv64-unknown-elf-gcc-8.3.0-2019.08.0-x86_64-linux-ubuntu14/bin/../lib/gcc/riscv64-unknown-elf/8.3.0/../../../../riscv64-unknown-elf/lib/rv32i/ilp32/libc_nano.a(lib_a-malloc.o)
                0x000000008000eab8                malloc

.text.free      0x000000008000eac8       0x10
 .text.free     0x000000008000eac8       0x10 /opt/riscv64-unknown-elf-gcc-8.3.0-2019.08.0-x86_64-linux-ubuntu14/bin/../lib/gcc/riscv64-unknown-elf/8.3.0/../../../../riscv64-unknown-elf/lib/rv32i/ilp32/libc_nano.a(lib_a-malloc.o)
                0x000000008000eac8                free

.text.memcmp    0x000000008000ead8       0x30
 .text.memcmp   0x000000008000ead8       0x30 /opt/riscv64-unknown-elf-gcc-8.3.0-2019.08.0-x86_64-linux-ubuntu14/bin/../lib/gcc/riscv64-unknown-elf/8.3.0/../../../../riscv64-unknown-elf/lib/rv32i/ilp32/libc_nano.a(lib_a-memcmp.o)
                0x000000008000ead8                memcmp

.text.memcpy    0x000000008000eb08       0xd8
 .text.memcpy   0x000000008000eb08       0xd8 /opt/riscv64-unknown-elf-gcc-8.3.0-2019.08.0-x86_64-linux-ubuntu14/bin/../lib/gcc/riscv64-unknown-elf/8.3.0/../../../../riscv64-unknown-elf/lib/rv32i/ilp32/libc_nano.a(lib_a-memcpy.o)
                0x000000008000eb08                memcpy

.text.memmove   0x000000008000ebe0       0x5c
 .text.memmove  0x000000008000ebe0       0x5c /opt/riscv64-unknown-elf-gcc-8.3.0-2019.08.0-x86_64-linux-ubuntu14/bin/../lib/gcc/riscv64-unknown-elf/8.3.0/../../../../riscv64-unknown-elf/lib/rv32i/ilp32/libc_nano.a(lib_a-memmove-stub.o)
                0x000000008000ebe0                memmove

.text._calloc_r
                0x000000008000ec3c       0x54
 .text._calloc_r
                0x000000008000ec3c       0x54 /opt/riscv64-unknown-elf-gcc-8.3.0-2019.08.0-x86_64-linux-ubuntu14/bin/../lib/gcc/riscv64-unknown-elf/8.3.0/../../../../riscv64-unknown-elf/lib/rv32i/ilp32/libc_nano.a(lib_a-nano-callocr.o)
                0x000000008000ec3c                _calloc_r

.text._free_r   0x000000008000ec90      0x104
 .text._free_r  0x000000008000ec90      0x104 /opt/riscv64-unknown-elf-gcc-8.3.0-2019.08.0-x86_64-linux-ubuntu14/bin/../lib/gcc/riscv64-unknown-elf/8.3.0/../../../../riscv64-unknown-elf/lib/rv32i/ilp32/libc_nano.a(lib_a-nano-freer.o)
                0x000000008000ec90                _free_r

.text._malloc_r
                0x000000008000ed94      0x14c
 .text._malloc_r
                0x000000008000ed94      0x14c /opt/riscv64-unknown-elf-gcc-8.3.0-2019.08.0-x86_64-linux-ubuntu14/bin/../lib/gcc/riscv64-unknown-elf/8.3.0/../../../../riscv64-unknown-elf/lib/rv32i/ilp32/libc_nano.a(lib_a-nano-mallocr.o)
                0x000000008000ed94                _malloc_r

.text._printf_r
                0x000000008000eee0       0x68
 .text._printf_r
                0x000000008000eee0       0x68 /opt/riscv64-unknown-elf-gcc-8.3.0-2019.08.0-x86_64-linux-ubuntu14/bin/../lib/gcc/riscv64-unknown-elf/8.3.0/../../../../riscv64-unknown-elf/lib/rv32i/ilp32/libc_nano.a(lib_a-printf.o)
                0x000000008000eee0                _printf_r
                0x000000008000eee0                _iprintf_r

.text.printf    0x000000008000ef48       0x78
 .text.printf   0x000000008000ef48       0x78 /opt/riscv64-unknown-elf-gcc-8.3.0-2019.08.0-x86_64-linux-ubuntu14/bin/../lib/gcc/riscv64-unknown-elf/8.3.0/../../../../riscv64-unknown-elf/lib/rv32i/ilp32/libc_nano.a(lib_a-printf.o)
                0x000000008000ef48                printf
                0x000000008000ef48                iprintf

.text._putchar_r
                0x000000008000efc0       0x40
 .text._putchar_r
                0x000000008000efc0       0x40 /opt/riscv64-unknown-elf-gcc-8.3.0-2019.08.0-x86_64-linux-ubuntu14/bin/../lib/gcc/riscv64-unknown-elf/8.3.0/../../../../riscv64-unknown-elf/lib/rv32i/ilp32/libc_nano.a(lib_a-putchar.o)
                0x000000008000efc0                _putchar_r

.text.putchar   0x000000008000f000       0x4c
 .text.putchar  0x000000008000f000       0x4c /opt/riscv64-unknown-elf-gcc-8.3.0-2019.08.0-x86_64-linux-ubuntu14/bin/../lib/gcc/riscv64-unknown-elf/8.3.0/../../../../riscv64-unknown-elf/lib/rv32i/ilp32/libc_nano.a(lib_a-putchar.o)
                0x000000008000f000                putchar

.text._putc_r   0x000000008000f04c       0xc4
 .text._putc_r  0x000000008000f04c       0xc4 /opt/riscv64-unknown-elf-gcc-8.3.0-2019.08.0-x86_64-linux-ubuntu14/bin/../lib/gcc/riscv64-unknown-elf/8.3.0/../../../../riscv64-unknown-elf/lib/rv32i/ilp32/libc_nano.a(lib_a-putc.o)
                0x000000008000f04c                _putc_r

.text.putc      0x000000008000f110       0x14
 .text.putc     0x000000008000f110       0x14 /opt/riscv64-unknown-elf-gcc-8.3.0-2019.08.0-x86_64-linux-ubuntu14/bin/../lib/gcc/riscv64-unknown-elf/8.3.0/../../../../riscv64-unknown-elf/lib/rv32i/ilp32/libc_nano.a(lib_a-putc.o)
                0x000000008000f110                putc

.text._sbrk_r   0x000000008000f124       0x44
 .text._sbrk_r  0x000000008000f124       0x44 /opt/riscv64-unknown-elf-gcc-8.3.0-2019.08.0-x86_64-linux-ubuntu14/bin/../lib/gcc/riscv64-unknown-elf/8.3.0/../../../../riscv64-unknown-elf/lib/rv32i/ilp32/libc_nano.a(lib_a-sbrkr.o)
                0x000000008000f124                _sbrk_r

.text._snprintf_r
                0x000000008000f168       0xb0
 .text._snprintf_r
                0x000000008000f168       0xb0 /opt/riscv64-unknown-elf-gcc-8.3.0-2019.08.0-x86_64-linux-ubuntu14/bin/../lib/gcc/riscv64-unknown-elf/8.3.0/../../../../riscv64-unknown-elf/lib/rv32i/ilp32/libc_nano.a(lib_a-snprintf.o)
                0x000000008000f168                _sniprintf_r
                0x000000008000f168                _snprintf_r

.text.snprintf  0x000000008000f218       0xb8
 .text.snprintf
                0x000000008000f218       0xb8 /opt/riscv64-unknown-elf-gcc-8.3.0-2019.08.0-x86_64-linux-ubuntu14/bin/../lib/gcc/riscv64-unknown-elf/8.3.0/../../../../riscv64-unknown-elf/lib/rv32i/ilp32/libc_nano.a(lib_a-snprintf.o)
                0x000000008000f218                snprintf
                0x000000008000f218                sniprintf

.text._sprintf_r
                0x000000008000f2d0       0x64
 .text._sprintf_r
                0x000000008000f2d0       0x64 /opt/riscv64-unknown-elf-gcc-8.3.0-2019.08.0-x86_64-linux-ubuntu14/bin/../lib/gcc/riscv64-unknown-elf/8.3.0/../../../../riscv64-unknown-elf/lib/rv32i/ilp32/libc_nano.a(lib_a-sprintf.o)
                0x000000008000f2d0                _siprintf_r
                0x000000008000f2d0                _sprintf_r

.text.sprintf   0x000000008000f334       0x74
 .text.sprintf  0x000000008000f334       0x74 /opt/riscv64-unknown-elf-gcc-8.3.0-2019.08.0-x86_64-linux-ubuntu14/bin/../lib/gcc/riscv64-unknown-elf/8.3.0/../../../../riscv64-unknown-elf/lib/rv32i/ilp32/libc_nano.a(lib_a-sprintf.o)
                0x000000008000f334                sprintf
                0x000000008000f334                siprintf

.text.__sread   0x000000008000f3a8       0x50
 .text.__sread  0x000000008000f3a8       0x50 /opt/riscv64-unknown-elf-gcc-8.3.0-2019.08.0-x86_64-linux-ubuntu14/bin/../lib/gcc/riscv64-unknown-elf/8.3.0/../../../../riscv64-unknown-elf/lib/rv32i/ilp32/libc_nano.a(lib_a-stdio.o)
                0x000000008000f3a8                __sread

.text.__seofread
                0x000000008000f3f8        0x8
 .text.__seofread
                0x000000008000f3f8        0x8 /opt/riscv64-unknown-elf-gcc-8.3.0-2019.08.0-x86_64-linux-ubuntu14/bin/../lib/gcc/riscv64-unknown-elf/8.3.0/../../../../riscv64-unknown-elf/lib/rv32i/ilp32/libc_nano.a(lib_a-stdio.o)
                0x000000008000f3f8                __seofread

.text.__swrite  0x000000008000f400       0x84
 .text.__swrite
                0x000000008000f400       0x84 /opt/riscv64-unknown-elf-gcc-8.3.0-2019.08.0-x86_64-linux-ubuntu14/bin/../lib/gcc/riscv64-unknown-elf/8.3.0/../../../../riscv64-unknown-elf/lib/rv32i/ilp32/libc_nano.a(lib_a-stdio.o)
                0x000000008000f400                __swrite

.text.__sseek   0x000000008000f484       0x58
 .text.__sseek  0x000000008000f484       0x58 /opt/riscv64-unknown-elf-gcc-8.3.0-2019.08.0-x86_64-linux-ubuntu14/bin/../lib/gcc/riscv64-unknown-elf/8.3.0/../../../../riscv64-unknown-elf/lib/rv32i/ilp32/libc_nano.a(lib_a-stdio.o)
                0x000000008000f484                __sseek

.text.__sclose  0x000000008000f4dc        0x8
 .text.__sclose
                0x000000008000f4dc        0x8 /opt/riscv64-unknown-elf-gcc-8.3.0-2019.08.0-x86_64-linux-ubuntu14/bin/../lib/gcc/riscv64-unknown-elf/8.3.0/../../../../riscv64-unknown-elf/lib/rv32i/ilp32/libc_nano.a(lib_a-stdio.o)
                0x000000008000f4dc                __sclose

.text.strlen    0x000000008000f4e4       0x1c
 .text.strlen   0x000000008000f4e4       0x1c /opt/riscv64-unknown-elf-gcc-8.3.0-2019.08.0-x86_64-linux-ubuntu14/bin/../lib/gcc/riscv64-unknown-elf/8.3.0/../../../../riscv64-unknown-elf/lib/rv32i/ilp32/libc_nano.a(lib_a-strlen.o)
                0x000000008000f4e4                strlen

.text.strncmp   0x000000008000f500       0x3c
 .text.strncmp  0x000000008000f500       0x3c /opt/riscv64-unknown-elf-gcc-8.3.0-2019.08.0-x86_64-linux-ubuntu14/bin/../lib/gcc/riscv64-unknown-elf/8.3.0/../../../../riscv64-unknown-elf/lib/rv32i/ilp32/libc_nano.a(lib_a-strncmp.o)
                0x000000008000f500                strncmp

.text._strtol_l.isra.0
                0x000000008000f53c      0x20c
 .text._strtol_l.isra.0
                0x000000008000f53c      0x20c /opt/riscv64-unknown-elf-gcc-8.3.0-2019.08.0-x86_64-linux-ubuntu14/bin/../lib/gcc/riscv64-unknown-elf/8.3.0/../../../../riscv64-unknown-elf/lib/rv32i/ilp32/libc_nano.a(lib_a-strtol.o)

.text._strtol_r
                0x000000008000f748        0x4
 .text._strtol_r
                0x000000008000f748        0x4 /opt/riscv64-unknown-elf-gcc-8.3.0-2019.08.0-x86_64-linux-ubuntu14/bin/../lib/gcc/riscv64-unknown-elf/8.3.0/../../../../riscv64-unknown-elf/lib/rv32i/ilp32/libc_nano.a(lib_a-strtol.o)
                0x000000008000f748                _strtol_r

.text.strtol_l  0x000000008000f74c       0x18
 .text.strtol_l
                0x000000008000f74c       0x18 /opt/riscv64-unknown-elf-gcc-8.3.0-2019.08.0-x86_64-linux-ubuntu14/bin/../lib/gcc/riscv64-unknown-elf/8.3.0/../../../../riscv64-unknown-elf/lib/rv32i/ilp32/libc_nano.a(lib_a-strtol.o)
                0x000000008000f74c                strtol_l

.text.strtol    0x000000008000f764       0x18
 .text.strtol   0x000000008000f764       0x18 /opt/riscv64-unknown-elf-gcc-8.3.0-2019.08.0-x86_64-linux-ubuntu14/bin/../lib/gcc/riscv64-unknown-elf/8.3.0/../../../../riscv64-unknown-elf/lib/rv32i/ilp32/libc_nano.a(lib_a-strtol.o)
                0x000000008000f764                strtol

.text.__swbuf_r
                0x000000008000f77c      0x138
 .text.__swbuf_r
                0x000000008000f77c      0x138 /opt/riscv64-unknown-elf-gcc-8.3.0-2019.08.0-x86_64-linux-ubuntu14/bin/../lib/gcc/riscv64-unknown-elf/8.3.0/../../../../riscv64-unknown-elf/lib/rv32i/ilp32/libc_nano.a(lib_a-wbuf.o)
                0x000000008000f77c                __swbuf_r

.text.__swbuf   0x000000008000f8b4       0x14
 .text.__swbuf  0x000000008000f8b4       0x14 /opt/riscv64-unknown-elf-gcc-8.3.0-2019.08.0-x86_64-linux-ubuntu14/bin/../lib/gcc/riscv64-unknown-elf/8.3.0/../../../../riscv64-unknown-elf/lib/rv32i/ilp32/libc_nano.a(lib_a-wbuf.o)
                0x000000008000f8b4                __swbuf

.text._write_r  0x000000008000f8c8       0x4c
 .text._write_r
                0x000000008000f8c8       0x4c /opt/riscv64-unknown-elf-gcc-8.3.0-2019.08.0-x86_64-linux-ubuntu14/bin/../lib/gcc/riscv64-unknown-elf/8.3.0/../../../../riscv64-unknown-elf/lib/rv32i/ilp32/libc_nano.a(lib_a-writer.o)
                0x000000008000f8c8                _write_r

.text.__swsetup_r
                0x000000008000f914      0x17c
 .text.__swsetup_r
                0x000000008000f914      0x17c /opt/riscv64-unknown-elf-gcc-8.3.0-2019.08.0-x86_64-linux-ubuntu14/bin/../lib/gcc/riscv64-unknown-elf/8.3.0/../../../../riscv64-unknown-elf/lib/rv32i/ilp32/libc_nano.a(lib_a-wsetup.o)
                0x000000008000f914                __swsetup_r

.text._close_r  0x000000008000fa90       0x44