Archive member included to satisfy reference by file (symbol)

/opt/riscv64-unknown-elf-gcc-8.3.0-2019.08.0-x86_64-linux-ubuntu14/bin/../lib/gcc/riscv64-unknown-elf/8.3.0/../../../../riscv64-unknown-elf/lib/rv32i/ilp32/libc_nano.a(lib_a-atoi.o)
                              build/./src/lwip/core/netif.o (atoi)
/opt/riscv64-unknown-elf-gcc-8.3.0-2019.08.0-x86_64-linux-ubuntu14/bin/../lib/gcc/riscv64-unknown-elf/8.3.0/../../../../riscv64-unknown-elf/lib/rv32i/ilp32/libc_nano.a(lib_a-calloc.o)
                              build/./src/lwip/core/mem.o (calloc)
/opt/riscv64-unknown-elf-gcc-8.3.0-2019.08.0-x86_64-linux-ubuntu14/bin/../lib/gcc/riscv64-unknown-elf/8.3.0/../../../../riscv64-unknown-elf/lib/rv32i/ilp32/libc_nano.a(lib_a-ctype_.o)
                              build/./src/lwip/core/ipv4/ip4_addr.o (_ctype_)
/opt/riscv64-unknown-elf-gcc-8.3.0-2019.08.0-x86_64-linux-ubuntu14/bin/../lib/gcc/riscv64-unknown-elf/8.3.0/../../../../riscv64-unknown-elf/lib/rv32i/ilp32/libc_nano.a(lib_a-fflush.o)
                              build/src/main.o (fflush)
/opt/riscv64-unknown-elf-gcc-8.3.0-2019.08.0-x86_64-linux-ubuntu14/bin/../lib/gcc/riscv64-unknown-elf/8.3.0/../../../../riscv64-unknown-elf/lib/rv32i/ilp32/libc_nano.a(lib_a-findfp.o)
                              /opt/riscv64-unknown-elf-gcc-8.3.0-2019.08.0-x86_64-linux-ubuntu14/bin/../lib/gcc/riscv64-unknown-elf/8.3.0/../../../../riscv64-unknown-elf/lib/rv32i/ilp32/libc_nano.a(lib_a-fflush.o) (__sinit)
/opt/riscv64-unknown-elf-gcc-8.3.0-2019.08.0-x86_64-linux-ubuntu14/bin/../lib/gcc/riscv64-unknown-elf/8.3.0/../../../../riscv64-unknown-elf/lib/rv32i/ilp32/libc_nano.a(lib_a-fpurge.o)
                              build/src/main.o (fpurge)
/opt/riscv64-unknown-elf-gcc-8.3.0-2019.08.0-x86_64-linux-ubuntu14/bin/../lib/gcc/riscv64-unknown-elf/8.3.0/../../../../riscv64-unknown-elf/lib/rv32i/ilp32/libc_nano.a(lib_a-fwalk.o)
                              /opt/riscv64-unknown-elf-gcc-8.3.0-2019.08.0-x86_64-linux-ubuntu14/bin/../lib/gcc/riscv64-unknown-elf/8.3.0/../../../../riscv64-unknown-elf/lib/rv32i/ilp32/libc_nano.a(lib_a-findfp.o) (_fwalk)
/opt/riscv64-unknown-elf-gcc-8.3.0-2019.08.0-x86_64-linux-ubuntu14/bin/../lib/gcc/riscv64-unknown-elf/8.3.0/../../../../riscv64-unknown-elf/lib/rv32i/ilp32/libc_nano.a(lib_a-impure.o)
                              /opt/riscv64-unknown-elf-gcc-8.3.0-2019.08.0-x86_64-linux-ubuntu14/bin/../lib/gcc/riscv64-unknown-elf/8.3.0/../../../../riscv64-unknown-elf/lib/rv32i/ilp32/libc_nano.a(lib_a-fflush.o) (_global_impure_ptr)
/opt/riscv64-unknown-elf-gcc-8.3.0-2019.08.0-x86_64-linux-ubuntu14/bin/../lib/gcc/riscv64-unknown-elf/8.3.0/../../../../riscv64-unknown-elf/lib/rv32i/ilp32/libc_nano.a(lib_a-malloc.o)
                              build/./src/lwip/core/mem.o (malloc)
/opt/riscv64-unknown-elf-gcc-8.3.0-2019.08.0-x86_64-linux-ubuntu14/bin/../lib/gcc/riscv64-unknown-elf/8.3.0/../../../../riscv64-unknown-elf/lib/rv32i/ilp32/libc_nano.a(lib_a-memcmp.o)
                              build/./src/lwip/netif/ethernet.o (memcmp)
/opt/riscv64-unknown-elf-gcc-8.3.0-2019.08.0-x86_64-linux-ubuntu14/bin/../lib/gcc/riscv64-unknown-elf/8.3.0/../../../../riscv64-unknown-elf/lib/rv32i/ilp32/libc_nano.a(lib_a-memcpy.o)
                              build/src/main.o (memcpy)
/opt/riscv64-unknown-elf-gcc-8.3.0-2019.08.0-x86_64-linux-ubuntu14/bin/../lib/gcc/riscv64-unknown-elf/8.3.0/../../../../riscv64-unknown-elf/lib/rv32i/ilp32/libc_nano.a(lib_a-memmove-stub.o)
                              build/./src/lwip/core/def.o (memmove)
/opt/riscv64-unknown-elf-gcc-8.3.0-2019.08.0-x86_64-linux-ubuntu14/bin/../lib/gcc/riscv64-unknown-elf/8.3.0/../../../../riscv64-unknown-elf/lib/rv32i/ilp32/libc_nano.a(lib_a-memset.o)
                              build/src/main.o (memset)
/opt/riscv64-unknown-elf-gcc-8.3.0-2019.08.0-x86_64-linux-ubuntu14/bin/../lib/gcc/riscv64-unknown-elf/8.3.0/../../../../riscv64-unknown-elf/lib/rv32i/ilp32/libc_nano.a(lib_a-nano-callocr.o)
                              /opt/riscv64-unknown-elf-gcc-8.3.0-2019.08.0-x86_64-linux-ubuntu14/bin/../lib/gcc/riscv64-unknown-elf/8.3.0/../../../../riscv64-unknown-elf/lib/rv32i/ilp32/libc_nano.a(lib_a-calloc.o) (_calloc_r)
/opt/riscv64-unknown-elf-gcc-8.3.0-2019.08.0-x86_64-linux-ubuntu14/bin/../lib/gcc/riscv64-unknown-elf/8.3.0/../../../../riscv64-unknown-elf/lib/rv32i/ilp32/libc_nano.a(lib_a-nano-freer.o)
                              /opt/riscv64-unknown-elf-gcc-8.3.0-2019.08.0-x86_64-linux-ubuntu14/bin/../lib/gcc/riscv64-unknown-elf/8.3.0/../../../../riscv64-unknown-elf/lib/rv32i/ilp32/libc_nano.a(lib_a-fflush.o) (_free_r)
/opt/riscv64-unknown-elf-gcc-8.3.0-2019.08.0-x86_64-linux-ubuntu14/bin/../lib/gcc/riscv64-unknown-elf/8.3.0/../../../../riscv64-unknown-elf/lib/rv32i/ilp32/libc_nano.a(lib_a-nano-mallocr.o)
[...]
Memory Configuration

Name             Origin             Length             Attributes
RAM              0x0000000080000000 0x0000000000012000 xrw
*default*        0x0000000000000000 0xffffffffffffffff

Linker script and memory map

LOAD build/src/crc16.o
LOAD build/src/font_6x8.o
LOAD build/src/font_12x16.o
LOAD build/src/main.o
LOAD build/src/modbus_rtu.o
LOAD build/src/config.o
LOAD build/src/eeprom.o
LOAD build/src/modbus.o
LOAD build/src/mac.o
LOAD build/src/hub.o
LOAD build/src/modbus_udp.o
LOAD build/src/i2c.o
LOAD build/src/utils.o
LOAD build/src/crt.o
LOAD build/./src/lwip/core/init.o
LOAD build/./src/lwip/core/def.o
LOAD build/./src/lwip/core/dns.o
LOAD build/./src/lwip/core/inet_chksum.o
LOAD build/./src/lwip/core/ip.o
LOAD build/./src/lwip/core/mem.o
LOAD build/./src/lwip/core/memp.o
LOAD build/./src/lwip/core/netif.o
LOAD build/./src/lwip/core/pbuf.o
LOAD build/./src/lwip/core/raw.o
LOAD build/./src/lwip/core/stats.o
LOAD build/./src/lwip/core/sys.o
LOAD build/./src/lwip/core/altcp.o
LOAD build/./src/lwip/core/altcp_alloc.o
LOAD build/./src/lwip/core/altcp_tcp.o
LOAD build/./src/lwip/core/tcp.o
LOAD build/./src/lwip/core/tcp_in.o
LOAD build/./src/lwip/core/tcp_out.o
LOAD build/./src/lwip/core/timeouts.o
LOAD build/./src/lwip/core/udp.o
LOAD build/./src/lwip/core/ipv4/autoip.o
LOAD build/./src/lwip/core/ipv4/dhcp.o
LOAD build/./src/lwip/core/ipv4/etharp.o
LOAD build/./src/lwip/core/ipv4/icmp.o
LOAD build/./src/lwip/core/ipv4/igmp.o
LOAD build/./src/lwip/core/ipv4/ip4_frag.o
LOAD build/./src/lwip/core/ipv4/ip4.o
LOAD build/./src/lwip/core/ipv4/ip4_addr.o
LOAD build/./src/lwip/netif/ethernet.o
LOAD /opt/riscv64-unknown-elf-gcc-8.3.0-2019.08.0-x86_64-linux-ubuntu14/bin/../lib/gcc/riscv64-unknown-elf/8.3.0/../../../../riscv64-unknown-elf/lib/rv32i/ilp32/libnosys.a
LOAD /opt/riscv64-unknown-elf-gcc-8.3.0-2019.08.0-x86_64-linux-ubuntu14/bin/../lib/gcc/riscv64-unknown-elf/8.3.0/../../../../riscv64-unknown-elf/lib/rv32i/ilp32/libc_nano.a
LOAD /opt/riscv64-unknown-elf-gcc-8.3.0-2019.08.0-x86_64-linux-ubuntu14/bin/../lib/gcc/riscv64-unknown-elf/8.3.0/rv32i/ilp32/libgcc.a
                0x0000000000000800                _stack_size = DEFINED (_stack_size)?_stack_size:0x800
                0x0000000000000000                _ram_heap_size = DEFINED (_ram_heap_size)?_ram_heap_size:0x0

._vector        0x0000000080000000      0x134
 *crt.o(.start_jump)
 .start_jump    0x0000000080000000       0x10 build/src/crt.o
                0x0000000080000000                crtStart
 *crt.o(.text)
 *fill*         0x0000000080000010       0x10 
 .text          0x0000000080000020      0x114 build/src/crt.o
                0x0000000080000020                trap_entry

.data           0x0000000080000134     0x2fa6
 *(.rdata)
 *(.rodata .rodata.*)
 .rodata        0x0000000080000134      0x600 build/src/font_6x8.o
                0x0000000080000134                font_6x8
 .rodata        0x0000000080000734     0x1800 build/src/font_12x16.o
                0x0000000080000734                font_12x16
 .rodata.str1.4
                0x0000000080001f34      0x365 build/src/main.o
                                        0x369 (size before relaxing)
 *fill*         0x0000000080002299        0x3 
 .rodata.str1.4
                0x000000008000229c       0xf7 build/src/modbus_rtu.o
 *fill*         0x0000000080002393        0x1 
 .rodata.str1.4
                0x0000000080002394      0x14f build/src/config.o
 *fill*         0x00000000800024e3        0x1 
 .rodata.str1.4
                0x00000000800024e4      0x1d4 build/src/eeprom.o
 .rodata        0x00000000800026b8       0x44 build/src/modbus.o
 .rodata.str1.4
                0x00000000800026fc      0x137 build/src/modbus.o
 *fill*         0x0000000080002833        0x1 
 .rodata.str1.4
                0x0000000080002834      0x1e5 build/src/mac.o
 *fill*         0x0000000080002a19        0x3 
 .rodata.str1.4
                0x0000000080002a1c      0x19d build/src/modbus_udp.o
 *fill*         0x0000000080002bb9        0x3 
 .rodata.str1.4
                0x0000000080002bbc       0x5f build/src/utils.o
 *fill*         0x0000000080002c1b        0x1 
 .rodata.str1.4
                0x0000000080002c1c       0x3f build/./src/lwip/core/mem.o
 *fill*         0x0000000080002c5b        0x1 
 .rodata        0x0000000080002c5c       0x18 build/./src/lwip/core/memp.o
                0x0000000080002c5c                memp_pools
 .rodata.str1.4
                0x0000000080002c74       0x4c build/./src/lwip/core/memp.o
 .rodata.str1.4
                0x0000000080002cc0       0x15 build/./src/lwip/core/pbuf.o
 *fill*         0x0000000080002cd5        0x3 
 .rodata.str1.4
                0x0000000080002cd8       0x14 build/./src/lwip/core/raw.o
 .rodata        0x0000000080002cec       0x18 build/./src/lwip/core/timeouts.o
                0x0000000080002cec                lwip_cyclic_timers
 .rodata.str1.4
                0x0000000080002d04       0x19 build/./src/lwip/core/timeouts.o
 *fill*         0x0000000080002d1d        0x3 
 .rodata.str1.4
                0x0000000080002d20       0x14 build/./src/lwip/core/udp.o
 .rodata.str1.4
                0x0000000080002d34       0x1e build/./src/lwip/core/ipv4/ip4_frag.o
 *fill*         0x0000000080002d52        0x2 
 .rodata._ctype_
                0x0000000080002d54      0x101 /opt/riscv64-unknown-elf-gcc-8.3.0-2019.08.0-x86_64-linux-ubuntu14/bin/../lib/gcc/riscv64-unknown-elf/8.3.0/../../../../riscv64-unknown-elf/lib/rv32i/ilp32/libc_nano.a(lib_a-ctype_.o)
                0x0000000080002d54                _ctype_
 *fill*         0x0000000080002e55        0x3 
 .rodata.__sf_fake_stderr
                0x0000000080002e58       0x20 /opt/riscv64-unknown-elf-gcc-8.3.0-2019.08.0-x86_64-linux-ubuntu14/bin/../lib/gcc/riscv64-unknown-elf/8.3.0/../../../../riscv64-unknown-elf/lib/rv32i/ilp32/libc_nano.a(lib_a-findfp.o)
                0x0000000080002e58                __sf_fake_stderr
 .rodata.__sf_fake_stdin
                0x0000000080002e78       0x20 /opt/riscv64-unknown-elf-gcc-8.3.0-2019.08.0-x86_64-linux-ubuntu14/bin/../lib/gcc/riscv64-unknown-elf/8.3.0/../../../../riscv64-unknown-elf/lib/rv32i/ilp32/libc_nano.a(lib_a-findfp.o)
                0x0000000080002e78                __sf_fake_stdin
 .rodata.__sf_fake_stdout
                0x0000000080002e98       0x20 /opt/riscv64-unknown-elf-gcc-8.3.0-2019.08.0-x86_64-linux-ubuntu14/bin/../lib/gcc/riscv64-unknown-elf/8.3.0/../../../../riscv64-unknown-elf/lib/rv32i/ilp32/libc_nano.a(lib_a-findfp.o)
                0x0000000080002e98                __sf_fake_stdout
 .rodata._svfprintf_r.str1.4
                0x0000000080002eb8       0x13 /opt/riscv64-unknown-elf-gcc-8.3.0-2019.08.0-x86_64-linux-ubuntu14/bin/../lib/gcc/riscv64-unknown-elf/8.3.0/../../../../riscv64-unknown-elf/lib/rv32i/ilp32/libc_nano.a(lib_a-nano-svfprintf.o)
 *fill*         0x0000000080002ecb        0x1 
 .rodata._printf_i.str1.4
                0x0000000080002ecc       0x28 /opt/riscv64-unknown-elf-gcc-8.3.0-2019.08.0-x86_64-linux-ubuntu14/bin/../lib/gcc/riscv64-unknown-elf/8.3.0/../../../../riscv64-unknown-elf/lib/rv32i/ilp32/libc_nano.a(lib_a-nano-vfprintf_i.o)
                                         0x25 (size before relaxing)
 .rodata._vfprintf_r.str1.4
                0x0000000080002ef4       0x13 /opt/riscv64-unknown-elf-gcc-8.3.0-2019.08.0-x86_64-linux-ubuntu14/bin/../lib/gcc/riscv64-unknown-elf/8.3.0/../../../../riscv64-unknown-elf/lib/rv32i/ilp32/libc_nano.a(lib_a-nano-vfprintf.o)
 .rodata        0x0000000080002ef4      0x100 /opt/riscv64-unknown-elf-gcc-8.3.0-2019.08.0-x86_64-linux-ubuntu14/bin/../lib/gcc/riscv64-unknown-elf/8.3.0/rv32i/ilp32/libgcc.a(_clz.o)
                0x0000000080002ef4                __clz_tab
 *(.gnu.linkonce.r.*)
 *(.data .data.*)
 .data          0x0000000080002ff4        0x0 build/src/crc16.o
 .data          0x0000000080002ff4        0x0 build/src/font_6x8.o
 .data          0x0000000080002ff4        0x0 build/src/font_12x16.o
 .data          0x0000000080002ff4        0x0 build/src/main.o
 .data          0x0000000080002ff4        0x0 build/src/modbus_rtu.o
 .data          0x0000000080002ff4       0x20 build/src/config.o
                0x0000000080002ff4                default_config
 .data          0x0000000080003014        0x0 build/src/eeprom.o
 .data          0x0000000080003014        0x0 build/src/modbus.o
 .data          0x0000000080003014        0x0 build/src/mac.o
 .data          0x0000000080003014        0xa build/src/hub.o
                0x0000000080003014                hub_configs
 .data          0x000000008000301e        0x0 build/src/modbus_udp.o
 .data          0x000000008000301e        0x0 build/src/i2c.o
 .data          0x000000008000301e        0x0 build/src/utils.o
 .data          0x000000008000301e        0x0 build/src/crt.o
 .data          0x000000008000301e        0x0 build/./src/lwip/core/init.o
 .data          0x000000008000301e        0x0 build/./src/lwip/core/def.o
 .data          0x000000008000301e        0x0 build/./src/lwip/core/dns.o
 .data          0x000000008000301e        0x0 build/./src/lwip/core/inet_chksum.o
 .data          0x000000008000301e        0x0 build/./src/lwip/core/ip.o
 .data          0x000000008000301e        0x0 build/./src/lwip/core/mem.o
 .data          0x000000008000301e        0x0 build/./src/lwip/core/memp.o
 .data          0x000000008000301e        0x0 build/./src/lwip/core/netif.o
 .data          0x000000008000301e        0x0 build/./src/lwip/core/pbuf.o
 .data          0x000000008000301e        0x0 build/./src/lwip/core/raw.o
 .data          0x000000008000301e        0x0 build/./src/lwip/core/stats.o
 .data          0x000000008000301e        0x0 build/./src/lwip/core/sys.o
 .data          0x000000008000301e        0x0 build/./src/lwip/core/altcp.o
 .data          0x000000008000301e        0x0 build/./src/lwip/core/altcp_alloc.o
 .data          0x000000008000301e        0x0 build/./src/lwip/core/altcp_tcp.o
 .data          0x000000008000301e        0x0 build/./src/lwip/core/tcp.o
 .data          0x000000008000301e        0x0 build/./src/lwip/core/tcp_in.o
 .data          0x000000008000301e        0x0 build/./src/lwip/core/tcp_out.o
 .data          0x000000008000301e        0x0 build/./src/lwip/core/timeouts.o
 .data          0x000000008000301e        0x0 build/./src/lwip/core/udp.o
 .data          0x000000008000301e        0x0 build/./src/lwip/core/ipv4/autoip.o
 .data          0x000000008000301e        0x0 build/./src/lwip/core/ipv4/dhcp.o
 .data          0x000000008000301e        0x0 build/./src/lwip/core/ipv4/etharp.o
 .data          0x000000008000301e        0x0 build/./src/lwip/core/ipv4/icmp.o
 .data          0x000000008000301e        0x0 build/./src/lwip/core/ipv4/igmp.o
 .data          0x000000008000301e        0x0 build/./src/lwip/core/ipv4/ip4_frag.o
 .data          0x000000008000301e        0x0 build/./src/lwip/core/ipv4/ip4.o
 .data          0x000000008000301e        0x0 build/./src/lwip/core/ipv4/ip4_addr.o
 .data          0x000000008000301e        0x0 build/./src/lwip/netif/ethernet.o
 .data          0x000000008000301e        0x0 /opt/riscv64-unknown-elf-gcc-8.3.0-2019.08.0-x86_64-linux-ubuntu14/bin/../lib/gcc/riscv64-unknown-elf/8.3.0/../../../../riscv64-unknown-elf/lib/rv32i/ilp32/libc_nano.a(lib_a-atoi.o)
 .data          0x000000008000301e        0x0 /opt/riscv64-unknown-elf-gcc-8.3.0-2019.08.0-x86_64-linux-ubuntu14/bin/../lib/gcc/riscv64-unknown-elf/8.3.0/../../../../riscv64-unknown-elf/lib/rv32i/ilp32/libc_nano.a(lib_a-calloc.o)
 .data          0x000000008000301e        0x0 /opt/riscv64-unknown-elf-gcc-8.3.0-2019.08.0-x86_64-linux-ubuntu14/bin/../lib/gcc/riscv64-unknown-elf/8.3.0/../../../../riscv64-unknown-elf/lib/rv32i/ilp32/libc_nano.a(lib_a-ctype_.o)
 .data          0x000000008000301e        0x0 /opt/riscv64-unknown-elf-gcc-8.3.0-2019.08.0-x86_64-linux-ubuntu14/bin/../lib/gcc/riscv64-unknown-elf/8.3.0/../../../../riscv64-unknown-elf/lib/rv32i/ilp32/libc_nano.a(lib_a-fflush.o)
 .data          0x000000008000301e        0x0 /opt/riscv64-unknown-elf-gcc-8.3.0-2019.08.0-x86_64-linux-ubuntu14/bin/../lib/gcc/riscv64-unknown-elf/8.3.0/../../../../riscv64-unknown-elf/lib/rv32i/ilp32/libc_nano.a(lib_a-findfp.o)
 .data          0x000000008000301e        0x0 /opt/riscv64-unknown-elf-gcc-8.3.0-2019.08.0-x86_64-linux-ubuntu14/bin/../lib/gcc/riscv64-unknown-elf/8.3.0/../../../../riscv64-unknown-elf/lib/rv32i/ilp32/libc_nano.a(lib_a-fpurge.o)
 .data          0x000000008000301e        0x0 /opt/riscv64-unknown-elf-gcc-8.3.0-2019.08.0-x86_64-linux-ubuntu14/bin/../lib/gcc/riscv64-unknown-elf/8.3.0/../../../../riscv64-unknown-elf/lib/rv32i/ilp32/libc_nano.a(lib_a-fwalk.o)
 .data          0x000000008000301e        0x0 /opt/riscv64-unknown-elf-gcc-8.3.0-2019.08.0-x86_64-linux-ubuntu14/bin/../lib/gcc/riscv64-unknown-elf/8.3.0/../../../../riscv64-unknown-elf/lib/rv32i/ilp32/libc_nano.a(lib_a-impure.o)
 *fill*         0x000000008000301e        0x2 
 .data.impure_data
                0x0000000080003020       0x60 /opt/riscv64-unknown-elf-gcc-8.3.0-2019.08.0-x86_64-linux-ubuntu14/bin/../lib/gcc/riscv64-unknown-elf/8.3.0/../../../../riscv64-unknown-elf/lib/rv32i/ilp32/libc_nano.a(lib_a-impure.o)
 .data          0x0000000080003080        0x0 /opt/riscv64-unknown-elf-gcc-8.3.0-2019.08.0-x86_64-linux-ubuntu14/bin/../lib/gcc/riscv64-unknown-elf/8.3.0/../../../../riscv64-unknown-elf/lib/rv32i/ilp32/libc_nano.a(lib_a-malloc.o)
 .data          0x0000000080003080        0x0 /opt/riscv64-unknown-elf-gcc-8.3.0-2019.08.0-x86_64-linux-ubuntu14/bin/../lib/gcc/riscv64-unknown-elf/8.3.0/../../../../riscv64-unknown-elf/lib/rv32i/ilp32/libc_nano.a(lib_a-memcmp.o)
 .data          0x0000000080003080        0x0 /opt/riscv64-unknown-elf-gcc-8.3.0-2019.08.0-x86_64-linux-ubuntu14/bin/../lib/gcc/riscv64-unknown-elf/8.3.0/../../../../riscv64-unknown-elf/lib/rv32i/ilp32/libc_nano.a(lib_a-memcpy.o)
 .data          0x0000000080003080        0x0 /opt/riscv64-unknown-elf-gcc-8.3.0-2019.08.0-x86_64-linux-ubuntu14/bin/../lib/gcc/riscv64-unknown-elf/8.3.0/../../../../riscv64-unknown-elf/lib/rv32i/ilp32/libc_nano.a(lib_a-memmove-stub.o)
 .data          0x0000000080003080        0x0 /opt/riscv64-unknown-elf-gcc-8.3.0-2019.08.0-x86_64-linux-ubuntu14/bin/../lib/gcc/riscv64-unknown-elf/8.3.0/../../../../riscv64-unknown-elf/lib/rv32i/ilp32/libc_nano.a(lib_a-memset.o)
 .data          0x0000000080003080        0x0 /opt/riscv64-unknown-elf-gcc-8.3.0-2019.08.0-x86_64-linux-ubuntu14/bin/../lib/gcc/riscv64-unknown-elf/8.3.0/../../../../riscv64-unknown-elf/lib/rv32i/ilp32/libc_nano.a(lib_a-nano-callocr.o)
 .data          0x0000000080003080        0x0 /opt/riscv64-unknown-elf-gcc-8.3.0-2019.08.0-x86_64-linux-ubuntu14/bin/../lib/gcc/riscv64-unknown-elf/8.3.0/../../../../riscv64-unknown-elf/lib/rv32i/ilp32/libc_nano.a(lib_a-nano-freer.o)
 .data          0x0000000080003080        0x0 /opt/riscv64-unknown-elf-gcc-8.3.0-2019.08.0-x86_64-linux-ubuntu14/bin/../lib/gcc/riscv64-unknown-elf/8.3.0/../../../../riscv64-unknown-elf/lib/rv32i/ilp32/libc_nano.a(lib_a-nano-mallocr.o)
 .data          0x0000000080003080        0x0 /opt/riscv64-unknown-elf-gcc-8.3.0-2019.08.0-x86_64-linux-ubuntu14/bin/../lib/gcc/riscv64-unknown-elf/8.3.0/../../../../riscv64-unknown-elf/lib/rv32i/ilp32/libc_nano.a(lib_a-printf.o)
 .data          0x0000000080003080        0x0 /opt/riscv64-unknown-elf-gcc-8.3.0-2019.08.0-x86_64-linux-ubuntu14/bin/../lib/gcc/riscv64-unknown-elf/8.3.0/../../../../riscv64-unknown-elf/lib/rv32i/ilp32/libc_nano.a(lib_a-putchar.o)
 .data          0x0000000080003080        0x0 /opt/riscv64-unknown-elf-gcc-8.3.0-2019.08.0-x86_64-linux-ubuntu14/bin/../lib/gcc/riscv64-unknown-elf/8.3.0/../../../../riscv64-unknown-elf/lib/rv32i/ilp32/libc_nano.a(lib_a-putc.o)
 .data          0x0000000080003080        0x0 /opt/riscv64-unknown-elf-gcc-8.3.0-2019.08.0-x86_64-linux-ubuntu14/bin/../lib/gcc/riscv64-unknown-elf/8.3.0/../../../../riscv64-unknown-elf/lib/rv32i/ilp32/libc_nano.a(lib_a-sbrkr.o)
 .data          0x0000000080003080        0x0 /opt/riscv64-unknown-elf-gcc-8.3.0-2019.08.0-x86_64-linux-ubuntu14/bin/../lib/gcc/riscv64-unknown-elf/8.3.0/../../../../riscv64-unknown-elf/lib/rv32i/ilp32/libc_nano.a(lib_a-snprintf.o)
 .data          0x0000000080003080        0x0 /opt/riscv64-unknown-elf-gcc-8.3.0-2019.08.0-x86_64-linux-ubuntu14/bin/../lib/gcc/riscv64-unknown-elf/8.3.0/../../../../riscv64-unknown-elf/lib/rv32i/ilp32/libc_nano.a(lib_a-sprintf.o)
 .data          0x0000000080003080        0x0 /opt/riscv64-unknown-elf-gcc-8.3.0-2019.08.0-x86_64-linux-ubuntu14/bin/../lib/gcc/riscv64-unknown-elf/8.3.0/../../../../riscv64-unknown-elf/lib/rv32i/ilp32/libc_nano.a(lib_a-stdio.o)
 .data          0x0000000080003080        0x0 /opt/riscv64-unknown-elf-gcc-8.3.0-2019.08.0-x86_64-linux-ubuntu14/bin/../lib/gcc/riscv64-unknown-elf/8.3.0/../../../../riscv64-unknown-elf/lib/rv32i/ilp32/libc_nano.a(lib_a-strlen.o)
 .data          0x0000000080003080        0x0 /opt/riscv64-unknown-elf-gcc-8.3.0-2019.08.0-x86_64-linux-ubuntu14/bin/../lib/gcc/riscv64-unknown-elf/8.3.0/../../../../riscv64-unknown-elf/lib/rv32i/ilp32/libc_nano.a(lib_a-strncmp.o)
 .data          0x0000000080003080        0x0 /opt/riscv64-unknown-elf-gcc-8.3.0-2019.08.0-x86_64-linux-ubuntu14/bin/../lib/gcc/riscv64-unknown-elf/8.3.0/../../../../riscv64-unknown-elf/lib/rv32i/ilp32/libc_nano.a(lib_a-strtol.o)
 .data          0x0000000080003080        0x0 /opt/riscv64-unknown-elf-gcc-8.3.0-2019.08.0-x86_64-linux-ubuntu14/bin/../lib/gcc/riscv64-unknown-elf/8.3.0/../../../../riscv64-unknown-elf/lib/rv32i/ilp32/libc_nano.a(lib_a-wbuf.o)
 .data          0x0000000080003080        0x0 /opt/riscv64-unknown-elf-gcc-8.3.0-2019.08.0-x86_64-linux-ubuntu14/bin/../lib/gcc/riscv64-unknown-elf/8.3.0/../../../../riscv64-unknown-elf/lib/rv32i/ilp32/libc_nano.a(lib_a-writer.o)
 .data          0x0000000080003080        0x0 /opt/riscv64-unknown-elf-gcc-8.3.0-2019.08.0-x86_64-linux-ubuntu14/bin/../lib/gcc/riscv64-unknown-elf/8.3.0/../../../../riscv64-unknown-elf/lib/rv32i/ilp32/libc_nano.a(lib_a-wsetup.o)
 .data          0x0000000080003080        0x0 /opt/riscv64-unknown-elf-gcc-8.3.0-2019.08.0-x86_64-linux-ubuntu14/bin/../lib/gcc/riscv64-unknown-elf/8.3.0/../../../../riscv64-unknown-elf/lib/rv32i/ilp32/libc_nano.a(lib_a-closer.o)
 .data          0x0000000080003080        0x0 /opt/riscv64-unknown-elf-gcc-8.3.0-2019.08.0-x86_64-linux-ubuntu14/bin/../lib/gcc/riscv64-unknown-elf/8.3.0/../../../../riscv64-unknown-elf/lib/rv32i/ilp32/libc_nano.a(lib_a-lseekr.o)
 .data          0x0000000080003080        0x0 /opt/riscv64-unknown-elf-gcc-8.3.0-2019.08.0-x86_64-linux-ubuntu14/bin/../lib/gcc/riscv64-unknown-elf/8.3.0/../../../../riscv64-unknown-elf/lib/rv32i/ilp32/libc_nano.a(lib_a-makebuf.o)
 .data          0x0000000080003080        0x0 /opt/riscv64-unknown-elf-gcc-8.3.0-2019.08.0-x86_64-linux-ubuntu14/bin/../lib/gcc/riscv64-unknown-elf/8.3.0/../../../../riscv64-unknown-elf/lib/rv32i/ilp32/libc_nano.a(lib_a-nano-svfprintf.o)
 .data          0x0000000080003080        0x0 /opt/riscv64-unknown-elf-gcc-8.3.0-2019.08.0-x86_64-linux-ubuntu14/bin/../lib/gcc/riscv64-unknown-elf/8.3.0/../../../../riscv64-unknown-elf/lib/rv32i/ilp32/libc_nano.a(lib_a-nano-vfprintf_i.o)
 .data          0x0000000080003080        0x0 /opt/riscv64-unknown-elf-gcc-8.3.0-2019.08.0-x86_64-linux-ubuntu14/bin/../lib/gcc/riscv64-unknown-elf/8.3.0/../../../../riscv64-unknown-elf/lib/rv32i/ilp32/libc_nano.a(lib_a-nano-vfprintf.o)
 .data          0x0000000080003080        0x0 /opt/riscv64-unknown-elf-gcc-8.3.0-2019.08.0-x86_64-linux-ubuntu14/bin/../lib/gcc/riscv64-unknown-elf/8.3.0/../../../../riscv64-unknown-elf/lib/rv32i/ilp32/libc_nano.a(lib_a-readr.o)
 .data          0x0000000080003080        0x0 /opt/riscv64-unknown-elf-gcc-8.3.0-2019.08.0-x86_64-linux-ubuntu14/bin/../lib/gcc/riscv64-unknown-elf/8.3.0/../../../../riscv64-unknown-elf/lib/rv32i/ilp32/libc_nano.a(lib_a-reent.o)
 .data          0x0000000080003080        0x0 /opt/riscv64-unknown-elf-gcc-8.3.0-2019.08.0-x86_64-linux-ubuntu14/bin/../lib/gcc/riscv64-unknown-elf/8.3.0/../../../../riscv64-unknown-elf/lib/rv32i/ilp32/libc_nano.a(lib_a-fstatr.o)
 .data          0x0000000080003080        0x0 /opt/riscv64-unknown-elf-gcc-8.3.0-2019.08.0-x86_64-linux-ubuntu14/bin/../lib/gcc/riscv64-unknown-elf/8.3.0/../../../../riscv64-unknown-elf/lib/rv32i/ilp32/libc_nano.a(lib_a-fvwrite.o)
 .data          0x0000000080003080        0x0 /opt/riscv64-unknown-elf-gcc-8.3.0-2019.08.0-x86_64-linux-ubuntu14/bin/../lib/gcc/riscv64-unknown-elf/8.3.0/../../../../riscv64-unknown-elf/lib/rv32i/ilp32/libc_nano.a(lib_a-isattyr.o)
 .data          0x0000000080003080        0x0 /opt/riscv64-unknown-elf-gcc-8.3.0-2019.08.0-x86_64-linux-ubuntu14/bin/../lib/gcc/riscv64-unknown-elf/8.3.0/../../../../riscv64-unknown-elf/lib/rv32i/ilp32/libc_nano.a(lib_a-memchr.o)
 .data          0x0000000080003080        0x0 /opt/riscv64-unknown-elf-gcc-8.3.0-2019.08.0-x86_64-linux-ubuntu14/bin/../lib/gcc/riscv64-unknown-elf/8.3.0/../../../../riscv64-unknown-elf/lib/rv32i/ilp32/libc_nano.a(lib_a-nano-reallocr.o)
 .data          0x0000000080003080        0x0 /opt/riscv64-unknown-elf-gcc-8.3.0-2019.08.0-x86_64-linux-ubuntu14/bin/../lib/gcc/riscv64-unknown-elf/8.3.0/../../../../riscv64-unknown-elf/lib/rv32i/ilp32/libc_nano.a(lib_a-nano-msizer.o)
 .data          0x0000000080003080        0x0 /opt/riscv64-unknown-elf-gcc-8.3.0-2019.08.0-x86_64-linux-ubuntu14/bin/../lib/gcc/riscv64-unknown-elf/8.3.0/rv32i/ilp32/libgcc.a(_bswapsi2.o)
 .data          0x0000000080003080        0x0 /opt/riscv64-unknown-elf-gcc-8.3.0-2019.08.0-x86_64-linux-ubuntu14/bin/../lib/gcc/riscv64-unknown-elf/8.3.0/rv32i/ilp32/libgcc.a(_udivdi3.o)
 .data          0x0000000080003080        0x0 /opt/riscv64-unknown-elf-gcc-8.3.0-2019.08.0-x86_64-linux-ubuntu14/bin/../lib/gcc/riscv64-unknown-elf/8.3.0/rv32i/ilp32/libgcc.a(muldi3.o)
 .data          0x0000000080003080        0x0 /opt/riscv64-unknown-elf-gcc-8.3.0-2019.08.0-x86_64-linux-ubuntu14/bin/../lib/gcc/riscv64-unknown-elf/8.3.0/rv32i/ilp32/libgcc.a(div.o)
 .data          0x0000000080003080        0x0 /opt/riscv64-unknown-elf-gcc-8.3.0-2019.08.0-x86_64-linux-ubuntu14/bin/../lib/gcc/riscv64-unknown-elf/8.3.0/rv32i/ilp32/libgcc.a(_clz.o)
 *(.gnu.linkonce.d.*)
                0x0000000080003080                . = ALIGN (0x8)
 *fill*         0x0000000080003080        0x0 
                0x0000000080003880                PROVIDE (__global_pointer$ = (. + 0x800))
 *(.sdata .sdata.*)
 .sdata         0x0000000080003080        0x4 build/src/modbus.o
                0x0000000080003080                reg_hub_color
 .sdata         0x0000000080003084        0x2 build/./src/lwip/core/udp.o
 *fill*         0x0000000080003086        0x2 
 .sdata         0x0000000080003088        0x4 build/./src/lwip/core/ipv4/dhcp.o
 .sdata._impure_ptr
                0x000000008000308c        0x4 /opt/riscv64-unknown-elf-gcc-8.3.0-2019.08.0-x86_64-linux-ubuntu14/bin/../lib/gcc/riscv64-unknown-elf/8.3.0/../../../../riscv64-unknown-elf/lib/rv32i/ilp32/libc_nano.a(lib_a-impure.o)
                0x000000008000308c                _impure_ptr
 *(.gnu.linkonce.s.*)
                0x0000000080003090                . = ALIGN (0x8)
 *(.srodata.cst16)
 *(.srodata.cst8)
 *(.srodata.cst4)
 *(.srodata.cst2)
 *(.srodata .srodata.*)
 .srodata       0x0000000080003090       0x30 build/./src/lwip/core/memp.o
                0x0000000080003090                memp_PBUF_POOL
                0x0000000080003098                memp_PBUF
                0x00000000800030a0                memp_SYS_TIMEOUT
                0x00000000800030a8                memp_FRAG_PBUF
                0x00000000800030b0                memp_UDP_PCB
                0x00000000800030b8                memp_RAW_PCB
 .srodata       0x00000000800030c0        0x4 build/./src/lwip/core/timeouts.o
                0x00000000800030c0                lwip_num_cyclic_timers
 .srodata       0x00000000800030c4        0x8 build/./src/lwip/core/ipv4/ip4_addr.o
                0x00000000800030c4                ip_addr_broadcast
                0x00000000800030c8                ip_addr_any
 .srodata       0x00000000800030cc        0xe build/./src/lwip/netif/ethernet.o
                0x00000000800030cc                ethzero
                0x00000000800030d4                ethbroadcast

.bss            0x00000000800030e0      0x3f0
                0x00000000800030e0                . = ALIGN (0x4)
                0x00000000800030e0                _bss_start = .
 *(.sbss*)
 .sbss          0x00000000800030e0       0x30 build/src/main.o
                0x00000000800030e0                t2
                0x00000000800030e8                t1
                0x00000000800030f0                deadbeef
                0x00000000800030f4                events_modbus_rtu_poll
                0x00000000800030f8                events_mac_poll
                0x00000000800030fc                uart_config_reset_counter
                0x0000000080003100                reg_config_write
                0x0000000080003104                reg_scratch
                0x0000000080003108                reg_sys_counter
                0x000000008000310c                reg_irq_counter
 .sbss          0x0000000080003110        0xc build/src/modbus_rtu.o
                0x0000000080003110                modbus_rtu_rx_timestamp
                0x0000000080003118                modbus_rtu_rx_len
 .sbss          0x000000008000311c       0x14 build/src/mac.o
                0x000000008000311c                ts_dhcp_coarse
                0x0000000080003120                ts_dhcp_fine
                0x0000000080003124                ts_ipreass
                0x0000000080003128                ts_tcp
                0x000000008000312c                ts_etharp
 .sbss          0x0000000080003130        0xc build/src/hub.o
                0x0000000080003130                hub_frame_height
                0x0000000080003134                hub_frame_width
                0x0000000080003138                hub_frame_size
 .sbss          0x000000008000313c        0x4 build/src/modbus_udp.o
                0x000000008000313c                modbus_udp_pcb
 .sbss          0x0000000080003140        0xc build/src/utils.o
                0x0000000080003140                heap_end
                0x0000000080003144                heap_start
                0x0000000080003148                sbrk_heap_end
 .sbss          0x000000008000314c        0xc build/./src/lwip/core/netif.o
                0x0000000080003150                netif_default
                0x0000000080003154                netif_list
 .sbss          0x0000000080003158        0x4 build/./src/lwip/core/raw.o
 .sbss          0x000000008000315c        0x8 build/./src/lwip/core/timeouts.o
 .sbss          0x0000000080003164        0x4 build/./src/lwip/core/udp.o
                0x0000000080003164                udp_pcbs
 .sbss          0x0000000080003168       0x10 build/./src/lwip/core/ipv4/dhcp.o
                0x0000000080003170                dhcp_rx_options_given
 .sbss          0x0000000080003178        0x2 build/./src/lwip/core/ipv4/ip4.o
 *fill*         0x000000008000317a        0x2 
 .sbss.__malloc_free_list
                0x000000008000317c        0x4 /opt/riscv64-unknown-elf-gcc-8.3.0-2019.08.0-x86_64-linux-ubuntu14/bin/../lib/gcc/riscv64-unknown-elf/8.3.0/../../../../riscv64-unknown-elf/lib/rv32i/ilp32/libc_nano.a(lib_a-nano-mallocr.o)
                0x000000008000317c                __malloc_free_list
 .sbss.__malloc_sbrk_start
                0x0000000080003180        0x4 /opt/riscv64-unknown-elf-gcc-8.3.0-2019.08.0-x86_64-linux-ubuntu14/bin/../lib/gcc/riscv64-unknown-elf/8.3.0/../../../../riscv64-unknown-elf/lib/rv32i/ilp32/libc_nano.a(lib_a-nano-mallocr.o)
                0x0000000080003180                __malloc_sbrk_start
 *(.gnu.linkonce.sb.*)
 *(.bss .bss.*)
 .bss           0x0000000080003184        0x0 build/src/crc16.o
 .bss           0x0000000080003184        0x0 build/src/font_6x8.o
 .bss           0x0000000080003184        0x0 build/src/font_12x16.o
 .bss           0x0000000080003184       0x10 build/src/main.o
 .bss           0x0000000080003194       0x80 build/src/modbus_rtu.o
                0x0000000080003194                modbus_rtu_rx_buf
 .bss           0x0000000080003214       0x20 build/src/config.o
                0x0000000080003214                active_config
 .bss           0x0000000080003234        0x0 build/src/eeprom.o
 .bss           0x0000000080003234        0x0 build/src/modbus.o
 .bss           0x0000000080003234       0x40 build/src/mac.o
                0x0000000080003234                default_netif
 .bss           0x0000000080003274        0x0 build/src/hub.o
 .bss           0x0000000080003274        0x0 build/src/modbus_udp.o
 .bss           0x0000000080003274        0x0 build/src/i2c.o
 .bss           0x0000000080003274        0x0 build/src/utils.o
 .bss           0x0000000080003274        0x0 build/src/crt.o
 .bss           0x0000000080003274        0x0 build/./src/lwip/core/init.o
 .bss           0x0000000080003274        0x0 build/./src/lwip/core/def.o
 .bss           0x0000000080003274        0x0 build/./src/lwip/core/dns.o
 .bss           0x0000000080003274        0x0 build/./src/lwip/core/inet_chksum.o
 .bss           0x0000000080003274       0x18 build/./src/lwip/core/ip.o
                0x0000000080003274                ip_data
 .bss           0x000000008000328c        0x0 build/./src/lwip/core/mem.o
 .bss           0x000000008000328c        0x0 build/./src/lwip/core/memp.o
 .bss           0x000000008000328c        0x0 build/./src/lwip/core/netif.o
 .bss           0x000000008000328c        0x0 build/./src/lwip/core/pbuf.o
 .bss           0x000000008000328c        0x0 build/./src/lwip/core/raw.o
 .bss           0x000000008000328c      0x120 build/./src/lwip/core/stats.o
                0x000000008000328c                lwip_stats
 .bss           0x00000000800033ac        0x0 build/./src/lwip/core/sys.o
 .bss           0x00000000800033ac        0x0 build/./src/lwip/core/altcp.o
 .bss           0x00000000800033ac        0x0 build/./src/lwip/core/altcp_alloc.o
 .bss           0x00000000800033ac        0x0 build/./src/lwip/core/altcp_tcp.o
 .bss           0x00000000800033ac        0x0 build/./src/lwip/core/tcp.o
 .bss           0x00000000800033ac        0x0 build/./src/lwip/core/tcp_in.o
 .bss           0x00000000800033ac        0x0 build/./src/lwip/core/tcp_out.o
 .bss           0x00000000800033ac        0x0 build/./src/lwip/core/timeouts.o
 .bss           0x00000000800033ac        0x0 build/./src/lwip/core/udp.o
 .bss           0x00000000800033ac        0x0 build/./src/lwip/core/ipv4/autoip.o
 .bss           0x00000000800033ac       0x20 build/./src/lwip/core/ipv4/dhcp.o
                0x00000000800033ac                dhcp_rx_options_val
 .bss           0x00000000800033cc       0xf0 build/./src/lwip/core/ipv4/etharp.o
 .bss           0x00000000800034bc        0x0 build/./src/lwip/core/ipv4/icmp.o
 .bss           0x00000000800034bc        0x0 build/./src/lwip/core/ipv4/igmp.o
 .bss           0x00000000800034bc        0x0 build/./src/lwip/core/ipv4/ip4_frag.o
 .bss           0x00000000800034bc        0x0 build/./src/lwip/core/ipv4/ip4.o
 .bss           0x00000000800034bc       0x10 build/./src/lwip/core/ipv4/ip4_addr.o
 .bss           0x00000000800034cc        0x0 build/./src/lwip/netif/ethernet.o
 .bss           0x00000000800034cc        0x0 /opt/riscv64-unknown-elf-gcc-8.3.0-2019.08.0-x86_64-linux-ubuntu14/bin/../lib/gcc/riscv64-unknown-elf/8.3.0/../../../../riscv64-unknown-elf/lib/rv32i/ilp32/libc_nano.a(lib_a-atoi.o)
 .bss           0x00000000800034cc        0x0 /opt/riscv64-unknown-elf-gcc-8.3.0-2019.08.0-x86_64-linux-ubuntu14/bin/../lib/gcc/riscv64-unknown-elf/8.3.0/../../../../riscv64-unknown-elf/lib/rv32i/ilp32/libc_nano.a(lib_a-calloc.o)
 .bss           0x00000000800034cc        0x0 /opt/riscv64-unknown-elf-gcc-8.3.0-2019.08.0-x86_64-linux-ubuntu14/bin/../lib/gcc/riscv64-unknown-elf/8.3.0/../../../../riscv64-unknown-elf/lib/rv32i/ilp32/libc_nano.a(lib_a-ctype_.o)
 .bss           0x00000000800034cc        0x0 /opt/riscv64-unknown-elf-gcc-8.3.0-2019.08.0-x86_64-linux-ubuntu14/bin/../lib/gcc/riscv64-unknown-elf/8.3.0/../../../../riscv64-unknown-elf/lib/rv32i/ilp32/libc_nano.a(lib_a-fflush.o)
 .bss           0x00000000800034cc        0x0 /opt/riscv64-unknown-elf-gcc-8.3.0-2019.08.0-x86_64-linux-ubuntu14/bin/../lib/gcc/riscv64-unknown-elf/8.3.0/../../../../riscv64-unknown-elf/lib/rv32i/ilp32/libc_nano.a(lib_a-findfp.o)
 .bss           0x00000000800034cc        0x0 /opt/riscv64-unknown-elf-gcc-8.3.0-2019.08.0-x86_64-linux-ubuntu14/bin/../lib/gcc/riscv64-unknown-elf/8.3.0/../../../../riscv64-unknown-elf/lib/rv32i/ilp32/libc_nano.a(lib_a-fpurge.o)
 .bss           0x00000000800034cc        0x0 /opt/riscv64-unknown-elf-gcc-8.3.0-2019.08.0-x86_64-linux-ubuntu14/bin/../lib/gcc/riscv64-unknown-elf/8.3.0/../../../../riscv64-unknown-elf/lib/rv32i/ilp32/libc_nano.a(lib_a-fwalk.o)
 .bss           0x00000000800034cc        0x0 /opt/riscv64-unknown-elf-gcc-8.3.0-2019.08.0-x86_64-linux-ubuntu14/bin/../lib/gcc/riscv64-unknown-elf/8.3.0/../../../../riscv64-unknown-elf/lib/rv32i/ilp32/libc_nano.a(lib_a-impure.o)
 .bss           0x00000000800034cc        0x0 /opt/riscv64-unknown-elf-gcc-8.3.0-2019.08.0-x86_64-linux-ubuntu14/bin/../lib/gcc/riscv64-unknown-elf/8.3.0/../../../../riscv64-unknown-elf/lib/rv32i/ilp32/libc_nano.a(lib_a-malloc.o)
 .bss           0x00000000800034cc        0x0 /opt/riscv64-unknown-elf-gcc-8.3.0-2019.08.0-x86_64-linux-ubuntu14/bin/../lib/gcc/riscv64-unknown-elf/8.3.0/../../../../riscv64-unknown-elf/lib/rv32i/ilp32/libc_nano.a(lib_a-memcmp.o)
 .bss           0x00000000800034cc        0x0 /opt/riscv64-unknown-elf-gcc-8.3.0-2019.08.0-x86_64-linux-ubuntu14/bin/../lib/gcc/riscv64-unknown-elf/8.3.0/../../../../riscv64-unknown-elf/lib/rv32i/ilp32/libc_nano.a(lib_a-memcpy.o)
 .bss           0x00000000800034cc        0x0 /opt/riscv64-unknown-elf-gcc-8.3.0-2019.08.0-x86_64-linux-ubuntu14/bin/../lib/gcc/riscv64-unknown-elf/8.3.0/../../../../riscv64-unknown-elf/lib/rv32i/ilp32/libc_nano.a(lib_a-memmove-stub.o)
 .bss           0x00000000800034cc        0x0 /opt/riscv64-unknown-elf-gcc-8.3.0-2019.08.0-x86_64-linux-ubuntu14/bin/../lib/gcc/riscv64-unknown-elf/8.3.0/../../../../riscv64-unknown-elf/lib/rv32i/ilp32/libc_nano.a(lib_a-memset.o)
 .bss           0x00000000800034cc        0x0 /opt/riscv64-unknown-elf-gcc-8.3.0-2019.08.0-x86_64-linux-ubuntu14/bin/../lib/gcc/riscv64-unknown-elf/8.3.0/../../../../riscv64-unknown-elf/lib/rv32i/ilp32/libc_nano.a(lib_a-nano-callocr.o)
 .bss           0x00000000800034cc        0x0 /opt/riscv64-unknown-elf-gcc-8.3.0-2019.08.0-x86_64-linux-ubuntu14/bin/../lib/gcc/riscv64-unknown-elf/8.3.0/../../../../riscv64-unknown-elf/lib/rv32i/ilp32/libc_nano.a(lib_a-nano-freer.o)
 .bss           0x00000000800034cc        0x0 /opt/riscv64-unknown-elf-gcc-8.3.0-2019.08.0-x86_64-linux-ubuntu14/bin/../lib/gcc/riscv64-unknown-elf/8.3.0/../../../../riscv64-unknown-elf/lib/rv32i/ilp32/libc_nano.a(lib_a-nano-mallocr.o)
 .bss           0x00000000800034cc        0x0 /opt/riscv64-unknown-elf-gcc-8.3.0-2019.08.0-x86_64-linux-ubuntu14/bin/../lib/gcc/riscv64-unknown-elf/8.3.0/../../../../riscv64-unknown-elf/lib/rv32i/ilp32/libc_nano.a(lib_a-printf.o)
 .bss           0x00000000800034cc        0x0 /opt/riscv64-unknown-elf-gcc-8.3.0-2019.08.0-x86_64-linux-ubuntu14/bin/../lib/gcc/riscv64-unknown-elf/8.3.0/../../../../riscv64-unknown-elf/lib/rv32i/ilp32/libc_nano.a(lib_a-putchar.o)
 .bss           0x00000000800034cc        0x0 /opt/riscv64-unknown-elf-gcc-8.3.0-2019.08.0-x86_64-linux-ubuntu14/bin/../lib/gcc/riscv64-unknown-elf/8.3.0/../../../../riscv64-unknown-elf/lib/rv32i/ilp32/libc_nano.a(lib_a-putc.o)
 .bss           0x00000000800034cc        0x0 /opt/riscv64-unknown-elf-gcc-8.3.0-2019.08.0-x86_64-linux-ubuntu14/bin/../lib/gcc/riscv64-unknown-elf/8.3.0/../../../../riscv64-unknown-elf/lib/rv32i/ilp32/libc_nano.a(lib_a-sbrkr.o)
 .bss           0x00000000800034cc        0x0 /opt/riscv64-unknown-elf-gcc-8.3.0-2019.08.0-x86_64-linux-ubuntu14/bin/../lib/gcc/riscv64-unknown-elf/8.3.0/../../../../riscv64-unknown-elf/lib/rv32i/ilp32/libc_nano.a(lib_a-snprintf.o)
 .bss           0x00000000800034cc        0x0 /opt/riscv64-unknown-elf-gcc-8.3.0-2019.08.0-x86_64-linux-ubuntu14/bin/../lib/gcc/riscv64-unknown-elf/8.3.0/../../../../riscv64-unknown-elf/lib/rv32i/ilp32/libc_nano.a(lib_a-sprintf.o)
 .bss           0x00000000800034cc        0x0 /opt/riscv64-unknown-elf-gcc-8.3.0-2019.08.0-x86_64-linux-ubuntu14/bin/../lib/gcc/riscv64-unknown-elf/8.3.0/../../../../riscv64-unknown-elf/lib/rv32i/ilp32/libc_nano.a(lib_a-stdio.o)
 .bss           0x00000000800034cc        0x0 /opt/riscv64-unknown-elf-gcc-8.3.0-2019.08.0-x86_64-linux-ubuntu14/bin/../lib/gcc/riscv64-unknown-elf/8.3.0/../../../../riscv64-unknown-elf/lib/rv32i/ilp32/libc_nano.a(lib_a-strlen.o)
 .bss           0x00000000800034cc        0x0 /opt/riscv64-unknown-elf-gcc-8.3.0-2019.08.0-x86_64-linux-ubuntu14/bin/../lib/gcc/riscv64-unknown-elf/8.3.0/../../../../riscv64-unknown-elf/lib/rv32i/ilp32/libc_nano.a(lib_a-strncmp.o)
 .bss           0x00000000800034cc        0x0 /opt/riscv64-unknown-elf-gcc-8.3.0-2019.08.0-x86_64-linux-ubuntu14/bin/../lib/gcc/riscv64-unknown-elf/8.3.0/../../../../riscv64-unknown-elf/lib/rv32i/ilp32/libc_nano.a(lib_a-strtol.o)
 .bss           0x00000000800034cc        0x0 /opt/riscv64-unknown-elf-gcc-8.3.0-2019.08.0-x86_64-linux-ubuntu14/bin/../lib/gcc/riscv64-unknown-elf/8.3.0/../../../../riscv64-unknown-elf/lib/rv32i/ilp32/libc_nano.a(lib_a-wbuf.o)
 .bss           0x00000000800034cc        0x0 /opt/riscv64-unknown-elf-gcc-8.3.0-2019.08.0-x86_64-linux-ubuntu14/bin/../lib/gcc/riscv64-unknown-elf/8.3.0/../../../../riscv64-unknown-elf/lib/rv32i/ilp32/libc_nano.a(lib_a-writer.o)
 .bss           0x00000000800034cc        0x0 /opt/riscv64-unknown-elf-gcc-8.3.0-2019.08.0-x86_64-linux-ubuntu14/bin/../lib/gcc/riscv64-unknown-elf/8.3.0/../../../../riscv64-unknown-elf/lib/rv32i/ilp32/libc_nano.a(lib_a-wsetup.o)
 .bss           0x00000000800034cc        0x0 /opt/riscv64-unknown-elf-gcc-8.3.0-2019.08.0-x86_64-linux-ubuntu14/bin/../lib/gcc/riscv64-unknown-elf/8.3.0/../../../../riscv64-unknown-elf/lib/rv32i/ilp32/libc_nano.a(lib_a-closer.o)
 .bss           0x00000000800034cc        0x0 /opt/riscv64-unknown-elf-gcc-8.3.0-2019.08.0-x86_64-linux-ubuntu14/bin/../lib/gcc/riscv64-unknown-elf/8.3.0/../../../../riscv64-unknown-elf/lib/rv32i/ilp32/libc_nano.a(lib_a-lseekr.o)
 .bss           0x00000000800034cc        0x0 /opt/riscv64-unknown-elf-gcc-8.3.0-2019.08.0-x86_64-linux-ubuntu14/bin/../lib/gcc/riscv64-unknown-elf/8.3.0/../../../../riscv64-unknown-elf/lib/rv32i/ilp32/libc_nano.a(lib_a-makebuf.o)
 .bss           0x00000000800034cc        0x0 /opt/riscv64-unknown-elf-gcc-8.3.0-2019.08.0-x86_64-linux-ubuntu14/bin/../lib/gcc/riscv64-unknown-elf/8.3.0/../../../../riscv64-unknown-elf/lib/rv32i/ilp32/libc_nano.a(lib_a-nano-svfprintf.o)
 .bss           0x00000000800034cc        0x0 /opt/riscv64-unknown-elf-gcc-8.3.0-2019.08.0-x86_64-linux-ubuntu14/bin/../lib/gcc/riscv64-unknown-elf/8.3.0/../../../../riscv64-unknown-elf/lib/rv32i/ilp32/libc_nano.a(lib_a-nano-vfprintf_i.o)
 .bss           0x00000000800034cc        0x0 /opt/riscv64-unknown-elf-gcc-8.3.0-2019.08.0-x86_64-linux-ubuntu14/bin/../lib/gcc/riscv64-unknown-elf/8.3.0/../../../../riscv64-unknown-elf/lib/rv32i/ilp32/libc_nano.a(lib_a-nano-vfprintf.o)
 .bss           0x00000000800034cc        0x0 /opt/riscv64-unknown-elf-gcc-8.3.0-2019.08.0-x86_64-linux-ubuntu14/bin/../lib/gcc/riscv64-unknown-elf/8.3.0/../../../../riscv64-unknown-elf/lib/rv32i/ilp32/libc_nano.a(lib_a-readr.o)
 .bss           0x00000000800034cc        0x0 /opt/riscv64-unknown-elf-gcc-8.3.0-2019.08.0-x86_64-linux-ubuntu14/bin/../lib/gcc/riscv64-unknown-elf/8.3.0/../../../../riscv64-unknown-elf/lib/rv32i/ilp32/libc_nano.a(lib_a-reent.o)
 .bss           0x00000000800034cc        0x0 /opt/riscv64-unknown-elf-gcc-8.3.0-2019.08.0-x86_64-linux-ubuntu14/bin/../lib/gcc/riscv64-unknown-elf/8.3.0/../../../../riscv64-unknown-elf/lib/rv32i/ilp32/libc_nano.a(lib_a-fstatr.o)
 .bss           0x00000000800034cc        0x0 /opt/riscv64-unknown-elf-gcc-8.3.0-2019.08.0-x86_64-linux-ubuntu14/bin/../lib/gcc/riscv64-unknown-elf/8.3.0/../../../../riscv64-unknown-elf/lib/rv32i/ilp32/libc_nano.a(lib_a-fvwrite.o)
 .bss           0x00000000800034cc        0x0 /opt/riscv64-unknown-elf-gcc-8.3.0-2019.08.0-x86_64-linux-ubuntu14/bin/../lib/gcc/riscv64-unknown-elf/8.3.0/../../../../riscv64-unknown-elf/lib/rv32i/ilp32/libc_nano.a(lib_a-isattyr.o)
 .bss           0x00000000800034cc        0x0 /opt/riscv64-unknown-elf-gcc-8.3.0-2019.08.0-x86_64-linux-ubuntu14/bin/../lib/gcc/riscv64-unknown-elf/8.3.0/../../../../riscv64-unknown-elf/lib/rv32i/ilp32/libc_nano.a(lib_a-memchr.o)
 .bss           0x00000000800034cc        0x0 /opt/riscv64-unknown-elf-gcc-8.3.0-2019.08.0-x86_64-linux-ubuntu14/bin/../lib/gcc/riscv64-unknown-elf/8.3.0/../../../../riscv64-unknown-elf/lib/rv32i/ilp32/libc_nano.a(lib_a-nano-reallocr.o)
 .bss           0x00000000800034cc        0x0 /opt/riscv64-unknown-elf-gcc-8.3.0-2019.08.0-x86_64-linux-ubuntu14/bin/../lib/gcc/riscv64-unknown-elf/8.3.0/../../../../riscv64-unknown-elf/lib/rv32i/ilp32/libc_nano.a(lib_a-nano-msizer.o)
 .bss           0x00000000800034cc        0x0 /opt/riscv64-unknown-elf-gcc-8.3.0-2019.08.0-x86_64-linux-ubuntu14/bin/../lib/gcc/riscv64-unknown-elf/8.3.0/rv32i/ilp32/libgcc.a(_bswapsi2.o)
 .bss           0x00000000800034cc        0x0 /opt/riscv64-unknown-elf-gcc-8.3.0-2019.08.0-x86_64-linux-ubuntu14/bin/../lib/gcc/riscv64-unknown-elf/8.3.0/rv32i/ilp32/libgcc.a(_udivdi3.o)
 .bss           0x00000000800034cc        0x0 /opt/riscv64-unknown-elf-gcc-8.3.0-2019.08.0-x86_64-linux-ubuntu14/bin/../lib/gcc/riscv64-unknown-elf/8.3.0/rv32i/ilp32/libgcc.a(muldi3.o)
 .bss           0x00000000800034cc        0x0 /opt/riscv64-unknown-elf-gcc-8.3.0-2019.08.0-x86_64-linux-ubuntu14/bin/../lib/gcc/riscv64-unknown-elf/8.3.0/rv32i/ilp32/libgcc.a(div.o)
 .bss           0x00000000800034cc        0x0 /opt/riscv64-unknown-elf-gcc-8.3.0-2019.08.0-x86_64-linux-ubuntu14/bin/../lib/gcc/riscv64-unknown-elf/8.3.0/rv32i/ilp32/libgcc.a(_clz.o)
 *(.gnu.linkonce.b.*)
 *(COMMON)
 COMMON         0x00000000800034cc        0x4 /opt/riscv64-unknown-elf-gcc-8.3.0-2019.08.0-x86_64-linux-ubuntu14/bin/../lib/gcc/riscv64-unknown-elf/8.3.0/../../../../riscv64-unknown-elf/lib/rv32i/ilp32/libc_nano.a(lib_a-reent.o)
                0x00000000800034cc                errno
                0x00000000800034d0                . = ALIGN (0x4)
                0x00000000800034d0                _bss_end = .

.rodata
 *(.rdata)
 *(.rodata .rodata.*)
 *(.gnu.linkonce.r.*)

.sdata2._global_impure_ptr
                0x00000000800034d0        0x4
 .sdata2._global_impure_ptr
                0x00000000800034d0        0x4 /opt/riscv64-unknown-elf-gcc-8.3.0-2019.08.0-x86_64-linux-ubuntu14/bin/../lib/gcc/riscv64-unknown-elf/8.3.0/../../../../riscv64-unknown-elf/lib/rv32i/ilp32/libc_nano.a(lib_a-impure.o)
                0x00000000800034d0                _global_impure_ptr

.eh_frame       0x00000000800034d4       0x60
 .eh_frame      0x00000000800034d4       0x60 /opt/riscv64-unknown-elf-gcc-8.3.0-2019.08.0-x86_64-linux-ubuntu14/bin/../lib/gcc/riscv64-unknown-elf/8.3.0/rv32i/ilp32/libgcc.a(_udivdi3.o)

.noinit         0x0000000080003534        0x0
                0x0000000080003534                . = ALIGN (0x4)
 *(.noinit .noinit.*)
                0x0000000080003534                . = ALIGN (0x4)

.memory         0x0000000080003534     0x9f20
 *(.text)
 .text          0x0000000080003534       0x98 build/src/crc16.o
                0x0000000080003534                crc16
                0x000000008000358c                add_crc
 .text          0x00000000800035cc        0x0 build/src/font_6x8.o
 .text          0x00000000800035cc        0x0 build/src/font_12x16.o
 .text          0x00000000800035cc      0x414 build/src/main.o
                0x00000000800035cc                println
                0x00000000800035ec                to_hex_nibble
                0x0000000080003608                to_hex
                0x0000000080003674                process_and_wait
                0x000000008000370c                sram_test_write_random_ints
                0x00000000800037e8                timerInterrupt
                0x00000000800037ec                externalInterrupt
                0x000000008000395c                crash
                0x00000000800039a0                irqCallback
 .text          0x00000000800039e0      0x250 build/src/modbus_rtu.o
                0x00000000800039e0                modbus_rtu_init
                0x0000000080003a64                modbus_rtu_poll
                0x0000000080003b48                modbus_rtu_isr
 .text          0x0000000080003c30      0x1e8 build/src/config.o
                0x0000000080003c30                config_load
                0x0000000080003d08                config_save
 .text          0x0000000080003e18      0x5a4 build/src/eeprom.o
                0x0000000080003e18                eeprom_write_page
                0x0000000080003fe8                eeprom_poll
                0x000000008000406c                eeprom_read_page
                0x0000000080004298                eeprom_probe
 .text          0x00000000800043bc      0x95c build/src/modbus.o
                0x00000000800043bc                modbus_error
                0x000000008000442c                modbus_store_reg
                0x0000000080004890                modbus_recv
 .text          0x0000000080004d18      0x664 build/src/mac.o
                0x0000000080004d18                mac_init
                0x0000000080004dcc                mac_tx_packet
                0x0000000080004ee8                sys_now
                0x0000000080004f14                sys_arch_protect
                0x0000000080004f18                sys_arch_unprotect
                0x0000000080004f1c                mac_lwip_init
                0x0000000080004fc0                mac_rx_isr
                0x0000000080005290                mac_poll
                0x0000000080005338                mac_print_stats
 .text          0x000000008000537c      0x510 build/src/hub.o
                0x000000008000537c                hub_init
                0x00000000800054cc                hub_print_char
                0x00000000800057a8                hub_print
 .text          0x000000008000588c      0x2d0 build/src/modbus_udp.o
                0x000000008000588c                modbus_udp_init
                0x0000000080005924                modbus_udp_send
                0x0000000080005aa8                modbus_udp_recv
 .text          0x0000000080005b5c       0x64 build/src/i2c.o
                0x0000000080005b5c                i2c_init
                0x0000000080005b68                i2c_wait_for_busy
                0x0000000080005b94                i2c_wait_for_release
 .text          0x0000000080005bc0      0x228 build/src/utils.o
                0x0000000080005bc0                __malloc_lock
                0x0000000080005bc4                __malloc_unlock
                0x0000000080005bc8                init_sbrk
                0x0000000080005c04                delay
                0x0000000080005c1c                delay_us
                0x0000000080005c4c                print_uart0
                0x0000000080005c78                _sbrk
                0x0000000080005cf4                print_uart1
                0x0000000080005d20                _write
                0x0000000080005d54                _read
                0x0000000080005d5c                _close
                0x0000000080005d64                _lseek
                0x0000000080005d6c                _isatty
                0x0000000080005d74                _fstat
                0x0000000080005d84                _kill
                0x0000000080005d88                _getpid
                0x0000000080005d90                hard_reboot
                0x0000000080005dc4                memcpy_rev
 .text          0x0000000080005de8       0x28 build/./src/lwip/core/init.o
                0x0000000080005de8                lwip_init
 .text          0x0000000080005e10      0x270 build/./src/lwip/core/def.o
                0x0000000080005e10                lwip_htons
                0x0000000080005e28                lwip_htonl
                0x0000000080005e5c                lwip_strnstr
                0x0000000080005eec                lwip_stricmp
                0x0000000080005f30                lwip_strnicmp
                0x0000000080005f84                lwip_itoa
 .text          0x0000000080006080        0x0 build/./src/lwip/core/dns.o
 .text          0x0000000080006080      0x468 build/./src/lwip/core/inet_chksum.o
                0x0000000080006080                lwip_standard_chksum
                0x0000000080006120                inet_chksum_pseudo
                0x0000000080006270                ip_chksum_pseudo
                0x0000000080006274                inet_chksum_pseudo_partial
                0x0000000080006400                ip_chksum_pseudo_partial
                0x0000000080006404                inet_chksum
                0x0000000080006428                inet_chksum_pbuf
 .text          0x00000000800064e8        0x0 build/./src/lwip/core/ip.o
 .text          0x00000000800064e8      0x164 build/./src/lwip/core/mem.o
                0x00000000800064e8                mem_overflow_check_raw
                0x00000000800065c0                mem_overflow_init_raw
                0x0000000080006608                mem_init
                0x000000008000660c                mem_trim
                0x0000000080006610                lwip_malloc
                0x0000000080006644                lwip_free
                0x0000000080006648                lwip_calloc
 .text          0x000000008000664c      0x15c build/./src/lwip/core/memp.o
                0x0000000080006734                memp_init_pool
                0x0000000080006738                memp_init
                0x000000008000673c                memp_malloc_pool_fn
                0x0000000080006748                memp_malloc_fn
                0x0000000080006770                memp_free_pool
                0x0000000080006780                memp_free
 .text          0x00000000800067a8      0x674 build/./src/lwip/core/netif.o
                0x0000000080006878                netif_init
                0x000000008000687c                netif_input
                0x0000000080006890                netif_set_ipaddr
                0x00000000800068bc                netif_set_netmask
                0x00000000800068dc                netif_set_gw
                0x00000000800068fc                netif_set_addr
                0x00000000800069ac                netif_add
                0x0000000080006ac8                netif_add_noaddr
                0x0000000080006ae4                netif_set_default
                0x0000000080006aec                netif_set_up
                0x0000000080006b4c                netif_set_down
                0x0000000080006bb0                netif_remove
                0x0000000080006c50                netif_set_status_callback
                0x0000000080006c5c                netif_set_link_up
                0x0000000080006cc4                netif_set_link_down
                0x0000000080006cec                netif_set_link_callback
                0x0000000080006cf8                netif_get_by_index
                0x0000000080006d28                netif_index_to_name
                0x0000000080006d80                netif_find
                0x0000000080006dec                netif_name_to_index
 .text          0x0000000080006e1c      0xe0c build/./src/lwip/core/pbuf.o
                0x0000000080006ed8                pbuf_alloc_reference
                0x0000000080006f48                pbuf_alloced_custom
                0x0000000080006f9c                pbuf_add_header
                0x0000000080006fa4                pbuf_add_header_force
                0x0000000080006fac                pbuf_remove_header
                0x000000008000700c                pbuf_header
                0x0000000080007020                pbuf_header_force
                0x0000000080007034                pbuf_free
                0x0000000080007108                pbuf_alloc
                0x00000000800072d8                pbuf_realloc
                0x0000000080007388                pbuf_free_header
                0x00000000800073f8                pbuf_clen
                0x000000008000741c                pbuf_ref
                0x0000000080007454                pbuf_cat
                0x000000008000748c                pbuf_chain
                0x00000000800074b4                pbuf_dechain
                0x0000000080007508                pbuf_copy
                0x0000000080007618                pbuf_copy_partial
                0x00000000800076f0                pbuf_get_contiguous
                0x0000000080007770                pbuf_skip
                0x0000000080007774                pbuf_take
                0x0000000080007814                pbuf_take_at
                0x00000000800078cc                pbuf_clone
                0x0000000080007914                pbuf_coalesce
                0x0000000080007970                pbuf_try_get_at
                0x00000000800079b4                pbuf_get_at
                0x00000000800079d8                pbuf_put_at
                0x0000000080007a1c                pbuf_memcmp
                0x0000000080007af8                pbuf_memfind
                0x0000000080007b94                pbuf_strstr
 .text          0x0000000080007c28      0x508 build/./src/lwip/core/raw.o
                0x0000000080007c28                raw_input
                0x0000000080007d68                raw_bind
                0x0000000080007d88                raw_bind_netif
                0x0000000080007da4                raw_connect
                0x0000000080007dd4                raw_disconnect
                0x0000000080007dec                raw_recv
                0x0000000080007df8                raw_sendto_if_src
                0x0000000080007f88                raw_sendto
                0x0000000080008038                raw_send
                0x0000000080008040                raw_remove
                0x000000008000807c                raw_new
                0x00000000800080e8                raw_new_ip_type
                0x00000000800080f0                raw_netif_ip_addr_changed
 .text          0x0000000080008130        0x4 build/./src/lwip/core/stats.o
                0x0000000080008130                stats_init
 .text          0x0000000080008134        0x0 build/./src/lwip/core/sys.o
 .text          0x0000000080008134        0x0 build/./src/lwip/core/altcp.o
 .text          0x0000000080008134        0x0 build/./src/lwip/core/altcp_alloc.o
 .text          0x0000000080008134        0x0 build/./src/lwip/core/altcp_tcp.o
 .text          0x0000000080008134        0x0 build/./src/lwip/core/tcp.o
 .text          0x0000000080008134        0x0 build/./src/lwip/core/tcp_in.o
 .text          0x0000000080008134        0x0 build/./src/lwip/core/tcp_out.o
 .text          0x0000000080008134      0x2e4 build/./src/lwip/core/timeouts.o
                0x0000000080008224                sys_timeout
                0x000000008000825c                sys_timeouts_init
                0x00000000800082bc                sys_untimeout
                0x000000008000830c                sys_check_timeouts
                0x0000000080008390                sys_restart_timeouts
                0x00000000800083d8                sys_timeouts_sleeptime
 .text          0x0000000080008418      0x8ac build/./src/lwip/core/udp.o
                0x0000000080008418                udp_init
                0x000000008000841c                udp_input
                0x00000000800086f0                udp_bind
                0x00000000800087e0                udp_sendto_if_src
                0x00000000800089d4                udp_sendto_if
                0x0000000080008a20                udp_sendto
                0x0000000080008ad8                udp_send
                0x0000000080008af4                udp_bind_netif
                0x0000000080008b10                udp_connect
                0x0000000080008bbc                udp_disconnect
                0x0000000080008bdc                udp_recv
                0x0000000080008bec                udp_remove
                0x0000000080008c30                udp_new
                0x0000000080008c80                udp_new_ip_type
                0x0000000080008c84                udp_netif_ip_addr_changed
 .text          0x0000000080008cc4        0x0 build/./src/lwip/core/ipv4/autoip.o
 .text          0x0000000080008cc4     0x1d24 build/./src/lwip/core/ipv4/dhcp.o
                0x0000000080009ee4                dhcp_set_struct
                0x0000000080009f1c                dhcp_cleanup
                0x0000000080009f54                dhcp_inform
                0x000000008000a04c                dhcp_network_changed
                0x000000008000a088                dhcp_arp_reply
                0x000000008000a1c0                dhcp_renew
                0x000000008000a37c                dhcp_supplied_address
                0x000000008000a3b4                dhcp_release_and_stop
                0x000000008000a510                dhcp_start
                0x000000008000a5f4                dhcp_coarse_tmr
                0x000000008000a8b8                dhcp_fine_tmr
                0x000000008000a9c8                dhcp_release
                0x000000008000a9e4                dhcp_stop
 .text          0x000000008000a9e8      0xc34 build/./src/lwip/core/ipv4/etharp.o
                0x000000008000ad48                etharp_cleanup_netif
                0x000000008000adb0                etharp_find_addr
                0x000000008000ae30                etharp_get_entry
                0x000000008000ae8c                etharp_input
                0x000000008000b0c0                etharp_request
                0x000000008000b0e0                etharp_tmr
                0x000000008000b294                etharp_query
                0x000000008000b478                etharp_output
 .text          0x000000008000b61c      0x44c build/./src/lwip/core/ipv4/icmp.o
                0x000000008000b61c                icmp_input
                0x000000008000b940                icmp_dest_unreach
 .text          0x000000008000ba68        0x0 build/./src/lwip/core/ipv4/igmp.o
 .text          0x000000008000ba68      0x360 build/./src/lwip/core/ipv4/ip4_frag.o
                0x000000008000baa0                ip4_frag
 .text          0x000000008000bdc8      0x818 build/./src/lwip/core/ipv4/ip4.o
                0x000000008000be1c                ip4_route
                0x000000008000bebc                ip4_input
                0x000000008000c270                ip4_output_if_src
                0x000000008000c4b4                ip4_output_if
                0x000000008000c4cc                ip4_output
                0x000000008000c54c                ip4_output_hinted
 .text          0x000000008000c5e0      0x47c build/./src/lwip/core/ipv4/ip4_addr.o
                0x000000008000c5e0                ip4_addr_isbroadcast_u32
                0x000000008000c634                ip4_addr_netmask_valid
                0x000000008000c688                ip4addr_aton
                0x000000008000c8d8                ipaddr_addr
                0x000000008000c904                ip4addr_ntoa_r
                0x000000008000ca50                ip4addr_ntoa
 .text          0x000000008000ca5c      0x23c build/./src/lwip/netif/ethernet.o
                0x000000008000ca5c                ethernet_input
                0x000000008000cbbc                ethernet_output
 .text          0x000000008000cc98        0x0 /opt/riscv64-unknown-elf-gcc-8.3.0-2019.08.0-x86_64-linux-ubuntu14/bin/../lib/gcc/riscv64-unknown-elf/8.3.0/../../../../riscv64-unknown-elf/lib/rv32i/ilp32/libc_nano.a(lib_a-atoi.o)
 .text          0x000000008000cc98        0x0 /opt/riscv64-unknown-elf-gcc-8.3.0-2019.08.0-x86_64-linux-ubuntu14/bin/../lib/gcc/riscv64-unknown-elf/8.3.0/../../../../riscv64-unknown-elf/lib/rv32i/ilp32/libc_nano.a(lib_a-calloc.o)
 .text          0x000000008000cc98        0x0 /opt/riscv64-unknown-elf-gcc-8.3.0-2019.08.0-x86_64-linux-ubuntu14/bin/../lib/gcc/riscv64-unknown-elf/8.3.0/../../../../riscv64-unknown-elf/lib/rv32i/ilp32/libc_nano.a(lib_a-ctype_.o)
 .text          0x000000008000cc98        0x0 /opt/riscv64-unknown-elf-gcc-8.3.0-2019.08.0-x86_64-linux-ubuntu14/bin/../lib/gcc/riscv64-unknown-elf/8.3.0/../../../../riscv64-unknown-elf/lib/rv32i/ilp32/libc_nano.a(lib_a-fflush.o)
 .text          0x000000008000cc98        0x0 /opt/riscv64-unknown-elf-gcc-8.3.0-2019.08.0-x86_64-linux-ubuntu14/bin/../lib/gcc/riscv64-unknown-elf/8.3.0/../../../../riscv64-unknown-elf/lib/rv32i/ilp32/libc_nano.a(lib_a-findfp.o)
 .text          0x000000008000cc98        0x0 /opt/riscv64-unknown-elf-gcc-8.3.0-2019.08.0-x86_64-linux-ubuntu14/bin/../lib/gcc/riscv64-unknown-elf/8.3.0/../../../../riscv64-unknown-elf/lib/rv32i/ilp32/libc_nano.a(lib_a-fpurge.o)
 .text          0x000000008000cc98        0x0 /opt/riscv64-unknown-elf-gcc-8.3.0-2019.08.0-x86_64-linux-ubuntu14/bin/../lib/gcc/riscv64-unknown-elf/8.3.0/../../../../riscv64-unknown-elf/lib/rv32i/ilp32/libc_nano.a(lib_a-fwalk.o)
 .text          0x000000008000cc98        0x0 /opt/riscv64-unknown-elf-gcc-8.3.0-2019.08.0-x86_64-linux-ubuntu14/bin/../lib/gcc/riscv64-unknown-elf/8.3.0/../../../../riscv64-unknown-elf/lib/rv32i/ilp32/libc_nano.a(lib_a-impure.o)
 .text          0x000000008000cc98        0x0 /opt/riscv64-unknown-elf-gcc-8.3.0-2019.08.0-x86_64-linux-ubuntu14/bin/../lib/gcc/riscv64-unknown-elf/8.3.0/../../../../riscv64-unknown-elf/lib/rv32i/ilp32/libc_nano.a(lib_a-malloc.o)
 .text          0x000000008000cc98        0x0 /opt/riscv64-unknown-elf-gcc-8.3.0-2019.08.0-x86_64-linux-ubuntu14/bin/../lib/gcc/riscv64-unknown-elf/8.3.0/../../../../riscv64-unknown-elf/lib/rv32i/ilp32/libc_nano.a(lib_a-memcmp.o)
 .text          0x000000008000cc98        0x0 /opt/riscv64-unknown-elf-gcc-8.3.0-2019.08.0-x86_64-linux-ubuntu14/bin/../lib/gcc/riscv64-unknown-elf/8.3.0/../../../../riscv64-unknown-elf/lib/rv32i/ilp32/libc_nano.a(lib_a-memcpy.o)
 .text          0x000000008000cc98        0x0 /opt/riscv64-unknown-elf-gcc-8.3.0-2019.08.0-x86_64-linux-ubuntu14/bin/../lib/gcc/riscv64-unknown-elf/8.3.0/../../../../riscv64-unknown-elf/lib/rv32i/ilp32/libc_nano.a(lib_a-memmove-stub.o)
 .text          0x000000008000cc98       0xdc /opt/riscv64-unknown-elf-gcc-8.3.0-2019.08.0-x86_64-linux-ubuntu14/bin/../lib/gcc/riscv64-unknown-elf/8.3.0/../../../../riscv64-unknown-elf/lib/rv32i/ilp32/libc_nano.a(lib_a-memset.o)
                0x000000008000cc98                memset
 .text          0x000000008000cd74        0x0 /opt/riscv64-unknown-elf-gcc-8.3.0-2019.08.0-x86_64-linux-ubuntu14/bin/../lib/gcc/riscv64-unknown-elf/8.3.0/../../../../riscv64-unknown-elf/lib/rv32i/ilp32/libc_nano.a(lib_a-nano-callocr.o)
 .text          0x000000008000cd74        0x0 /opt/riscv64-unknown-elf-gcc-8.3.0-2019.08.0-x86_64-linux-ubuntu14/bin/../lib/gcc/riscv64-unknown-elf/8.3.0/../../../../riscv64-unknown-elf/lib/rv32i/ilp32/libc_nano.a(lib_a-nano-freer.o)
 .text          0x000000008000cd74        0x0 /opt/riscv64-unknown-elf-gcc-8.3.0-2019.08.0-x86_64-linux-ubuntu14/bin/../lib/gcc/riscv64-unknown-elf/8.3.0/../../../../riscv64-unknown-elf/lib/rv32i/ilp32/libc_nano.a(lib_a-nano-mallocr.o)
 .text          0x000000008000cd74        0x0 /opt/riscv64-unknown-elf-gcc-8.3.0-2019.08.0-x86_64-linux-ubuntu14/bin/../lib/gcc/riscv64-unknown-elf/8.3.0/../../../../riscv64-unknown-elf/lib/rv32i/ilp32/libc_nano.a(lib_a-printf.o)
 .text          0x000000008000cd74        0x0 /opt/riscv64-unknown-elf-gcc-8.3.0-2019.08.0-x86_64-linux-ubuntu14/bin/../lib/gcc/riscv64-unknown-elf/8.3.0/../../../../riscv64-unknown-elf/lib/rv32i/ilp32/libc_nano.a(lib_a-putchar.o)
 .text          0x000000008000cd74        0x0 /opt/riscv64-unknown-elf-gcc-8.3.0-2019.08.0-x86_64-linux-ubuntu14/bin/../lib/gcc/riscv64-unknown-elf/8.3.0/../../../../riscv64-unknown-elf/lib/rv32i/ilp32/libc_nano.a(lib_a-putc.o)
 .text          0x000000008000cd74        0x0 /opt/riscv64-unknown-elf-gcc-8.3.0-2019.08.0-x86_64-linux-ubuntu14/bin/../lib/gcc/riscv64-unknown-elf/8.3.0/../../../../riscv64-unknown-elf/lib/rv32i/ilp32/libc_nano.a(lib_a-sbrkr.o)
 .text          0x000000008000cd74        0x0 /opt/riscv64-unknown-elf-gcc-8.3.0-2019.08.0-x86_64-linux-ubuntu14/bin/../lib/gcc/riscv64-unknown-elf/8.3.0/../../../../riscv64-unknown-elf/lib/rv32i/ilp32/libc_nano.a(lib_a-snprintf.o)
 .text          0x000000008000cd74        0x0 /opt/riscv64-unknown-elf-gcc-8.3.0-2019.08.0-x86_64-linux-ubuntu14/bin/../lib/gcc/riscv64-unknown-elf/8.3.0/../../../../riscv64-unknown-elf/lib/rv32i/ilp32/libc_nano.a(lib_a-sprintf.o)
 .text          0x000000008000cd74        0x0 /opt/riscv64-unknown-elf-gcc-8.3.0-2019.08.0-x86_64-linux-ubuntu14/bin/../lib/gcc/riscv64-unknown-elf/8.3.0/../../../../riscv64-unknown-elf/lib/rv32i/ilp32/libc_nano.a(lib_a-stdio.o)
 .text          0x000000008000cd74        0x0 /opt/riscv64-unknown-elf-gcc-8.3.0-2019.08.0-x86_64-linux-ubuntu14/bin/../lib/gcc/riscv64-unknown-elf/8.3.0/../../../../riscv64-unknown-elf/lib/rv32i/ilp32/libc_nano.a(lib_a-strlen.o)
 .text          0x000000008000cd74        0x0 /opt/riscv64-unknown-elf-gcc-8.3.0-2019.08.0-x86_64-linux-ubuntu14/bin/../lib/gcc/riscv64-unknown-elf/8.3.0/../../../../riscv64-unknown-elf/lib/rv32i/ilp32/libc_nano.a(lib_a-strncmp.o)
 .text          0x000000008000cd74        0x0 /opt/riscv64-unknown-elf-gcc-8.3.0-2019.08.0-x86_64-linux-ubuntu14/bin/../lib/gcc/riscv64-unknown-elf/8.3.0/../../../../riscv64-unknown-elf/lib/rv32i/ilp32/libc_nano.a(lib_a-strtol.o)
 .text          0x000000008000cd74        0x0 /opt/riscv64-unknown-elf-gcc-8.3.0-2019.08.0-x86_64-linux-ubuntu14/bin/../lib/gcc/riscv64-unknown-elf/8.3.0/../../../../riscv64-unknown-elf/lib/rv32i/ilp32/libc_nano.a(lib_a-wbuf.o)
 .text          0x000000008000cd74        0x0 /opt/riscv64-unknown-elf-gcc-8.3.0-2019.08.0-x86_64-linux-ubuntu14/bin/../lib/gcc/riscv64-unknown-elf/8.3.0/../../../../riscv64-unknown-elf/lib/rv32i/ilp32/libc_nano.a(lib_a-writer.o)
 .text          0x000000008000cd74        0x0 /opt/riscv64-unknown-elf-gcc-8.3.0-2019.08.0-x86_64-linux-ubuntu14/bin/../lib/gcc/riscv64-unknown-elf/8.3.0/../../../../riscv64-unknown-elf/lib/rv32i/ilp32/libc_nano.a(lib_a-wsetup.o)
 .text          0x000000008000cd74        0x0 /opt/riscv64-unknown-elf-gcc-8.3.0-2019.08.0-x86_64-linux-ubuntu14/bin/../lib/gcc/riscv64-unknown-elf/8.3.0/../../../../riscv64-unknown-elf/lib/rv32i/ilp32/libc_nano.a(lib_a-closer.o)
 .text          0x000000008000cd74        0x0 /opt/riscv64-unknown-elf-gcc-8.3.0-2019.08.0-x86_64-linux-ubuntu14/bin/../lib/gcc/riscv64-unknown-elf/8.3.0/../../../../riscv64-unknown-elf/lib/rv32i/ilp32/libc_nano.a(lib_a-lseekr.o)
 .text          0x000000008000cd74        0x0 /opt/riscv64-unknown-elf-gcc-8.3.0-2019.08.0-x86_64-linux-ubuntu14/bin/../lib/gcc/riscv64-unknown-elf/8.3.0/../../../../riscv64-unknown-elf/lib/rv32i/ilp32/libc_nano.a(lib_a-makebuf.o)
 .text          0x000000008000cd74        0x0 /opt/riscv64-unknown-elf-gcc-8.3.0-2019.08.0-x86_64-linux-ubuntu14/bin/../lib/gcc/riscv64-unknown-elf/8.3.0/../../../../riscv64-unknown-elf/lib/rv32i/ilp32/libc_nano.a(lib_a-nano-svfprintf.o)
 .text          0x000000008000cd74        0x0 /opt/riscv64-unknown-elf-gcc-8.3.0-2019.08.0-x86_64-linux-ubuntu14/bin/../lib/gcc/riscv64-unknown-elf/8.3.0/../../../../riscv64-unknown-elf/lib/rv32i/ilp32/libc_nano.a(lib_a-nano-vfprintf_i.o)
 .text          0x000000008000cd74        0x0 /opt/riscv64-unknown-elf-gcc-8.3.0-2019.08.0-x86_64-linux-ubuntu14/bin/../lib/gcc/riscv64-unknown-elf/8.3.0/../../../../riscv64-unknown-elf/lib/rv32i/ilp32/libc_nano.a(lib_a-nano-vfprintf.o)
 .text          0x000000008000cd74        0x0 /opt/riscv64-unknown-elf-gcc-8.3.0-2019.08.0-x86_64-linux-ubuntu14/bin/../lib/gcc/riscv64-unknown-elf/8.3.0/../../../../riscv64-unknown-elf/lib/rv32i/ilp32/libc_nano.a(lib_a-readr.o)
 .text          0x000000008000cd74        0x0 /opt/riscv64-unknown-elf-gcc-8.3.0-2019.08.0-x86_64-linux-ubuntu14/bin/../lib/gcc/riscv64-unknown-elf/8.3.0/../../../../riscv64-unknown-elf/lib/rv32i/ilp32/libc_nano.a(lib_a-reent.o)
 .text          0x000000008000cd74        0x0 /opt/riscv64-unknown-elf-gcc-8.3.0-2019.08.0-x86_64-linux-ubuntu14/bin/../lib/gcc/riscv64-unknown-elf/8.3.0/../../../../riscv64-unknown-elf/lib/rv32i/ilp32/libc_nano.a(lib_a-fstatr.o)
 .text          0x000000008000cd74        0x0 /opt/riscv64-unknown-elf-gcc-8.3.0-2019.08.0-x86_64-linux-ubuntu14/bin/../lib/gcc/riscv64-unknown-elf/8.3.0/../../../../riscv64-unknown-elf/lib/rv32i/ilp32/libc_nano.a(lib_a-fvwrite.o)
 .text          0x000000008000cd74        0x0 /opt/riscv64-unknown-elf-gcc-8.3.0-2019.08.0-x86_64-linux-ubuntu14/bin/../lib/gcc/riscv64-unknown-elf/8.3.0/../../../../riscv64-unknown-elf/lib/rv32i/ilp32/libc_nano.a(lib_a-isattyr.o)
 .text          0x000000008000cd74        0x0 /opt/riscv64-unknown-elf-gcc-8.3.0-2019.08.0-x86_64-linux-ubuntu14/bin/../lib/gcc/riscv64-unknown-elf/8.3.0/../../../../riscv64-unknown-elf/lib/rv32i/ilp32/libc_nano.a(lib_a-memchr.o)
 .text          0x000000008000cd74        0x0 /opt/riscv64-unknown-elf-gcc-8.3.0-2019.08.0-x86_64-linux-ubuntu14/bin/../lib/gcc/riscv64-unknown-elf/8.3.0/../../../../riscv64-unknown-elf/lib/rv32i/ilp32/libc_nano.a(lib_a-nano-reallocr.o)
 .text          0x000000008000cd74        0x0 /opt/riscv64-unknown-elf-gcc-8.3.0-2019.08.0-x86_64-linux-ubuntu14/bin/../lib/gcc/riscv64-unknown-elf/8.3.0/../../../../riscv64-unknown-elf/lib/rv32i/ilp32/libc_nano.a(lib_a-nano-msizer.o)
 .text          0x000000008000cd74       0x34 /opt/riscv64-unknown-elf-gcc-8.3.0-2019.08.0-x86_64-linux-ubuntu14/bin/../lib/gcc/riscv64-unknown-elf/8.3.0/rv32i/ilp32/libgcc.a(_bswapsi2.o)
                0x000000008000cd74                __bswapsi2
 .text          0x000000008000cda8      0x5d4 /opt/riscv64-unknown-elf-gcc-8.3.0-2019.08.0-x86_64-linux-ubuntu14/bin/../lib/gcc/riscv64-unknown-elf/8.3.0/rv32i/ilp32/libgcc.a(_udivdi3.o)
                0x000000008000cda8                __udivdi3
 .text          0x000000008000d37c       0x24 /opt/riscv64-unknown-elf-gcc-8.3.0-2019.08.0-x86_64-linux-ubuntu14/bin/../lib/gcc/riscv64-unknown-elf/8.3.0/rv32i/ilp32/libgcc.a(muldi3.o)
                0x000000008000d37c                __mulsi3
 .text          0x000000008000d3a0       0xb4 /opt/riscv64-unknown-elf-gcc-8.3.0-2019.08.0-x86_64-linux-ubuntu14/bin/../lib/gcc/riscv64-unknown-elf/8.3.0/rv32i/ilp32/libgcc.a(div.o)
                0x000000008000d3a0                __divsi3
                0x000000008000d3a8                __udivsi3
                0x000000008000d3f0                __umodsi3
                0x000000008000d424                __modsi3
 .text          0x000000008000d454        0x0 /opt/riscv64-unknown-elf-gcc-8.3.0-2019.08.0-x86_64-linux-ubuntu14/bin/../lib/gcc/riscv64-unknown-elf/8.3.0/rv32i/ilp32/libgcc.a(_clz.o)
                0x000000008000d454                end = .

.text.startup   0x000000008000d454      0x554
 .text.startup  0x000000008000d454      0x554 build/src/main.o
                0x000000008000d454                main

.text.atoi      0x000000008000d9a8        0xc
 .text.atoi     0x000000008000d9a8        0xc /opt/riscv64-unknown-elf-gcc-8.3.0-2019.08.0-x86_64-linux-ubuntu14/bin/../lib/gcc/riscv64-unknown-elf/8.3.0/../../../../riscv64-unknown-elf/lib/rv32i/ilp32/libc_nano.a(lib_a-atoi.o)
                0x000000008000d9a8                atoi

.text._atoi_r   0x000000008000d9b4        0xc
 .text._atoi_r  0x000000008000d9b4        0xc /opt/riscv64-unknown-elf-gcc-8.3.0-2019.08.0-x86_64-linux-ubuntu14/bin/../lib/gcc/riscv64-unknown-elf/8.3.0/../../../../riscv64-unknown-elf/lib/rv32i/ilp32/libc_nano.a(lib_a-atoi.o)
                0x000000008000d9b4                _atoi_r

.text.calloc    0x000000008000d9c0       0x14
 .text.calloc   0x000000008000d9c0       0x14 /opt/riscv64-unknown-elf-gcc-8.3.0-2019.08.0-x86_64-linux-ubuntu14/bin/../lib/gcc/riscv64-unknown-elf/8.3.0/../../../../riscv64-unknown-elf/lib/rv32i/ilp32/libc_nano.a(lib_a-calloc.o)
                0x000000008000d9c0                calloc

.text.__sflush_r
                0x000000008000d9d4      0x1ec
 .text.__sflush_r
                0x000000008000d9d4      0x1ec /opt/riscv64-unknown-elf-gcc-8.3.0-2019.08.0-x86_64-linux-ubuntu14/bin/../lib/gcc/riscv64-unknown-elf/8.3.0/../../../../riscv64-unknown-elf/lib/rv32i/ilp32/libc_nano.a(lib_a-fflush.o)
                0x000000008000d9d4                __sflush_r

.text._fflush_r
                0x000000008000dbc0       0xa0
 .text._fflush_r
                0x000000008000dbc0       0xa0 /opt/riscv64-unknown-elf-gcc-8.3.0-2019.08.0-x86_64-linux-ubuntu14/bin/../lib/gcc/riscv64-unknown-elf/8.3.0/../../../../riscv64-unknown-elf/lib/rv32i/ilp32/libc_nano.a(lib_a-fflush.o)
                0x000000008000dbc0                _fflush_r

.text.fflush    0x000000008000dc60       0x28
 .text.fflush   0x000000008000dc60       0x28 /opt/riscv64-unknown-elf-gcc-8.3.0-2019.08.0-x86_64-linux-ubuntu14/bin/../lib/gcc/riscv64-unknown-elf/8.3.0/../../../../riscv64-unknown-elf/lib/rv32i/ilp32/libc_nano.a(lib_a-fflush.o)
                0x000000008000dc60                fflush

.text.__fp_lock
                0x000000008000dc88        0x8
 .text.__fp_lock
                0x000000008000dc88        0x8 /opt/riscv64-unknown-elf-gcc-8.3.0-2019.08.0-x86_64-linux-ubuntu14/bin/../lib/gcc/riscv64-unknown-elf/8.3.0/../../../../riscv64-unknown-elf/lib/rv32i/ilp32/libc_nano.a(lib_a-findfp.o)

.text.std       0x000000008000dc90       0x88
 .text.std      0x000000008000dc90       0x88 /opt/riscv64-unknown-elf-gcc-8.3.0-2019.08.0-x86_64-linux-ubuntu14/bin/../lib/gcc/riscv64-unknown-elf/8.3.0/../../../../riscv64-unknown-elf/lib/rv32i/ilp32/libc_nano.a(lib_a-findfp.o)

.text._cleanup_r
                0x000000008000dd18        0xc
 .text._cleanup_r
                0x000000008000dd18        0xc /opt/riscv64-unknown-elf-gcc-8.3.0-2019.08.0-x86_64-linux-ubuntu14/bin/../lib/gcc/riscv64-unknown-elf/8.3.0/../../../../riscv64-unknown-elf/lib/rv32i/ilp32/libc_nano.a(lib_a-findfp.o)
                0x000000008000dd18                _cleanup_r

.text.__fp_unlock
                0x000000008000dd24        0x8
 .text.__fp_unlock
                0x000000008000dd24        0x8 /opt/riscv64-unknown-elf-gcc-8.3.0-2019.08.0-x86_64-linux-ubuntu14/bin/../lib/gcc/riscv64-unknown-elf/8.3.0/../../../../riscv64-unknown-elf/lib/rv32i/ilp32/libc_nano.a(lib_a-findfp.o)

.text.__sfmoreglue
                0x000000008000dd2c       0x78
 .text.__sfmoreglue
                0x000000008000dd2c       0x78 /opt/riscv64-unknown-elf-gcc-8.3.0-2019.08.0-x86_64-linux-ubuntu14/bin/../lib/gcc/riscv64-unknown-elf/8.3.0/../../../../riscv64-unknown-elf/lib/rv32i/ilp32/libc_nano.a(lib_a-findfp.o)
                0x000000008000dd2c                __sfmoreglue

.text._cleanup  0x000000008000dda4        0xc
 .text._cleanup
                0x000000008000dda4        0xc /opt/riscv64-unknown-elf-gcc-8.3.0-2019.08.0-x86_64-linux-ubuntu14/bin/../lib/gcc/riscv64-unknown-elf/8.3.0/../../../../riscv64-unknown-elf/lib/rv32i/ilp32/libc_nano.a(lib_a-findfp.o)
                0x000000008000dda4                _cleanup

.text.__sinit   0x000000008000ddb0       0xb0
 .text.__sinit  0x000000008000ddb0       0xb0 /opt/riscv64-unknown-elf-gcc-8.3.0-2019.08.0-x86_64-linux-ubuntu14/bin/../lib/gcc/riscv64-unknown-elf/8.3.0/../../../../riscv64-unknown-elf/lib/rv32i/ilp32/libc_nano.a(lib_a-findfp.o)
                0x000000008000ddb0                __sinit

.text.__sfp     0x000000008000de60       0xec
 .text.__sfp    0x000000008000de60       0xec /opt/riscv64-unknown-elf-gcc-8.3.0-2019.08.0-x86_64-linux-ubuntu14/bin/../lib/gcc/riscv64-unknown-elf/8.3.0/../../../../riscv64-unknown-elf/lib/rv32i/ilp32/libc_nano.a(lib_a-findfp.o)
                0x000000008000de60                __sfp

.text.__sfp_lock_acquire
                0x000000008000df4c        0x4
 .text.__sfp_lock_acquire
                0x000000008000df4c        0x4 /opt/riscv64-unknown-elf-gcc-8.3.0-2019.08.0-x86_64-linux-ubuntu14/bin/../lib/gcc/riscv64-unknown-elf/8.3.0/../../../../riscv64-unknown-elf/lib/rv32i/ilp32/libc_nano.a(lib_a-findfp.o)
                0x000000008000df4c                __sfp_lock_acquire

.text.__sfp_lock_release
                0x000000008000df50        0x4
 .text.__sfp_lock_release
                0x000000008000df50        0x4 /opt/riscv64-unknown-elf-gcc-8.3.0-2019.08.0-x86_64-linux-ubuntu14/bin/../lib/gcc/riscv64-unknown-elf/8.3.0/../../../../riscv64-unknown-elf/lib/rv32i/ilp32/libc_nano.a(lib_a-findfp.o)
                0x000000008000df50                __sfp_lock_release

.text.__sinit_lock_acquire
                0x000000008000df54        0x4
 .text.__sinit_lock_acquire
                0x000000008000df54        0x4 /opt/riscv64-unknown-elf-gcc-8.3.0-2019.08.0-x86_64-linux-ubuntu14/bin/../lib/gcc/riscv64-unknown-elf/8.3.0/../../../../riscv64-unknown-elf/lib/rv32i/ilp32/libc_nano.a(lib_a-findfp.o)
                0x000000008000df54                __sinit_lock_acquire

.text.__sinit_lock_release
                0x000000008000df58        0x4
 .text.__sinit_lock_release
                0x000000008000df58        0x4 /opt/riscv64-unknown-elf-gcc-8.3.0-2019.08.0-x86_64-linux-ubuntu14/bin/../lib/gcc/riscv64-unknown-elf/8.3.0/../../../../riscv64-unknown-elf/lib/rv32i/ilp32/libc_nano.a(lib_a-findfp.o)
                0x000000008000df58                __sinit_lock_release

.text.__fp_lock_all
                0x000000008000df5c       0x14
 .text.__fp_lock_all
                0x000000008000df5c       0x14 /opt/riscv64-unknown-elf-gcc-8.3.0-2019.08.0-x86_64-linux-ubuntu14/bin/../lib/gcc/riscv64-unknown-elf/8.3.0/../../../../riscv64-unknown-elf/lib/rv32i/ilp32/libc_nano.a(lib_a-findfp.o)
                0x000000008000df5c                __fp_lock_all

.text.__fp_unlock_all
                0x000000008000df70       0x14
 .text.__fp_unlock_all
                0x000000008000df70       0x14 /opt/riscv64-unknown-elf-gcc-8.3.0-2019.08.0-x86_64-linux-ubuntu14/bin/../lib/gcc/riscv64-unknown-elf/8.3.0/../../../../riscv64-unknown-elf/lib/rv32i/ilp32/libc_nano.a(lib_a-findfp.o)
                0x000000008000df70                __fp_unlock_all

.text._fpurge_r
                0x000000008000df84       0xdc
 .text._fpurge_r
                0x000000008000df84       0xdc /opt/riscv64-unknown-elf-gcc-8.3.0-2019.08.0-x86_64-linux-ubuntu14/bin/../lib/gcc/riscv64-unknown-elf/8.3.0/../../../../riscv64-unknown-elf/lib/rv32i/ilp32/libc_nano.a(lib_a-fpurge.o)
                0x000000008000df84                _fpurge_r

.text.fpurge    0x000000008000e060       0x10
 .text.fpurge   0x000000008000e060       0x10 /opt/riscv64-unknown-elf-gcc-8.3.0-2019.08.0-x86_64-linux-ubuntu14/bin/../lib/gcc/riscv64-unknown-elf/8.3.0/../../../../riscv64-unknown-elf/lib/rv32i/ilp32/libc_nano.a(lib_a-fpurge.o)
                0x000000008000e060                fpurge

.text.__fpurge  0x000000008000e070       0x10
 .text.__fpurge
                0x000000008000e070       0x10 /opt/riscv64-unknown-elf-gcc-8.3.0-2019.08.0-x86_64-linux-ubuntu14/bin/../lib/gcc/riscv64-unknown-elf/8.3.0/../../../../riscv64-unknown-elf/lib/rv32i/ilp32/libc_nano.a(lib_a-fpurge.o)
                0x000000008000e070                __fpurge

.text._fwalk    0x000000008000e080       0xa0
 .text._fwalk   0x000000008000e080       0xa0 /opt/riscv64-unknown-elf-gcc-8.3.0-2019.08.0-x86_64-linux-ubuntu14/bin/../lib/gcc/riscv64-unknown-elf/8.3.0/../../../../riscv64-unknown-elf/lib/rv32i/ilp32/libc_nano.a(lib_a-fwalk.o)
                0x000000008000e080                _fwalk

.text._fwalk_reent
                0x000000008000e120       0xb4
 .text._fwalk_reent
                0x000000008000e120       0xb4 /opt/riscv64-unknown-elf-gcc-8.3.0-2019.08.0-x86_64-linux-ubuntu14/bin/../lib/gcc/riscv64-unknown-elf/8.3.0/../../../../riscv64-unknown-elf/lib/rv32i/ilp32/libc_nano.a(lib_a-fwalk.o)
                0x000000008000e120                _fwalk_reent

.text.malloc    0x000000008000e1d4       0x10
 .text.malloc   0x000000008000e1d4       0x10 /opt/riscv64-unknown-elf-gcc-8.3.0-2019.08.0-x86_64-linux-ubuntu14/bin/../lib/gcc/riscv64-unknown-elf/8.3.0/../../../../riscv64-unknown-elf/lib/rv32i/ilp32/libc_nano.a(lib_a-malloc.o)
                0x000000008000e1d4                malloc

.text.free      0x000000008000e1e4       0x10
 .text.free     0x000000008000e1e4       0x10 /opt/riscv64-unknown-elf-gcc-8.3.0-2019.08.0-x86_64-linux-ubuntu14/bin/../lib/gcc/riscv64-unknown-elf/8.3.0/../../../../riscv64-unknown-elf/lib/rv32i/ilp32/libc_nano.a(lib_a-malloc.o)
                0x000000008000e1e4                free

.text.memcmp    0x000000008000e1f4       0x30
 .text.memcmp   0x000000008000e1f4       0x30 /opt/riscv64-unknown-elf-gcc-8.3.0-2019.08.0-x86_64-linux-ubuntu14/bin/../lib/gcc/riscv64-unknown-elf/8.3.0/../../../../riscv64-unknown-elf/lib/rv32i/ilp32/libc_nano.a(lib_a-memcmp.o)
                0x000000008000e1f4                memcmp

.text.memcpy    0x000000008000e224       0xd8
 .text.memcpy   0x000000008000e224       0xd8 /opt/riscv64-unknown-elf-gcc-8.3.0-2019.08.0-x86_64-linux-ubuntu14/bin/../lib/gcc/riscv64-unknown-elf/8.3.0/../../../../riscv64-unknown-elf/lib/rv32i/ilp32/libc_nano.a(lib_a-memcpy.o)
                0x000000008000e224                memcpy

.text.memmove   0x000000008000e2fc       0x5c
 .text.memmove  0x000000008000e2fc       0x5c /opt/riscv64-unknown-elf-gcc-8.3.0-2019.08.0-x86_64-linux-ubuntu14/bin/../lib/gcc/riscv64-unknown-elf/8.3.0/../../../../riscv64-unknown-elf/lib/rv32i/ilp32/libc_nano.a(lib_a-memmove-stub.o)
                0x000000008000e2fc                memmove

.text._calloc_r
                0x000000008000e358       0x54
 .text._calloc_r
                0x000000008000e358       0x54 /opt/riscv64-unknown-elf-gcc-8.3.0-2019.08.0-x86_64-linux-ubuntu14/bin/../lib/gcc/riscv64-unknown-elf/8.3.0/../../../../riscv64-unknown-elf/lib/rv32i/ilp32/libc_nano.a(lib_a-nano-callocr.o)
                0x000000008000e358                _calloc_r

.text._free_r   0x000000008000e3ac      0x104
 .text._free_r  0x000000008000e3ac      0x104 /opt/riscv64-unknown-elf-gcc-8.3.0-2019.08.0-x86_64-linux-ubuntu14/bin/../lib/gcc/riscv64-unknown-elf/8.3.0/../../../../riscv64-unknown-elf/lib/rv32i/ilp32/libc_nano.a(lib_a-nano-freer.o)
                0x000000008000e3ac                _free_r

.text._malloc_r
                0x000000008000e4b0      0x14c
 .text._malloc_r
                0x000000008000e4b0      0x14c /opt/riscv64-unknown-elf-gcc-8.3.0-2019.08.0-x86_64-linux-ubuntu14/bin/../lib/gcc/riscv64-unknown-elf/8.3.0/../../../../riscv64-unknown-elf/lib/rv32i/ilp32/libc_nano.a(lib_a-nano-mallocr.o)
                0x000000008000e4b0                _malloc_r

.text._printf_r
                0x000000008000e5fc       0x68
 .text._printf_r
                0x000000008000e5fc       0x68 /opt/riscv64-unknown-elf-gcc-8.3.0-2019.08.0-x86_64-linux-ubuntu14/bin/../lib/gcc/riscv64-unknown-elf/8.3.0/../../../../riscv64-unknown-elf/lib/rv32i/ilp32/libc_nano.a(lib_a-printf.o)
                0x000000008000e5fc                _printf_r
                0x000000008000e5fc                _iprintf_r

.text.printf    0x000000008000e664       0x78
 .text.printf   0x000000008000e664       0x78 /opt/riscv64-unknown-elf-gcc-8.3.0-2019.08.0-x86_64-linux-ubuntu14/bin/../lib/gcc/riscv64-unknown-elf/8.3.0/../../../../riscv64-unknown-elf/lib/rv32i/ilp32/libc_nano.a(lib_a-printf.o)
                0x000000008000e664                printf
                0x000000008000e664                iprintf

.text._putchar_r
                0x000000008000e6dc       0x40
 .text._putchar_r
                0x000000008000e6dc       0x40 /opt/riscv64-unknown-elf-gcc-8.3.0-2019.08.0-x86_64-linux-ubuntu14/bin/../lib/gcc/riscv64-unknown-elf/8.3.0/../../../../riscv64-unknown-elf/lib/rv32i/ilp32/libc_nano.a(lib_a-putchar.o)
                0x000000008000e6dc                _putchar_r

.text.putchar   0x000000008000e71c       0x4c
 .text.putchar  0x000000008000e71c       0x4c /opt/riscv64-unknown-elf-gcc-8.3.0-2019.08.0-x86_64-linux-ubuntu14/bin/../lib/gcc/riscv64-unknown-elf/8.3.0/../../../../riscv64-unknown-elf/lib/rv32i/ilp32/libc_nano.a(lib_a-putchar.o)
                0x000000008000e71c                putchar

.text._putc_r   0x000000008000e768       0xc4
 .text._putc_r  0x000000008000e768       0xc4 /opt/riscv64-unknown-elf-gcc-8.3.0-2019.08.0-x86_64-linux-ubuntu14/bin/../lib/gcc/riscv64-unknown-elf/8.3.0/../../../../riscv64-unknown-elf/lib/rv32i/ilp32/libc_nano.a(lib_a-putc.o)
                0x000000008000e768                _putc_r

.text.putc      0x000000008000e82c       0x14
 .text.putc     0x000000008000e82c       0x14 /opt/riscv64-unknown-elf-gcc-8.3.0-2019.08.0-x86_64-linux-ubuntu14/bin/../lib/gcc/riscv64-unknown-elf/8.3.0/../../../../riscv64-unknown-elf/lib/rv32i/ilp32/libc_nano.a(lib_a-putc.o)
                0x000000008000e82c                putc

.text._sbrk_r   0x000000008000e840       0x44
 .text._sbrk_r  0x000000008000e840       0x44 /opt/riscv64-unknown-elf-gcc-8.3.0-2019.08.0-x86_64-linux-ubuntu14/bin/../lib/gcc/riscv64-unknown-elf/8.3.0/../../../../riscv64-unknown-elf/lib/rv32i/ilp32/libc_nano.a(lib_a-sbrkr.o)
                0x000000008000e840                _sbrk_r

.text._snprintf_r
                0x000000008000e884       0xb0
 .text._snprintf_r
                0x000000008000e884       0xb0 /opt/riscv64-unknown-elf-gcc-8.3.0-2019.08.0-x86_64-linux-ubuntu14/bin/../lib/gcc/riscv64-unknown-elf/8.3.0/../../../../riscv64-unknown-elf/lib/rv32i/ilp32/libc_nano.a(lib_a-snprintf.o)
                0x000000008000e884                _sniprintf_r
                0x000000008000e884                _snprintf_r

.text.snprintf  0x000000008000e934       0xb8
 .text.snprintf
                0x000000008000e934       0xb8 /opt/riscv64-unknown-elf-gcc-8.3.0-2019.08.0-x86_64-linux-ubuntu14/bin/../lib/gcc/riscv64-unknown-elf/8.3.0/../../../../riscv64-unknown-elf/lib/rv32i/ilp32/libc_nano.a(lib_a-snprintf.o)
                0x000000008000e934                snprintf
                0x000000008000e934                sniprintf

.text._sprintf_r
                0x000000008000e9ec       0x64
 .text._sprintf_r
                0x000000008000e9ec       0x64 /opt/riscv64-unknown-elf-gcc-8.3.0-2019.08.0-x86_64-linux-ubuntu14/bin/../lib/gcc/riscv64-unknown-elf/8.3.0/../../../../riscv64-unknown-elf/lib/rv32i/ilp32/libc_nano.a(lib_a-sprintf.o)
                0x000000008000e9ec                _siprintf_r
                0x000000008000e9ec                _sprintf_r

.text.sprintf   0x000000008000ea50       0x74
 .text.sprintf  0x000000008000ea50       0x74 /opt/riscv64-unknown-elf-gcc-8.3.0-2019.08.0-x86_64-linux-ubuntu14/bin/../lib/gcc/riscv64-unknown-elf/8.3.0/../../../../riscv64-unknown-elf/lib/rv32i/ilp32/libc_nano.a(lib_a-sprintf.o)
                0x000000008000ea50                sprintf
                0x000000008000ea50                siprintf

.text.__sread   0x000000008000eac4       0x50
 .text.__sread  0x000000008000eac4       0x50 /opt/riscv64-unknown-elf-gcc-8.3.0-2019.08.0-x86_64-linux-ubuntu14/bin/../lib/gcc/riscv64-unknown-elf/8.3.0/../../../../riscv64-unknown-elf/lib/rv32i/ilp32/libc_nano.a(lib_a-stdio.o)
                0x000000008000eac4                __sread

.text.__seofread
                0x000000008000eb14        0x8
 .text.__seofread
                0x000000008000eb14        0x8 /opt/riscv64-unknown-elf-gcc-8.3.0-2019.08.0-x86_64-linux-ubuntu14/bin/../lib/gcc/riscv64-unknown-elf/8.3.0/../../../../riscv64-unknown-elf/lib/rv32i/ilp32/libc_nano.a(lib_a-stdio.o)
                0x000000008000eb14                __seofread

.text.__swrite  0x000000008000eb1c       0x84
 .text.__swrite
                0x000000008000eb1c       0x84 /opt/riscv64-unknown-elf-gcc-8.3.0-2019.08.0-x86_64-linux-ubuntu14/bin/../lib/gcc/riscv64-unknown-elf/8.3.0/../../../../riscv64-unknown-elf/lib/rv32i/ilp32/libc_nano.a(lib_a-stdio.o)
                0x000000008000eb1c                __swrite

.text.__sseek   0x000000008000eba0       0x58
 .text.__sseek  0x000000008000eba0       0x58 /opt/riscv64-unknown-elf-gcc-8.3.0-2019.08.0-x86_64-linux-ubuntu14/bin/../lib/gcc/riscv64-unknown-elf/8.3.0/../../../../riscv64-unknown-elf/lib/rv32i/ilp32/libc_nano.a(lib_a-stdio.o)
                0x000000008000eba0                __sseek

.text.__sclose  0x000000008000ebf8        0x8
 .text.__sclose
                0x000000008000ebf8        0x8 /opt/riscv64-unknown-elf-gcc-8.3.0-2019.08.0-x86_64-linux-ubuntu14/bin/../lib/gcc/riscv64-unknown-elf/8.3.0/../../../../riscv64-unknown-elf/lib/rv32i/ilp32/libc_nano.a(lib_a-stdio.o)
                0x000000008000ebf8                __sclose

.text.strlen    0x000000008000ec00       0x1c
 .text.strlen   0x000000008000ec00       0x1c /opt/riscv64-unknown-elf-gcc-8.3.0-2019.08.0-x86_64-linux-ubuntu14/bin/../lib/gcc/riscv64-unknown-elf/8.3.0/../../../../riscv64-unknown-elf/lib/rv32i/ilp32/libc_nano.a(lib_a-strlen.o)
                0x000000008000ec00                strlen

.text.strncmp   0x000000008000ec1c       0x3c
 .text.strncmp  0x000000008000ec1c       0x3c /opt/riscv64-unknown-elf-gcc-8.3.0-2019.08.0-x86_64-linux-ubuntu14/bin/../lib/gcc/riscv64-unknown-elf/8.3.0/../../../../riscv64-unknown-elf/lib/rv32i/ilp32/libc_nano.a(lib_a-strncmp.o)
                0x000000008000ec1c                strncmp

.text._strtol_l.isra.0
                0x000000008000ec58      0x20c
 .text._strtol_l.isra.0
                0x000000008000ec58      0x20c /opt/riscv64-unknown-elf-gcc-8.3.0-2019.08.0-x86_64-linux-ubuntu14/bin/../lib/gcc/riscv64-unknown-elf/8.3.0/../../../../riscv64-unknown-elf/lib/rv32i/ilp32/libc_nano.a(lib_a-strtol.o)

.text._strtol_r
                0x000000008000ee64        0x4
 .text._strtol_r
                0x000000008000ee64        0x4 /opt/riscv64-unknown-elf-gcc-8.3.0-2019.08.0-x86_64-linux-ubuntu14/bin/../lib/gcc/riscv64-unknown-elf/8.3.0/../../../../riscv64-unknown-elf/lib/rv32i/ilp32/libc_nano.a(lib_a-strtol.o)
                0x000000008000ee64                _strtol_r

.text.strtol_l  0x000000008000ee68       0x18
 .text.strtol_l
                0x000000008000ee68       0x18 /opt/riscv64-unknown-elf-gcc-8.3.0-2019.08.0-x86_64-linux-ubuntu14/bin/../lib/gcc/riscv64-unknown-elf/8.3.0/../../../../riscv64-unknown-elf/lib/rv32i/ilp32/libc_nano.a(lib_a-strtol.o)
                0x000000008000ee68                strtol_l

.text.strtol    0x000000008000ee80       0x18
 .text.strtol   0x000000008000ee80       0x18 /opt/riscv64-unknown-elf-gcc-8.3.0-2019.08.0-x86_64-linux-ubuntu14/bin/../lib/gcc/riscv64-unknown-elf/8.3.0/../../../../riscv64-unknown-elf/lib/rv32i/ilp32/libc_nano.a(lib_a-strtol.o)
                0x000000008000ee80                strtol

.text.__swbuf_r
                0x000000008000ee98      0x138
 .text.__swbuf_r
                0x000000008000ee98      0x138 /opt/riscv64-unknown-elf-gcc-8.3.0-2019.08.0-x86_64-linux-ubuntu14/bin/../lib/gcc/riscv64-unknown-elf/8.3.0/../../../../riscv64-unknown-elf/lib/rv32i/ilp32/libc_nano.a(lib_a-wbuf.o)
                0x000000008000ee98                __swbuf_r

.text.__swbuf   0x000000008000efd0       0x14
 .text.__swbuf  0x000000008000efd0       0x14 /opt/riscv64-unknown-elf-gcc-8.3.0-2019.08.0-x86_64-linux-ubuntu14/bin/../lib/gcc/riscv64-unknown-elf/8.3.0/../../../../riscv64-unknown-elf/lib/rv32i/ilp32/libc_nano.a(lib_a-wbuf.o)
                0x000000008000efd0                __swbuf

.text._write_r  0x000000008000efe4       0x4c
 .text._write_r
                0x000000008000efe4       0x4c /opt/riscv64-unknown-elf-gcc-8.3.0-2019.08.0-x86_64-linux-ubuntu14/bin/../lib/gcc/riscv64-unknown-elf/8.3.0/../../../../riscv64-unknown-elf/lib/rv32i/ilp32/libc_nano.a(lib_a-writer.o)
                0x000000008000efe4                _write_r

.text.__swsetup_r
                0x000000008000f030      0x17c
 .text.__swsetup_r
                0x000000008000f030      0x17c /opt/riscv64-unknown-elf-gcc-8.3.0-2019.08.0-x86_64-linux-ubuntu14/bin/../lib/gcc/riscv64-unknown-elf/8.3.0/../../../../riscv64-unknown-elf/lib/rv32i/ilp32/libc_nano.a(lib_a-wsetup.o)
                0x000000008000f030                __swsetup_r

.text._close_r  0x000000008000f1ac       0x44
 .text._close_r
                0x000000008000f1ac       0x44 /opt/riscv64-unknown-elf-gcc-8.3.0-2019.08.0-x86_64-linux-ubuntu14/bin/../lib/gcc/riscv64-unknown-elf/8.3.0/../../../../riscv64-unknown-elf/lib/rv32i/ilp32/libc_nano.a(lib_a-closer.o)
                0x000000008000f1ac                _close_r

.text._lseek_r  0x000000008000f1f0       0x4c
 .text._lseek_r
                0x000000008000f1f0       0x4c /opt/riscv64-unknown-elf-gcc-8.3.0-2019.08.0-x86_64-linux-ubuntu14/bin/../lib/gcc/riscv64-unknown-elf/8.3.0/../../../../riscv64-unknown-elf/lib/rv32i/ilp32/libc_nano.a(lib_a-lseekr.o)
                0x000000008000f1f0                _lseek_r

.text.__swhatbuf_r
                0x000000008000f23c       0x8c
 .text.__swhatbuf_r
                0x000000008000f23c       0x8c /opt/riscv64-unknown-elf-gcc-8.3.0-2019.08.0-x86_64-linux-ubuntu14/bin/../lib/gcc/riscv64-unknown-elf/8.3.0/../../../../riscv64-unknown-elf/lib/rv32i/ilp32/libc_nano.a(lib_a-makebuf.o)
                0x000000008000f23c                __swhatbuf_r

.text.__smakebuf_r
                0x000000008000f2c8       0xf0
 .text.__smakebuf_r
                0x000000008000f2c8       0xf0 /opt/riscv64-unknown-elf-gcc-8.3.0-2019.08.0-x86_64-linux-ubuntu14/bin/../lib/gcc/riscv64-unknown-elf/8.3.0/../../../../riscv64-unknown-elf/lib/rv32i/ilp32/libc_nano.a(lib_a-makebuf.o)
                0x000000008000f2c8                __smakebuf_r

.text.__ssputs_r
                0x000000008000f3b8      0x16c
 .text.__ssputs_r
                0x000000008000f3b8      0x16c /opt/riscv64-unknown-elf-gcc-8.3.0-2019.08.0-x86_64-linux-ubuntu14/bin/../lib/gcc/riscv64-unknown-elf/8.3.0/../../../../riscv64-unknown-elf/lib/rv32i/ilp32/libc_nano.a(lib_a-nano-svfprintf.o)
                0x000000008000f3b8                __ssputs_r

.text.__ssprint_r
                0x000000008000f524      0x1bc
 .text.__ssprint_r