Archive member included to satisfy reference by file (symbol)

/opt/riscv64-unknown-elf-gcc-8.3.0-2019.08.0-x86_64-linux-ubuntu14/bin/../lib/gcc/riscv64-unknown-elf/8.3.0/../../../../riscv64-unknown-elf/lib/rv32i/ilp32/libc_nano.a(lib_a-atoi.o)
                              build/./src/lwip/core/netif.o (atoi)
/opt/riscv64-unknown-elf-gcc-8.3.0-2019.08.0-x86_64-linux-ubuntu14/bin/../lib/gcc/riscv64-unknown-elf/8.3.0/../../../../riscv64-unknown-elf/lib/rv32i/ilp32/libc_nano.a(lib_a-calloc.o)
                              build/./src/lwip/core/mem.o (calloc)
/opt/riscv64-unknown-elf-gcc-8.3.0-2019.08.0-x86_64-linux-ubuntu14/bin/../lib/gcc/riscv64-unknown-elf/8.3.0/../../../../riscv64-unknown-elf/lib/rv32i/ilp32/libc_nano.a(lib_a-ctype_.o)
                              build/./src/lwip/core/ipv4/ip4_addr.o (_ctype_)
/opt/riscv64-unknown-elf-gcc-8.3.0-2019.08.0-x86_64-linux-ubuntu14/bin/../lib/gcc/riscv64-unknown-elf/8.3.0/../../../../riscv64-unknown-elf/lib/rv32i/ilp32/libc_nano.a(lib_a-fflush.o)
                              build/src/mac.o (fflush)
/opt/riscv64-unknown-elf-gcc-8.3.0-2019.08.0-x86_64-linux-ubuntu14/bin/../lib/gcc/riscv64-unknown-elf/8.3.0/../../../../riscv64-unknown-elf/lib/rv32i/ilp32/libc_nano.a(lib_a-findfp.o)
                              /opt/riscv64-unknown-elf-gcc-8.3.0-2019.08.0-x86_64-linux-ubuntu14/bin/../lib/gcc/riscv64-unknown-elf/8.3.0/../../../../riscv64-unknown-elf/lib/rv32i/ilp32/libc_nano.a(lib_a-fflush.o) (__sinit)
/opt/riscv64-unknown-elf-gcc-8.3.0-2019.08.0-x86_64-linux-ubuntu14/bin/../lib/gcc/riscv64-unknown-elf/8.3.0/../../../../riscv64-unknown-elf/lib/rv32i/ilp32/libc_nano.a(lib_a-fwalk.o)
                              /opt/riscv64-unknown-elf-gcc-8.3.0-2019.08.0-x86_64-linux-ubuntu14/bin/../lib/gcc/riscv64-unknown-elf/8.3.0/../../../../riscv64-unknown-elf/lib/rv32i/ilp32/libc_nano.a(lib_a-findfp.o) (_fwalk)
/opt/riscv64-unknown-elf-gcc-8.3.0-2019.08.0-x86_64-linux-ubuntu14/bin/../lib/gcc/riscv64-unknown-elf/8.3.0/../../../../riscv64-unknown-elf/lib/rv32i/ilp32/libc_nano.a(lib_a-impure.o)
                              /opt/riscv64-unknown-elf-gcc-8.3.0-2019.08.0-x86_64-linux-ubuntu14/bin/../lib/gcc/riscv64-unknown-elf/8.3.0/../../../../riscv64-unknown-elf/lib/rv32i/ilp32/libc_nano.a(lib_a-fflush.o) (_global_impure_ptr)
/opt/riscv64-unknown-elf-gcc-8.3.0-2019.08.0-x86_64-linux-ubuntu14/bin/../lib/gcc/riscv64-unknown-elf/8.3.0/../../../../riscv64-unknown-elf/lib/rv32i/ilp32/libc_nano.a(lib_a-malloc.o)
                              build/./src/lwip/core/mem.o (malloc)
/opt/riscv64-unknown-elf-gcc-8.3.0-2019.08.0-x86_64-linux-ubuntu14/bin/../lib/gcc/riscv64-unknown-elf/8.3.0/../../../../riscv64-unknown-elf/lib/rv32i/ilp32/libc_nano.a(lib_a-memcmp.o)
                              build/./src/lwip/netif/ethernet.o (memcmp)
/opt/riscv64-unknown-elf-gcc-8.3.0-2019.08.0-x86_64-linux-ubuntu14/bin/../lib/gcc/riscv64-unknown-elf/8.3.0/../../../../riscv64-unknown-elf/lib/rv32i/ilp32/libc_nano.a(lib_a-memcpy.o)
                              build/src/main.o (memcpy)
/opt/riscv64-unknown-elf-gcc-8.3.0-2019.08.0-x86_64-linux-ubuntu14/bin/../lib/gcc/riscv64-unknown-elf/8.3.0/../../../../riscv64-unknown-elf/lib/rv32i/ilp32/libc_nano.a(lib_a-memmove-stub.o)
                              build/./src/lwip/core/def.o (memmove)
/opt/riscv64-unknown-elf-gcc-8.3.0-2019.08.0-x86_64-linux-ubuntu14/bin/../lib/gcc/riscv64-unknown-elf/8.3.0/../../../../riscv64-unknown-elf/lib/rv32i/ilp32/libc_nano.a(lib_a-memset.o)
                              build/src/main.o (memset)
/opt/riscv64-unknown-elf-gcc-8.3.0-2019.08.0-x86_64-linux-ubuntu14/bin/../lib/gcc/riscv64-unknown-elf/8.3.0/../../../../riscv64-unknown-elf/lib/rv32i/ilp32/libc_nano.a(lib_a-nano-callocr.o)
                              /opt/riscv64-unknown-elf-gcc-8.3.0-2019.08.0-x86_64-linux-ubuntu14/bin/../lib/gcc/riscv64-unknown-elf/8.3.0/../../../../riscv64-unknown-elf/lib/rv32i/ilp32/libc_nano.a(lib_a-calloc.o) (_calloc_r)
/opt/riscv64-unknown-elf-gcc-8.3.0-2019.08.0-x86_64-linux-ubuntu14/bin/../lib/gcc/riscv64-unknown-elf/8.3.0/../../../../riscv64-unknown-elf/lib/rv32i/ilp32/libc_nano.a(lib_a-nano-freer.o)
                              /opt/riscv64-unknown-elf-gcc-8.3.0-2019.08.0-x86_64-linux-ubuntu14/bin/../lib/gcc/riscv64-unknown-elf/8.3.0/../../../../riscv64-unknown-elf/lib/rv32i/ilp32/libc_nano.a(lib_a-fflush.o) (_free_r)
/opt/riscv64-unknown-elf-gcc-8.3.0-2019.08.0-x86_64-linux-ubuntu14/bin/../lib/gcc/riscv64-unknown-elf/8.3.0/../../../../riscv64-unknown-elf/lib/rv32i/ilp32/libc_nano.a(lib_a-nano-mallocr.o)
                              /opt/riscv64-unknown-elf-gcc-8.3.0-2019.08.0-x86_64-linux-ubuntu14/bin/../lib/gcc/riscv64-unknown-elf/8.3.0/../../../../riscv64-unknown-elf/lib/rv32i/ilp32/libc_nano.a(lib_a-findfp.o) (_malloc_r)
/opt/riscv64-unknown-elf-gcc-8.3.0-2019.08.0-x86_64-linux-ubuntu14/bin/../lib/gcc/riscv64-unknown-elf/8.3.0/../../../../riscv64-unknown-elf/lib/rv32i/ilp32/libc_nano.a(lib_a-printf.o)
[...]
Memory Configuration

Name             Origin             Length             Attributes
RAM              0x0000000080000000 0x0000000000012000 xrw
*default*        0x0000000000000000 0xffffffffffffffff

Linker script and memory map

LOAD build/src/crc16.o
LOAD build/src/font_6x8.o
LOAD build/src/font_12x16.o
LOAD build/src/main.o
LOAD build/src/modbus_rtu.o
LOAD build/src/config.o
LOAD build/src/eeprom.o
LOAD build/src/modbus.o
LOAD build/src/mac.o
LOAD build/src/hub.o
LOAD build/src/modbus_udp.o
LOAD build/src/i2c.o
LOAD build/src/utils.o
LOAD build/src/crt.o
LOAD build/./src/lwip/core/init.o
LOAD build/./src/lwip/core/def.o
LOAD build/./src/lwip/core/dns.o
LOAD build/./src/lwip/core/inet_chksum.o
LOAD build/./src/lwip/core/ip.o
LOAD build/./src/lwip/core/mem.o
LOAD build/./src/lwip/core/memp.o
LOAD build/./src/lwip/core/netif.o
LOAD build/./src/lwip/core/pbuf.o
LOAD build/./src/lwip/core/raw.o
LOAD build/./src/lwip/core/stats.o
LOAD build/./src/lwip/core/sys.o
LOAD build/./src/lwip/core/altcp.o
LOAD build/./src/lwip/core/altcp_alloc.o
LOAD build/./src/lwip/core/altcp_tcp.o
LOAD build/./src/lwip/core/tcp.o
LOAD build/./src/lwip/core/tcp_in.o
LOAD build/./src/lwip/core/tcp_out.o
LOAD build/./src/lwip/core/timeouts.o
LOAD build/./src/lwip/core/udp.o
LOAD build/./src/lwip/core/ipv4/autoip.o
LOAD build/./src/lwip/core/ipv4/dhcp.o
LOAD build/./src/lwip/core/ipv4/etharp.o
LOAD build/./src/lwip/core/ipv4/icmp.o
LOAD build/./src/lwip/core/ipv4/igmp.o
LOAD build/./src/lwip/core/ipv4/ip4_frag.o
LOAD build/./src/lwip/core/ipv4/ip4.o
LOAD build/./src/lwip/core/ipv4/ip4_addr.o
LOAD build/./src/lwip/netif/ethernet.o
LOAD /opt/riscv64-unknown-elf-gcc-8.3.0-2019.08.0-x86_64-linux-ubuntu14/bin/../lib/gcc/riscv64-unknown-elf/8.3.0/../../../../riscv64-unknown-elf/lib/rv32i/ilp32/libnosys.a
LOAD /opt/riscv64-unknown-elf-gcc-8.3.0-2019.08.0-x86_64-linux-ubuntu14/bin/../lib/gcc/riscv64-unknown-elf/8.3.0/../../../../riscv64-unknown-elf/lib/rv32i/ilp32/libc_nano.a
LOAD /opt/riscv64-unknown-elf-gcc-8.3.0-2019.08.0-x86_64-linux-ubuntu14/bin/../lib/gcc/riscv64-unknown-elf/8.3.0/rv32i/ilp32/libgcc.a
                0x0000000000000800                _stack_size = DEFINED (_stack_size)?_stack_size:0x800
                0x0000000000000000                _heap_size = DEFINED (_heap_size)?_heap_size:0x0

._vector        0x0000000080000000      0x134
 *crt.o(.start_jump)
 .start_jump    0x0000000080000000       0x10 build/src/crt.o
                0x0000000080000000                crtStart
 *crt.o(.text)
 *fill*         0x0000000080000010       0x10 
 .text          0x0000000080000020      0x114 build/src/crt.o
                0x0000000080000020                trap_entry

.data           0x0000000080000134     0x2f66
 *(.rdata)
 *(.rodata .rodata.*)
 .rodata        0x0000000080000134      0x600 build/src/font_6x8.o
                0x0000000080000134                font_6x8
 .rodata        0x0000000080000734     0x1800 build/src/font_12x16.o
                0x0000000080000734                font_12x16
 .rodata.str1.4
                0x0000000080001f34      0x301 build/src/main.o
                                        0x305 (size before relaxing)
 *fill*         0x0000000080002235        0x3 
 .rodata.str1.4
                0x0000000080002238       0xf7 build/src/modbus_rtu.o
 *fill*         0x000000008000232f        0x1 
 .rodata.str1.4
                0x0000000080002330      0x14f build/src/config.o
 *fill*         0x000000008000247f        0x1 
 .rodata.str1.4
                0x0000000080002480      0x1d4 build/src/eeprom.o
 .rodata        0x0000000080002654       0x44 build/src/modbus.o
 .rodata.str1.4
                0x0000000080002698      0x15b build/src/modbus.o
 *fill*         0x00000000800027f3        0x1 
 .rodata.str1.4
                0x00000000800027f4      0x1e5 build/src/mac.o
 *fill*         0x00000000800029d9        0x3 
 .rodata.str1.4
                0x00000000800029dc      0x19d build/src/modbus_udp.o
 *fill*         0x0000000080002b79        0x3 
 .rodata.str1.4
                0x0000000080002b7c       0x5b build/src/utils.o
 *fill*         0x0000000080002bd7        0x1 
 .rodata.str1.4
                0x0000000080002bd8       0x3f build/./src/lwip/core/mem.o
 *fill*         0x0000000080002c17        0x1 
 .rodata        0x0000000080002c18       0x18 build/./src/lwip/core/memp.o
                0x0000000080002c18                memp_pools
 .rodata.str1.4
                0x0000000080002c30       0x4c build/./src/lwip/core/memp.o
 .rodata.str1.4
                0x0000000080002c7c       0x15 build/./src/lwip/core/pbuf.o
 *fill*         0x0000000080002c91        0x3 
 .rodata.str1.4
                0x0000000080002c94       0x14 build/./src/lwip/core/raw.o
 .rodata        0x0000000080002ca8       0x18 build/./src/lwip/core/timeouts.o
                0x0000000080002ca8                lwip_cyclic_timers
 .rodata.str1.4
                0x0000000080002cc0       0x19 build/./src/lwip/core/timeouts.o
 *fill*         0x0000000080002cd9        0x3 
 .rodata.str1.4
                0x0000000080002cdc       0x14 build/./src/lwip/core/udp.o
 .rodata.str1.4
                0x0000000080002cf0       0x1e build/./src/lwip/core/ipv4/ip4_frag.o
 *fill*         0x0000000080002d0e        0x2 
 .rodata._ctype_
                0x0000000080002d10      0x101 /opt/riscv64-unknown-elf-gcc-8.3.0-2019.08.0-x86_64-linux-ubuntu14/bin/../lib/gcc/riscv64-unknown-elf/8.3.0/../../../../riscv64-unknown-elf/lib/rv32i/ilp32/libc_nano.a(lib_a-ctype_.o)
                0x0000000080002d10                _ctype_
 *fill*         0x0000000080002e11        0x3 
 .rodata.__sf_fake_stderr
                0x0000000080002e14       0x20 /opt/riscv64-unknown-elf-gcc-8.3.0-2019.08.0-x86_64-linux-ubuntu14/bin/../lib/gcc/riscv64-unknown-elf/8.3.0/../../../../riscv64-unknown-elf/lib/rv32i/ilp32/libc_nano.a(lib_a-findfp.o)
                0x0000000080002e14                __sf_fake_stderr
 .rodata.__sf_fake_stdin
                0x0000000080002e34       0x20 /opt/riscv64-unknown-elf-gcc-8.3.0-2019.08.0-x86_64-linux-ubuntu14/bin/../lib/gcc/riscv64-unknown-elf/8.3.0/../../../../riscv64-unknown-elf/lib/rv32i/ilp32/libc_nano.a(lib_a-findfp.o)
                0x0000000080002e34                __sf_fake_stdin
 .rodata.__sf_fake_stdout
                0x0000000080002e54       0x20 /opt/riscv64-unknown-elf-gcc-8.3.0-2019.08.0-x86_64-linux-ubuntu14/bin/../lib/gcc/riscv64-unknown-elf/8.3.0/../../../../riscv64-unknown-elf/lib/rv32i/ilp32/libc_nano.a(lib_a-findfp.o)
                0x0000000080002e54                __sf_fake_stdout
 .rodata._svfprintf_r.str1.4
                0x0000000080002e74       0x13 /opt/riscv64-unknown-elf-gcc-8.3.0-2019.08.0-x86_64-linux-ubuntu14/bin/../lib/gcc/riscv64-unknown-elf/8.3.0/../../../../riscv64-unknown-elf/lib/rv32i/ilp32/libc_nano.a(lib_a-nano-svfprintf.o)
 *fill*         0x0000000080002e87        0x1 
 .rodata._printf_i.str1.4
                0x0000000080002e88       0x28 /opt/riscv64-unknown-elf-gcc-8.3.0-2019.08.0-x86_64-linux-ubuntu14/bin/../lib/gcc/riscv64-unknown-elf/8.3.0/../../../../riscv64-unknown-elf/lib/rv32i/ilp32/libc_nano.a(lib_a-nano-vfprintf_i.o)
                                         0x25 (size before relaxing)
 .rodata._vfprintf_r.str1.4
                0x0000000080002eb0       0x13 /opt/riscv64-unknown-elf-gcc-8.3.0-2019.08.0-x86_64-linux-ubuntu14/bin/../lib/gcc/riscv64-unknown-elf/8.3.0/../../../../riscv64-unknown-elf/lib/rv32i/ilp32/libc_nano.a(lib_a-nano-vfprintf.o)
 .rodata        0x0000000080002eb0      0x100 /opt/riscv64-unknown-elf-gcc-8.3.0-2019.08.0-x86_64-linux-ubuntu14/bin/../lib/gcc/riscv64-unknown-elf/8.3.0/rv32i/ilp32/libgcc.a(_clz.o)
                0x0000000080002eb0                __clz_tab
 *(.gnu.linkonce.r.*)
 *(.data .data.*)
 .data          0x0000000080002fb0        0x0 build/src/crc16.o
 .data          0x0000000080002fb0        0x0 build/src/font_6x8.o
 .data          0x0000000080002fb0        0x0 build/src/font_12x16.o
 .data          0x0000000080002fb0        0x0 build/src/main.o
 .data          0x0000000080002fb0        0x0 build/src/modbus_rtu.o
 .data          0x0000000080002fb0       0x20 build/src/config.o
                0x0000000080002fb0                default_config
 .data          0x0000000080002fd0        0x0 build/src/eeprom.o
 .data          0x0000000080002fd0        0x0 build/src/modbus.o
 .data          0x0000000080002fd0        0x0 build/src/mac.o
 .data          0x0000000080002fd0        0xa build/src/hub.o
                0x0000000080002fd0                hub_configs
 .data          0x0000000080002fda        0x0 build/src/modbus_udp.o
 .data          0x0000000080002fda        0x0 build/src/i2c.o
 .data          0x0000000080002fda        0x0 build/src/utils.o
 .data          0x0000000080002fda        0x0 build/src/crt.o
 .data          0x0000000080002fda        0x0 build/./src/lwip/core/init.o
 .data          0x0000000080002fda        0x0 build/./src/lwip/core/def.o
 .data          0x0000000080002fda        0x0 build/./src/lwip/core/dns.o
 .data          0x0000000080002fda        0x0 build/./src/lwip/core/inet_chksum.o
 .data          0x0000000080002fda        0x0 build/./src/lwip/core/ip.o
 .data          0x0000000080002fda        0x0 build/./src/lwip/core/mem.o
 .data          0x0000000080002fda        0x0 build/./src/lwip/core/memp.o
 .data          0x0000000080002fda        0x0 build/./src/lwip/core/netif.o
 .data          0x0000000080002fda        0x0 build/./src/lwip/core/pbuf.o
 .data          0x0000000080002fda        0x0 build/./src/lwip/core/raw.o
 .data          0x0000000080002fda        0x0 build/./src/lwip/core/stats.o
 .data          0x0000000080002fda        0x0 build/./src/lwip/core/sys.o
 .data          0x0000000080002fda        0x0 build/./src/lwip/core/altcp.o
 .data          0x0000000080002fda        0x0 build/./src/lwip/core/altcp_alloc.o
 .data          0x0000000080002fda        0x0 build/./src/lwip/core/altcp_tcp.o
 .data          0x0000000080002fda        0x0 build/./src/lwip/core/tcp.o
 .data          0x0000000080002fda        0x0 build/./src/lwip/core/tcp_in.o
 .data          0x0000000080002fda        0x0 build/./src/lwip/core/tcp_out.o
 .data          0x0000000080002fda        0x0 build/./src/lwip/core/timeouts.o
 .data          0x0000000080002fda        0x0 build/./src/lwip/core/udp.o
 .data          0x0000000080002fda        0x0 build/./src/lwip/core/ipv4/autoip.o
 .data          0x0000000080002fda        0x0 build/./src/lwip/core/ipv4/dhcp.o
 .data          0x0000000080002fda        0x0 build/./src/lwip/core/ipv4/etharp.o
 .data          0x0000000080002fda        0x0 build/./src/lwip/core/ipv4/icmp.o
 .data          0x0000000080002fda        0x0 build/./src/lwip/core/ipv4/igmp.o
 .data          0x0000000080002fda        0x0 build/./src/lwip/core/ipv4/ip4_frag.o
 .data          0x0000000080002fda        0x0 build/./src/lwip/core/ipv4/ip4.o
 .data          0x0000000080002fda        0x0 build/./src/lwip/core/ipv4/ip4_addr.o
 .data          0x0000000080002fda        0x0 build/./src/lwip/netif/ethernet.o
 .data          0x0000000080002fda        0x0 /opt/riscv64-unknown-elf-gcc-8.3.0-2019.08.0-x86_64-linux-ubuntu14/bin/../lib/gcc/riscv64-unknown-elf/8.3.0/../../../../riscv64-unknown-elf/lib/rv32i/ilp32/libc_nano.a(lib_a-atoi.o)
 .data          0x0000000080002fda        0x0 /opt/riscv64-unknown-elf-gcc-8.3.0-2019.08.0-x86_64-linux-ubuntu14/bin/../lib/gcc/riscv64-unknown-elf/8.3.0/../../../../riscv64-unknown-elf/lib/rv32i/ilp32/libc_nano.a(lib_a-calloc.o)
 .data          0x0000000080002fda        0x0 /opt/riscv64-unknown-elf-gcc-8.3.0-2019.08.0-x86_64-linux-ubuntu14/bin/../lib/gcc/riscv64-unknown-elf/8.3.0/../../../../riscv64-unknown-elf/lib/rv32i/ilp32/libc_nano.a(lib_a-ctype_.o)
 .data          0x0000000080002fda        0x0 /opt/riscv64-unknown-elf-gcc-8.3.0-2019.08.0-x86_64-linux-ubuntu14/bin/../lib/gcc/riscv64-unknown-elf/8.3.0/../../../../riscv64-unknown-elf/lib/rv32i/ilp32/libc_nano.a(lib_a-fflush.o)
 .data          0x0000000080002fda        0x0 /opt/riscv64-unknown-elf-gcc-8.3.0-2019.08.0-x86_64-linux-ubuntu14/bin/../lib/gcc/riscv64-unknown-elf/8.3.0/../../../../riscv64-unknown-elf/lib/rv32i/ilp32/libc_nano.a(lib_a-findfp.o)
 .data          0x0000000080002fda        0x0 /opt/riscv64-unknown-elf-gcc-8.3.0-2019.08.0-x86_64-linux-ubuntu14/bin/../lib/gcc/riscv64-unknown-elf/8.3.0/../../../../riscv64-unknown-elf/lib/rv32i/ilp32/libc_nano.a(lib_a-fwalk.o)
 .data          0x0000000080002fda        0x0 /opt/riscv64-unknown-elf-gcc-8.3.0-2019.08.0-x86_64-linux-ubuntu14/bin/../lib/gcc/riscv64-unknown-elf/8.3.0/../../../../riscv64-unknown-elf/lib/rv32i/ilp32/libc_nano.a(lib_a-impure.o)
 *fill*         0x0000000080002fda        0x2 
 .data.impure_data
                0x0000000080002fdc       0x60 /opt/riscv64-unknown-elf-gcc-8.3.0-2019.08.0-x86_64-linux-ubuntu14/bin/../lib/gcc/riscv64-unknown-elf/8.3.0/../../../../riscv64-unknown-elf/lib/rv32i/ilp32/libc_nano.a(lib_a-impure.o)
 .data          0x000000008000303c        0x0 /opt/riscv64-unknown-elf-gcc-8.3.0-2019.08.0-x86_64-linux-ubuntu14/bin/../lib/gcc/riscv64-unknown-elf/8.3.0/../../../../riscv64-unknown-elf/lib/rv32i/ilp32/libc_nano.a(lib_a-malloc.o)
 .data          0x000000008000303c        0x0 /opt/riscv64-unknown-elf-gcc-8.3.0-2019.08.0-x86_64-linux-ubuntu14/bin/../lib/gcc/riscv64-unknown-elf/8.3.0/../../../../riscv64-unknown-elf/lib/rv32i/ilp32/libc_nano.a(lib_a-memcmp.o)
 .data          0x000000008000303c        0x0 /opt/riscv64-unknown-elf-gcc-8.3.0-2019.08.0-x86_64-linux-ubuntu14/bin/../lib/gcc/riscv64-unknown-elf/8.3.0/../../../../riscv64-unknown-elf/lib/rv32i/ilp32/libc_nano.a(lib_a-memcpy.o)
 .data          0x000000008000303c        0x0 /opt/riscv64-unknown-elf-gcc-8.3.0-2019.08.0-x86_64-linux-ubuntu14/bin/../lib/gcc/riscv64-unknown-elf/8.3.0/../../../../riscv64-unknown-elf/lib/rv32i/ilp32/libc_nano.a(lib_a-memmove-stub.o)
 .data          0x000000008000303c        0x0 /opt/riscv64-unknown-elf-gcc-8.3.0-2019.08.0-x86_64-linux-ubuntu14/bin/../lib/gcc/riscv64-unknown-elf/8.3.0/../../../../riscv64-unknown-elf/lib/rv32i/ilp32/libc_nano.a(lib_a-memset.o)
 .data          0x000000008000303c        0x0 /opt/riscv64-unknown-elf-gcc-8.3.0-2019.08.0-x86_64-linux-ubuntu14/bin/../lib/gcc/riscv64-unknown-elf/8.3.0/../../../../riscv64-unknown-elf/lib/rv32i/ilp32/libc_nano.a(lib_a-nano-callocr.o)
 .data          0x000000008000303c        0x0 /opt/riscv64-unknown-elf-gcc-8.3.0-2019.08.0-x86_64-linux-ubuntu14/bin/../lib/gcc/riscv64-unknown-elf/8.3.0/../../../../riscv64-unknown-elf/lib/rv32i/ilp32/libc_nano.a(lib_a-nano-freer.o)
 .data          0x000000008000303c        0x0 /opt/riscv64-unknown-elf-gcc-8.3.0-2019.08.0-x86_64-linux-ubuntu14/bin/../lib/gcc/riscv64-unknown-elf/8.3.0/../../../../riscv64-unknown-elf/lib/rv32i/ilp32/libc_nano.a(lib_a-nano-mallocr.o)
 .data          0x000000008000303c        0x0 /opt/riscv64-unknown-elf-gcc-8.3.0-2019.08.0-x86_64-linux-ubuntu14/bin/../lib/gcc/riscv64-unknown-elf/8.3.0/../../../../riscv64-unknown-elf/lib/rv32i/ilp32/libc_nano.a(lib_a-printf.o)
 .data          0x000000008000303c        0x0 /opt/riscv64-unknown-elf-gcc-8.3.0-2019.08.0-x86_64-linux-ubuntu14/bin/../lib/gcc/riscv64-unknown-elf/8.3.0/../../../../riscv64-unknown-elf/lib/rv32i/ilp32/libc_nano.a(lib_a-sbrkr.o)
 .data          0x000000008000303c        0x0 /opt/riscv64-unknown-elf-gcc-8.3.0-2019.08.0-x86_64-linux-ubuntu14/bin/../lib/gcc/riscv64-unknown-elf/8.3.0/../../../../riscv64-unknown-elf/lib/rv32i/ilp32/libc_nano.a(lib_a-snprintf.o)
 .data          0x000000008000303c        0x0 /opt/riscv64-unknown-elf-gcc-8.3.0-2019.08.0-x86_64-linux-ubuntu14/bin/../lib/gcc/riscv64-unknown-elf/8.3.0/../../../../riscv64-unknown-elf/lib/rv32i/ilp32/libc_nano.a(lib_a-sprintf.o)
 .data          0x000000008000303c        0x0 /opt/riscv64-unknown-elf-gcc-8.3.0-2019.08.0-x86_64-linux-ubuntu14/bin/../lib/gcc/riscv64-unknown-elf/8.3.0/../../../../riscv64-unknown-elf/lib/rv32i/ilp32/libc_nano.a(lib_a-stdio.o)
 .data          0x000000008000303c        0x0 /opt/riscv64-unknown-elf-gcc-8.3.0-2019.08.0-x86_64-linux-ubuntu14/bin/../lib/gcc/riscv64-unknown-elf/8.3.0/../../../../riscv64-unknown-elf/lib/rv32i/ilp32/libc_nano.a(lib_a-strlen.o)
 .data          0x000000008000303c        0x0 /opt/riscv64-unknown-elf-gcc-8.3.0-2019.08.0-x86_64-linux-ubuntu14/bin/../lib/gcc/riscv64-unknown-elf/8.3.0/../../../../riscv64-unknown-elf/lib/rv32i/ilp32/libc_nano.a(lib_a-strncmp.o)
 .data          0x000000008000303c        0x0 /opt/riscv64-unknown-elf-gcc-8.3.0-2019.08.0-x86_64-linux-ubuntu14/bin/../lib/gcc/riscv64-unknown-elf/8.3.0/../../../../riscv64-unknown-elf/lib/rv32i/ilp32/libc_nano.a(lib_a-strtol.o)
 .data          0x000000008000303c        0x0 /opt/riscv64-unknown-elf-gcc-8.3.0-2019.08.0-x86_64-linux-ubuntu14/bin/../lib/gcc/riscv64-unknown-elf/8.3.0/../../../../riscv64-unknown-elf/lib/rv32i/ilp32/libc_nano.a(lib_a-writer.o)
 .data          0x000000008000303c        0x0 /opt/riscv64-unknown-elf-gcc-8.3.0-2019.08.0-x86_64-linux-ubuntu14/bin/../lib/gcc/riscv64-unknown-elf/8.3.0/../../../../riscv64-unknown-elf/lib/rv32i/ilp32/libc_nano.a(lib_a-closer.o)
 .data          0x000000008000303c        0x0 /opt/riscv64-unknown-elf-gcc-8.3.0-2019.08.0-x86_64-linux-ubuntu14/bin/../lib/gcc/riscv64-unknown-elf/8.3.0/../../../../riscv64-unknown-elf/lib/rv32i/ilp32/libc_nano.a(lib_a-lseekr.o)
 .data          0x000000008000303c        0x0 /opt/riscv64-unknown-elf-gcc-8.3.0-2019.08.0-x86_64-linux-ubuntu14/bin/../lib/gcc/riscv64-unknown-elf/8.3.0/../../../../riscv64-unknown-elf/lib/rv32i/ilp32/libc_nano.a(lib_a-nano-svfprintf.o)
 .data          0x000000008000303c        0x0 /opt/riscv64-unknown-elf-gcc-8.3.0-2019.08.0-x86_64-linux-ubuntu14/bin/../lib/gcc/riscv64-unknown-elf/8.3.0/../../../../riscv64-unknown-elf/lib/rv32i/ilp32/libc_nano.a(lib_a-nano-vfprintf_i.o)
 .data          0x000000008000303c        0x0 /opt/riscv64-unknown-elf-gcc-8.3.0-2019.08.0-x86_64-linux-ubuntu14/bin/../lib/gcc/riscv64-unknown-elf/8.3.0/../../../../riscv64-unknown-elf/lib/rv32i/ilp32/libc_nano.a(lib_a-nano-vfprintf.o)
 .data          0x000000008000303c        0x0 /opt/riscv64-unknown-elf-gcc-8.3.0-2019.08.0-x86_64-linux-ubuntu14/bin/../lib/gcc/riscv64-unknown-elf/8.3.0/../../../../riscv64-unknown-elf/lib/rv32i/ilp32/libc_nano.a(lib_a-readr.o)
 .data          0x000000008000303c        0x0 /opt/riscv64-unknown-elf-gcc-8.3.0-2019.08.0-x86_64-linux-ubuntu14/bin/../lib/gcc/riscv64-unknown-elf/8.3.0/../../../../riscv64-unknown-elf/lib/rv32i/ilp32/libc_nano.a(lib_a-reent.o)
 .data          0x000000008000303c        0x0 /opt/riscv64-unknown-elf-gcc-8.3.0-2019.08.0-x86_64-linux-ubuntu14/bin/../lib/gcc/riscv64-unknown-elf/8.3.0/../../../../riscv64-unknown-elf/lib/rv32i/ilp32/libc_nano.a(lib_a-wbuf.o)
 .data          0x000000008000303c        0x0 /opt/riscv64-unknown-elf-gcc-8.3.0-2019.08.0-x86_64-linux-ubuntu14/bin/../lib/gcc/riscv64-unknown-elf/8.3.0/../../../../riscv64-unknown-elf/lib/rv32i/ilp32/libc_nano.a(lib_a-wsetup.o)
 .data          0x000000008000303c        0x0 /opt/riscv64-unknown-elf-gcc-8.3.0-2019.08.0-x86_64-linux-ubuntu14/bin/../lib/gcc/riscv64-unknown-elf/8.3.0/../../../../riscv64-unknown-elf/lib/rv32i/ilp32/libc_nano.a(lib_a-fvwrite.o)
 .data          0x000000008000303c        0x0 /opt/riscv64-unknown-elf-gcc-8.3.0-2019.08.0-x86_64-linux-ubuntu14/bin/../lib/gcc/riscv64-unknown-elf/8.3.0/../../../../riscv64-unknown-elf/lib/rv32i/ilp32/libc_nano.a(lib_a-makebuf.o)
 .data          0x000000008000303c        0x0 /opt/riscv64-unknown-elf-gcc-8.3.0-2019.08.0-x86_64-linux-ubuntu14/bin/../lib/gcc/riscv64-unknown-elf/8.3.0/../../../../riscv64-unknown-elf/lib/rv32i/ilp32/libc_nano.a(lib_a-memchr.o)
 .data          0x000000008000303c        0x0 /opt/riscv64-unknown-elf-gcc-8.3.0-2019.08.0-x86_64-linux-ubuntu14/bin/../lib/gcc/riscv64-unknown-elf/8.3.0/../../../../riscv64-unknown-elf/lib/rv32i/ilp32/libc_nano.a(lib_a-nano-reallocr.o)
 .data          0x000000008000303c        0x0 /opt/riscv64-unknown-elf-gcc-8.3.0-2019.08.0-x86_64-linux-ubuntu14/bin/../lib/gcc/riscv64-unknown-elf/8.3.0/../../../../riscv64-unknown-elf/lib/rv32i/ilp32/libc_nano.a(lib_a-fstatr.o)
 .data          0x000000008000303c        0x0 /opt/riscv64-unknown-elf-gcc-8.3.0-2019.08.0-x86_64-linux-ubuntu14/bin/../lib/gcc/riscv64-unknown-elf/8.3.0/../../../../riscv64-unknown-elf/lib/rv32i/ilp32/libc_nano.a(lib_a-isattyr.o)
 .data          0x000000008000303c        0x0 /opt/riscv64-unknown-elf-gcc-8.3.0-2019.08.0-x86_64-linux-ubuntu14/bin/../lib/gcc/riscv64-unknown-elf/8.3.0/../../../../riscv64-unknown-elf/lib/rv32i/ilp32/libc_nano.a(lib_a-nano-msizer.o)
 .data          0x000000008000303c        0x0 /opt/riscv64-unknown-elf-gcc-8.3.0-2019.08.0-x86_64-linux-ubuntu14/bin/../lib/gcc/riscv64-unknown-elf/8.3.0/rv32i/ilp32/libgcc.a(_bswapsi2.o)
 .data          0x000000008000303c        0x0 /opt/riscv64-unknown-elf-gcc-8.3.0-2019.08.0-x86_64-linux-ubuntu14/bin/../lib/gcc/riscv64-unknown-elf/8.3.0/rv32i/ilp32/libgcc.a(_udivdi3.o)
 .data          0x000000008000303c        0x0 /opt/riscv64-unknown-elf-gcc-8.3.0-2019.08.0-x86_64-linux-ubuntu14/bin/../lib/gcc/riscv64-unknown-elf/8.3.0/rv32i/ilp32/libgcc.a(muldi3.o)
 .data          0x000000008000303c        0x0 /opt/riscv64-unknown-elf-gcc-8.3.0-2019.08.0-x86_64-linux-ubuntu14/bin/../lib/gcc/riscv64-unknown-elf/8.3.0/rv32i/ilp32/libgcc.a(div.o)
 .data          0x000000008000303c        0x0 /opt/riscv64-unknown-elf-gcc-8.3.0-2019.08.0-x86_64-linux-ubuntu14/bin/../lib/gcc/riscv64-unknown-elf/8.3.0/rv32i/ilp32/libgcc.a(_clz.o)
 *(.gnu.linkonce.d.*)
                0x0000000080003040                . = ALIGN (0x8)
 *fill*         0x000000008000303c        0x4 
                0x0000000080003840                PROVIDE (__global_pointer$ = (. + 0x800))
 *(.sdata .sdata.*)
 .sdata         0x0000000080003040        0x4 build/src/modbus.o
                0x0000000080003040                reg_hub_color
 .sdata         0x0000000080003044        0x2 build/./src/lwip/core/udp.o
 *fill*         0x0000000080003046        0x2 
 .sdata         0x0000000080003048        0x4 build/./src/lwip/core/ipv4/dhcp.o
 .sdata._impure_ptr
                0x000000008000304c        0x4 /opt/riscv64-unknown-elf-gcc-8.3.0-2019.08.0-x86_64-linux-ubuntu14/bin/../lib/gcc/riscv64-unknown-elf/8.3.0/../../../../riscv64-unknown-elf/lib/rv32i/ilp32/libc_nano.a(lib_a-impure.o)
                0x000000008000304c                _impure_ptr
 *(.gnu.linkonce.s.*)
                0x0000000080003050                . = ALIGN (0x8)
 *(.srodata.cst16)
 *(.srodata.cst8)
 *(.srodata.cst4)
 *(.srodata.cst2)
 *(.srodata .srodata.*)
 .srodata       0x0000000080003050       0x30 build/./src/lwip/core/memp.o
                0x0000000080003050                memp_PBUF_POOL
                0x0000000080003058                memp_PBUF
                0x0000000080003060                memp_SYS_TIMEOUT
                0x0000000080003068                memp_FRAG_PBUF
                0x0000000080003070                memp_UDP_PCB
                0x0000000080003078                memp_RAW_PCB
 .srodata       0x0000000080003080        0x4 build/./src/lwip/core/timeouts.o
                0x0000000080003080                lwip_num_cyclic_timers
 .srodata       0x0000000080003084        0x8 build/./src/lwip/core/ipv4/ip4_addr.o
                0x0000000080003084                ip_addr_broadcast
                0x0000000080003088                ip_addr_any
 .srodata       0x000000008000308c        0xe build/./src/lwip/netif/ethernet.o
                0x000000008000308c                ethzero
                0x0000000080003094                ethbroadcast

.bss            0x00000000800030a0      0x3e8
                0x00000000800030a0                . = ALIGN (0x4)
                0x00000000800030a0                _bss_start = .
 *(.sbss*)
 .sbss          0x00000000800030a0       0x30 build/src/main.o
                0x00000000800030a0                t2
                0x00000000800030a8                t1
                0x00000000800030b0                deadbeef
                0x00000000800030b4                events_modbus_rtu_poll
                0x00000000800030b8                events_mac_poll
                0x00000000800030bc                uart_config_reset_counter
                0x00000000800030c0                reg_config_write
                0x00000000800030c4                reg_scratch
                0x00000000800030c8                reg_sys_counter
                0x00000000800030cc                reg_irq_counter
 .sbss          0x00000000800030d0        0xc build/src/modbus_rtu.o
                0x00000000800030d0                modbus_rtu_rx_timestamp
                0x00000000800030d8                modbus_rtu_rx_len
 .sbss          0x00000000800030dc       0x14 build/src/mac.o
                0x00000000800030dc                ts_dhcp_coarse
                0x00000000800030e0                ts_dhcp_fine
                0x00000000800030e4                ts_ipreass
                0x00000000800030e8                ts_tcp
                0x00000000800030ec                ts_etharp
 .sbss          0x00000000800030f0        0xc build/src/hub.o
                0x00000000800030f0                hub_frame_height
                0x00000000800030f4                hub_frame_width
                0x00000000800030f8                hub_frame_size
 .sbss          0x00000000800030fc        0x4 build/src/modbus_udp.o
                0x00000000800030fc                modbus_udp_pcb
 .sbss          0x0000000080003100        0x4 build/src/utils.o
                0x0000000080003100                sbrk_heap_end
 .sbss          0x0000000080003104        0xc build/./src/lwip/core/netif.o
                0x0000000080003108                netif_default
                0x000000008000310c                netif_list
 .sbss          0x0000000080003110        0x4 build/./src/lwip/core/raw.o
 .sbss          0x0000000080003114        0x8 build/./src/lwip/core/timeouts.o
 .sbss          0x000000008000311c        0x4 build/./src/lwip/core/udp.o
                0x000000008000311c                udp_pcbs
 .sbss          0x0000000080003120       0x10 build/./src/lwip/core/ipv4/dhcp.o
                0x0000000080003128                dhcp_rx_options_given
 .sbss          0x0000000080003130        0x2 build/./src/lwip/core/ipv4/ip4.o
 *fill*         0x0000000080003132        0x2 
 .sbss.__malloc_free_list
                0x0000000080003134        0x4 /opt/riscv64-unknown-elf-gcc-8.3.0-2019.08.0-x86_64-linux-ubuntu14/bin/../lib/gcc/riscv64-unknown-elf/8.3.0/../../../../riscv64-unknown-elf/lib/rv32i/ilp32/libc_nano.a(lib_a-nano-mallocr.o)
                0x0000000080003134                __malloc_free_list
 .sbss.__malloc_sbrk_start
                0x0000000080003138        0x4 /opt/riscv64-unknown-elf-gcc-8.3.0-2019.08.0-x86_64-linux-ubuntu14/bin/../lib/gcc/riscv64-unknown-elf/8.3.0/../../../../riscv64-unknown-elf/lib/rv32i/ilp32/libc_nano.a(lib_a-nano-mallocr.o)
                0x0000000080003138                __malloc_sbrk_start
 *(.gnu.linkonce.sb.*)
 *(.bss .bss.*)
 .bss           0x000000008000313c        0x0 build/src/crc16.o
 .bss           0x000000008000313c        0x0 build/src/font_6x8.o
 .bss           0x000000008000313c        0x0 build/src/font_12x16.o
 .bss           0x000000008000313c       0x10 build/src/main.o
 .bss           0x000000008000314c       0x80 build/src/modbus_rtu.o
                0x000000008000314c                modbus_rtu_rx_buf
 .bss           0x00000000800031cc       0x20 build/src/config.o
                0x00000000800031cc                active_config
 .bss           0x00000000800031ec        0x0 build/src/eeprom.o
 .bss           0x00000000800031ec        0x0 build/src/modbus.o
 .bss           0x00000000800031ec       0x40 build/src/mac.o
                0x00000000800031ec                default_netif
 .bss           0x000000008000322c        0x0 build/src/hub.o
 .bss           0x000000008000322c        0x0 build/src/modbus_udp.o
 .bss           0x000000008000322c        0x0 build/src/i2c.o
 .bss           0x000000008000322c        0x0 build/src/utils.o
 .bss           0x000000008000322c        0x0 build/src/crt.o
 .bss           0x000000008000322c        0x0 build/./src/lwip/core/init.o
 .bss           0x000000008000322c        0x0 build/./src/lwip/core/def.o
 .bss           0x000000008000322c        0x0 build/./src/lwip/core/dns.o
 .bss           0x000000008000322c        0x0 build/./src/lwip/core/inet_chksum.o
 .bss           0x000000008000322c       0x18 build/./src/lwip/core/ip.o
                0x000000008000322c                ip_data
 .bss           0x0000000080003244        0x0 build/./src/lwip/core/mem.o
 .bss           0x0000000080003244        0x0 build/./src/lwip/core/memp.o
 .bss           0x0000000080003244        0x0 build/./src/lwip/core/netif.o
 .bss           0x0000000080003244        0x0 build/./src/lwip/core/pbuf.o
 .bss           0x0000000080003244        0x0 build/./src/lwip/core/raw.o
 .bss           0x0000000080003244      0x120 build/./src/lwip/core/stats.o
                0x0000000080003244                lwip_stats
 .bss           0x0000000080003364        0x0 build/./src/lwip/core/sys.o
 .bss           0x0000000080003364        0x0 build/./src/lwip/core/altcp.o
 .bss           0x0000000080003364        0x0 build/./src/lwip/core/altcp_alloc.o
 .bss           0x0000000080003364        0x0 build/./src/lwip/core/altcp_tcp.o
 .bss           0x0000000080003364        0x0 build/./src/lwip/core/tcp.o
 .bss           0x0000000080003364        0x0 build/./src/lwip/core/tcp_in.o
 .bss           0x0000000080003364        0x0 build/./src/lwip/core/tcp_out.o
 .bss           0x0000000080003364        0x0 build/./src/lwip/core/timeouts.o
 .bss           0x0000000080003364        0x0 build/./src/lwip/core/udp.o
 .bss           0x0000000080003364        0x0 build/./src/lwip/core/ipv4/autoip.o
 .bss           0x0000000080003364       0x20 build/./src/lwip/core/ipv4/dhcp.o
                0x0000000080003364                dhcp_rx_options_val
 .bss           0x0000000080003384       0xf0 build/./src/lwip/core/ipv4/etharp.o
 .bss           0x0000000080003474        0x0 build/./src/lwip/core/ipv4/icmp.o
 .bss           0x0000000080003474        0x0 build/./src/lwip/core/ipv4/igmp.o
 .bss           0x0000000080003474        0x0 build/./src/lwip/core/ipv4/ip4_frag.o
 .bss           0x0000000080003474        0x0 build/./src/lwip/core/ipv4/ip4.o
 .bss           0x0000000080003474       0x10 build/./src/lwip/core/ipv4/ip4_addr.o
 .bss           0x0000000080003484        0x0 build/./src/lwip/netif/ethernet.o
 .bss           0x0000000080003484        0x0 /opt/riscv64-unknown-elf-gcc-8.3.0-2019.08.0-x86_64-linux-ubuntu14/bin/../lib/gcc/riscv64-unknown-elf/8.3.0/../../../../riscv64-unknown-elf/lib/rv32i/ilp32/libc_nano.a(lib_a-atoi.o)
 .bss           0x0000000080003484        0x0 /opt/riscv64-unknown-elf-gcc-8.3.0-2019.08.0-x86_64-linux-ubuntu14/bin/../lib/gcc/riscv64-unknown-elf/8.3.0/../../../../riscv64-unknown-elf/lib/rv32i/ilp32/libc_nano.a(lib_a-calloc.o)
 .bss           0x0000000080003484        0x0 /opt/riscv64-unknown-elf-gcc-8.3.0-2019.08.0-x86_64-linux-ubuntu14/bin/../lib/gcc/riscv64-unknown-elf/8.3.0/../../../../riscv64-unknown-elf/lib/rv32i/ilp32/libc_nano.a(lib_a-ctype_.o)
 .bss           0x0000000080003484        0x0 /opt/riscv64-unknown-elf-gcc-8.3.0-2019.08.0-x86_64-linux-ubuntu14/bin/../lib/gcc/riscv64-unknown-elf/8.3.0/../../../../riscv64-unknown-elf/lib/rv32i/ilp32/libc_nano.a(lib_a-fflush.o)
 .bss           0x0000000080003484        0x0 /opt/riscv64-unknown-elf-gcc-8.3.0-2019.08.0-x86_64-linux-ubuntu14/bin/../lib/gcc/riscv64-unknown-elf/8.3.0/../../../../riscv64-unknown-elf/lib/rv32i/ilp32/libc_nano.a(lib_a-findfp.o)
 .bss           0x0000000080003484        0x0 /opt/riscv64-unknown-elf-gcc-8.3.0-2019.08.0-x86_64-linux-ubuntu14/bin/../lib/gcc/riscv64-unknown-elf/8.3.0/../../../../riscv64-unknown-elf/lib/rv32i/ilp32/libc_nano.a(lib_a-fwalk.o)
 .bss           0x0000000080003484        0x0 /opt/riscv64-unknown-elf-gcc-8.3.0-2019.08.0-x86_64-linux-ubuntu14/bin/../lib/gcc/riscv64-unknown-elf/8.3.0/../../../../riscv64-unknown-elf/lib/rv32i/ilp32/libc_nano.a(lib_a-impure.o)
 .bss           0x0000000080003484        0x0 /opt/riscv64-unknown-elf-gcc-8.3.0-2019.08.0-x86_64-linux-ubuntu14/bin/../lib/gcc/riscv64-unknown-elf/8.3.0/../../../../riscv64-unknown-elf/lib/rv32i/ilp32/libc_nano.a(lib_a-malloc.o)
 .bss           0x0000000080003484        0x0 /opt/riscv64-unknown-elf-gcc-8.3.0-2019.08.0-x86_64-linux-ubuntu14/bin/../lib/gcc/riscv64-unknown-elf/8.3.0/../../../../riscv64-unknown-elf/lib/rv32i/ilp32/libc_nano.a(lib_a-memcmp.o)
 .bss           0x0000000080003484        0x0 /opt/riscv64-unknown-elf-gcc-8.3.0-2019.08.0-x86_64-linux-ubuntu14/bin/../lib/gcc/riscv64-unknown-elf/8.3.0/../../../../riscv64-unknown-elf/lib/rv32i/ilp32/libc_nano.a(lib_a-memcpy.o)
 .bss           0x0000000080003484        0x0 /opt/riscv64-unknown-elf-gcc-8.3.0-2019.08.0-x86_64-linux-ubuntu14/bin/../lib/gcc/riscv64-unknown-elf/8.3.0/../../../../riscv64-unknown-elf/lib/rv32i/ilp32/libc_nano.a(lib_a-memmove-stub.o)
 .bss           0x0000000080003484        0x0 /opt/riscv64-unknown-elf-gcc-8.3.0-2019.08.0-x86_64-linux-ubuntu14/bin/../lib/gcc/riscv64-unknown-elf/8.3.0/../../../../riscv64-unknown-elf/lib/rv32i/ilp32/libc_nano.a(lib_a-memset.o)
 .bss           0x0000000080003484        0x0 /opt/riscv64-unknown-elf-gcc-8.3.0-2019.08.0-x86_64-linux-ubuntu14/bin/../lib/gcc/riscv64-unknown-elf/8.3.0/../../../../riscv64-unknown-elf/lib/rv32i/ilp32/libc_nano.a(lib_a-nano-callocr.o)
 .bss           0x0000000080003484        0x0 /opt/riscv64-unknown-elf-gcc-8.3.0-2019.08.0-x86_64-linux-ubuntu14/bin/../lib/gcc/riscv64-unknown-elf/8.3.0/../../../../riscv64-unknown-elf/lib/rv32i/ilp32/libc_nano.a(lib_a-nano-freer.o)
 .bss           0x0000000080003484        0x0 /opt/riscv64-unknown-elf-gcc-8.3.0-2019.08.0-x86_64-linux-ubuntu14/bin/../lib/gcc/riscv64-unknown-elf/8.3.0/../../../../riscv64-unknown-elf/lib/rv32i/ilp32/libc_nano.a(lib_a-nano-mallocr.o)
 .bss           0x0000000080003484        0x0 /opt/riscv64-unknown-elf-gcc-8.3.0-2019.08.0-x86_64-linux-ubuntu14/bin/../lib/gcc/riscv64-unknown-elf/8.3.0/../../../../riscv64-unknown-elf/lib/rv32i/ilp32/libc_nano.a(lib_a-printf.o)
 .bss           0x0000000080003484        0x0 /opt/riscv64-unknown-elf-gcc-8.3.0-2019.08.0-x86_64-linux-ubuntu14/bin/../lib/gcc/riscv64-unknown-elf/8.3.0/../../../../riscv64-unknown-elf/lib/rv32i/ilp32/libc_nano.a(lib_a-sbrkr.o)
 .bss           0x0000000080003484        0x0 /opt/riscv64-unknown-elf-gcc-8.3.0-2019.08.0-x86_64-linux-ubuntu14/bin/../lib/gcc/riscv64-unknown-elf/8.3.0/../../../../riscv64-unknown-elf/lib/rv32i/ilp32/libc_nano.a(lib_a-snprintf.o)
 .bss           0x0000000080003484        0x0 /opt/riscv64-unknown-elf-gcc-8.3.0-2019.08.0-x86_64-linux-ubuntu14/bin/../lib/gcc/riscv64-unknown-elf/8.3.0/../../../../riscv64-unknown-elf/lib/rv32i/ilp32/libc_nano.a(lib_a-sprintf.o)
 .bss           0x0000000080003484        0x0 /opt/riscv64-unknown-elf-gcc-8.3.0-2019.08.0-x86_64-linux-ubuntu14/bin/../lib/gcc/riscv64-unknown-elf/8.3.0/../../../../riscv64-unknown-elf/lib/rv32i/ilp32/libc_nano.a(lib_a-stdio.o)
 .bss           0x0000000080003484        0x0 /opt/riscv64-unknown-elf-gcc-8.3.0-2019.08.0-x86_64-linux-ubuntu14/bin/../lib/gcc/riscv64-unknown-elf/8.3.0/../../../../riscv64-unknown-elf/lib/rv32i/ilp32/libc_nano.a(lib_a-strlen.o)
 .bss           0x0000000080003484        0x0 /opt/riscv64-unknown-elf-gcc-8.3.0-2019.08.0-x86_64-linux-ubuntu14/bin/../lib/gcc/riscv64-unknown-elf/8.3.0/../../../../riscv64-unknown-elf/lib/rv32i/ilp32/libc_nano.a(lib_a-strncmp.o)
 .bss           0x0000000080003484        0x0 /opt/riscv64-unknown-elf-gcc-8.3.0-2019.08.0-x86_64-linux-ubuntu14/bin/../lib/gcc/riscv64-unknown-elf/8.3.0/../../../../riscv64-unknown-elf/lib/rv32i/ilp32/libc_nano.a(lib_a-strtol.o)
 .bss           0x0000000080003484        0x0 /opt/riscv64-unknown-elf-gcc-8.3.0-2019.08.0-x86_64-linux-ubuntu14/bin/../lib/gcc/riscv64-unknown-elf/8.3.0/../../../../riscv64-unknown-elf/lib/rv32i/ilp32/libc_nano.a(lib_a-writer.o)
 .bss           0x0000000080003484        0x0 /opt/riscv64-unknown-elf-gcc-8.3.0-2019.08.0-x86_64-linux-ubuntu14/bin/../lib/gcc/riscv64-unknown-elf/8.3.0/../../../../riscv64-unknown-elf/lib/rv32i/ilp32/libc_nano.a(lib_a-closer.o)
 .bss           0x0000000080003484        0x0 /opt/riscv64-unknown-elf-gcc-8.3.0-2019.08.0-x86_64-linux-ubuntu14/bin/../lib/gcc/riscv64-unknown-elf/8.3.0/../../../../riscv64-unknown-elf/lib/rv32i/ilp32/libc_nano.a(lib_a-lseekr.o)
 .bss           0x0000000080003484        0x0 /opt/riscv64-unknown-elf-gcc-8.3.0-2019.08.0-x86_64-linux-ubuntu14/bin/../lib/gcc/riscv64-unknown-elf/8.3.0/../../../../riscv64-unknown-elf/lib/rv32i/ilp32/libc_nano.a(lib_a-nano-svfprintf.o)
 .bss           0x0000000080003484        0x0 /opt/riscv64-unknown-elf-gcc-8.3.0-2019.08.0-x86_64-linux-ubuntu14/bin/../lib/gcc/riscv64-unknown-elf/8.3.0/../../../../riscv64-unknown-elf/lib/rv32i/ilp32/libc_nano.a(lib_a-nano-vfprintf_i.o)
 .bss           0x0000000080003484        0x0 /opt/riscv64-unknown-elf-gcc-8.3.0-2019.08.0-x86_64-linux-ubuntu14/bin/../lib/gcc/riscv64-unknown-elf/8.3.0/../../../../riscv64-unknown-elf/lib/rv32i/ilp32/libc_nano.a(lib_a-nano-vfprintf.o)
 .bss           0x0000000080003484        0x0 /opt/riscv64-unknown-elf-gcc-8.3.0-2019.08.0-x86_64-linux-ubuntu14/bin/../lib/gcc/riscv64-unknown-elf/8.3.0/../../../../riscv64-unknown-elf/lib/rv32i/ilp32/libc_nano.a(lib_a-readr.o)
 .bss           0x0000000080003484        0x0 /opt/riscv64-unknown-elf-gcc-8.3.0-2019.08.0-x86_64-linux-ubuntu14/bin/../lib/gcc/riscv64-unknown-elf/8.3.0/../../../../riscv64-unknown-elf/lib/rv32i/ilp32/libc_nano.a(lib_a-reent.o)
 .bss           0x0000000080003484        0x0 /opt/riscv64-unknown-elf-gcc-8.3.0-2019.08.0-x86_64-linux-ubuntu14/bin/../lib/gcc/riscv64-unknown-elf/8.3.0/../../../../riscv64-unknown-elf/lib/rv32i/ilp32/libc_nano.a(lib_a-wbuf.o)
 .bss           0x0000000080003484        0x0 /opt/riscv64-unknown-elf-gcc-8.3.0-2019.08.0-x86_64-linux-ubuntu14/bin/../lib/gcc/riscv64-unknown-elf/8.3.0/../../../../riscv64-unknown-elf/lib/rv32i/ilp32/libc_nano.a(lib_a-wsetup.o)
 .bss           0x0000000080003484        0x0 /opt/riscv64-unknown-elf-gcc-8.3.0-2019.08.0-x86_64-linux-ubuntu14/bin/../lib/gcc/riscv64-unknown-elf/8.3.0/../../../../riscv64-unknown-elf/lib/rv32i/ilp32/libc_nano.a(lib_a-fvwrite.o)
 .bss           0x0000000080003484        0x0 /opt/riscv64-unknown-elf-gcc-8.3.0-2019.08.0-x86_64-linux-ubuntu14/bin/../lib/gcc/riscv64-unknown-elf/8.3.0/../../../../riscv64-unknown-elf/lib/rv32i/ilp32/libc_nano.a(lib_a-makebuf.o)
 .bss           0x0000000080003484        0x0 /opt/riscv64-unknown-elf-gcc-8.3.0-2019.08.0-x86_64-linux-ubuntu14/bin/../lib/gcc/riscv64-unknown-elf/8.3.0/../../../../riscv64-unknown-elf/lib/rv32i/ilp32/libc_nano.a(lib_a-memchr.o)
 .bss           0x0000000080003484        0x0 /opt/riscv64-unknown-elf-gcc-8.3.0-2019.08.0-x86_64-linux-ubuntu14/bin/../lib/gcc/riscv64-unknown-elf/8.3.0/../../../../riscv64-unknown-elf/lib/rv32i/ilp32/libc_nano.a(lib_a-nano-reallocr.o)
 .bss           0x0000000080003484        0x0 /opt/riscv64-unknown-elf-gcc-8.3.0-2019.08.0-x86_64-linux-ubuntu14/bin/../lib/gcc/riscv64-unknown-elf/8.3.0/../../../../riscv64-unknown-elf/lib/rv32i/ilp32/libc_nano.a(lib_a-fstatr.o)
 .bss           0x0000000080003484        0x0 /opt/riscv64-unknown-elf-gcc-8.3.0-2019.08.0-x86_64-linux-ubuntu14/bin/../lib/gcc/riscv64-unknown-elf/8.3.0/../../../../riscv64-unknown-elf/lib/rv32i/ilp32/libc_nano.a(lib_a-isattyr.o)
 .bss           0x0000000080003484        0x0 /opt/riscv64-unknown-elf-gcc-8.3.0-2019.08.0-x86_64-linux-ubuntu14/bin/../lib/gcc/riscv64-unknown-elf/8.3.0/../../../../riscv64-unknown-elf/lib/rv32i/ilp32/libc_nano.a(lib_a-nano-msizer.o)
 .bss           0x0000000080003484        0x0 /opt/riscv64-unknown-elf-gcc-8.3.0-2019.08.0-x86_64-linux-ubuntu14/bin/../lib/gcc/riscv64-unknown-elf/8.3.0/rv32i/ilp32/libgcc.a(_bswapsi2.o)
 .bss           0x0000000080003484        0x0 /opt/riscv64-unknown-elf-gcc-8.3.0-2019.08.0-x86_64-linux-ubuntu14/bin/../lib/gcc/riscv64-unknown-elf/8.3.0/rv32i/ilp32/libgcc.a(_udivdi3.o)
 .bss           0x0000000080003484        0x0 /opt/riscv64-unknown-elf-gcc-8.3.0-2019.08.0-x86_64-linux-ubuntu14/bin/../lib/gcc/riscv64-unknown-elf/8.3.0/rv32i/ilp32/libgcc.a(muldi3.o)
 .bss           0x0000000080003484        0x0 /opt/riscv64-unknown-elf-gcc-8.3.0-2019.08.0-x86_64-linux-ubuntu14/bin/../lib/gcc/riscv64-unknown-elf/8.3.0/rv32i/ilp32/libgcc.a(div.o)
 .bss           0x0000000080003484        0x0 /opt/riscv64-unknown-elf-gcc-8.3.0-2019.08.0-x86_64-linux-ubuntu14/bin/../lib/gcc/riscv64-unknown-elf/8.3.0/rv32i/ilp32/libgcc.a(_clz.o)
 *(.gnu.linkonce.b.*)
 *(COMMON)
 COMMON         0x0000000080003484        0x4 /opt/riscv64-unknown-elf-gcc-8.3.0-2019.08.0-x86_64-linux-ubuntu14/bin/../lib/gcc/riscv64-unknown-elf/8.3.0/../../../../riscv64-unknown-elf/lib/rv32i/ilp32/libc_nano.a(lib_a-reent.o)
                0x0000000080003484                errno
                0x0000000080003488                . = ALIGN (0x4)
                0x0000000080003488                _bss_end = .

.rodata
 *(.rdata)
 *(.rodata .rodata.*)
 *(.gnu.linkonce.r.*)

.sdata2._global_impure_ptr
                0x0000000080003488        0x4
 .sdata2._global_impure_ptr
                0x0000000080003488        0x4 /opt/riscv64-unknown-elf-gcc-8.3.0-2019.08.0-x86_64-linux-ubuntu14/bin/../lib/gcc/riscv64-unknown-elf/8.3.0/../../../../riscv64-unknown-elf/lib/rv32i/ilp32/libc_nano.a(lib_a-impure.o)
                0x0000000080003488                _global_impure_ptr

.eh_frame       0x000000008000348c       0x60
 .eh_frame      0x000000008000348c       0x60 /opt/riscv64-unknown-elf-gcc-8.3.0-2019.08.0-x86_64-linux-ubuntu14/bin/../lib/gcc/riscv64-unknown-elf/8.3.0/rv32i/ilp32/libgcc.a(_udivdi3.o)

.noinit         0x00000000800034ec        0x0
                0x00000000800034ec                . = ALIGN (0x4)
 *(.noinit .noinit.*)
                0x00000000800034ec                . = ALIGN (0x4)

.memory         0x00000000800034ec     0x9f4c
 *(.text)
 .text          0x00000000800034ec       0x98 build/src/crc16.o
                0x00000000800034ec                crc16
                0x0000000080003544                add_crc
 .text          0x0000000080003584        0x0 build/src/font_6x8.o
 .text          0x0000000080003584        0x0 build/src/font_12x16.o
 .text          0x0000000080003584      0x4ec build/src/main.o
                0x0000000080003584                println
                0x00000000800035a4                to_hex_nibble
                0x00000000800035c0                to_hex
                0x000000008000362c                process_and_wait
                0x00000000800036c4                sram_test_write_shorts
                0x00000000800037ac                sram_test_write_random_ints
                0x0000000080003878                timerInterrupt
                0x000000008000387c                externalInterrupt
                0x00000000800039ec                crash
                0x0000000080003a30                irqCallback
 .text          0x0000000080003a70      0x250 build/src/modbus_rtu.o
                0x0000000080003a70                modbus_rtu_init
                0x0000000080003af4                modbus_rtu_poll
                0x0000000080003bd8                modbus_rtu_isr
 .text          0x0000000080003cc0      0x1e8 build/src/config.o
                0x0000000080003cc0                config_load
                0x0000000080003d98                config_save
 .text          0x0000000080003ea8      0x5a4 build/src/eeprom.o
                0x0000000080003ea8                eeprom_write_page
                0x0000000080004078                eeprom_poll
                0x00000000800040fc                eeprom_read_page
                0x0000000080004328                eeprom_probe
 .text          0x000000008000444c      0x8e4 build/src/modbus.o
                0x000000008000444c                modbus_error
                0x00000000800044bc                modbus_store_reg
                0x0000000080004894                modbus_recv
 .text          0x0000000080004d30      0x664 build/src/mac.o
                0x0000000080004d30                mac_init
                0x0000000080004de4                mac_tx_packet
                0x0000000080004f00                sys_now
                0x0000000080004f2c                sys_arch_protect
                0x0000000080004f30                sys_arch_unprotect
                0x0000000080004f34                mac_lwip_init
                0x0000000080004fd8                mac_rx_isr
                0x00000000800052a8                mac_poll
                0x0000000080005350                mac_print_stats
 .text          0x0000000080005394      0x510 build/src/hub.o
                0x0000000080005394                hub_init
                0x00000000800054e4                hub_print_char
                0x00000000800057c0                hub_print
 .text          0x00000000800058a4      0x2d0 build/src/modbus_udp.o
                0x00000000800058a4                modbus_udp_init
                0x000000008000593c                modbus_udp_send
                0x0000000080005ac0                modbus_udp_recv
 .text          0x0000000080005b74       0x64 build/src/i2c.o
                0x0000000080005b74                i2c_init
                0x0000000080005b80                i2c_wait_for_busy
                0x0000000080005bac                i2c_wait_for_release
 .text          0x0000000080005bd8      0x1f4 build/src/utils.o
                0x0000000080005bd8                __malloc_lock
                0x0000000080005bdc                __malloc_unlock
                0x0000000080005be0                init_sbrk
                0x0000000080005bf0                delay
                0x0000000080005c08                delay_us
                0x0000000080005c38                print_uart0
                0x0000000080005c64                _sbrk
                0x0000000080005cd8                print_uart1
                0x0000000080005d04                _write
                0x0000000080005d38                _read
                0x0000000080005d40                _close
                0x0000000080005d48                _lseek
                0x0000000080005d50                _isatty
                0x0000000080005d58                _fstat
                0x0000000080005d68                _kill
                0x0000000080005d6c                _getpid
                0x0000000080005d74                hard_reboot
                0x0000000080005da8                memcpy_rev
 .text          0x0000000080005dcc       0x28 build/./src/lwip/core/init.o
                0x0000000080005dcc                lwip_init
 .text          0x0000000080005df4      0x270 build/./src/lwip/core/def.o
                0x0000000080005df4                lwip_htons
                0x0000000080005e0c                lwip_htonl
                0x0000000080005e40                lwip_strnstr
                0x0000000080005ed0                lwip_stricmp
                0x0000000080005f14                lwip_strnicmp
                0x0000000080005f68                lwip_itoa
 .text          0x0000000080006064        0x0 build/./src/lwip/core/dns.o
 .text          0x0000000080006064      0x468 build/./src/lwip/core/inet_chksum.o
                0x0000000080006064                lwip_standard_chksum
                0x0000000080006104                inet_chksum_pseudo
                0x0000000080006254                ip_chksum_pseudo
                0x0000000080006258                inet_chksum_pseudo_partial
                0x00000000800063e4                ip_chksum_pseudo_partial
                0x00000000800063e8                inet_chksum
                0x000000008000640c                inet_chksum_pbuf
 .text          0x00000000800064cc        0x0 build/./src/lwip/core/ip.o
 .text          0x00000000800064cc      0x164 build/./src/lwip/core/mem.o
                0x00000000800064cc                mem_overflow_check_raw
                0x00000000800065a4                mem_overflow_init_raw
                0x00000000800065ec                mem_init
                0x00000000800065f0                mem_trim
                0x00000000800065f4                lwip_malloc
                0x0000000080006628                lwip_free
                0x000000008000662c                lwip_calloc
 .text          0x0000000080006630      0x15c build/./src/lwip/core/memp.o
                0x0000000080006718                memp_init_pool
                0x000000008000671c                memp_init
                0x0000000080006720                memp_malloc_pool_fn
                0x000000008000672c                memp_malloc_fn
                0x0000000080006754                memp_free_pool
                0x0000000080006764                memp_free
 .text          0x000000008000678c      0x674 build/./src/lwip/core/netif.o
                0x000000008000685c                netif_init
                0x0000000080006860                netif_input
                0x0000000080006874                netif_set_ipaddr
                0x00000000800068a0                netif_set_netmask
                0x00000000800068c0                netif_set_gw
                0x00000000800068e0                netif_set_addr
                0x0000000080006990                netif_add
                0x0000000080006aac                netif_add_noaddr
                0x0000000080006ac8                netif_set_default
                0x0000000080006ad0                netif_set_up
                0x0000000080006b30                netif_set_down
                0x0000000080006b94                netif_remove
                0x0000000080006c34                netif_set_status_callback
                0x0000000080006c40                netif_set_link_up
                0x0000000080006ca8                netif_set_link_down
                0x0000000080006cd0                netif_set_link_callback
                0x0000000080006cdc                netif_get_by_index
                0x0000000080006d0c                netif_index_to_name
                0x0000000080006d64                netif_find
                0x0000000080006dd0                netif_name_to_index
 .text          0x0000000080006e00      0xe0c build/./src/lwip/core/pbuf.o
                0x0000000080006ebc                pbuf_alloc_reference
                0x0000000080006f2c                pbuf_alloced_custom
                0x0000000080006f80                pbuf_add_header
                0x0000000080006f88                pbuf_add_header_force
                0x0000000080006f90                pbuf_remove_header
                0x0000000080006ff0                pbuf_header
                0x0000000080007004                pbuf_header_force
                0x0000000080007018                pbuf_free
                0x00000000800070ec                pbuf_alloc
                0x00000000800072bc                pbuf_realloc
                0x000000008000736c                pbuf_free_header
                0x00000000800073dc                pbuf_clen
                0x0000000080007400                pbuf_ref
                0x0000000080007438                pbuf_cat
                0x0000000080007470                pbuf_chain
                0x0000000080007498                pbuf_dechain
                0x00000000800074ec                pbuf_copy
                0x00000000800075fc                pbuf_copy_partial
                0x00000000800076d4                pbuf_get_contiguous
                0x0000000080007754                pbuf_skip
                0x0000000080007758                pbuf_take
                0x00000000800077f8                pbuf_take_at
                0x00000000800078b0                pbuf_clone
                0x00000000800078f8                pbuf_coalesce
                0x0000000080007954                pbuf_try_get_at
                0x0000000080007998                pbuf_get_at
                0x00000000800079bc                pbuf_put_at
                0x0000000080007a00                pbuf_memcmp
                0x0000000080007adc                pbuf_memfind
                0x0000000080007b78                pbuf_strstr
 .text          0x0000000080007c0c      0x508 build/./src/lwip/core/raw.o
                0x0000000080007c0c                raw_input
                0x0000000080007d4c                raw_bind
                0x0000000080007d6c                raw_bind_netif
                0x0000000080007d88                raw_connect
                0x0000000080007db8                raw_disconnect
                0x0000000080007dd0                raw_recv
                0x0000000080007ddc                raw_sendto_if_src
                0x0000000080007f6c                raw_sendto
                0x000000008000801c                raw_send
                0x0000000080008024                raw_remove
                0x0000000080008060                raw_new
                0x00000000800080cc                raw_new_ip_type
                0x00000000800080d4                raw_netif_ip_addr_changed
 .text          0x0000000080008114        0x4 build/./src/lwip/core/stats.o
                0x0000000080008114                stats_init
 .text          0x0000000080008118        0x0 build/./src/lwip/core/sys.o
 .text          0x0000000080008118        0x0 build/./src/lwip/core/altcp.o
 .text          0x0000000080008118        0x0 build/./src/lwip/core/altcp_alloc.o
 .text          0x0000000080008118        0x0 build/./src/lwip/core/altcp_tcp.o
 .text          0x0000000080008118        0x0 build/./src/lwip/core/tcp.o
 .text          0x0000000080008118        0x0 build/./src/lwip/core/tcp_in.o
 .text          0x0000000080008118        0x0 build/./src/lwip/core/tcp_out.o
 .text          0x0000000080008118      0x2e4 build/./src/lwip/core/timeouts.o
                0x0000000080008208                sys_timeout
                0x0000000080008240                sys_timeouts_init
                0x00000000800082a0                sys_untimeout
                0x00000000800082f0                sys_check_timeouts
                0x0000000080008374                sys_restart_timeouts
                0x00000000800083bc                sys_timeouts_sleeptime
 .text          0x00000000800083fc      0x8ac build/./src/lwip/core/udp.o
                0x00000000800083fc                udp_init
                0x0000000080008400                udp_input
                0x00000000800086d4                udp_bind
                0x00000000800087c4                udp_sendto_if_src
                0x00000000800089b8                udp_sendto_if
                0x0000000080008a04                udp_sendto
                0x0000000080008abc                udp_send
                0x0000000080008ad8                udp_bind_netif
                0x0000000080008af4                udp_connect
                0x0000000080008ba0                udp_disconnect
                0x0000000080008bc0                udp_recv
                0x0000000080008bd0                udp_remove
                0x0000000080008c14                udp_new
                0x0000000080008c64                udp_new_ip_type
                0x0000000080008c68                udp_netif_ip_addr_changed
 .text          0x0000000080008ca8        0x0 build/./src/lwip/core/ipv4/autoip.o
 .text          0x0000000080008ca8     0x1d24 build/./src/lwip/core/ipv4/dhcp.o
                0x0000000080009ec8                dhcp_set_struct
                0x0000000080009f00                dhcp_cleanup
                0x0000000080009f38                dhcp_inform
                0x000000008000a030                dhcp_network_changed
                0x000000008000a06c                dhcp_arp_reply
                0x000000008000a1a4                dhcp_renew
                0x000000008000a360                dhcp_supplied_address
                0x000000008000a398                dhcp_release_and_stop
                0x000000008000a4f4                dhcp_start
                0x000000008000a5d8                dhcp_coarse_tmr
                0x000000008000a89c                dhcp_fine_tmr
                0x000000008000a9ac                dhcp_release
                0x000000008000a9c8                dhcp_stop
 .text          0x000000008000a9cc      0xc34 build/./src/lwip/core/ipv4/etharp.o
                0x000000008000ad2c                etharp_cleanup_netif
                0x000000008000ad94                etharp_find_addr
                0x000000008000ae14                etharp_get_entry
                0x000000008000ae70                etharp_input
                0x000000008000b0a4                etharp_request
                0x000000008000b0c4                etharp_tmr
                0x000000008000b278                etharp_query
                0x000000008000b45c                etharp_output
 .text          0x000000008000b600      0x44c build/./src/lwip/core/ipv4/icmp.o
                0x000000008000b600                icmp_input
                0x000000008000b924                icmp_dest_unreach
 .text          0x000000008000ba4c        0x0 build/./src/lwip/core/ipv4/igmp.o
 .text          0x000000008000ba4c      0x360 build/./src/lwip/core/ipv4/ip4_frag.o
                0x000000008000ba84                ip4_frag
 .text          0x000000008000bdac      0x818 build/./src/lwip/core/ipv4/ip4.o
                0x000000008000be00                ip4_route
                0x000000008000bea0                ip4_input
                0x000000008000c254                ip4_output_if_src
                0x000000008000c498                ip4_output_if
                0x000000008000c4b0                ip4_output
                0x000000008000c530                ip4_output_hinted
 .text          0x000000008000c5c4      0x47c build/./src/lwip/core/ipv4/ip4_addr.o
                0x000000008000c5c4                ip4_addr_isbroadcast_u32
                0x000000008000c618                ip4_addr_netmask_valid
                0x000000008000c66c                ip4addr_aton
                0x000000008000c8bc                ipaddr_addr
                0x000000008000c8e8                ip4addr_ntoa_r
                0x000000008000ca34                ip4addr_ntoa
 .text          0x000000008000ca40      0x23c build/./src/lwip/netif/ethernet.o
                0x000000008000ca40                ethernet_input
                0x000000008000cba0                ethernet_output
 .text          0x000000008000cc7c        0x0 /opt/riscv64-unknown-elf-gcc-8.3.0-2019.08.0-x86_64-linux-ubuntu14/bin/../lib/gcc/riscv64-unknown-elf/8.3.0/../../../../riscv64-unknown-elf/lib/rv32i/ilp32/libc_nano.a(lib_a-atoi.o)
 .text          0x000000008000cc7c        0x0 /opt/riscv64-unknown-elf-gcc-8.3.0-2019.08.0-x86_64-linux-ubuntu14/bin/../lib/gcc/riscv64-unknown-elf/8.3.0/../../../../riscv64-unknown-elf/lib/rv32i/ilp32/libc_nano.a(lib_a-calloc.o)
 .text          0x000000008000cc7c        0x0 /opt/riscv64-unknown-elf-gcc-8.3.0-2019.08.0-x86_64-linux-ubuntu14/bin/../lib/gcc/riscv64-unknown-elf/8.3.0/../../../../riscv64-unknown-elf/lib/rv32i/ilp32/libc_nano.a(lib_a-ctype_.o)
 .text          0x000000008000cc7c        0x0 /opt/riscv64-unknown-elf-gcc-8.3.0-2019.08.0-x86_64-linux-ubuntu14/bin/../lib/gcc/riscv64-unknown-elf/8.3.0/../../../../riscv64-unknown-elf/lib/rv32i/ilp32/libc_nano.a(lib_a-fflush.o)
 .text          0x000000008000cc7c        0x0 /opt/riscv64-unknown-elf-gcc-8.3.0-2019.08.0-x86_64-linux-ubuntu14/bin/../lib/gcc/riscv64-unknown-elf/8.3.0/../../../../riscv64-unknown-elf/lib/rv32i/ilp32/libc_nano.a(lib_a-findfp.o)
 .text          0x000000008000cc7c        0x0 /opt/riscv64-unknown-elf-gcc-8.3.0-2019.08.0-x86_64-linux-ubuntu14/bin/../lib/gcc/riscv64-unknown-elf/8.3.0/../../../../riscv64-unknown-elf/lib/rv32i/ilp32/libc_nano.a(lib_a-fwalk.o)
 .text          0x000000008000cc7c        0x0 /opt/riscv64-unknown-elf-gcc-8.3.0-2019.08.0-x86_64-linux-ubuntu14/bin/../lib/gcc/riscv64-unknown-elf/8.3.0/../../../../riscv64-unknown-elf/lib/rv32i/ilp32/libc_nano.a(lib_a-impure.o)
 .text          0x000000008000cc7c        0x0 /opt/riscv64-unknown-elf-gcc-8.3.0-2019.08.0-x86_64-linux-ubuntu14/bin/../lib/gcc/riscv64-unknown-elf/8.3.0/../../../../riscv64-unknown-elf/lib/rv32i/ilp32/libc_nano.a(lib_a-malloc.o)
 .text          0x000000008000cc7c        0x0 /opt/riscv64-unknown-elf-gcc-8.3.0-2019.08.0-x86_64-linux-ubuntu14/bin/../lib/gcc/riscv64-unknown-elf/8.3.0/../../../../riscv64-unknown-elf/lib/rv32i/ilp32/libc_nano.a(lib_a-memcmp.o)
 .text          0x000000008000cc7c        0x0 /opt/riscv64-unknown-elf-gcc-8.3.0-2019.08.0-x86_64-linux-ubuntu14/bin/../lib/gcc/riscv64-unknown-elf/8.3.0/../../../../riscv64-unknown-elf/lib/rv32i/ilp32/libc_nano.a(lib_a-memcpy.o)
 .text          0x000000008000cc7c        0x0 /opt/riscv64-unknown-elf-gcc-8.3.0-2019.08.0-x86_64-linux-ubuntu14/bin/../lib/gcc/riscv64-unknown-elf/8.3.0/../../../../riscv64-unknown-elf/lib/rv32i/ilp32/libc_nano.a(lib_a-memmove-stub.o)
 .text          0x000000008000cc7c       0xdc /opt/riscv64-unknown-elf-gcc-8.3.0-2019.08.0-x86_64-linux-ubuntu14/bin/../lib/gcc/riscv64-unknown-elf/8.3.0/../../../../riscv64-unknown-elf/lib/rv32i/ilp32/libc_nano.a(lib_a-memset.o)
                0x000000008000cc7c                memset
 .text          0x000000008000cd58        0x0 /opt/riscv64-unknown-elf-gcc-8.3.0-2019.08.0-x86_64-linux-ubuntu14/bin/../lib/gcc/riscv64-unknown-elf/8.3.0/../../../../riscv64-unknown-elf/lib/rv32i/ilp32/libc_nano.a(lib_a-nano-callocr.o)
 .text          0x000000008000cd58        0x0 /opt/riscv64-unknown-elf-gcc-8.3.0-2019.08.0-x86_64-linux-ubuntu14/bin/../lib/gcc/riscv64-unknown-elf/8.3.0/../../../../riscv64-unknown-elf/lib/rv32i/ilp32/libc_nano.a(lib_a-nano-freer.o)
 .text          0x000000008000cd58        0x0 /opt/riscv64-unknown-elf-gcc-8.3.0-2019.08.0-x86_64-linux-ubuntu14/bin/../lib/gcc/riscv64-unknown-elf/8.3.0/../../../../riscv64-unknown-elf/lib/rv32i/ilp32/libc_nano.a(lib_a-nano-mallocr.o)
 .text          0x000000008000cd58        0x0 /opt/riscv64-unknown-elf-gcc-8.3.0-2019.08.0-x86_64-linux-ubuntu14/bin/../lib/gcc/riscv64-unknown-elf/8.3.0/../../../../riscv64-unknown-elf/lib/rv32i/ilp32/libc_nano.a(lib_a-printf.o)
 .text          0x000000008000cd58        0x0 /opt/riscv64-unknown-elf-gcc-8.3.0-2019.08.0-x86_64-linux-ubuntu14/bin/../lib/gcc/riscv64-unknown-elf/8.3.0/../../../../riscv64-unknown-elf/lib/rv32i/ilp32/libc_nano.a(lib_a-sbrkr.o)
 .text          0x000000008000cd58        0x0 /opt/riscv64-unknown-elf-gcc-8.3.0-2019.08.0-x86_64-linux-ubuntu14/bin/../lib/gcc/riscv64-unknown-elf/8.3.0/../../../../riscv64-unknown-elf/lib/rv32i/ilp32/libc_nano.a(lib_a-snprintf.o)
 .text          0x000000008000cd58        0x0 /opt/riscv64-unknown-elf-gcc-8.3.0-2019.08.0-x86_64-linux-ubuntu14/bin/../lib/gcc/riscv64-unknown-elf/8.3.0/../../../../riscv64-unknown-elf/lib/rv32i/ilp32/libc_nano.a(lib_a-sprintf.o)
 .text          0x000000008000cd58        0x0 /opt/riscv64-unknown-elf-gcc-8.3.0-2019.08.0-x86_64-linux-ubuntu14/bin/../lib/gcc/riscv64-unknown-elf/8.3.0/../../../../riscv64-unknown-elf/lib/rv32i/ilp32/libc_nano.a(lib_a-stdio.o)
 .text          0x000000008000cd58        0x0 /opt/riscv64-unknown-elf-gcc-8.3.0-2019.08.0-x86_64-linux-ubuntu14/bin/../lib/gcc/riscv64-unknown-elf/8.3.0/../../../../riscv64-unknown-elf/lib/rv32i/ilp32/libc_nano.a(lib_a-strlen.o)
 .text          0x000000008000cd58        0x0 /opt/riscv64-unknown-elf-gcc-8.3.0-2019.08.0-x86_64-linux-ubuntu14/bin/../lib/gcc/riscv64-unknown-elf/8.3.0/../../../../riscv64-unknown-elf/lib/rv32i/ilp32/libc_nano.a(lib_a-strncmp.o)
 .text          0x000000008000cd58        0x0 /opt/riscv64-unknown-elf-gcc-8.3.0-2019.08.0-x86_64-linux-ubuntu14/bin/../lib/gcc/riscv64-unknown-elf/8.3.0/../../../../riscv64-unknown-elf/lib/rv32i/ilp32/libc_nano.a(lib_a-strtol.o)
 .text          0x000000008000cd58        0x0 /opt/riscv64-unknown-elf-gcc-8.3.0-2019.08.0-x86_64-linux-ubuntu14/bin/../lib/gcc/riscv64-unknown-elf/8.3.0/../../../../riscv64-unknown-elf/lib/rv32i/ilp32/libc_nano.a(lib_a-writer.o)
 .text          0x000000008000cd58        0x0 /opt/riscv64-unknown-elf-gcc-8.3.0-2019.08.0-x86_64-linux-ubuntu14/bin/../lib/gcc/riscv64-unknown-elf/8.3.0/../../../../riscv64-unknown-elf/lib/rv32i/ilp32/libc_nano.a(lib_a-closer.o)
 .text          0x000000008000cd58        0x0 /opt/riscv64-unknown-elf-gcc-8.3.0-2019.08.0-x86_64-linux-ubuntu14/bin/../lib/gcc/riscv64-unknown-elf/8.3.0/../../../../riscv64-unknown-elf/lib/rv32i/ilp32/libc_nano.a(lib_a-lseekr.o)
 .text          0x000000008000cd58        0x0 /opt/riscv64-unknown-elf-gcc-8.3.0-2019.08.0-x86_64-linux-ubuntu14/bin/../lib/gcc/riscv64-unknown-elf/8.3.0/../../../../riscv64-unknown-elf/lib/rv32i/ilp32/libc_nano.a(lib_a-nano-svfprintf.o)
 .text          0x000000008000cd58        0x0 /opt/riscv64-unknown-elf-gcc-8.3.0-2019.08.0-x86_64-linux-ubuntu14/bin/../lib/gcc/riscv64-unknown-elf/8.3.0/../../../../riscv64-unknown-elf/lib/rv32i/ilp32/libc_nano.a(lib_a-nano-vfprintf_i.o)
 .text          0x000000008000cd58        0x0 /opt/riscv64-unknown-elf-gcc-8.3.0-2019.08.0-x86_64-linux-ubuntu14/bin/../lib/gcc/riscv64-unknown-elf/8.3.0/../../../../riscv64-unknown-elf/lib/rv32i/ilp32/libc_nano.a(lib_a-nano-vfprintf.o)
 .text          0x000000008000cd58        0x0 /opt/riscv64-unknown-elf-gcc-8.3.0-2019.08.0-x86_64-linux-ubuntu14/bin/../lib/gcc/riscv64-unknown-elf/8.3.0/../../../../riscv64-unknown-elf/lib/rv32i/ilp32/libc_nano.a(lib_a-readr.o)
 .text          0x000000008000cd58        0x0 /opt/riscv64-unknown-elf-gcc-8.3.0-2019.08.0-x86_64-linux-ubuntu14/bin/../lib/gcc/riscv64-unknown-elf/8.3.0/../../../../riscv64-unknown-elf/lib/rv32i/ilp32/libc_nano.a(lib_a-reent.o)
 .text          0x000000008000cd58        0x0 /opt/riscv64-unknown-elf-gcc-8.3.0-2019.08.0-x86_64-linux-ubuntu14/bin/../lib/gcc/riscv64-unknown-elf/8.3.0/../../../../riscv64-unknown-elf/lib/rv32i/ilp32/libc_nano.a(lib_a-wbuf.o)
 .text          0x000000008000cd58        0x0 /opt/riscv64-unknown-elf-gcc-8.3.0-2019.08.0-x86_64-linux-ubuntu14/bin/../lib/gcc/riscv64-unknown-elf/8.3.0/../../../../riscv64-unknown-elf/lib/rv32i/ilp32/libc_nano.a(lib_a-wsetup.o)
 .text          0x000000008000cd58        0x0 /opt/riscv64-unknown-elf-gcc-8.3.0-2019.08.0-x86_64-linux-ubuntu14/bin/../lib/gcc/riscv64-unknown-elf/8.3.0/../../../../riscv64-unknown-elf/lib/rv32i/ilp32/libc_nano.a(lib_a-fvwrite.o)
 .text          0x000000008000cd58        0x0 /opt/riscv64-unknown-elf-gcc-8.3.0-2019.08.0-x86_64-linux-ubuntu14/bin/../lib/gcc/riscv64-unknown-elf/8.3.0/../../../../riscv64-unknown-elf/lib/rv32i/ilp32/libc_nano.a(lib_a-makebuf.o)
 .text          0x000000008000cd58        0x0 /opt/riscv64-unknown-elf-gcc-8.3.0-2019.08.0-x86_64-linux-ubuntu14/bin/../lib/gcc/riscv64-unknown-elf/8.3.0/../../../../riscv64-unknown-elf/lib/rv32i/ilp32/libc_nano.a(lib_a-memchr.o)
 .text          0x000000008000cd58        0x0 /opt/riscv64-unknown-elf-gcc-8.3.0-2019.08.0-x86_64-linux-ubuntu14/bin/../lib/gcc/riscv64-unknown-elf/8.3.0/../../../../riscv64-unknown-elf/lib/rv32i/ilp32/libc_nano.a(lib_a-nano-reallocr.o)
 .text          0x000000008000cd58        0x0 /opt/riscv64-unknown-elf-gcc-8.3.0-2019.08.0-x86_64-linux-ubuntu14/bin/../lib/gcc/riscv64-unknown-elf/8.3.0/../../../../riscv64-unknown-elf/lib/rv32i/ilp32/libc_nano.a(lib_a-fstatr.o)
 .text          0x000000008000cd58        0x0 /opt/riscv64-unknown-elf-gcc-8.3.0-2019.08.0-x86_64-linux-ubuntu14/bin/../lib/gcc/riscv64-unknown-elf/8.3.0/../../../../riscv64-unknown-elf/lib/rv32i/ilp32/libc_nano.a(lib_a-isattyr.o)
 .text          0x000000008000cd58        0x0 /opt/riscv64-unknown-elf-gcc-8.3.0-2019.08.0-x86_64-linux-ubuntu14/bin/../lib/gcc/riscv64-unknown-elf/8.3.0/../../../../riscv64-unknown-elf/lib/rv32i/ilp32/libc_nano.a(lib_a-nano-msizer.o)
 .text          0x000000008000cd58       0x34 /opt/riscv64-unknown-elf-gcc-8.3.0-2019.08.0-x86_64-linux-ubuntu14/bin/../lib/gcc/riscv64-unknown-elf/8.3.0/rv32i/ilp32/libgcc.a(_bswapsi2.o)
                0x000000008000cd58                __bswapsi2
 .text          0x000000008000cd8c      0x5d4 /opt/riscv64-unknown-elf-gcc-8.3.0-2019.08.0-x86_64-linux-ubuntu14/bin/../lib/gcc/riscv64-unknown-elf/8.3.0/rv32i/ilp32/libgcc.a(_udivdi3.o)
                0x000000008000cd8c                __udivdi3
 .text          0x000000008000d360       0x24 /opt/riscv64-unknown-elf-gcc-8.3.0-2019.08.0-x86_64-linux-ubuntu14/bin/../lib/gcc/riscv64-unknown-elf/8.3.0/rv32i/ilp32/libgcc.a(muldi3.o)
                0x000000008000d360                __mulsi3
 .text          0x000000008000d384       0xb4 /opt/riscv64-unknown-elf-gcc-8.3.0-2019.08.0-x86_64-linux-ubuntu14/bin/../lib/gcc/riscv64-unknown-elf/8.3.0/rv32i/ilp32/libgcc.a(div.o)
                0x000000008000d384                __divsi3
                0x000000008000d38c                __udivsi3
                0x000000008000d3d4                __umodsi3
                0x000000008000d408                __modsi3
 .text          0x000000008000d438        0x0 /opt/riscv64-unknown-elf-gcc-8.3.0-2019.08.0-x86_64-linux-ubuntu14/bin/../lib/gcc/riscv64-unknown-elf/8.3.0/rv32i/ilp32/libgcc.a(_clz.o)
                0x000000008000d438                end = .

.text.startup   0x000000008000d438      0x4fc
 .text.startup  0x000000008000d438      0x4fc build/src/main.o
                0x000000008000d438                main

.text.atoi      0x000000008000d934        0xc
 .text.atoi     0x000000008000d934        0xc /opt/riscv64-unknown-elf-gcc-8.3.0-2019.08.0-x86_64-linux-ubuntu14/bin/../lib/gcc/riscv64-unknown-elf/8.3.0/../../../../riscv64-unknown-elf/lib/rv32i/ilp32/libc_nano.a(lib_a-atoi.o)
                0x000000008000d934                atoi

.text._atoi_r   0x000000008000d940        0xc
 .text._atoi_r  0x000000008000d940        0xc /opt/riscv64-unknown-elf-gcc-8.3.0-2019.08.0-x86_64-linux-ubuntu14/bin/../lib/gcc/riscv64-unknown-elf/8.3.0/../../../../riscv64-unknown-elf/lib/rv32i/ilp32/libc_nano.a(lib_a-atoi.o)
                0x000000008000d940                _atoi_r

.text.calloc    0x000000008000d94c       0x14
 .text.calloc   0x000000008000d94c       0x14 /opt/riscv64-unknown-elf-gcc-8.3.0-2019.08.0-x86_64-linux-ubuntu14/bin/../lib/gcc/riscv64-unknown-elf/8.3.0/../../../../riscv64-unknown-elf/lib/rv32i/ilp32/libc_nano.a(lib_a-calloc.o)
                0x000000008000d94c                calloc

.text.__sflush_r
                0x000000008000d960      0x1ec
 .text.__sflush_r
                0x000000008000d960      0x1ec /opt/riscv64-unknown-elf-gcc-8.3.0-2019.08.0-x86_64-linux-ubuntu14/bin/../lib/gcc/riscv64-unknown-elf/8.3.0/../../../../riscv64-unknown-elf/lib/rv32i/ilp32/libc_nano.a(lib_a-fflush.o)
                0x000000008000d960                __sflush_r

.text._fflush_r
                0x000000008000db4c       0xa0
 .text._fflush_r
                0x000000008000db4c       0xa0 /opt/riscv64-unknown-elf-gcc-8.3.0-2019.08.0-x86_64-linux-ubuntu14/bin/../lib/gcc/riscv64-unknown-elf/8.3.0/../../../../riscv64-unknown-elf/lib/rv32i/ilp32/libc_nano.a(lib_a-fflush.o)
                0x000000008000db4c                _fflush_r

.text.fflush    0x000000008000dbec       0x28
 .text.fflush   0x000000008000dbec       0x28 /opt/riscv64-unknown-elf-gcc-8.3.0-2019.08.0-x86_64-linux-ubuntu14/bin/../lib/gcc/riscv64-unknown-elf/8.3.0/../../../../riscv64-unknown-elf/lib/rv32i/ilp32/libc_nano.a(lib_a-fflush.o)
                0x000000008000dbec                fflush

.text.__fp_lock
                0x000000008000dc14        0x8
 .text.__fp_lock
                0x000000008000dc14        0x8 /opt/riscv64-unknown-elf-gcc-8.3.0-2019.08.0-x86_64-linux-ubuntu14/bin/../lib/gcc/riscv64-unknown-elf/8.3.0/../../../../riscv64-unknown-elf/lib/rv32i/ilp32/libc_nano.a(lib_a-findfp.o)

.text.std       0x000000008000dc1c       0x88
 .text.std      0x000000008000dc1c       0x88 /opt/riscv64-unknown-elf-gcc-8.3.0-2019.08.0-x86_64-linux-ubuntu14/bin/../lib/gcc/riscv64-unknown-elf/8.3.0/../../../../riscv64-unknown-elf/lib/rv32i/ilp32/libc_nano.a(lib_a-findfp.o)

.text._cleanup_r
                0x000000008000dca4        0xc
 .text._cleanup_r
                0x000000008000dca4        0xc /opt/riscv64-unknown-elf-gcc-8.3.0-2019.08.0-x86_64-linux-ubuntu14/bin/../lib/gcc/riscv64-unknown-elf/8.3.0/../../../../riscv64-unknown-elf/lib/rv32i/ilp32/libc_nano.a(lib_a-findfp.o)
                0x000000008000dca4                _cleanup_r

.text.__fp_unlock
                0x000000008000dcb0        0x8
 .text.__fp_unlock
                0x000000008000dcb0        0x8 /opt/riscv64-unknown-elf-gcc-8.3.0-2019.08.0-x86_64-linux-ubuntu14/bin/../lib/gcc/riscv64-unknown-elf/8.3.0/../../../../riscv64-unknown-elf/lib/rv32i/ilp32/libc_nano.a(lib_a-findfp.o)

.text.__sfmoreglue
                0x000000008000dcb8       0x78
 .text.__sfmoreglue
                0x000000008000dcb8       0x78 /opt/riscv64-unknown-elf-gcc-8.3.0-2019.08.0-x86_64-linux-ubuntu14/bin/../lib/gcc/riscv64-unknown-elf/8.3.0/../../../../riscv64-unknown-elf/lib/rv32i/ilp32/libc_nano.a(lib_a-findfp.o)
                0x000000008000dcb8                __sfmoreglue

.text._cleanup  0x000000008000dd30        0xc
 .text._cleanup
                0x000000008000dd30        0xc /opt/riscv64-unknown-elf-gcc-8.3.0-2019.08.0-x86_64-linux-ubuntu14/bin/../lib/gcc/riscv64-unknown-elf/8.3.0/../../../../riscv64-unknown-elf/lib/rv32i/ilp32/libc_nano.a(lib_a-findfp.o)
                0x000000008000dd30                _cleanup

.text.__sinit   0x000000008000dd3c       0xb0
 .text.__sinit  0x000000008000dd3c       0xb0 /opt/riscv64-unknown-elf-gcc-8.3.0-2019.08.0-x86_64-linux-ubuntu14/bin/../lib/gcc/riscv64-unknown-elf/8.3.0/../../../../riscv64-unknown-elf/lib/rv32i/ilp32/libc_nano.a(lib_a-findfp.o)
                0x000000008000dd3c                __sinit

.text.__sfp     0x000000008000ddec       0xec
 .text.__sfp    0x000000008000ddec       0xec /opt/riscv64-unknown-elf-gcc-8.3.0-2019.08.0-x86_64-linux-ubuntu14/bin/../lib/gcc/riscv64-unknown-elf/8.3.0/../../../../riscv64-unknown-elf/lib/rv32i/ilp32/libc_nano.a(lib_a-findfp.o)
                0x000000008000ddec                __sfp

.text.__sfp_lock_acquire
                0x000000008000ded8        0x4
 .text.__sfp_lock_acquire
                0x000000008000ded8        0x4 /opt/riscv64-unknown-elf-gcc-8.3.0-2019.08.0-x86_64-linux-ubuntu14/bin/../lib/gcc/riscv64-unknown-elf/8.3.0/../../../../riscv64-unknown-elf/lib/rv32i/ilp32/libc_nano.a(lib_a-findfp.o)
                0x000000008000ded8                __sfp_lock_acquire

.text.__sfp_lock_release
                0x000000008000dedc        0x4
 .text.__sfp_lock_release
                0x000000008000dedc        0x4 /opt/riscv64-unknown-elf-gcc-8.3.0-2019.08.0-x86_64-linux-ubuntu14/bin/../lib/gcc/riscv64-unknown-elf/8.3.0/../../../../riscv64-unknown-elf/lib/rv32i/ilp32/libc_nano.a(lib_a-findfp.o)
                0x000000008000dedc                __sfp_lock_release

.text.__sinit_lock_acquire
                0x000000008000dee0        0x4
 .text.__sinit_lock_acquire
                0x000000008000dee0        0x4 /opt/riscv64-unknown-elf-gcc-8.3.0-2019.08.0-x86_64-linux-ubuntu14/bin/../lib/gcc/riscv64-unknown-elf/8.3.0/../../../../riscv64-unknown-elf/lib/rv32i/ilp32/libc_nano.a(lib_a-findfp.o)
                0x000000008000dee0                __sinit_lock_acquire

.text.__sinit_lock_release
                0x000000008000dee4        0x4
 .text.__sinit_lock_release
                0x000000008000dee4        0x4 /opt/riscv64-unknown-elf-gcc-8.3.0-2019.08.0-x86_64-linux-ubuntu14/bin/../lib/gcc/riscv64-unknown-elf/8.3.0/../../../../riscv64-unknown-elf/lib/rv32i/ilp32/libc_nano.a(lib_a-findfp.o)
                0x000000008000dee4                __sinit_lock_release

.text.__fp_lock_all
                0x000000008000dee8       0x14
 .text.__fp_lock_all
                0x000000008000dee8       0x14 /opt/riscv64-unknown-elf-gcc-8.3.0-2019.08.0-x86_64-linux-ubuntu14/bin/../lib/gcc/riscv64-unknown-elf/8.3.0/../../../../riscv64-unknown-elf/lib/rv32i/ilp32/libc_nano.a(lib_a-findfp.o)
                0x000000008000dee8                __fp_lock_all

.text.__fp_unlock_all
                0x000000008000defc       0x14
 .text.__fp_unlock_all
                0x000000008000defc       0x14 /opt/riscv64-unknown-elf-gcc-8.3.0-2019.08.0-x86_64-linux-ubuntu14/bin/../lib/gcc/riscv64-unknown-elf/8.3.0/../../../../riscv64-unknown-elf/lib/rv32i/ilp32/libc_nano.a(lib_a-findfp.o)
                0x000000008000defc                __fp_unlock_all

.text._fwalk    0x000000008000df10       0xa0
 .text._fwalk   0x000000008000df10       0xa0 /opt/riscv64-unknown-elf-gcc-8.3.0-2019.08.0-x86_64-linux-ubuntu14/bin/../lib/gcc/riscv64-unknown-elf/8.3.0/../../../../riscv64-unknown-elf/lib/rv32i/ilp32/libc_nano.a(lib_a-fwalk.o)
                0x000000008000df10                _fwalk

.text._fwalk_reent
                0x000000008000dfb0       0xb4
 .text._fwalk_reent
                0x000000008000dfb0       0xb4 /opt/riscv64-unknown-elf-gcc-8.3.0-2019.08.0-x86_64-linux-ubuntu14/bin/../lib/gcc/riscv64-unknown-elf/8.3.0/../../../../riscv64-unknown-elf/lib/rv32i/ilp32/libc_nano.a(lib_a-fwalk.o)
                0x000000008000dfb0                _fwalk_reent

.text.malloc    0x000000008000e064       0x10
 .text.malloc   0x000000008000e064       0x10 /opt/riscv64-unknown-elf-gcc-8.3.0-2019.08.0-x86_64-linux-ubuntu14/bin/../lib/gcc/riscv64-unknown-elf/8.3.0/../../../../riscv64-unknown-elf/lib/rv32i/ilp32/libc_nano.a(lib_a-malloc.o)
                0x000000008000e064                malloc

.text.free      0x000000008000e074       0x10
 .text.free     0x000000008000e074       0x10 /opt/riscv64-unknown-elf-gcc-8.3.0-2019.08.0-x86_64-linux-ubuntu14/bin/../lib/gcc/riscv64-unknown-elf/8.3.0/../../../../riscv64-unknown-elf/lib/rv32i/ilp32/libc_nano.a(lib_a-malloc.o)
                0x000000008000e074                free

.text.memcmp    0x000000008000e084       0x30
 .text.memcmp   0x000000008000e084       0x30 /opt/riscv64-unknown-elf-gcc-8.3.0-2019.08.0-x86_64-linux-ubuntu14/bin/../lib/gcc/riscv64-unknown-elf/8.3.0/../../../../riscv64-unknown-elf/lib/rv32i/ilp32/libc_nano.a(lib_a-memcmp.o)
                0x000000008000e084                memcmp

.text.memcpy    0x000000008000e0b4       0xd8
 .text.memcpy   0x000000008000e0b4       0xd8 /opt/riscv64-unknown-elf-gcc-8.3.0-2019.08.0-x86_64-linux-ubuntu14/bin/../lib/gcc/riscv64-unknown-elf/8.3.0/../../../../riscv64-unknown-elf/lib/rv32i/ilp32/libc_nano.a(lib_a-memcpy.o)
                0x000000008000e0b4                memcpy

.text.memmove   0x000000008000e18c       0x5c
 .text.memmove  0x000000008000e18c       0x5c /opt/riscv64-unknown-elf-gcc-8.3.0-2019.08.0-x86_64-linux-ubuntu14/bin/../lib/gcc/riscv64-unknown-elf/8.3.0/../../../../riscv64-unknown-elf/lib/rv32i/ilp32/libc_nano.a(lib_a-memmove-stub.o)
                0x000000008000e18c                memmove

.text._calloc_r
                0x000000008000e1e8       0x54
 .text._calloc_r
                0x000000008000e1e8       0x54 /opt/riscv64-unknown-elf-gcc-8.3.0-2019.08.0-x86_64-linux-ubuntu14/bin/../lib/gcc/riscv64-unknown-elf/8.3.0/../../../../riscv64-unknown-elf/lib/rv32i/ilp32/libc_nano.a(lib_a-nano-callocr.o)
                0x000000008000e1e8                _calloc_r

.text._free_r   0x000000008000e23c      0x104
 .text._free_r  0x000000008000e23c      0x104 /opt/riscv64-unknown-elf-gcc-8.3.0-2019.08.0-x86_64-linux-ubuntu14/bin/../lib/gcc/riscv64-unknown-elf/8.3.0/../../../../riscv64-unknown-elf/lib/rv32i/ilp32/libc_nano.a(lib_a-nano-freer.o)
                0x000000008000e23c                _free_r

.text._malloc_r
                0x000000008000e340      0x14c
 .text._malloc_r
                0x000000008000e340      0x14c /opt/riscv64-unknown-elf-gcc-8.3.0-2019.08.0-x86_64-linux-ubuntu14/bin/../lib/gcc/riscv64-unknown-elf/8.3.0/../../../../riscv64-unknown-elf/lib/rv32i/ilp32/libc_nano.a(lib_a-nano-mallocr.o)
                0x000000008000e340                _malloc_r

.text._printf_r
                0x000000008000e48c       0x68
 .text._printf_r
                0x000000008000e48c       0x68 /opt/riscv64-unknown-elf-gcc-8.3.0-2019.08.0-x86_64-linux-ubuntu14/bin/../lib/gcc/riscv64-unknown-elf/8.3.0/../../../../riscv64-unknown-elf/lib/rv32i/ilp32/libc_nano.a(lib_a-printf.o)
                0x000000008000e48c                _printf_r
                0x000000008000e48c                _iprintf_r

.text.printf    0x000000008000e4f4       0x78
 .text.printf   0x000000008000e4f4       0x78 /opt/riscv64-unknown-elf-gcc-8.3.0-2019.08.0-x86_64-linux-ubuntu14/bin/../lib/gcc/riscv64-unknown-elf/8.3.0/../../../../riscv64-unknown-elf/lib/rv32i/ilp32/libc_nano.a(lib_a-printf.o)
                0x000000008000e4f4                printf
                0x000000008000e4f4                iprintf

.text._sbrk_r   0x000000008000e56c       0x44
 .text._sbrk_r  0x000000008000e56c       0x44 /opt/riscv64-unknown-elf-gcc-8.3.0-2019.08.0-x86_64-linux-ubuntu14/bin/../lib/gcc/riscv64-unknown-elf/8.3.0/../../../../riscv64-unknown-elf/lib/rv32i/ilp32/libc_nano.a(lib_a-sbrkr.o)
                0x000000008000e56c                _sbrk_r

.text._snprintf_r
                0x000000008000e5b0       0xb0
 .text._snprintf_r
                0x000000008000e5b0       0xb0 /opt/riscv64-unknown-elf-gcc-8.3.0-2019.08.0-x86_64-linux-ubuntu14/bin/../lib/gcc/riscv64-unknown-elf/8.3.0/../../../../riscv64-unknown-elf/lib/rv32i/ilp32/libc_nano.a(lib_a-snprintf.o)
                0x000000008000e5b0                _sniprintf_r
                0x000000008000e5b0                _snprintf_r

.text.snprintf  0x000000008000e660       0xb8
 .text.snprintf
                0x000000008000e660       0xb8 /opt/riscv64-unknown-elf-gcc-8.3.0-2019.08.0-x86_64-linux-ubuntu14/bin/../lib/gcc/riscv64-unknown-elf/8.3.0/../../../../riscv64-unknown-elf/lib/rv32i/ilp32/libc_nano.a(lib_a-snprintf.o)
                0x000000008000e660                snprintf
                0x000000008000e660                sniprintf

.text._sprintf_r
                0x000000008000e718       0x64
 .text._sprintf_r
                0x000000008000e718       0x64 /opt/riscv64-unknown-elf-gcc-8.3.0-2019.08.0-x86_64-linux-ubuntu14/bin/../lib/gcc/riscv64-unknown-elf/8.3.0/../../../../riscv64-unknown-elf/lib/rv32i/ilp32/libc_nano.a(lib_a-sprintf.o)
                0x000000008000e718                _siprintf_r
                0x000000008000e718                _sprintf_r

.text.sprintf   0x000000008000e77c       0x74
 .text.sprintf  0x000000008000e77c       0x74 /opt/riscv64-unknown-elf-gcc-8.3.0-2019.08.0-x86_64-linux-ubuntu14/bin/../lib/gcc/riscv64-unknown-elf/8.3.0/../../../../riscv64-unknown-elf/lib/rv32i/ilp32/libc_nano.a(lib_a-sprintf.o)
                0x000000008000e77c                sprintf
                0x000000008000e77c                siprintf

.text.__sread   0x000000008000e7f0       0x50
 .text.__sread  0x000000008000e7f0       0x50 /opt/riscv64-unknown-elf-gcc-8.3.0-2019.08.0-x86_64-linux-ubuntu14/bin/../lib/gcc/riscv64-unknown-elf/8.3.0/../../../../riscv64-unknown-elf/lib/rv32i/ilp32/libc_nano.a(lib_a-stdio.o)
                0x000000008000e7f0                __sread

.text.__seofread
                0x000000008000e840        0x8
 .text.__seofread
                0x000000008000e840        0x8 /opt/riscv64-unknown-elf-gcc-8.3.0-2019.08.0-x86_64-linux-ubuntu14/bin/../lib/gcc/riscv64-unknown-elf/8.3.0/../../../../riscv64-unknown-elf/lib/rv32i/ilp32/libc_nano.a(lib_a-stdio.o)
                0x000000008000e840                __seofread

.text.__swrite  0x000000008000e848       0x84
 .text.__swrite
                0x000000008000e848       0x84 /opt/riscv64-unknown-elf-gcc-8.3.0-2019.08.0-x86_64-linux-ubuntu14/bin/../lib/gcc/riscv64-unknown-elf/8.3.0/../../../../riscv64-unknown-elf/lib/rv32i/ilp32/libc_nano.a(lib_a-stdio.o)
                0x000000008000e848                __swrite

.text.__sseek   0x000000008000e8cc       0x58
 .text.__sseek  0x000000008000e8cc       0x58 /opt/riscv64-unknown-elf-gcc-8.3.0-2019.08.0-x86_64-linux-ubuntu14/bin/../lib/gcc/riscv64-unknown-elf/8.3.0/../../../../riscv64-unknown-elf/lib/rv32i/ilp32/libc_nano.a(lib_a-stdio.o)
                0x000000008000e8cc                __sseek

.text.__sclose  0x000000008000e924        0x8
 .text.__sclose
                0x000000008000e924        0x8 /opt/riscv64-unknown-elf-gcc-8.3.0-2019.08.0-x86_64-linux-ubuntu14/bin/../lib/gcc/riscv64-unknown-elf/8.3.0/../../../../riscv64-unknown-elf/lib/rv32i/ilp32/libc_nano.a(lib_a-stdio.o)
                0x000000008000e924                __sclose

.text.strlen    0x000000008000e92c       0x1c
 .text.strlen   0x000000008000e92c       0x1c /opt/riscv64-unknown-elf-gcc-8.3.0-2019.08.0-x86_64-linux-ubuntu14/bin/../lib/gcc/riscv64-unknown-elf/8.3.0/../../../../riscv64-unknown-elf/lib/rv32i/ilp32/libc_nano.a(lib_a-strlen.o)
                0x000000008000e92c                strlen

.text.strncmp   0x000000008000e948       0x3c
 .text.strncmp  0x000000008000e948       0x3c /opt/riscv64-unknown-elf-gcc-8.3.0-2019.08.0-x86_64-linux-ubuntu14/bin/../lib/gcc/riscv64-unknown-elf/8.3.0/../../../../riscv64-unknown-elf/lib/rv32i/ilp32/libc_nano.a(lib_a-strncmp.o)
                0x000000008000e948                strncmp

.text._strtol_l.isra.0
                0x000000008000e984      0x20c
 .text._strtol_l.isra.0
                0x000000008000e984      0x20c /opt/riscv64-unknown-elf-gcc-8.3.0-2019.08.0-x86_64-linux-ubuntu14/bin/../lib/gcc/riscv64-unknown-elf/8.3.0/../../../../riscv64-unknown-elf/lib/rv32i/ilp32/libc_nano.a(lib_a-strtol.o)

.text._strtol_r
                0x000000008000eb90        0x4
 .text._strtol_r
                0x000000008000eb90        0x4 /opt/riscv64-unknown-elf-gcc-8.3.0-2019.08.0-x86_64-linux-ubuntu14/bin/../lib/gcc/riscv64-unknown-elf/8.3.0/../../../../riscv64-unknown-elf/lib/rv32i/ilp32/libc_nano.a(lib_a-strtol.o)
                0x000000008000eb90                _strtol_r

.text.strtol_l  0x000000008000eb94       0x18
 .text.strtol_l
                0x000000008000eb94       0x18 /opt/riscv64-unknown-elf-gcc-8.3.0-2019.08.0-x86_64-linux-ubuntu14/bin/../lib/gcc/riscv64-unknown-elf/8.3.0/../../../../riscv64-unknown-elf/lib/rv32i/ilp32/libc_nano.a(lib_a-strtol.o)
                0x000000008000eb94                strtol_l

.text.strtol    0x000000008000ebac       0x18
 .text.strtol   0x000000008000ebac       0x18 /opt/riscv64-unknown-elf-gcc-8.3.0-2019.08.0-x86_64-linux-ubuntu14/bin/../lib/gcc/riscv64-unknown-elf/8.3.0/../../../../riscv64-unknown-elf/lib/rv32i/ilp32/libc_nano.a(lib_a-strtol.o)
                0x000000008000ebac                strtol

.text._write_r  0x000000008000ebc4       0x4c
 .text._write_r
                0x000000008000ebc4       0x4c /opt/riscv64-unknown-elf-gcc-8.3.0-2019.08.0-x86_64-linux-ubuntu14/bin/../lib/gcc/riscv64-unknown-elf/8.3.0/../../../../riscv64-unknown-elf/lib/rv32i/ilp32/libc_nano.a(lib_a-writer.o)
                0x000000008000ebc4                _write_r

.text._close_r  0x000000008000ec10       0x44
 .text._close_r
                0x000000008000ec10       0x44 /opt/riscv64-unknown-elf-gcc-8.3.0-2019.08.0-x86_64-linux-ubuntu14/bin/../lib/gcc/riscv64-unknown-elf/8.3.0/../../../../riscv64-unknown-elf/lib/rv32i/ilp32/libc_nano.a(lib_a-closer.o)
                0x000000008000ec10                _close_r

.text._lseek_r  0x000000008000ec54       0x4c
 .text._lseek_r
                0x000000008000ec54       0x4c /opt/riscv64-unknown-elf-gcc-8.3.0-2019.08.0-x86_64-linux-ubuntu14/bin/../lib/gcc/riscv64-unknown-elf/8.3.0/../../../../riscv64-unknown-elf/lib/rv32i/ilp32/libc_nano.a(lib_a-lseekr.o)
                0x000000008000ec54                _lseek_r

.text.__ssputs_r
                0x000000008000eca0      0x16c
 .text.__ssputs_r
                0x000000008000eca0      0x16c /opt/riscv64-unknown-elf-gcc-8.3.0-2019.08.0-x86_64-linux-ubuntu14/bin/../lib/gcc/riscv64-unknown-elf/8.3.0/../../../../riscv64-unknown-elf/lib/rv32i/ilp32/libc_nano.a(lib_a-nano-svfprintf.o)
                0x000000008000eca0                __ssputs_r

.text.__ssprint_r
                0x000000008000ee0c      0x1bc
 .text.__ssprint_r
                0x000000008000ee0c      0x1bc /opt/riscv64-unknown-elf-gcc-8.3.0-2019.08.0-x86_64-linux-ubuntu14/bin/../lib/gcc/riscv64-unknown-elf/8.3.0/../../../../riscv64-unknown-elf/lib/rv32i/ilp32/libc_nano.a(lib_a-nano-svfprintf.o)
                0x000000008000ee0c                __ssprint_r

.text._svfprintf_r
                0x000000008000efc8      0x3a8
 .text._svfprintf_r
                0x000000008000efc8      0x3a8 /opt/riscv64-unknown-elf-gcc-8.3.0-2019.08.0-x86_64-linux-ubuntu14/bin/../lib/gcc/riscv64-unknown-elf/8.3.0/../../../../riscv64-unknown-elf/lib/rv32i/ilp32/libc_nano.a(lib_a-nano-svfprintf.o)
                0x000000008000efc8                _svfprintf_r
                0x000000008000efc8                _svfiprintf_r

.text._printf_common
                0x000000008000f370      0x1b0
 .text._printf_common
                0x000000008000f370      0x1b0 /opt/riscv64-unknown-elf-gcc-8.3.0-2019.08.0-x86_64-linux-ubuntu14/bin/../lib/gcc/riscv64-unknown-elf/8.3.0/../../../../riscv64-unknown-elf/lib/rv32i/ilp32/libc_nano.a(lib_a-nano-vfprintf_i.o)
                0x000000008000f370                _printf_common

.text._printf_i
                0x000000008000f520      0x3dc
 .text._printf_i
                0x000000008000f520      0x3dc /opt/riscv64-unknown-elf-gcc-8.3.0-2019.08.0-x86_64-linux-ubuntu14/bin/../lib/gcc/riscv64-unknown-elf/8.3.0/../../../../riscv64-unknown-elf/lib/rv32i/ilp32/libc_nano.a(lib_a-nano-vfprintf_i.o)
                0x000000008000f520                _printf_i

.text.__sfputc_r
                0x000000008000f8fc       0x3c
 .text.__sfputc_r
                0x000000008000f8fc       0x3c /opt/riscv64-unknown-elf-gcc-8.3.0-2019.08.0-x86_64-linux-ubuntu14/bin/../lib/gcc/riscv64-unknown-elf/8.3.0/../../../../riscv64-unknown-elf/lib/rv32i/ilp32/libc_nano.a(lib_a-nano-vfprintf.o)

.text.__sfputs_r
                0x000000008000f938       0x74
 .text.__sfputs_r
                0x000000008000f938       0x74 /opt/riscv64-unknown-elf-gcc-8.3.0-2019.08.0-x86_64-linux-ubuntu14/bin/../lib/gcc/riscv64-unknown-elf/8.3.0/../../../../riscv64-unknown-elf/lib/rv32i/ilp32/libc_nano.a(lib_a-nano-vfprintf.o)
                0x000000008000f938                __sfputs_r

.text.__sprint_r
                0x000000008000f9ac       0x40
 .text.__sprint_r
                0x000000008000f9ac       0x40 /opt/riscv64-unknown-elf-gcc-8.3.0-2019.08.0-x86_64-linux-ubuntu14/bin/../lib/gcc/riscv64-unknown-elf/8.3.0/../../../../riscv64-unknown-elf/lib/rv32i/ilp32/libc_nano.a(lib_a-nano-vfprintf.o)
                0x000000008000f9ac                __sprint_r

.text._vfprintf_r
                0x000000008000f9ec      0x3d4
 .text._vfprintf_r
                0x000000008000f9ec      0x3d4 /opt/riscv64-unknown-elf-gcc-8.3.0-2019.08.0-x86_64-linux-ubuntu14/bin/../lib/gcc/riscv64-unknown-elf/8.3.0/../../../../riscv64-unknown-elf/lib/rv32i/ilp32/libc_nano.a(lib_a-nano-vfprintf.o)
                0x000000008000f9ec                _vfiprintf_r
                0x000000008000f9ec                _vfprintf_r

.text.vfprintf  0x000000008000fdc0       0x18
 .text.vfprintf
                0x000000008000fdc0       0x18 /opt/riscv64-unknown-elf-gcc-8.3.0-2019.08.0-x86_64-linux-ubuntu14/bin/../lib/gcc/riscv64-unknown-elf/8.3.0/../../../../riscv64-unknown-elf/lib/rv32i/ilp32/libc_nano.a(lib_a-nano-vfprintf.o)
                0x000000008000fdc0                vfiprintf
                0x000000008000fdc0                vfprintf

.text._read_r   0x000000008000fdd8       0x4c
 .text._read_r  0x000000008000fdd8       0x4c /opt/riscv64-unknown-elf-gcc-8.3.0-2019.08.0-x86_64-linux-ubuntu14/bin/../lib/gcc/riscv64-unknown-elf/8.3.0/../../../../riscv64-unknown-elf/lib/rv32i/ilp32/libc_nano.a(lib_a-readr.o)
                0x000000008000fdd8                _read_r

.text.cleanup_glue
                0x000000008000fe24       0x40
 .text.cleanup_glue
                0x000000008000fe24       0x40 /opt/riscv64-unknown-elf-gcc-8.3.0-2019.08.0-x86_64-linux-ubuntu14/bin/../lib/gcc/riscv64-unknown-elf/8.3.0/../../../../riscv64-unknown-elf/lib/rv32i/ilp32/libc_nano.a(lib_a-reent.o)
                0x000000008000fe24                cleanup_glue

.text._reclaim_reent
                0x000000008000fe64      0x16c
 .text._reclaim_reent
                0x000000008000fe64      0x16c /opt/riscv64-unknown-elf-gcc-8.3.0-2019.08.0-x86_64-linux-ubuntu14/bin/../lib/gcc/riscv64-unknown-elf/8.3.0/../../../../riscv64-unknown-elf/lib/rv32i/ilp32/libc_nano.a(lib_a-reent.o)
                0x000000008000fe64                _reclaim_reent

.text.__swbuf_r
                0x000000008000ffd0      0x138
 .text.__swbuf_r
                0x000000008000ffd0      0x138 /opt/riscv64-unknown-elf-gcc-8.3.0-2019.08.0-x86_64-linux-ubuntu14/bin/../lib/gcc/riscv64-unknown-elf/8.3.0/../../../../riscv64-unknown-elf/lib/rv32i/ilp32/libc_nano.a(lib_a-wbuf.o)
                0x000000008000ffd0                __swbuf_r

.text.__swbuf   0x0000000080010108       0x14
 .text.__swbuf  0x0000000080010108       0x14 /opt/riscv64-unknown-elf-gcc-8.3.0-2019.08.0-x86_64-linux-ubuntu14/bin/../lib/gcc/riscv64-unknown-elf/8.3.0/../../../../riscv64-unknown-elf/lib/rv32i/ilp32/libc_nano.a(lib_a-wbuf.o)
                0x0000000080010108                __swbuf

.text.__swsetup_r
                0x000000008001011c      0x17c
 .text.__swsetup_r
                0x000000008001011c      0x17c /opt/riscv64-unknown-elf-gcc-8.3.0-2019.08.0-x86_64-linux-ubuntu14/bin/../lib/gcc/riscv64-unknown-elf/8.3.0/../../../../riscv64-unknown-elf/lib/rv32i/ilp32/libc_nano.a(lib_a-wsetup.o)
                0x000000008001011c                __swsetup_r

.text.__sfvwrite_r
                0x0000000080010298      0x460
 .text.__sfvwrite_r
                0x0000000080010298      0x460 /opt/riscv64-unknown-elf-gcc-8.3.0-2019.08.0-x86_64-linux-ubuntu14/bin/../lib/gcc/riscv64-unknown-elf/8.3.0/../../../../riscv64-unknown-elf/lib/rv32i/ilp32/libc_nano.a(lib_a-fvwrite.o)
                0x0000000080010298                __sfvwrite_r

.text.__swhatbuf_r
                0x00000000800106f8       0x8c
 .text.__swhatbuf_r
                0x00000000800106f8       0x8c /opt/riscv64-unknown-elf-gcc-8.3.0-2019.08.0-x86_64-linux-ubuntu14/bin/../lib/gcc/riscv64-unknown-elf/8.3.0/../../../../riscv64-unknown-elf/lib/rv32i/ilp32/libc_nano.a(lib_a-makebuf.o)
                0x00000000800106f8                __swhatbuf_r

.text.__smakebuf_r
                0x0000000080010784       0xf0
 .text.__smakebuf_r